---
source: apollo-federation/src/sources/connect/models/validation/mod.rs
expression: "format!(\"{:?}\", errors)"
input_file: apollo-federation/src/sources/connect/models/validation/test_data/validation/disallowed_federation_imports.graphql
---
[Message { code: UnsupportedFederationDirective, message: "The directive `@context` is not supported when using connectors.", locations: [Location { line: 5, column: 6 }..Location { line: 5, column: 16 }] }, Message { code: UnsupportedFederationDirective, message: "The directive `@fromContext` is not supported when using connectors.", locations: [Location { line: 6, column: 6 }..Location { line: 6, column: 20 }] }, Message { code: UnsupportedFederationDirective, message: "The directive `@interfaceObject` is not supported when using connectors.", locations: [Location { line: 7, column: 6 }..Location { line: 7, column: 24 }] }]
