---
source: apollo-federation/src/sources/connect/validation/mod.rs
expression: "format!(\"{:#?}\", errors)"
input_file: apollo-federation/src/sources/connect/validation/test_data/invalid_selection_unknown_arrow_method.graphql
---
[
    Message {
        code: UnknownMethod,
        message: "`@connect(selection:)` on `Query.me` has a call to an unknown method `doesnotexist`",
        locations: [
            LineColumn {
                line: 11,
                column: 20,
            }..LineColumn {
                line: 14,
                column: 12,
            },
        ],
    },
    Message {
        code: UnresolvedField,
        message: "No connector resolves field `User.id`. It must have a `@connect` directive or appear in `@connect(selection:)`.",
        locations: [
            LineColumn {
                line: 19,
                column: 5,
            }..LineColumn {
                line: 19,
                column: 12,
            },
        ],
    },
    Message {
        code: UnresolvedField,
        message: "No connector resolves field `User.invalid`. It must have a `@connect` directive or appear in `@connect(selection:)`.",
        locations: [
            LineColumn {
                line: 20,
                column: 5,
            }..LineColumn {
                line: 20,
                column: 20,
            },
        ],
    },
]
