---
source: apollo-federation/src/sources/connect/validation/mod.rs
expression: "format!(\"{:#?}\", errors)"
input_file: apollo-federation/src/sources/connect/validation/test_data/subscriptions_with_connectors.graphql
---
[
    Message {
        code: SubscriptionInConnectors,
        message: "A subscription root type is not supported when using `@connect`.",
        locations: [
            13:1..15:2,
        ],
    },
]
