---
source: apollo-federation/src/sources/connect/validation/mod.rs
expression: "format!(\"{:#?}\", errors)"
input_file: apollo-federation/src/sources/connect/validation/test_data/non_root_circular_reference.graphql
---
[
    Message {
        code: CircularReference,
        message: "Circular reference detected in `@connect(selection:)` on `Query.user`: type `Book` appears more than once in `Query.user.favoriteBooks.author.books`. For more information, see https://go.apollo.dev/connectors/limitations#circular-references",
        locations: [
            LineColumn {
                line: 12,
                column: 18,
            }..LineColumn {
                line: 24,
                column: 10,
            },
            LineColumn {
                line: 31,
                column: 3,
            }..LineColumn {
                line: 31,
                column: 24,
            },
            LineColumn {
                line: 41,
                column: 3,
            }..LineColumn {
                line: 41,
                column: 16,
            },
        ],
    },
]
