---
source: apollo-federation/src/sources/connect/validation/mod.rs
expression: "format!(\"{:#?}\", result.errors)"
input_file: apollo-federation/src/sources/connect/validation/test_data/invalid_namespace_in_body_selection.graphql
---
[
    Message {
        code: InvalidBody,
        message: "In `@connect(http: {body:})` on `Mutation.createUser`: $status is not valid here, must be one of $args, $config, $context, $request",
        locations: [
            21:17..21:24,
        ],
    },
]
