---
source: apollo-router/src/plugins/connectors/connector.rs
expression: requests_and_params
---
[
    (
        Request {
            method: GET,
            uri: http://localhost/api/path,
            version: HTTP/1.1,
            headers: {
                "content-type": "application/json",
            },
            body: Body(
                Empty,
            ),
        },
        ResponseParams {
            key: RootField {
                name: "field",
                typename: Concrete(
                    "String",
                ),
            },
            source_api_name: "API",
        },
    ),
]
