[1m[32m   Compiling[0m proc-macro2 v1.0.101
[1m[32m   Compiling[0m unicode-ident v1.0.18
[1m[32m   Compiling[0m libc v0.2.177
[1m[32m   Compiling[0m cfg-if v1.0.3
[1m[32m   Compiling[0m smallvec v1.15.1
[1m[32m   Compiling[0m stable_deref_trait v1.2.0
[1m[32m   Compiling[0m serde v1.0.228
[1m[32m   Compiling[0m serde_core v1.0.228
[1m[32m   Compiling[0m itoa v1.0.15
[1m[32m   Compiling[0m memchr v2.7.6
[1m[32m   Compiling[0m quote v1.0.40
[1m[32m   Compiling[0m syn v2.0.106
[1m[32m   Compiling[0m parking_lot_core v0.9.12
[1m[32m   Compiling[0m bytes v1.10.1
[1m[32m   Compiling[0m pin-project-lite v0.2.16
[1m[32m   Compiling[0m once_cell v1.21.3
[1m[32m   Compiling[0m scopeguard v1.2.0
[1m[32m   Compiling[0m shlex v1.3.0
[1m[32m   Compiling[0m futures-core v0.3.31
[1m[32m   Compiling[0m cc v1.2.34
[1m[32m   Compiling[0m lock_api v0.4.14
[1m[32m   Compiling[0m zeroize v1.8.1
[1m[32m   Compiling[0m parking_lot v0.12.5
[1m[32m   Compiling[0m mio v1.0.4
[1m[32m   Compiling[0m socket2 v0.6.0
[1m[32m   Compiling[0m ring v0.17.14
[1m[32m   Compiling[0m signal-hook-registry v1.4.6
[1m[32m   Compiling[0m litemap v0.8.0
[1m[32m   Compiling[0m bitflags v2.9.3
[1m[32m   Compiling[0m futures-sink v0.3.31
[1m[32m   Compiling[0m writeable v0.6.1
[1m[32m   Compiling[0m fnv v1.0.7
[1m[32m   Compiling[0m http v1.3.1
[1m[32m   Compiling[0m rustls-pki-types v1.12.0
[1m[32m   Compiling[0m rustix v1.0.8
[1m[32m   Compiling[0m icu_properties_data v2.0.1
[1m[32m   Compiling[0m synstructure v0.13.2
[1m[32m   Compiling[0m icu_normalizer_data v2.0.0
[1m[32m   Compiling[0m pin-utils v0.1.0
[1m[32m   Compiling[0m http-body v1.0.1
[1m[32m   Compiling[0m getrandom v0.2.16
[1m[32m   Compiling[0m getrandom v0.1.16
[1m[32m   Compiling[0m percent-encoding v2.3.2
[1m[32m   Compiling[0m httparse v1.10.1
[1m[32m   Compiling[0m futures-io v0.3.31
[1m[32m   Compiling[0m ryu v1.0.20
[1m[32m   Compiling[0m thiserror v1.0.69
[1m[32m   Compiling[0m futures-task v0.3.31
[1m[32m   Compiling[0m untrusted v0.9.0
[1m[32m   Compiling[0m serde_json v1.0.145
[1m[32m   Compiling[0m linux-raw-sys v0.9.4
[1m[32m   Compiling[0m zerofrom-derive v0.1.6
[1m[32m   Compiling[0m yoke-derive v0.8.0
[1m[32m   Compiling[0m zerovec-derive v0.11.1
[1m[32m   Compiling[0m serde_derive v1.0.228
[1m[32m   Compiling[0m displaydoc v0.2.5
[1m[32m   Compiling[0m zerofrom v0.1.6
[1m[32m   Compiling[0m yoke v0.8.0
[1m[32m   Compiling[0m tokio-macros v2.6.0
[1m[32m   Compiling[0m zerovec v0.11.4
[1m[32m   Compiling[0m zerotrie v0.2.2
[1m[32m   Compiling[0m slab v0.4.11
[1m[32m   Compiling[0m zerocopy v0.8.26
[1m[32m   Compiling[0m tokio v1.48.0
[1m[32m   Compiling[0m futures-util v0.3.31
[1m[32m   Compiling[0m tinystr v0.8.1
[1m[32m   Compiling[0m icu_locale_core v2.0.0
[1m[32m   Compiling[0m potential_utf v0.1.2
[1m[32m   Compiling[0m icu_collections v2.0.0
[1m[32m   Compiling[0m icu_provider v2.0.0
[1m[32m   Compiling[0m thiserror-impl v1.0.69
[1m[32m   Compiling[0m rustls v0.23.33
[1m[32m   Compiling[0m tower-service v0.3.3
[1m[32m   Compiling[0m syn v1.0.109
[1m[32m   Compiling[0m try-lock v0.2.5
[1m[32m   Compiling[0m want v0.3.1
[1m[32m   Compiling[0m rustls-webpki v0.103.6
[1m[32m   Compiling[0m combine v4.6.7
[1m[32m   Compiling[0m icu_normalizer v2.0.0
[1m[32m   Compiling[0m icu_properties v2.0.1
[1m[32m   Compiling[0m futures-channel v0.3.31
[1m[32m   Compiling[0m tracing-core v0.1.34
[1m[32m   Compiling[0m utf8parse v0.2.2
[1m[32m   Compiling[0m atomic-waker v1.1.2
[1m[32m   Compiling[0m subtle v2.6.1
[1m[32m   Compiling[0m autocfg v1.5.0
[1m[32m   Compiling[0m getrandom v0.3.3
[1m[32m   Compiling[0m num-traits v0.2.19
[1m[32m   Compiling[0m tracing v0.1.41
[1m[32m   Compiling[0m graphql-parser v0.4.1
[1m[32m   Compiling[0m hyper v1.7.0
[1m[32m   Compiling[0m ppv-lite86 v0.2.21
[1m[32m   Compiling[0m anstyle-parse v0.2.7
[1m[32m   Compiling[0m graphql-introspection-query v0.2.0
[1m[32m   Compiling[0m idna_adapter v1.2.1
[1m[32m   Compiling[0m rand_core v0.5.1
[1m[32m   Compiling[0m form_urlencoded v1.2.2
[1m[32m   Compiling[0m sync_wrapper v1.0.2
[1m[32m   Compiling[0m openssl-probe v0.1.6
[1m[32m   Compiling[0m thiserror v2.0.17
[1m[32m   Compiling[0m heck v0.4.1
[1m[32m   Compiling[0m colorchoice v1.0.4
[1m[32m   Compiling[0m lazy_static v1.5.0
[1m[32m   Compiling[0m ipnet v2.11.0
[1m[32m   Compiling[0m anstyle-query v1.1.4
[1m[32m   Compiling[0m anstyle v1.0.11
[1m[32m   Compiling[0m camino v1.2.1
[1m[32m   Compiling[0m base64 v0.22.1
[1m[32m   Compiling[0m utf8_iter v1.0.4
[1m[32m   Compiling[0m is_terminal_polyfill v1.70.1
[1m[32m   Compiling[0m tower-layer v0.3.3
[1m[32m   Compiling[0m crc32fast v1.5.0
[1m[32m   Compiling[0m tower v0.5.2
[1m[32m   Compiling[0m anstream v0.6.20
[1m[32m   Compiling[0m graphql_client_codegen v0.14.0
[1m[32m   Compiling[0m tokio-rustls v0.26.4
[1m[32m   Compiling[0m idna v1.1.0
[1m[32m   Compiling[0m hyper-util v0.1.17
[1m[32m   Compiling[0m rustls-native-certs v0.8.2
[1m[32m   Compiling[0m rand_chacha v0.2.2
[1m[32m   Compiling[0m thiserror-impl v2.0.17
[1m[32m   Compiling[0m webpki-roots v1.0.2
[1m[32m   Compiling[0m aho-corasick v1.1.3
[1m[32m   Compiling[0m simd-adler32 v0.3.7
[1m[32m   Compiling[0m clap_lex v0.7.5
[1m[32m   Compiling[0m fastrand v2.3.0
[1m[32m   Compiling[0m heck v0.5.0
[1m[32m   Compiling[0m unicode-width v0.2.1
[1m[32m   Compiling[0m regex-syntax v0.8.6
[1m[32m   Compiling[0m iri-string v0.7.8
[1m[32m   Compiling[0m adler2 v2.0.1
[1m[32m   Compiling[0m strsim v0.11.1
[1m[32m   Compiling[0m anyhow v1.0.100
[1m[32m   Compiling[0m clap_builder v4.5.51
[1m[32m   Compiling[0m miniz_oxide v0.8.9
[1m[32m   Compiling[0m regex-automata v0.4.12
[1m[32m   Compiling[0m tower-http v0.6.6
[1m[32m   Compiling[0m graphql_query_derive v0.14.0
[1m[32m   Compiling[0m console v0.16.1
[1m[32m   Compiling[0m clap_derive v4.5.49
[1m[32m   Compiling[0m tempfile v3.23.0
[1m[32m   Compiling[0m hyper-rustls v0.27.7
[1m[32m   Compiling[0m rand v0.7.3
[1m[32m   Compiling[0m url v2.5.7
[1m[32m   Compiling[0m serde_urlencoded v0.7.1
[1m[32m   Compiling[0m xattr v1.5.1
[1m[32m   Compiling[0m cargo-platform v0.3.0
[1m[32m   Compiling[0m http-body-util v0.1.3
[1m[32m   Compiling[0m semver v1.0.27
[1m[32m   Compiling[0m filetime v0.2.26
[1m[32m   Compiling[0m env_home v0.1.0
[1m[32m   Compiling[0m shell-words v1.1.0
[1m[32m   Compiling[0m either v1.15.0
[1m[32m   Compiling[0m xshell-macros v0.2.7
[1m[32m   Compiling[0m iana-time-zone v0.1.63
[1m[32m   Compiling[0m same-file v1.0.6
[1m[32m   Compiling[0m log v0.4.28
[1m[32m   Compiling[0m itertools v0.14.0
[1m[32m   Compiling[0m xshell v0.2.7
[1m[32m   Compiling[0m walkdir v2.5.0
[1m[32m   Compiling[0m reqwest v0.12.24
[1m[32m   Compiling[0m chrono v0.4.42
[1m[32m   Compiling[0m dialoguer v0.12.0
[1m[32m   Compiling[0m which v8.0.0
[1m[32m   Compiling[0m tar v0.4.44
[1m[32m   Compiling[0m cargo_metadata v0.23.0
[1m[32m   Compiling[0m memorable-wordlist v0.1.7
[1m[32m   Compiling[0m flate2 v1.1.5
[1m[32m   Compiling[0m clap v4.5.51
[1m[32m   Compiling[0m regex v1.12.2
[1m[32m   Compiling[0m graphql_client v0.14.0
[1m[32m   Compiling[0m tinytemplate v1.2.1
[1m[32m   Compiling[0m nu-ansi-term v0.50.3
[1m[32m   Compiling[0m xtask v1.5.0 (/root/project/xtask)
[1m[32m    Finished[0m `dev` profile [unoptimized + debuginfo] target(s) in 32.07s
[1m[32m     Running[0m `target/debug/xtask test --no-fail-fast --workspace --locked --features ci,snapshot`
Running tests
[1m[32m   Compiling[0m serde_core v1.0.228
[1m[32m   Compiling[0m serde v1.0.228
[1m[32m   Compiling[0m syn v2.0.106
[1m[32m   Compiling[0m memchr v2.7.6
[1m[32m   Compiling[0m portable-atomic v1.11.1
[1m[32m   Compiling[0m value-bag v1.11.1
[1m[32m   Compiling[0m log v0.4.28
[1m[32m   Compiling[0m critical-section v1.2.0
[1m[32m   Compiling[0m libc v0.2.177
[1m[32m   Compiling[0m once_cell v1.21.3
[1m[32m   Compiling[0m futures-io v0.3.31
[1m[32m   Compiling[0m version_check v0.9.5
[1m[32m   Compiling[0m futures-sink v0.3.31
[1m[32m   Compiling[0m allocator-api2 v0.2.21
[1m[32m   Compiling[0m foldhash v0.2.0
[1m[32m   Compiling[0m equivalent v1.0.2
[1m[32m   Compiling[0m hashbrown v0.16.0
[1m[32m   Compiling[0m scopeguard v1.2.0
[1m[32m   Compiling[0m futures-channel v0.3.31
[1m[32m   Compiling[0m futures-task v0.3.31
[1m[32m   Compiling[0m serde_json v1.0.145
[1m[32m   Compiling[0m mio v1.0.4
[1m[32m   Compiling[0m indexmap v2.12.0
[1m[32m   Compiling[0m tracing-core v0.1.34
[1m[32m   Compiling[0m num-traits v0.2.19
[1m[32m   Compiling[0m thiserror v1.0.69
[1m[32m   Compiling[0m jobserver v0.1.34
[1m[32m   Compiling[0m cc v1.2.34
[1m[32m   Compiling[0m subtle v2.6.1
[1m[32m   Compiling[0m getrandom v0.3.3
[1m[32m   Compiling[0m typenum v1.18.0
[1m[32m   Compiling[0m serde_derive v1.0.228
[1m[32m   Compiling[0m futures-macro v0.3.31
[1m[32m   Compiling[0m tokio-macros v2.6.0
[1m[32m   Compiling[0m futures-util v0.3.31
[1m[32m   Compiling[0m tracing-attributes v0.1.30
[1m[32m   Compiling[0m thiserror-impl v1.0.69
[1m[32m   Compiling[0m tracing v0.1.41
[1m[32m   Compiling[0m thiserror-impl v2.0.17
[1m[32m   Compiling[0m getrandom v0.2.16
[1m[32m   Compiling[0m synstructure v0.13.2
[1m[32m   Compiling[0m aho-corasick v1.1.3
[1m[32m   Compiling[0m bytes v1.10.1
[1m[32m   Compiling[0m smallvec v1.15.1
[1m[32m   Compiling[0m lock_api v0.4.14
[1m[32m   Compiling[0m parking_lot_core v0.9.12
[1m[32m   Compiling[0m cfg-if v1.0.3
[1m[32m   Compiling[0m zerofrom-derive v0.1.6
[1m[32m   Compiling[0m parking_lot v0.12.5
[1m[32m   Compiling[0m http v1.3.1
[1m[32m   Compiling[0m tokio v1.48.0
[1m[32m   Compiling[0m http-body v1.0.1
[1m[32m   Compiling[0m regex-automata v0.4.12
[1m[32m   Compiling[0m zerofrom v0.1.6
[1m[32m   Compiling[0m yoke-derive v0.8.0
[1m[32m   Compiling[0m zerovec-derive v0.11.1
[1m[32m   Compiling[0m yoke v0.8.0
[1m[32m   Compiling[0m generic-array v0.14.7
[1m[32m   Compiling[0m either v1.15.0
[1m[32m   Compiling[0m zerovec v0.11.4
[1m[32m   Compiling[0m http-body-util v0.1.3
[1m[32m   Compiling[0m thiserror v2.0.17
[1m[32m   Compiling[0m displaydoc v0.2.5
[1m[32m   Compiling[0m rustix v1.0.8
[1m[32m   Compiling[0m ucd-trie v0.1.7
[1m[32m   Compiling[0m tokio-util v0.7.16
[1m[32m   Compiling[0m const-oid v0.9.6
[1m[32m   Compiling[0m linux-raw-sys v0.9.4
[1m[32m   Compiling[0m pest v2.8.1
[1m[32m   Compiling[0m tinystr v0.8.1
[1m[32m   Compiling[0m mime v0.3.17
[1m[32m   Compiling[0m regex-syntax v0.8.6
[1m[32m   Compiling[0m icu_locale_core v2.0.0
[1m[32m   Compiling[0m zerotrie v0.2.2
[1m[32m   Compiling[0m potential_utf v0.1.2
[1m[32m   Compiling[0m crossbeam-utils v0.8.21
[1m[32m   Compiling[0m icu_provider v2.0.0
[1m[32m   Compiling[0m icu_collections v2.0.0
[1m[32m   Compiling[0m pest_meta v2.8.1
[1m[32m   Compiling[0m block-buffer v0.10.4
[1m[32m   Compiling[0m crypto-common v0.1.6
[1m[32m   Compiling[0m pest_generator v2.8.1
[1m[32m   Compiling[0m digest v0.10.7
[1m[32m   Compiling[0m regex v1.12.2
[1m[32m   Compiling[0m icu_normalizer v2.0.0
[1m[32m   Compiling[0m pest_derive v2.8.1
[1m[32m   Compiling[0m icu_properties v2.0.1
[1m[32m   Compiling[0m num_cpus v1.17.0
[1m[32m   Compiling[0m ring v0.17.14
[1m[32m   Compiling[0m num-conv v0.1.0
[1m[32m   Compiling[0m time-core v0.1.6
[1m[32m   Compiling[0m powerfmt v0.2.0
[1m[32m   Compiling[0m time-macros v0.2.24
[1m[32m   Compiling[0m deranged v0.5.3
[1m[32m   Compiling[0m idna_adapter v1.2.1
[1m[32m   Compiling[0m idna v1.1.0
[1m[32m   Compiling[0m futures-executor v0.3.31
[1m[32m   Compiling[0m num_threads v0.1.7
[1m[32m   Compiling[0m time v0.3.44
[1m[32m   Compiling[0m httpdate v1.0.3
[1m[32m   Compiling[0m url v2.5.7
[1m[32m   Compiling[0m h2 v0.4.12
[1m[32m   Compiling[0m cpufeatures v0.2.17
[1m[32m   Compiling[0m pkg-config v0.3.32
[1m[32m   Compiling[0m rustls v0.23.33
[1m[32m   Compiling[0m rand_core v0.6.4
[1m[32m   Compiling[0m crunchy v0.2.4
[1m[32m   Compiling[0m tiny-keccak v2.0.2
[1m[32m   Compiling[0m byteorder v1.5.0
[1m[32m   Compiling[0m num-integer v0.1.46
[1m[32m   Compiling[0m rustls-webpki v0.103.6
[1m[32m   Compiling[0m hdrhistogram v7.5.4
[1m[32m   Compiling[0m concurrent-queue v2.5.0
[1m[32m   Compiling[0m hyper v1.7.0
[1m[32m   Compiling[0m parking v2.2.1
[1m[32m   Compiling[0m const-random-macro v0.1.16
[1m[32m   Compiling[0m tower v0.5.2
[1m[32m   Compiling[0m hyper-util v0.1.17
[1m[32m   Compiling[0m ahash v0.8.12
[1m[32m   Compiling[0m lazy_static v1.5.0
[1m[32m   Compiling[0m const-random v0.1.18
[1m[32m   Compiling[0m zstd-sys v2.0.15+zstd.1.5.7
[1m[32m   Compiling[0m uuid v1.18.1
[1m[32m   Compiling[0m async-trait v0.1.89
[1m[32m   Compiling[0m event-listener v5.4.1
[1m[32m   Compiling[0m semver v1.0.27
[1m[32m   Compiling[0m event-listener-strategy v0.5.4
[1m[32m   Compiling[0m futures v0.3.31
[1m[32m   Compiling[0m vsimd v0.8.0
[1m[32m   Compiling[0m rustc_version v0.4.1
[1m[32m   Compiling[0m tokio-rustls v0.26.4
[1m[32m   Compiling[0m alloc-no-stdlib v2.0.4
[1m[32m   Compiling[0m zstd-safe v7.2.4
[1m[32m   Compiling[0m outref v0.5.2
[1m[32m   Compiling[0m alloc-stdlib v0.2.2
[1m[32m   Compiling[0m futures-lite v2.6.1
[1m[32m   Compiling[0m tokio-stream v0.1.17
[1m[32m   Compiling[0m serde_urlencoded v0.7.1
[1m[32m   Compiling[0m bytes-utils v0.1.4
[1m[32m   Compiling[0m unicode-xid v0.2.6
[1m[32m   Compiling[0m hashbrown v0.14.5
[1m[32m   Compiling[0m rustc-hash v1.1.0
[1m[32m   Compiling[0m brotli-decompressor v5.0.0
[1m[32m   Compiling[0m rand_chacha v0.3.1
[1m[32m   Compiling[0m http v0.2.12
[1m[32m   Compiling[0m bstr v1.12.0
[1m[32m   Compiling[0m is-terminal v0.4.16
[1m[32m   Compiling[0m concolor-query v0.3.3
[1m[32m   Compiling[0m text-size v1.1.1
[1m[32m   Compiling[0m yansi v1.0.1
[1m[32m   Compiling[0m minimal-lexical v0.2.1
[1m[32m   Compiling[0m syn v1.0.109
[1m[32m   Compiling[0m unicase v2.8.1
[1m[32m   Compiling[0m countme v3.0.1
[1m[32m   Compiling[0m bitflags v1.3.2
[1m[32m   Compiling[0m mime_guess v2.0.5
[1m[32m   Compiling[0m concolor v0.1.1
[1m[32m   Compiling[0m rowan v0.16.1
[1m[32m   Compiling[0m nom v7.1.3
[1m[32m   Compiling[0m http-body v0.4.6
[1m[32m   Compiling[0m globset v0.4.16
[1m[32m   Compiling[0m brotli v8.0.2
[1m[32m   Compiling[0m rand v0.8.5
[1m[32m   Compiling[0m base64-simd v0.8.0
[1m[32m   Compiling[0m async-lock v3.4.1
[1m[32m   Compiling[0m jsonpath-rust v0.3.5
[1m[32m   Compiling[0m sha1 v0.10.6
[1m[32m   Compiling[0m polling v3.10.0
[1m[32m   Compiling[0m itertools v0.14.0
[1m[32m   Compiling[0m hex v0.4.3
[1m[32m   Compiling[0m encoding_rs v0.8.35
[1m[32m   Compiling[0m unicode-width v0.1.14
[1m[32m   Compiling[0m compression-core v0.4.29
[1m[32m   Compiling[0m async-task v4.7.1
[1m[32m   Compiling[0m typed-arena v2.0.2
[1m[32m   Compiling[0m rustversion v1.0.22
[1m[32m   Compiling[0m static_assertions v1.1.0
[1m[32m   Compiling[0m ariadne v0.5.1
[1m[32m   Compiling[0m async-io v2.5.0
[1m[32m   Compiling[0m serde_json_bytes v0.2.5
[1m[32m   Compiling[0m aws-smithy-types v1.3.4
[1m[32m   Compiling[0m apollo-parser v0.8.4
[1m[32m   Compiling[0m async-channel v2.5.0
[1m[32m   Compiling[0m triomphe v0.1.14
[1m[32m   Compiling[0m unicode-segmentation v1.12.0
[1m[32m   Compiling[0m convert_case v0.7.1
[1m[32m   Compiling[0m apollo-compiler v1.30.0
[1m[32m   Compiling[0m hyper-rustls v0.27.7
[1m[32m   Compiling[0m zstd v0.13.3
[1m[32m   Compiling[0m compression-codecs v0.4.31
[1m[32m   Compiling[0m anyhow v1.0.100
[1m[32m   Compiling[0m async-compression v0.4.32
[1m[32m   Compiling[0m sharded-slab v0.1.7
[1m[32m   Compiling[0m strum_macros v0.27.2
[1m[32m   Compiling[0m piper v0.2.4
[1m[32m   Compiling[0m matchers v0.2.0
[1m[32m   Compiling[0m tracing-serde v0.2.0
[1m[32m   Compiling[0m tracing-log v0.2.0
[1m[32m   Compiling[0m thread_local v1.1.9
[1m[32m   Compiling[0m fnv v1.0.7
[1m[32m   Compiling[0m ident_case v1.0.1
[1m[32m   Compiling[0m similar v2.7.0
[1m[32m   Compiling[0m bytecount v0.6.9
[1m[32m   Compiling[0m foldhash v0.1.5
[1m[32m   Compiling[0m strsim v0.11.1
[1m[32m   Compiling[0m http-range-header v0.4.2
[1m[32m   Compiling[0m strum v0.27.2
[1m[32m   Compiling[0m tower-http v0.6.6
[1m[32m   Compiling[0m darling_core v0.20.11
[1m[32m   Compiling[0m hashbrown v0.15.5
[1m[32m   Compiling[0m tracing-subscriber v0.3.20
[1m[32m   Compiling[0m blocking v1.6.2
[1m[32m   Compiling[0m prost-derive v0.13.5
[1m[32m   Compiling[0m derive_more-impl v2.0.1
[1m[32m   Compiling[0m async-signal v0.2.12
[1m[32m   Compiling[0m twox-hash v1.6.3
[1m[32m   Compiling[0m async-executor v1.13.3
[1m[32m   Compiling[0m aws-smithy-async v1.2.6
[1m[32m   Compiling[0m opentelemetry v0.24.0
[1m[32m   Compiling[0m fixedbitset v0.5.7
[1m[32m   Compiling[0m object v0.36.7
[1m[32m   Compiling[0m event-listener v2.5.3
[1m[32m   Compiling[0m petgraph v0.8.3
[1m[32m   Compiling[0m async-channel v1.9.0
[1m[32m   Compiling[0m aws-smithy-runtime-api v1.9.2
[1m[32m   Compiling[0m derive_more v2.0.1
[1m[32m   Compiling[0m async-global-executor v2.4.1
[1m[32m   Compiling[0m ruzstd v0.7.3
[1m[32m   Compiling[0m async-process v2.4.0
[1m[32m   Compiling[0m darling_macro v0.20.11
[1m[32m   Compiling[0m reqwest v0.12.24
[1m[32m   Compiling[0m nom_locate v4.2.0
[1m[32m   Compiling[0m shape v0.6.0
[1m[32m   Compiling[0m multimap v0.10.1
[1m[32m   Compiling[0m rand_core v0.9.3
[1m[32m   Compiling[0m kv-log-macro v1.0.7
[1m[32m   Compiling[0m multi_try v0.3.0
[1m[32m   Compiling[0m rustc-demangle v0.1.26
[1m[32m   Compiling[0m line-col v0.2.1
[1m[32m   Compiling[0m levenshtein v1.0.5
[1m[32m   Compiling[0m apollo-federation v2.8.0 (/root/project/apollo-federation)
[1m[32m   Compiling[0m async-std v1.13.2
[1m[32m   Compiling[0m rand_chacha v0.9.0
[1m[32m   Compiling[0m darling v0.20.11
[1m[32m   Compiling[0m sha2 v0.10.9
[1m[32m   Compiling[0m hmac v0.12.1
[1m[32m   Compiling[0m async-stream-impl v0.3.6
[1m[32m   Compiling[0m indexmap v1.9.3
[1m[32m   Compiling[0m glob v0.3.3
[1m[32m   Compiling[0m clap_builder v4.5.51
[1m[32m   Compiling[0m opentelemetry_sdk v0.24.1
[1m[32m   Compiling[0m async-stream v0.3.6
[1m[32m   Compiling[0m rand v0.9.2
[1m[32m   Compiling[0m combine v4.6.7
[1m[32m   Compiling[0m clap_derive v4.5.49
[1m[32m   Compiling[0m pin-project-internal v1.1.10
[1m[32m   Compiling[0m diff v0.1.13
[1m[32m   Compiling[0m hashbrown v0.12.3
[1m[32m   Compiling[0m data-encoding v2.9.0
[1m[32m   Compiling[0m pin-project v1.1.10
[1m[32m   Compiling[0m clap v4.5.51
[1m[32m   Compiling[0m graphql-parser v0.4.1
[1m[32m   Compiling[0m graphql-introspection-query v0.2.0
[1m[32m   Compiling[0m chrono v0.4.42
[1m[32m   Compiling[0m num-bigint v0.4.6
[1m[32m   Compiling[0m graphql_client_codegen v0.14.0
[1m[32m   Compiling[0m crossbeam-epoch v0.9.18
[1m[32m   Compiling[0m xattr v1.5.1
[1m[32m   Compiling[0m utf-8 v0.7.6
[1m[32m   Compiling[0m bitflags v2.9.3
[1m[32m   Compiling[0m ref-cast v1.0.24
[1m[32m   Compiling[0m prettyplease v0.2.37
[1m[32m   Compiling[0m tinyvec_macros v0.1.1
[1m[32m   Compiling[0m tinyvec v1.10.0
[1m[32m   Compiling[0m console v0.16.1
[1m[32m   Compiling[0m tungstenite v0.28.0
[1m[32m   Compiling[0m aws-credential-types v1.2.8
[1m[32m   Compiling[0m aws-smithy-http v0.62.4
[1m[32m   Compiling[0m prost v0.13.5
[1m[32m   Compiling[0m aws-types v1.3.9
[1m[32m   Compiling[0m tikv-jemalloc-sys v0.6.1+5.3.0-1-ge13ca993e8ccb9ba9847cc330696e02839f328f7
[1m[32m   Compiling[0m ref-cast-impl v1.0.24
[1m[32m   Compiling[0m multer v3.1.0
[1m[32m   Compiling[0m graphql_query_derive v0.14.0
[1m[32m   Compiling[0m paste v1.0.15
[1m[32m   Compiling[0m fastrand v2.3.0
[1m[32m   Compiling[0m graphql_client v0.14.0
[1m[32m   Compiling[0m tempfile v3.23.0
[1m[32m   Compiling[0m petgraph v0.7.1
[1m[32m   Compiling[0m prost-types v0.13.5
[1m[32m   Compiling[0m tokio-tungstenite v0.28.0
[1m[32m   Compiling[0m derive_builder_core v0.20.2
[1m[32m   Compiling[0m aws-smithy-observability v0.1.4
[1m[32m   Compiling[0m axum-core v0.4.5
[1m[32m   Compiling[0m axum-core v0.5.5
[1m[32m   Compiling[0m serde_path_to_error v0.1.17
[1m[32m   Compiling[0m socket2 v0.5.10
[1m[32m   Compiling[0m proc-macro-error-attr2 v2.0.0
[1m[32m   Compiling[0m same-file v1.0.6
[1m[32m   Compiling[0m urlencoding v2.1.3
[1m[32m   Compiling[0m matchit v0.7.3
[1m[32m   Compiling[0m spin v0.9.8
[1m[32m   Compiling[0m crc16 v0.4.0
[1m[32m   Compiling[0m protobuf v2.28.0
[1m[32m   Compiling[0m matchit v0.8.4
[1m[32m   Compiling[0m prost-build v0.13.5
[1m[32m   Compiling[0m axum v0.8.6
[1m[32m   Compiling[0m axum v0.7.9
[1m[32m   Compiling[0m walkdir v2.5.0
[1m[32m   Compiling[0m proc-macro-error2 v2.0.1
[1m[32m   Compiling[0m derive_builder_macro v0.20.2
[1m[32m   Compiling[0m aws-smithy-runtime v1.9.3
[1m[32m   Compiling[0m aws-sigv4 v1.3.5
[1m[32m   Compiling[0m num-rational v0.4.2
[1m[32m   Compiling[0m tower v0.4.13
[1m[32m   Compiling[0m opentelemetry-http v0.13.0
[1m[32m   Compiling[0m ctor v0.1.26
[1m[32m   Compiling[0m const_format_proc_macros v0.2.34
[1m[32m   Compiling[0m hyper-timeout v0.5.2
[1m[32m   Compiling[0m num-iter v0.1.45
[1m[32m   Compiling[0m rustls-pemfile v2.2.0
[1m[32m   Compiling[0m sys-info v0.9.1
[1m[32m   Compiling[0m ghost v0.1.20
[1m[32m   Compiling[0m num-complex v0.4.6
[1m[32m   Compiling[0m fs-err v3.1.1
[1m[32m   Compiling[0m smartstring v1.0.1
[1m[32m   Compiling[0m cpp_demangle v0.4.5
[1m[32m   Compiling[0m moka v0.12.10
[1m[32m   Compiling[0m predicates-core v1.0.9
[1m[32m   Compiling[0m borrow-or-share v0.2.2
[1m[32m   Compiling[0m mockall_derive v0.13.1
[1m[32m   Compiling[0m bit-vec v0.8.0
[1m[32m   Compiling[0m xmlparser v0.13.6
[1m[32m   Compiling[0m prometheus v0.13.4
[1m[32m   Compiling[0m linkme-impl v0.3.35
[1m[32m   Compiling[0m object v0.37.3
[1m[32m   Compiling[0m option-ext v0.2.0
[1m[32m   Compiling[0m twox-hash v2.1.2
[1m[32m   Compiling[0m dirs-sys v0.5.0
[1m[32m   Compiling[0m ruzstd v0.8.1
[1m[32m   Compiling[0m aws-smithy-xml v0.60.11
[1m[32m   Compiling[0m bit-set v0.8.0
[1m[32m   Compiling[0m fluent-uri v0.3.2
[1m[32m   Compiling[0m num v0.4.3
[1m[32m   Compiling[0m inventory v0.2.3
[1m[32m   Compiling[0m const_format v0.2.34
[1m[32m   Compiling[0m tonic v0.12.3
[1m[32m   Compiling[0m aws-runtime v1.5.12
[1m[32m   Compiling[0m rust-embed-utils v8.8.0
[1m[32m   Compiling[0m derive_builder v0.20.2
[1m[32m   Compiling[0m getset v0.1.6
[1m[32m   Compiling[0m tonic-build v0.12.3
[1m[32m   Compiling[0m aws-smithy-query v0.60.8
[1m[32m   Compiling[0m unicode-normalization v0.1.24
[1m[32m   Compiling[0m typetag-impl v0.1.8
[1m[32m   Compiling[0m aws-smithy-json v0.61.6
[1m[32m   Compiling[0m enum-as-inner v0.6.1
[1m[32m   Compiling[0m crossbeam-channel v0.5.15
[1m[32m   Compiling[0m headers-core v0.3.0
[1m[32m   Compiling[0m erased-serde v0.3.31
[1m[32m   Compiling[0m blake3 v1.8.2
[1m[32m   Compiling[0m typed-builder-macro v0.18.2
[1m[32m   Compiling[0m try_match_inner v0.5.2
[1m[32m   Compiling[0m serde_derive_internals v0.29.1
[1m[32m   Compiling[0m cookie v0.18.1
[1m[32m   Compiling[0m inotify-sys v0.1.5
[1m[32m   Compiling[0m tagptr v0.2.0
[1m[32m   Compiling[0m fsio v0.4.1
[1m[32m   Compiling[0m cookie-factory v0.3.2
[1m[32m   Compiling[0m termtree v0.5.1
[1m[32m   Compiling[0m linkme v0.3.35
[1m[32m   Compiling[0m base64 v0.13.1
[1m[32m   Compiling[0m linked-hash-map v0.5.6
[1m[32m   Compiling[0m regex-lite v0.1.7
[1m[32m   Compiling[0m opentelemetry-semantic-conventions v0.16.0
[1m[32m   Compiling[0m spin v0.5.2
[1m[32m   Compiling[0m deadpool-runtime v0.1.4
[1m[32m   Compiling[0m deadpool v0.12.2
[1m[32m   Compiling[0m no-std-compat v0.4.1
[1m[32m   Compiling[0m aws-sdk-sts v1.88.0
[1m[32m   Compiling[0m yaml-rust v0.4.5
[1m[32m   Compiling[0m jwt v0.16.0
[1m[32m   Compiling[0m predicates-tree v1.0.12
[1m[32m   Compiling[0m schemars_derive v1.0.4
[1m[32m   Compiling[0m redis-protocol v6.0.0
[1m[32m   Compiling[0m envmnt v0.10.4
[1m[32m   Compiling[0m inotify v0.11.0
[1m[32m   Compiling[0m try_match v0.4.2
[1m[32m   Compiling[0m typed-builder v0.18.2
[1m[32m   Compiling[0m typetag v0.1.8
[1m[32m   Compiling[0m headers v0.4.1
[1m[32m   Compiling[0m hickory-proto v0.25.2
[1m[32m   Compiling[0m olpc-cjson v0.1.4
[1m[32m   Compiling[0m apollo-router v2.8.0 (/root/project/apollo-router)
[1m[32m   Compiling[0m oci-spec v0.8.2
[1m[32m   Compiling[0m rust-embed-impl v8.8.0
[1m[32m   Compiling[0m opentelemetry-proto v0.7.0
[1m[32m   Compiling[0m fraction v0.15.3
[1m[32m   Compiling[0m referencing v0.33.0
[1m[32m   Compiling[0m fancy-regex v0.16.1
[1m[32m   Compiling[0m dirs v6.0.0
[1m[32m   Compiling[0m predicates v3.1.3
[1m[32m   Compiling[0m rmp v0.8.14
[1m[32m   Compiling[0m simple_asn1 v0.6.3
[1m[32m   Compiling[0m str_inflector v0.12.0
[1m[32m   Compiling[0m uuid-simd v0.8.0
[1m[32m   Compiling[0m pem v3.0.5
[1m[32m   Compiling[0m thin-vec v0.2.14
[1m[32m   Compiling[0m assert-json-diff v2.0.2
[1m[32m   Compiling[0m email_address v0.2.9
[1m[32m   Compiling[0m rhai_codegen v2.2.0
[1m[32m   Compiling[0m fred-macros v0.1.0
[1m[32m   Compiling[0m float-cmp v0.10.0
[1m[32m   Compiling[0m http-auth v0.1.10
[1m[32m   Compiling[0m memmap2 v0.9.8
[1m[32m   Compiling[0m dyn-clone v1.0.20
[1m[32m   Compiling[0m fallible-iterator v0.3.0
[1m[32m   Compiling[0m notify-types v2.0.0
[1m[32m   Compiling[0m arrayvec v0.7.6
[1m[32m   Compiling[0m downcast v0.11.0
[1m[32m   Compiling[0m rustc-hash v2.1.1
[1m[32m   Compiling[0m resolv-conf v0.7.4
[1m[32m   Compiling[0m arc-swap v1.7.1
[1m[32m   Compiling[0m arrayref v0.3.9
[1m[32m   Compiling[0m num-cmp v0.1.0
[1m[32m   Compiling[0m glob-match v0.2.1
[1m[32m   Compiling[0m siphasher v1.0.1
[1m[32m   Compiling[0m gimli v0.32.3
[1m[32m   Compiling[0m constant_time_eq v0.3.1
[1m[32m   Compiling[0m fragile v2.0.1
[1m[32m   Compiling[0m base64 v0.21.7
[1m[32m   Compiling[0m humantime v2.3.0
[1m[32m   Compiling[0m docker_credential v1.3.2
[1m[32m   Compiling[0m humantime-serde v1.1.1
[1m[32m   Compiling[0m mockall v0.13.1
[1m[32m   Compiling[0m bloomfilter v3.0.1
[1m[32m   Compiling[0m jsonschema v0.33.0
[1m[32m   Compiling[0m fred v10.1.0
[1m[32m   Compiling[0m addr2line v0.25.1
[1m[32m   Compiling[0m hickory-resolver v0.25.2
[1m[32m   Compiling[0m rhai v1.21.0
[1m[32m   Compiling[0m astral-tokio-tar v0.5.6
[1m[32m   Compiling[0m notify v8.2.0
[1m[32m   Compiling[0m schemars v1.0.4
[1m[32m   Compiling[0m oci-client v0.15.0
[1m[32m   Compiling[0m wiremock v0.6.5
[1m[32m   Compiling[0m jsonwebtoken v9.3.1
[1m[32m   Compiling[0m buildstructor v0.6.0
[1m[32m   Compiling[0m rust-embed v8.8.0
[1m[32m   Compiling[0m shellexpand v3.1.1
[1m[32m   Compiling[0m opentelemetry-otlp v0.17.0
[1m[32m   Compiling[0m axum-server v0.7.2
[1m[32m   Compiling[0m opentelemetry-prometheus v0.17.0
[1m[32m   Compiling[0m axum-extra v0.10.3
[1m[32m   Compiling[0m proteus v0.5.0
[1m[32m   Compiling[0m opentelemetry-zipkin v0.22.0
[1m[32m   Compiling[0m ci_info v0.14.14
[1m[32m   Compiling[0m aws-config v1.8.8
[1m[32m   Compiling[0m serde_yaml v0.8.26
[1m[32m   Compiling[0m tracing-futures v0.2.5
[1m[32m   Compiling[0m opentelemetry-aws v0.12.0
[1m[32m   Compiling[0m aws-smithy-http-client v1.1.4
[1m[32m   Compiling[0m opentelemetry-jaeger-propagator v0.3.0
[1m[32m   Compiling[0m derivative v2.2.0
[1m[32m   Compiling[0m hyperlocal v0.9.1
[1m[32m   Compiling[0m dashmap v6.1.0
[1m[32m   Compiling[0m serde_derive_default v0.1.1
[1m[32m   Compiling[0m serde_regex v1.1.0
[1m[32m   Compiling[0m http-serde v2.1.1
[1m[32m   Compiling[0m jsonpath_lib v0.3.0
[1m[32m   Compiling[0m multimap v0.9.1
[1m[32m   Compiling[0m bytesize v1.3.3
[1m[32m   Compiling[0m lru v0.16.2
[1m[32m   Compiling[0m sysinfo v0.37.2
[1m[32m   Compiling[0m apollo-environment-detector v0.1.0
[1m[32m   Compiling[0m uname v0.1.1
[1m[32m   Compiling[0m heck v0.5.0
[1m[32m   Compiling[0m wsl v0.1.0
[1m[32m   Compiling[0m mediatype v0.20.0
[1m[32m   Compiling[0m winnow v0.7.13
[1m[32m   Compiling[0m toml_datetime v0.6.11
[1m[32m   Compiling[0m console v0.15.11
[1m[32m   Compiling[0m futures-timer v3.0.3
[1m[32m   Compiling[0m insta v1.43.2
[1m[32m   Compiling[0m rstest_macros v0.26.1
[1m[32m   Compiling[0m relative-path v1.9.3
[1m[32m   Compiling[0m toml_edit v0.22.27
[1m[32m   Compiling[0m base64ct v1.8.0
[1m[32m   Compiling[0m pem-rfc7468 v0.7.0
[1m[32m   Compiling[0m test-log-macros v0.2.18
[1m[32m   Compiling[0m test-log v0.2.18
[1m[32m   Compiling[0m der v0.7.10
[1m[32m   Compiling[0m proc-macro-crate v3.3.0
[1m[32m   Compiling[0m pretty_assertions v1.4.1
[1m[32m   Compiling[0m spki v0.7.3
[1m[32m   Compiling[0m pkcs8 v0.10.2
[1m[32m   Compiling[0m ff v0.13.1
[1m[32m   Compiling[0m base16ct v0.2.0
[1m[32m   Compiling[0m sec1 v0.7.3
[1m[32m   Compiling[0m group v0.13.0
[1m[32m   Compiling[0m crypto-bigint v0.5.5
[1m[32m   Compiling[0m dw-sys v0.1.0
[1m[32m   Compiling[0m derive_arbitrary v1.4.2
[1m[32m   Compiling[0m foreign-types-macros v0.2.3
[1m[32m   Compiling[0m foreign-types-shared v0.3.1
[1m[32m   Compiling[0m foreign-types v0.5.0
[1m[32m   Compiling[0m rfc6979 v0.4.0
[1m[32m   Compiling[0m signature v2.2.0
[1m[32m   Compiling[0m elliptic-curve v0.13.8
[1m[32m   Compiling[0m dtor-proc-macro v0.0.6
[1m[32m   Compiling[0m primeorder v0.13.6
[1m[32m   Compiling[0m dtor v0.1.0
[1m[32m   Compiling[0m ecdsa v0.16.9
[1m[32m   Compiling[0m dw v0.2.0
[1m[32m   Compiling[0m tokio-test v0.4.4
[1m[32m   Compiling[0m itertools v0.11.0
[1m[32m   Compiling[0m tracing-test-macro v0.2.5
[1m[32m   Compiling[0m rstest v0.26.1
[1m[32m   Compiling[0m ordered-float v4.6.0
[1m[32m   Compiling[0m ctor-proc-macro v0.0.7
[1m[32m   Compiling[0m escape8259 v0.5.3
[1m[32m   Compiling[0m opentelemetry-stdout v0.5.0
[1m[32m   Compiling[0m libtest-mimic v0.8.1
[1m[32m   Compiling[0m opentelemetry-datadog v0.12.0
[1m[32m   Compiling[0m ctor v0.6.0
[1m[32m   Compiling[0m tracing-test v0.2.5
[1m[32m   Compiling[0m p256 v0.13.2
[1m[32m   Compiling[0m tower-test v0.4.0
[1m[32m   Compiling[0m rstack v0.3.3
[1m[32m   Compiling[0m futures-test v0.3.31
[1m[32m   Compiling[0m tracing-opentelemetry v0.25.0
[1m[32m   Compiling[0m tracing-mock v0.1.0-beta.1
[1m[32m   Compiling[0m futures-core v0.3.31
[1m[32m   Compiling[0m maplit v1.0.2
[1m[32m   Compiling[0m gimli v0.31.1
[1m[32m   Compiling[0m pin-project-lite v0.2.16
[1m[32m   Compiling[0m pin-utils v0.1.0
[1m[32m   Compiling[0m slab v0.4.11
[1m[32m   Compiling[0m zerocopy v0.8.26
[1m[32m   Compiling[0m addr2line v0.24.2
[1m[32m   Compiling[0m backtrace v0.3.75
[1m[32m   Compiling[0m mintex v0.1.4
[1m[32m   Compiling[0m stable_deref_trait v1.2.0
[1m[32m   Compiling[0m thousands v0.2.0
[1m[32m   Compiling[0m dhat v0.3.3
[1m[32m   Compiling[0m tinytemplate v1.2.1
[1m[32m   Compiling[0m arbitrary v1.4.2
[1m[32m   Compiling[0m env_filter v0.1.3
[1m[32m   Compiling[0m libfuzzer-sys v0.4.10
[1m[32m   Compiling[0m jiff v0.2.15
[1m[32m   Compiling[0m rayon-core v1.13.0
[1m[32m   Compiling[0m env_logger v0.11.8
[1m[32m   Compiling[0m apollo-smith v0.15.1
[1m[32m   Compiling[0m camino v1.2.1
[1m[32m   Compiling[0m tikv-jemallocator v0.6.1
[1m[32m   Compiling[0m tikv-jemalloc-ctl v0.6.1
[1m[32m   Compiling[0m crossbeam-deque v0.8.6
[1m[32m   Compiling[0m strum_macros v0.26.4
[1m[32m   Compiling[0m async-graphql-value v7.0.17
[1m[32m   Compiling[0m cargo-platform v0.3.0
[1m[32m   Compiling[0m half v2.6.0
[1m[32m   Compiling[0m plotters-backend v0.3.7
[1m[32m   Compiling[0m ciborium-io v0.2.2
[1m[32m   Compiling[0m ciborium-ll v0.2.2
[1m[32m   Compiling[0m plotters-svg v0.3.7
[1m[32m   Compiling[0m strum v0.26.3
[1m[32m   Compiling[0m dialoguer v0.12.0
[1m[32m   Compiling[0m which v8.0.0
[1m[32m   Compiling[0m cargo_metadata v0.23.0
[1m[32m   Compiling[0m async-graphql-parser v7.0.17
[1m[32m   Compiling[0m apollo-router-benchmarks v2.8.0 (/root/project/apollo-router-benchmarks)
[1m[32m   Compiling[0m tar v0.4.44
[1m[32m   Compiling[0m Inflector v0.11.4
[1m[32m   Compiling[0m bnf v0.5.0
[1m[32m   Compiling[0m itertools v0.13.0
[1m[32m   Compiling[0m ascii_utils v0.9.3
[1m[32m   Compiling[0m cast v0.3.0
[1m[32m   Compiling[0m fast_chemail v0.9.6
[1m[32m   Compiling[0m criterion-plot v0.6.0
[1m[32m   Compiling[0m async-graphql-derive v7.0.17
[1m[32m   Compiling[0m rayon v1.11.0
[1m[32m   Compiling[0m plotters v0.3.7
[1m[32m   Compiling[0m ciborium v0.2.2
[1m[32m   Compiling[0m handlebars v5.1.2
[1m[32m   Compiling[0m anes v0.1.6
[1m[32m   Compiling[0m static_assertions_next v1.1.2
[1m[32m   Compiling[0m oorandom v11.1.5
[1m[32m   Compiling[0m criterion v0.7.0
[1m[32m   Compiling[0m router-fuzz v0.0.0 (/root/project/fuzz)
[1m[32m   Compiling[0m async-graphql v7.0.17
[1m[32m   Compiling[0m xtask v1.5.0 (/root/project/xtask)
[1m[32m   Compiling[0m memory-stats v1.2.0
[1m[32m   Compiling[0m async-graphql-axum v7.0.17
[1m[32m   Compiling[0m everything-subgraph v0.1.0 (/root/project/fuzz/subgraph)
[1m[32m   Compiling[0m apollo-federation-cli v0.1.0 (/root/project/apollo-federation/cli)
[1m[32m   Compiling[0m propagate-status-code v0.1.0 (/root/project/examples/status-code-propagation/rust)
[1m[32m   Compiling[0m async-allow-client-id v0.1.0 (/root/project/examples/async-auth/rust)
[1m[32m   Compiling[0m jwt-claims v0.1.0 (/root/project/examples/jwt-claims/rhai)
[1m[32m   Compiling[0m add-timestamp-header v0.1.0 (/root/project/examples/add-timestamp-header/rhai)
[1m[32m   Compiling[0m cache-control v0.2.0 (/root/project/examples/cache-control/rhai)
[1m[32m   Compiling[0m supergraph_sdl v0.1.0 (/root/project/examples/supergraph-sdl/rust)
[1m[32m   Compiling[0m rhai-logging v0.1.0 (/root/project/examples/logging/rhai)
[1m[32m   Compiling[0m throw-error v0.1.0 (/root/project/examples/throw-error/rhai)
[1m[32m   Compiling[0m rhai-error-response-mutate v0.1.0 (/root/project/examples/error-response-mutate/rhai)
[1m[32m   Compiling[0m op-name-to-header v0.1.0 (/root/project/examples/op-name-to-header/rhai)
[1m[32m   Compiling[0m context-data v0.1.0 (/root/project/examples/context/rust)
[1m[32m   Compiling[0m cookies-to-headers v0.1.0 (/root/project/examples/cookies-to-headers/rhai)
[1m[32m   Compiling[0m forbid_anonymous_operations_rhai v0.1.0 (/root/project/examples/forbid-anonymous-operations/rhai)
[1m[32m   Compiling[0m forbid-anonymous-operations v0.1.0 (/root/project/examples/forbid-anonymous-operations/rust)
[1m[32m   Compiling[0m rhai-subgraph-request-log v0.1.0 (/root/project/examples/subgraph-request-log/rhai)
[1m[32m   Compiling[0m hello-world v0.1.0 (/root/project/examples/hello-world/rust)
[1m[32m   Compiling[0m external-subgraph v0.1.0 (/root/project/examples/coprocessor-subgraph/rust)
[1m[32m   Compiling[0m rhai-surrogate-cache-key v0.1.0 (/root/project/examples/surrogate-cache-key/rhai)
[1m[32m   Compiling[0m rhai-data-response-mutate v0.1.0 (/root/project/examples/data-response-mutate/rhai)
[1m[32m    Finished[0m `test` profile [unoptimized + debuginfo] target(s) in 6m 32s
[32;1m    Starting[0m [1m4334[0m tests across [1m40[0m binaries ([1m99[0m skipped; run ID: [1mcc15560c-f7ad-406f-8333-602ccd8ca7c7[0m, nextest profile: [1mci[0m)
[32;1m        PASS[0m [   0.067s] [35;1mapollo-federation[0m [36mcomposition::satisfiability::conditions_validation::simple_condition_resolver_tests[0m[36m::[0m[34;1mtest_simple_condition_resolver_basic[0m
[32;1m        PASS[0m [   0.063s] [35;1mapollo-federation[0m [36mcomposition::satisfiability::tests[0m[36m::[0m[34;1mtest_satisfiability_basic[0m
[32;1m        PASS[0m [   0.062s] [35;1mapollo-federation[0m [36mcomposition::satisfiability::validation_context::validation_context_tests[0m[36m::[0m[34;1mtest_is_shareable[0m
[32;1m        PASS[0m [   0.060s] [35;1mapollo-federation[0m [36mcomposition::satisfiability::validation_context::validation_context_tests[0m[36m::[0m[34;1mtest_matching_contexts[0m
[32;1m        PASS[0m [   0.035s] [35;1mapollo-federation[0m [36mconnectors::header::test_get_expressions[0m[36m::[0m[34;1mtest_variable_references[0m
[32;1m        PASS[0m [   0.018s] [35;1mapollo-federation[0m [36mconnectors::header::test_interpolate[0m[36m::[0m[34;1mtest_interpolate[0m
[32;1m        PASS[0m [   0.016s] [35;1mapollo-federation[0m [36mconnectors::header::test_interpolate[0m[36m::[0m[34;1mtest_interpolate_missing_value[0m
[32;1m        PASS[0m [   0.013s] [35;1mapollo-federation[0m [36mconnectors::header::test_interpolate[0m[36m::[0m[34;1mtest_interpolate_value_array[0m
[32;1m        PASS[0m [   0.042s] [35;1mapollo-federation[0m [36mconnectors::header::test_interpolate[0m[36m::[0m[34;1mtest_interpolate_value_bool[0m
[32;1m        PASS[0m [   0.040s] [35;1mapollo-federation[0m [36mconnectors::header::test_interpolate[0m[36m::[0m[34;1mtest_interpolate_value_null[0m
[32;1m        PASS[0m [   0.037s] [35;1mapollo-federation[0m [36mconnectors::header::test_interpolate[0m[36m::[0m[34;1mtest_interpolate_value_number[0m
[32;1m        PASS[0m [   0.031s] [35;1mapollo-federation[0m [36mconnectors::header::test_interpolate[0m[36m::[0m[34;1mtest_interpolate_value_string[0m
[32;1m        PASS[0m [   0.028s] [35;1mapollo-federation[0m [36mconnectors::json_selection::apply_to::tests[0m[36m::[0m[34;1mcoalescing_operators_should_return_earlier_values_if_later_missing[0m
[32;1m        PASS[0m [   0.022s] [35;1mapollo-federation[0m [36mconnectors::json_selection::apply_to::tests[0m[36m::[0m[34;1mnone_coalescing_should_preserve_null_field[0m
[32;1m        PASS[0m [   0.019s] [35;1mapollo-federation[0m [36mconnectors::json_selection::apply_to::tests[0m[36m::[0m[34;1mnone_coalescing_should_preserve_null_when_left_is_null[0m
[32;1m        PASS[0m [   0.016s] [35;1mapollo-federation[0m [36mconnectors::json_selection::apply_to::tests[0m[36m::[0m[34;1mnone_coalescing_should_replace_missing_field[0m
[32;1m        PASS[0m [   0.014s] [35;1mapollo-federation[0m [36mconnectors::json_selection::apply_to::tests[0m[36m::[0m[34;1mnone_coalescing_should_return_left_when_left_not_none[0m
[32;1m        PASS[0m [   0.039s] [35;1mapollo-federation[0m [36mconnectors::json_selection::apply_to::tests[0m[36m::[0m[34;1mnull_coalescing_should_allow_multiple_method_args[0m
[32;1m        PASS[0m [   0.035s] [35;1mapollo-federation[0m [36mconnectors::json_selection::apply_to::tests[0m[36m::[0m[34;1mnull_coalescing_should_chain_left_to_right_when_multiple_nulls[0m
[32;1m        PASS[0m [   0.028s] [35;1mapollo-federation[0m [36mconnectors::json_selection::apply_to::tests[0m[36m::[0m[34;1mnull_coalescing_should_fallback_when_field_is_null[0m
[32;1m        PASS[0m [   0.025s] [35;1mapollo-federation[0m [36mconnectors::json_selection::apply_to::tests[0m[36m::[0m[34;1mnull_coalescing_should_fallback_when_none_used_as_method_arg[0m
[32;1m        PASS[0m [   0.032s] [35;1mapollo-federation[0m [36mconnectors::json_selection::apply_to::tests[0m[36m::[0m[34;1mnull_coalescing_should_fallback_when_null_used_as_method_arg[0m
[32;1m        PASS[0m [   0.029s] [35;1mapollo-federation[0m [36mconnectors::json_selection::apply_to::tests[0m[36m::[0m[34;1mnull_coalescing_should_not_fallback_when_not_null_used_as_method_arg[0m
[32;1m        PASS[0m [   0.026s] [35;1mapollo-federation[0m [36mconnectors::json_selection::apply_to::tests[0m[36m::[0m[34;1mnull_coalescing_should_preserve_array_type[0m
[32;1m        PASS[0m [   0.140s] [35;1mapollo-federation[0m [36mcompat::tests[0m[36m::[0m[34;1mcoerces_list_values[0m
[32;1m        PASS[0m [   0.020s] [35;1mapollo-federation[0m [36mconnectors::json_selection::apply_to::tests[0m[36m::[0m[34;1mnull_coalescing_should_preserve_number_type[0m
[32;1m        PASS[0m [   0.023s] [35;1mapollo-federation[0m [36mconnectors::json_selection::apply_to::tests[0m[36m::[0m[34;1mnull_coalescing_should_preserve_boolean_type[0m
[32;1m        PASS[0m [   0.017s] [35;1mapollo-federation[0m [36mconnectors::json_selection::apply_to::tests[0m[36m::[0m[34;1mnull_coalescing_should_preserve_object_type[0m
[32;1m        PASS[0m [   0.137s] [35;1mapollo-federation[0m [36mcomposition::satisfiability::satisfiability_error::tests[0m[36m::[0m[34;1mtest_build_witness_operation[0m
[32;1m        PASS[0m [   0.014s] [35;1mapollo-federation[0m [36mconnectors::json_selection::apply_to::tests[0m[36m::[0m[34;1mnull_coalescing_should_replace_missing_field[0m
[32;1m        PASS[0m [   0.108s] [35;1mapollo-federation[0m [36mconnectors::expand::visitors::tests[0m[36m::[0m[34;1mit_iterates_over_simple_selection[0m
[32;1m        PASS[0m [   0.143s] [35;1mapollo-federation[0m [36mcompat::tests[0m[36m::[0m[34;1mcoerces_in_fragment_definitions[0m
[32;1m        PASS[0m [   0.119s] [35;1mapollo-federation[0m [36mconnectors::expand::visitors::tests[0m[36m::[0m[34;1mit_iterates_over_complex_selection[0m
[32;1m        PASS[0m [   0.146s] [35;1mapollo-federation[0m [36mconnectors::expand::visitors::tests[0m[36m::[0m[34;1mit_iterates_over_aliased_selection[0m
[32;1m        PASS[0m [   0.036s] [35;1mapollo-federation[0m [36mconnectors::json_selection::apply_to::tests[0m[36m::[0m[34;1mnull_coalescing_should_replace_null_field[0m
[32;1m        PASS[0m [   0.150s] [35;1mapollo-federation[0m [36mconnectors::expand::tests[0m[36m::[0m[34;1mit_ignores_supergraph[0m
[32;1m        PASS[0m [   0.034s] [35;1mapollo-federation[0m [36mconnectors::json_selection::apply_to::tests[0m[36m::[0m[34;1mnull_coalescing_should_return_left_when_left_not_null[0m
[32;1m        PASS[0m [   0.127s] [35;1mapollo-federation[0m [36mconnectors::header::test_header_value_parse[0m[36m::[0m[34;1minvalid_header_values[0m
[32;1m        PASS[0m [   0.141s] [35;1mapollo-federation[0m [36mconnectors::expand::visitors::tests[0m[36m::[0m[34;1mit_iterates_over_empty_path[0m
[32;1m        PASS[0m [   0.032s] [35;1mapollo-federation[0m [36mconnectors::json_selection::apply_to::tests[0m[36m::[0m[34;1mnull_coalescing_should_return_right_when_left_is_null[0m
[32;1m        PASS[0m [   0.137s] [35;1mapollo-federation[0m [36mconnectors::expand::visitors::tests[0m[36m::[0m[34;1mit_iterates_over_paths[0m
[32;1m        PASS[0m [   0.139s] [35;1mapollo-federation[0m [36mconnectors::expand::visitors::tests[0m[36m::[0m[34;1mit_iterates_over_nested_selection[0m
[32;1m        PASS[0m [   0.030s] [35;1mapollo-federation[0m [36mconnectors::json_selection::apply_to::tests[0m[36m::[0m[34;1mnull_coalescing_should_stop_at_first_non_null_when_chaining[0m
[32;1m        PASS[0m [   0.123s] [35;1mapollo-federation[0m [36mconnectors::header::test_header_value_parse[0m[36m::[0m[34;1mmixed_constant_and_expression[0m
[32;1m        PASS[0m [   0.026s] [35;1mapollo-federation[0m [36mconnectors::json_selection::apply_to::tests[0m[36m::[0m[34;1mnull_coalescing_should_use_literal_fallback_when_all_fields_null[0m
[32;1m        PASS[0m [   0.171s] [35;1mapollo-federation[0m [36mcompat::tests[0m[36m::[0m[34;1mcoerces_enum_values[0m
[32;1m        PASS[0m [   0.022s] [35;1mapollo-federation[0m [36mconnectors::json_selection::apply_to::tests[0m[36m::[0m[34;1mnullish_coalescing_should_return_final_null[0m
[32;1m        PASS[0m [   0.118s] [35;1mapollo-federation[0m [36mconnectors::header::test_header_value_parse[0m[36m::[0m[34;1msimple_expression[0m
[32;1m        PASS[0m [   0.020s] [35;1mapollo-federation[0m [36mconnectors::json_selection::apply_to::tests[0m[36m::[0m[34;1mquestion_operator_direct_null_input_shape[0m
[32;1m        PASS[0m [   0.018s] [35;1mapollo-federation[0m [36mconnectors::json_selection::apply_to::tests[0m[36m::[0m[34;1mquestion_operator_preserves_non_null_shapes[0m
[32;1m        PASS[0m [   0.016s] [35;1mapollo-federation[0m [36mconnectors::json_selection::apply_to::tests[0m[36m::[0m[34;1mquestion_operator_should_add_none_to_named_shapes[0m
[32;1m        PASS[0m [   0.014s] [35;1mapollo-federation[0m [36mconnectors::json_selection::apply_to::tests[0m[36m::[0m[34;1mquestion_operator_should_map_null_to_none[0m
[32;1m        PASS[0m [   0.013s] [35;1mapollo-federation[0m [36mconnectors::json_selection::apply_to::tests[0m[36m::[0m[34;1mquestion_operator_with_all_shapes[0m
[32;1m        PASS[0m [   0.156s] [35;1mapollo-federation[0m [36mconnectors::expand::carryover::tests[0m[36m::[0m[34;1mtest_carryover[0m
[32;1m        PASS[0m [   0.019s] [35;1mapollo-federation[0m [36mconnectors::json_selection::apply_to::tests[0m[36m::[0m[34;1mquestion_operator_with_array_access[0m
[32;1m        PASS[0m [   0.052s] [35;1mapollo-federation[0m [36mconnectors::json_selection::apply_to::tests[0m[36m::[0m[34;1mnullish_coalescing_should_return_final_none[0m
[32;1m        PASS[0m [   0.159s] [35;1mapollo-federation[0m [36mconnectors::header::test_header_value_parse[0m[36m::[0m[34;1mexpressions_with_nested_braces[0m
[32;1m        PASS[0m [   0.149s] [35;1mapollo-federation[0m [36mconnectors::header::test_header_value_parse[0m[36m::[0m[34;1msimple_constant[0m
[32;1m        PASS[0m [   0.155s] [35;1mapollo-federation[0m [36mconnectors::header::test_header_value_parse[0m[36m::[0m[34;1mmissing_closing_braces[0m
[32;1m        PASS[0m [   0.049s] [35;1mapollo-federation[0m [36mconnectors::json_selection::apply_to::tests[0m[36m::[0m[34;1mquestion_operator_with_error_shapes[0m
[32;1m        PASS[0m [   0.052s] [35;1mapollo-federation[0m [36mconnectors::json_selection::apply_to::tests[0m[36m::[0m[34;1mquestion_operator_with_multiple_operators_in_chain[0m
[32;1m        PASS[0m [   0.050s] [35;1mapollo-federation[0m [36mconnectors::json_selection::apply_to::tests[0m[36m::[0m[34;1mquestion_operator_with_nested_objects[0m
[32;1m        PASS[0m [   0.147s] [35;1mapollo-federation[0m [36mconnectors::header::test_interpolate[0m[36m::[0m[34;1mtest_interpolate_value_object[0m
[32;1m        PASS[0m [   0.048s] [35;1mapollo-federation[0m [36mconnectors::json_selection::apply_to::tests[0m[36m::[0m[34;1mquestion_operator_with_union_shapes[0m
[32;1m        PASS[0m [   0.046s] [35;1mapollo-federation[0m [36mconnectors::json_selection::apply_to::tests::test_apply_to_errors[0m[36m::[0m[34;1mcase_1_v0_2[0m
[32;1m        PASS[0m [   0.044s] [35;1mapollo-federation[0m [36mconnectors::json_selection::apply_to::tests::test_apply_to_errors[0m[36m::[0m[34;1mcase_2_v0_3[0m
[32;1m        PASS[0m [   0.042s] [35;1mapollo-federation[0m [36mconnectors::json_selection::apply_to::tests::test_apply_to_nested_arrays[0m[36m::[0m[34;1mcase_1_v0_2[0m
[32;1m        PASS[0m [   0.040s] [35;1mapollo-federation[0m [36mconnectors::json_selection::apply_to::tests::test_apply_to_nested_arrays[0m[36m::[0m[34;1mcase_2_v0_3[0m
[32;1m        PASS[0m [   0.038s] [35;1mapollo-federation[0m [36mconnectors::json_selection::apply_to::tests[0m[36m::[0m[34;1mtest_apply_to_non_identifier_properties[0m
[32;1m        PASS[0m [   0.036s] [35;1mapollo-federation[0m [36mconnectors::json_selection::apply_to::tests::test_apply_to_selection[0m[36m::[0m[34;1mcase_1_v0_2[0m
[32;1m        PASS[0m [   0.034s] [35;1mapollo-federation[0m [36mconnectors::json_selection::apply_to::tests::test_apply_to_selection[0m[36m::[0m[34;1mcase_2_v0_3[0m
[32;1m        PASS[0m [   0.032s] [35;1mapollo-federation[0m [36mconnectors::json_selection::apply_to::tests::test_apply_to_variable_expressions[0m[36m::[0m[34;1mcase_1_v0_2[0m
[32;1m        PASS[0m [   0.032s] [35;1mapollo-federation[0m [36mconnectors::json_selection::apply_to::tests::test_chained_optional_key_access[0m[36m::[0m[34;1mcase_1_v0_3[0m
[32;1m        PASS[0m [   0.030s] [35;1mapollo-federation[0m [36mconnectors::json_selection::apply_to::tests[0m[36m::[0m[34;1mtest_compute_output_shape[0m
[32;1m        PASS[0m [   0.028s] [35;1mapollo-federation[0m [36mconnectors::json_selection::apply_to::tests[0m[36m::[0m[34;1mtest_inline_path_errors[0m
[32;1m        PASS[0m [   0.026s] [35;1mapollo-federation[0m [36mconnectors::json_selection::apply_to::tests::test_inline_paths_with_subselections[0m[36m::[0m[34;1mcase_1_v0_2[0m
[32;1m        PASS[0m [   0.026s] [35;1mapollo-federation[0m [36mconnectors::json_selection::apply_to::tests::test_inline_paths_with_subselections[0m[36m::[0m[34;1mcase_2_v0_3[0m
[32;1m        PASS[0m [   0.024s] [35;1mapollo-federation[0m [36mconnectors::json_selection::apply_to::tests[0m[36m::[0m[34;1mtest_left_associative_output_shapes_v0_2[0m
[32;1m        PASS[0m [   0.028s] [35;1mapollo-federation[0m [36mconnectors::json_selection::apply_to::tests[0m[36m::[0m[34;1mtest_left_associative_output_shapes_v0_3[0m
[32;1m        PASS[0m [   0.047s] [35;1mapollo-federation[0m [36mconnectors::json_selection::apply_to::tests::test_left_associative_path_evaluation[0m[36m::[0m[34;1mcase_1_latest[0m
[32;1m        PASS[0m [   0.045s] [35;1mapollo-federation[0m [36mconnectors::json_selection::apply_to::tests::test_left_associative_path_evaluation[0m[36m::[0m[34;1mcase_2_next[0m
[32;1m        PASS[0m [   0.042s] [35;1mapollo-federation[0m [36mconnectors::json_selection::apply_to::tests[0m[36m::[0m[34;1mtest_lit_paths[0m
[32;1m        PASS[0m [   0.069s] [35;1mapollo-federation[0m [36mconnectors::json_selection::apply_to::tests::test_apply_to_variable_expressions[0m[36m::[0m[34;1mcase_2_v0_3[0m
[32;1m        PASS[0m [   0.040s] [35;1mapollo-federation[0m [36mconnectors::json_selection::apply_to::tests[0m[36m::[0m[34;1mtest_literal_expressions_in_parentheses[0m
[32;1m        PASS[0m [   0.033s] [35;1mapollo-federation[0m [36mconnectors::json_selection::apply_to::tests::test_mixed_regular_and_optional_chaining_working_case[0m[36m::[0m[34;1mcase_1_v0_3[0m
[32;1m        PASS[0m [   0.068s] [35;1mapollo-federation[0m [36mconnectors::json_selection::apply_to::tests[0m[36m::[0m[34;1mtest_apply_to_variable_expressions_typename[0m
[32;1m        PASS[0m [   0.066s] [35;1mapollo-federation[0m [36mconnectors::json_selection::apply_to::tests::test_chained_optional_access_with_null_in_middle[0m[36m::[0m[34;1mcase_1_v0_3[0m
[32;1m        PASS[0m [   0.047s] [35;1mapollo-federation[0m [36mconnectors::json_selection::apply_to::tests::test_mixed_optional_selection_and_optional_chaining[0m[36m::[0m[34;1mcase_1_v0_3[0m
[32;1m        PASS[0m [   0.049s] [35;1mapollo-federation[0m [36mconnectors::json_selection::apply_to::tests::test_mixed_regular_and_optional_chaining_with_null[0m[36m::[0m[34;1mcase_1_v0_3[0m
[32;1m        PASS[0m [   0.044s] [35;1mapollo-federation[0m [36mconnectors::json_selection::apply_to::tests::test_nested_optional_selection_sets[0m[36m::[0m[34;1mcase_1_v0_3[0m
[32;1m        PASS[0m [   0.044s] [35;1mapollo-federation[0m [36mconnectors::json_selection::apply_to::tests[0m[36m::[0m[34;1mtest_none_coalescing_shape[0m
[32;1m        PASS[0m [   0.041s] [35;1mapollo-federation[0m [36mconnectors::json_selection::apply_to::tests[0m[36m::[0m[34;1mtest_nullish_coalescing_shape[0m
[32;1m        PASS[0m [   0.040s] [35;1mapollo-federation[0m [36mconnectors::json_selection::apply_to::tests::test_optional_chaining_with_subselection_on_null_data[0m[36m::[0m[34;1mcase_1_v0_3[0m
[32;1m        PASS[0m [   0.037s] [35;1mapollo-federation[0m [36mconnectors::json_selection::apply_to::tests::test_optional_chaining_with_subselection_on_valid_data[0m[36m::[0m[34;1mcase_1_v0_3[0m
[32;1m        PASS[0m [   0.033s] [35;1mapollo-federation[0m [36mconnectors::json_selection::apply_to::tests[0m[36m::[0m[34;1mtest_optional_input_shape_with_selection[0m
[32;1m        PASS[0m [   0.031s] [35;1mapollo-federation[0m [36mconnectors::json_selection::apply_to::tests::test_optional_key_access_on_non_object[0m[36m::[0m[34;1mcase_1_v0_3[0m
[32;1m        PASS[0m [   0.029s] [35;1mapollo-federation[0m [36mconnectors::json_selection::apply_to::tests::test_optional_key_access_with_existing_property[0m[36m::[0m[34;1mcase_1_v0_3[0m
[32;1m        PASS[0m [   0.041s] [35;1mapollo-federation[0m [36mconnectors::json_selection::apply_to::tests::test_optional_key_access_with_null_value[0m[36m::[0m[34;1mcase_1_v0_3[0m
[32;1m        PASS[0m [   0.039s] [35;1mapollo-federation[0m [36mconnectors::json_selection::apply_to::tests::test_optional_method_on_null[0m[36m::[0m[34;1mcase_1_v0_3[0m
[32;1m        PASS[0m [   0.037s] [35;1mapollo-federation[0m [36mconnectors::json_selection::apply_to::tests::test_optional_method_with_unknown_method[0m[36m::[0m[34;1mcase_1_v0_3[0m
[32;1m        PASS[0m [   0.034s] [35;1mapollo-federation[0m [36mconnectors::json_selection::apply_to::tests::test_optional_method_with_valid_method[0m[36m::[0m[34;1mcase_1_v0_3[0m
[32;1m        PASS[0m [   0.033s] [35;1mapollo-federation[0m [36mconnectors::json_selection::apply_to::tests::test_optional_selection_set_parsing[0m[36m::[0m[34;1mcase_1_v0_3[0m
[32;1m        PASS[0m [   0.031s] [35;1mapollo-federation[0m [36mconnectors::json_selection::apply_to::tests::test_optional_selection_set_with_arrays[0m[36m::[0m[34;1mcase_1_v0_3[0m
[32;1m        PASS[0m [   0.033s] [35;1mapollo-federation[0m [36mconnectors::json_selection::apply_to::tests::test_optional_selection_set_with_missing_property[0m[36m::[0m[34;1mcase_1_v0_3[0m
[32;1m        PASS[0m [   0.064s] [35;1mapollo-federation[0m [36mconnectors::json_selection::apply_to::tests::test_optional_key_access_with_missing_property[0m[36m::[0m[34;1mcase_1_v0_3[0m
[32;1m        PASS[0m [   0.044s] [35;1mapollo-federation[0m [36mconnectors::json_selection::apply_to::tests::test_optional_selection_set_with_non_object[0m[36m::[0m[34;1mcase_1_v0_3[0m
[32;1m        PASS[0m [   0.037s] [35;1mapollo-federation[0m [36mconnectors::json_selection::apply_to::tests[0m[36m::[0m[34;1mtest_unknown_name[0m
[32;1m        PASS[0m [   0.042s] [35;1mapollo-federation[0m [36mconnectors::json_selection::apply_to::tests::test_optional_selection_set_with_null_data[0m[36m::[0m[34;1mcase_1_v0_3[0m
[32;1m        PASS[0m [   0.036s] [35;1mapollo-federation[0m [36mconnectors::json_selection::apply_to::tests[0m[36m::[0m[34;1mwtf_operator_should_not_exclude_null_from_nullable_union_shape[0m
[32;1m        PASS[0m [   0.040s] [35;1mapollo-federation[0m [36mconnectors::json_selection::apply_to::tests::test_optional_selection_set_with_valid_data[0m[36m::[0m[34;1mcase_1_v0_3[0m
[32;1m        PASS[0m [   0.033s] [35;1mapollo-federation[0m [36mconnectors::json_selection::helpers::tests[0m[36m::[0m[34;1mtest_is_identifier[0m
[32;1m        PASS[0m [   0.031s] [35;1mapollo-federation[0m [36mconnectors::json_selection::helpers::tests[0m[36m::[0m[34;1mtest_quote_if_necessary[0m
[32;1m        PASS[0m [   0.029s] [35;1mapollo-federation[0m [36mconnectors::json_selection::helpers::tests[0m[36m::[0m[34;1mtest_spaces_or_comments[0m
[32;1m        PASS[0m [   0.035s] [35;1mapollo-federation[0m [36mconnectors::json_selection::lit_expr::tests[0m[36m::[0m[34;1mtest_lit_expr_parse_arrays[0m
[32;1m        PASS[0m [   0.037s] [35;1mapollo-federation[0m [36mconnectors::json_selection::lit_expr::tests[0m[36m::[0m[34;1mtest_lit_expr_parse_objects[0m
[32;1m        PASS[0m [   0.035s] [35;1mapollo-federation[0m [36mconnectors::json_selection::lit_expr::tests[0m[36m::[0m[34;1mtest_lit_expr_parse_paths[0m
[32;1m        PASS[0m [   0.034s] [35;1mapollo-federation[0m [36mconnectors::json_selection::lit_expr::tests[0m[36m::[0m[34;1mtest_lit_expr_parse_primitives[0m
[32;1m        PASS[0m [   0.032s] [35;1mapollo-federation[0m [36mconnectors::json_selection::lit_expr::tests[0m[36m::[0m[34;1mtest_literal_methods[0m
[32;1m        PASS[0m [   0.031s] [35;1mapollo-federation[0m [36mconnectors::json_selection::lit_expr::tests[0m[36m::[0m[34;1mtest_null_coalescing_chaining[0m
[32;1m        PASS[0m [   0.028s] [35;1mapollo-federation[0m [36mconnectors::json_selection::lit_expr::tests[0m[36m::[0m[34;1mtest_null_coalescing_operator_parsing[0m
[32;1m        PASS[0m [   0.027s] [35;1mapollo-federation[0m [36mconnectors::json_selection::lit_expr::tests[0m[36m::[0m[34;1mtest_operator_mixing_validation[0m
[32;1m        PASS[0m [   0.022s] [35;1mapollo-federation[0m [36mconnectors::json_selection::location::tests[0m[36m::[0m[34;1mtest_merge_ranges[0m
[32;1m        PASS[0m [   0.035s] [35;1mapollo-federation[0m [36mconnectors::json_selection::methods::common::tests::test_is_comparable_shape_combination_negative_cases[0m[36m::[0m[34;1mcase_03[0m
[32;1m        PASS[0m [   0.033s] [35;1mapollo-federation[0m [36mconnectors::json_selection::methods::common::tests::test_is_comparable_shape_combination_negative_cases[0m[36m::[0m[34;1mcase_04[0m
[32;1m        PASS[0m [   0.034s] [35;1mapollo-federation[0m [36mconnectors::json_selection::methods::common::tests::test_is_comparable_shape_combination_negative_cases[0m[36m::[0m[34;1mcase_05[0m
[32;1m        PASS[0m [   0.034s] [35;1mapollo-federation[0m [36mconnectors::json_selection::methods::common::tests::test_is_comparable_shape_combination_negative_cases[0m[36m::[0m[34;1mcase_06[0m
[32;1m        PASS[0m [   0.046s] [35;1mapollo-federation[0m [36mconnectors::json_selection::methods::common::tests::test_is_comparable_shape_combination_negative_cases[0m[36m::[0m[34;1mcase_07[0m
[32;1m        PASS[0m [   0.045s] [35;1mapollo-federation[0m [36mconnectors::json_selection::methods::common::tests::test_is_comparable_shape_combination_negative_cases[0m[36m::[0m[34;1mcase_08[0m
[32;1m        PASS[0m [   0.043s] [35;1mapollo-federation[0m [36mconnectors::json_selection::methods::common::tests::test_is_comparable_shape_combination_negative_cases[0m[36m::[0m[34;1mcase_09[0m
[32;1m        PASS[0m [   0.040s] [35;1mapollo-federation[0m [36mconnectors::json_selection::methods::common::tests::test_is_comparable_shape_combination_negative_cases[0m[36m::[0m[34;1mcase_10[0m
[32;1m        PASS[0m [   0.038s] [35;1mapollo-federation[0m [36mconnectors::json_selection::methods::common::tests::test_is_comparable_shape_combination_negative_cases[0m[36m::[0m[34;1mcase_11[0m
[32;1m        PASS[0m [   0.037s] [35;1mapollo-federation[0m [36mconnectors::json_selection::methods::common::tests::test_is_comparable_shape_combination_negative_cases[0m[36m::[0m[34;1mcase_12[0m
[32;1m        PASS[0m [   0.035s] [35;1mapollo-federation[0m [36mconnectors::json_selection::methods::common::tests::test_is_comparable_shape_combination_negative_cases[0m[36m::[0m[34;1mcase_13[0m
[32;1m        PASS[0m [   0.033s] [35;1mapollo-federation[0m [36mconnectors::json_selection::methods::common::tests::test_is_comparable_shape_combination_negative_cases[0m[36m::[0m[34;1mcase_14[0m
[32;1m        PASS[0m [   0.031s] [35;1mapollo-federation[0m [36mconnectors::json_selection::methods::common::tests::test_is_comparable_shape_combination_negative_cases[0m[36m::[0m[34;1mcase_15[0m
[32;1m        PASS[0m [   0.128s] [35;1mapollo-federation[0m [36mconnectors::json_selection::apply_to::tests[0m[36m::[0m[34;1mtest_optional_field_selections[0m
[32;1m        PASS[0m [   0.060s] [35;1mapollo-federation[0m [36mconnectors::json_selection::methods::common::tests::test_is_comparable_shape_combination_negative_cases[0m[36m::[0m[34;1mcase_01[0m
[32;1m        PASS[0m [   0.058s] [35;1mapollo-federation[0m [36mconnectors::json_selection::methods::common::tests::test_is_comparable_shape_combination_negative_cases[0m[36m::[0m[34;1mcase_02[0m
[32;1m        PASS[0m [   0.029s] [35;1mapollo-federation[0m [36mconnectors::json_selection::methods::common::tests::test_is_comparable_shape_combination_negative_cases[0m[36m::[0m[34;1mcase_16[0m
[32;1m        PASS[0m [   0.023s] [35;1mapollo-federation[0m [36mconnectors::json_selection::methods::common::tests::test_is_comparable_shape_combination_negative_cases[0m[36m::[0m[34;1mcase_19[0m
[32;1m        PASS[0m [   0.032s] [35;1mapollo-federation[0m [36mconnectors::json_selection::methods::common::tests::test_is_comparable_shape_combination_negative_cases[0m[36m::[0m[34;1mcase_17[0m
[32;1m        PASS[0m [   0.032s] [35;1mapollo-federation[0m [36mconnectors::json_selection::methods::common::tests::test_is_comparable_shape_combination_negative_cases[0m[36m::[0m[34;1mcase_18[0m
[32;1m        PASS[0m [   0.030s] [35;1mapollo-federation[0m [36mconnectors::json_selection::methods::common::tests::test_is_comparable_shape_combination_negative_cases[0m[36m::[0m[34;1mcase_20[0m
[32;1m        PASS[0m [   0.028s] [35;1mapollo-federation[0m [36mconnectors::json_selection::methods::common::tests::test_is_comparable_shape_combination_negative_cases[0m[36m::[0m[34;1mcase_21[0m
[32;1m        PASS[0m [   0.025s] [35;1mapollo-federation[0m [36mconnectors::json_selection::methods::common::tests::test_is_comparable_shape_combination_negative_cases[0m[36m::[0m[34;1mcase_22[0m
[32;1m        PASS[0m [   0.023s] [35;1mapollo-federation[0m [36mconnectors::json_selection::methods::common::tests::test_is_comparable_shape_combination_negative_cases[0m[36m::[0m[34;1mcase_23[0m
[32;1m        PASS[0m [   0.021s] [35;1mapollo-federation[0m [36mconnectors::json_selection::methods::common::tests::test_is_comparable_shape_combination_negative_cases[0m[36m::[0m[34;1mcase_24[0m
[32;1m        PASS[0m [   0.038s] [35;1mapollo-federation[0m [36mconnectors::json_selection::methods::common::tests::test_is_comparable_shape_combination_negative_cases[0m[36m::[0m[34;1mcase_25[0m
[32;1m        PASS[0m [   0.045s] [35;1mapollo-federation[0m [36mconnectors::json_selection::methods::common::tests::test_is_comparable_shape_combination_negative_cases[0m[36m::[0m[34;1mcase_28[0m
[32;1m        PASS[0m [   0.053s] [35;1mapollo-federation[0m [36mconnectors::json_selection::methods::common::tests::test_is_comparable_shape_combination_negative_cases[0m[36m::[0m[34;1mcase_29[0m
[32;1m        PASS[0m [   0.051s] [35;1mapollo-federation[0m [36mconnectors::json_selection::methods::common::tests::test_is_comparable_shape_combination_negative_cases[0m[36m::[0m[34;1mcase_30[0m
[32;1m        PASS[0m [   0.049s] [35;1mapollo-federation[0m [36mconnectors::json_selection::methods::common::tests::test_is_comparable_shape_combination_negative_cases[0m[36m::[0m[34;1mcase_31[0m
[32;1m        PASS[0m [   0.118s] [35;1mapollo-federation[0m [36mconnectors::json_selection::location::tests[0m[36m::[0m[34;1mtest_parse_with_range_snapshots[0m
[32;1m        PASS[0m [   0.046s] [35;1mapollo-federation[0m [36mconnectors::json_selection::methods::common::tests::test_is_comparable_shape_combination_negative_cases[0m[36m::[0m[34;1mcase_32[0m
[32;1m        PASS[0m [   0.122s] [35;1mapollo-federation[0m [36mconnectors::json_selection::location::tests[0m[36m::[0m[34;1mtest_arrow_path_ranges[0m
[32;1m        PASS[0m [   0.044s] [35;1mapollo-federation[0m [36mconnectors::json_selection::methods::common::tests::test_is_comparable_shape_combination_negative_cases[0m[36m::[0m[34;1mcase_33[0m
[32;1m        PASS[0m [   0.042s] [35;1mapollo-federation[0m [36mconnectors::json_selection::methods::common::tests::test_is_comparable_shape_combination_negative_cases[0m[36m::[0m[34;1mcase_34[0m
[32;1m        PASS[0m [   0.039s] [35;1mapollo-federation[0m [36mconnectors::json_selection::methods::common::tests::test_is_comparable_shape_combination_negative_cases[0m[36m::[0m[34;1mcase_35[0m
[32;1m        PASS[0m [   0.037s] [35;1mapollo-federation[0m [36mconnectors::json_selection::methods::common::tests::test_is_comparable_shape_combination_negative_cases[0m[36m::[0m[34;1mcase_36[0m
[32;1m        PASS[0m [   0.035s] [35;1mapollo-federation[0m [36mconnectors::json_selection::methods::common::tests::test_is_comparable_shape_combination_negative_cases[0m[36m::[0m[34;1mcase_37[0m
[32;1m        PASS[0m [   0.035s] [35;1mapollo-federation[0m [36mconnectors::json_selection::methods::common::tests::test_is_comparable_shape_combination_negative_cases[0m[36m::[0m[34;1mcase_38[0m
[32;1m        PASS[0m [   0.033s] [35;1mapollo-federation[0m [36mconnectors::json_selection::methods::common::tests::test_is_comparable_shape_combination_negative_cases[0m[36m::[0m[34;1mcase_39[0m
[32;1m        PASS[0m [   0.031s] [35;1mapollo-federation[0m [36mconnectors::json_selection::methods::common::tests::test_is_comparable_shape_combination_negative_cases[0m[36m::[0m[34;1mcase_40[0m
[32;1m        PASS[0m [   0.029s] [35;1mapollo-federation[0m [36mconnectors::json_selection::methods::common::tests::test_is_comparable_shape_combination_negative_cases[0m[36m::[0m[34;1mcase_41[0m
[32;1m        PASS[0m [   0.028s] [35;1mapollo-federation[0m [36mconnectors::json_selection::methods::common::tests::test_is_comparable_shape_combination_negative_cases[0m[36m::[0m[34;1mcase_42[0m
[32;1m        PASS[0m [   0.066s] [35;1mapollo-federation[0m [36mconnectors::json_selection::methods::common::tests::test_is_comparable_shape_combination_negative_cases[0m[36m::[0m[34;1mcase_26[0m
[32;1m        PASS[0m [   0.064s] [35;1mapollo-federation[0m [36mconnectors::json_selection::methods::common::tests::test_is_comparable_shape_combination_negative_cases[0m[36m::[0m[34;1mcase_27[0m
[32;1m        PASS[0m [   0.026s] [35;1mapollo-federation[0m [36mconnectors::json_selection::methods::common::tests::test_is_comparable_shape_combination_negative_cases[0m[36m::[0m[34;1mcase_43[0m
[32;1m        PASS[0m [   0.019s] [35;1mapollo-federation[0m [36mconnectors::json_selection::methods::common::tests::test_is_comparable_shape_combination_negative_cases[0m[36m::[0m[34;1mcase_46[0m
[32;1m        PASS[0m [   0.024s] [35;1mapollo-federation[0m [36mconnectors::json_selection::methods::common::tests::test_is_comparable_shape_combination_negative_cases[0m[36m::[0m[34;1mcase_44[0m
[32;1m        PASS[0m [   0.018s] [35;1mapollo-federation[0m [36mconnectors::json_selection::methods::common::tests::test_is_comparable_shape_combination_negative_cases[0m[36m::[0m[34;1mcase_47[0m
[32;1m        PASS[0m [   0.024s] [35;1mapollo-federation[0m [36mconnectors::json_selection::methods::common::tests::test_is_comparable_shape_combination_negative_cases[0m[36m::[0m[34;1mcase_45[0m
[32;1m        PASS[0m [   0.018s] [35;1mapollo-federation[0m [36mconnectors::json_selection::methods::common::tests::test_is_comparable_shape_combination_negative_cases[0m[36m::[0m[34;1mcase_48[0m
[32;1m        PASS[0m [   0.016s] [35;1mapollo-federation[0m [36mconnectors::json_selection::methods::common::tests::test_is_comparable_shape_combination_negative_cases[0m[36m::[0m[34;1mcase_49[0m
[32;1m        PASS[0m [   0.036s] [35;1mapollo-federation[0m [36mconnectors::json_selection::methods::common::tests::test_is_comparable_shape_combination_negative_cases[0m[36m::[0m[34;1mcase_50[0m
[32;1m        PASS[0m [   0.036s] [35;1mapollo-federation[0m [36mconnectors::json_selection::methods::common::tests::test_is_comparable_shape_combination_negative_cases[0m[36m::[0m[34;1mcase_51[0m
[32;1m        PASS[0m [   0.054s] [35;1mapollo-federation[0m [36mconnectors::json_selection::methods::common::tests::test_is_comparable_shape_combination_negative_cases[0m[36m::[0m[34;1mcase_52[0m
[32;1m        PASS[0m [   0.057s] [35;1mapollo-federation[0m [36mconnectors::json_selection::methods::common::tests::test_is_comparable_shape_combination_negative_cases[0m[36m::[0m[34;1mcase_53[0m
[32;1m        PASS[0m [   0.051s] [35;1mapollo-federation[0m [36mconnectors::json_selection::methods::common::tests::test_is_comparable_shape_combination_negative_cases[0m[36m::[0m[34;1mcase_55[0m
[32;1m        PASS[0m [   0.049s] [35;1mapollo-federation[0m [36mconnectors::json_selection::methods::common::tests::test_is_comparable_shape_combination_negative_cases[0m[36m::[0m[34;1mcase_56[0m
[32;1m        PASS[0m [   0.054s] [35;1mapollo-federation[0m [36mconnectors::json_selection::methods::common::tests::test_is_comparable_shape_combination_negative_cases[0m[36m::[0m[34;1mcase_54[0m
[32;1m        PASS[0m [   0.047s] [35;1mapollo-federation[0m [36mconnectors::json_selection::methods::common::tests::test_is_comparable_shape_combination_positive_cases[0m[36m::[0m[34;1mcase_01[0m
[32;1m        PASS[0m [   0.045s] [35;1mapollo-federation[0m [36mconnectors::json_selection::methods::common::tests::test_is_comparable_shape_combination_positive_cases[0m[36m::[0m[34;1mcase_02[0m
[32;1m        PASS[0m [   0.043s] [35;1mapollo-federation[0m [36mconnectors::json_selection::methods::common::tests::test_is_comparable_shape_combination_positive_cases[0m[36m::[0m[34;1mcase_03[0m
[32;1m        PASS[0m [   0.041s] [35;1mapollo-federation[0m [36mconnectors::json_selection::methods::common::tests::test_is_comparable_shape_combination_positive_cases[0m[36m::[0m[34;1mcase_04[0m
[32;1m        PASS[0m [   0.039s] [35;1mapollo-federation[0m [36mconnectors::json_selection::methods::common::tests::test_is_comparable_shape_combination_positive_cases[0m[36m::[0m[34;1mcase_05[0m
[32;1m        PASS[0m [   0.038s] [35;1mapollo-federation[0m [36mconnectors::json_selection::methods::common::tests::test_is_comparable_shape_combination_positive_cases[0m[36m::[0m[34;1mcase_06[0m
[32;1m        PASS[0m [   0.038s] [35;1mapollo-federation[0m [36mconnectors::json_selection::methods::common::tests::test_is_comparable_shape_combination_positive_cases[0m[36m::[0m[34;1mcase_07[0m
[32;1m        PASS[0m [   0.038s] [35;1mapollo-federation[0m [36mconnectors::json_selection::methods::common::tests::test_is_comparable_shape_combination_positive_cases[0m[36m::[0m[34;1mcase_08[0m
[32;1m        PASS[0m [   0.036s] [35;1mapollo-federation[0m [36mconnectors::json_selection::methods::common::tests::test_is_comparable_shape_combination_positive_cases[0m[36m::[0m[34;1mcase_09[0m
[32;1m        PASS[0m [   0.034s] [35;1mapollo-federation[0m [36mconnectors::json_selection::methods::common::tests::test_is_comparable_shape_combination_positive_cases[0m[36m::[0m[34;1mcase_10[0m
[32;1m        PASS[0m [   0.032s] [35;1mapollo-federation[0m [36mconnectors::json_selection::methods::common::tests::test_is_comparable_shape_combination_positive_cases[0m[36m::[0m[34;1mcase_11[0m
[32;1m        PASS[0m [   0.030s] [35;1mapollo-federation[0m [36mconnectors::json_selection::methods::common::tests::test_is_comparable_shape_combination_positive_cases[0m[36m::[0m[34;1mcase_12[0m
[32;1m        PASS[0m [   0.028s] [35;1mapollo-federation[0m [36mconnectors::json_selection::methods::common::tests::test_is_comparable_shape_combination_positive_cases[0m[36m::[0m[34;1mcase_13[0m
[32;1m        PASS[0m [   0.026s] [35;1mapollo-federation[0m [36mconnectors::json_selection::methods::common::tests::test_is_comparable_shape_combination_positive_cases[0m[36m::[0m[34;1mcase_14[0m
[32;1m        PASS[0m [   0.024s] [35;1mapollo-federation[0m [36mconnectors::json_selection::methods::common::tests::test_is_comparable_shape_combination_positive_cases[0m[36m::[0m[34;1mcase_15[0m
[32;1m        PASS[0m [   0.022s] [35;1mapollo-federation[0m [36mconnectors::json_selection::methods::common::tests::test_is_comparable_shape_combination_positive_cases[0m[36m::[0m[34;1mcase_16[0m
[32;1m        PASS[0m [   0.021s] [35;1mapollo-federation[0m [36mconnectors::json_selection::methods::common::tests::test_is_comparable_shape_combination_positive_cases[0m[36m::[0m[34;1mcase_17[0m
[32;1m        PASS[0m [   0.021s] [35;1mapollo-federation[0m [36mconnectors::json_selection::methods::common::tests::test_is_comparable_shape_combination_positive_cases[0m[36m::[0m[34;1mcase_18[0m
[32;1m        PASS[0m [   0.035s] [35;1mapollo-federation[0m [36mconnectors::json_selection::methods::common::tests::test_is_comparable_shape_combination_positive_cases[0m[36m::[0m[34;1mcase_21[0m
[32;1m        PASS[0m [   0.035s] [35;1mapollo-federation[0m [36mconnectors::json_selection::methods::common::tests::test_is_comparable_shape_combination_positive_cases[0m[36m::[0m[34;1mcase_22[0m
[32;1m        PASS[0m [   0.035s] [35;1mapollo-federation[0m [36mconnectors::json_selection::methods::future::has::tests[0m[36m::[0m[34;1mhas_should_return_boolean_type[0m
[32;1m        PASS[0m [   0.064s] [35;1mapollo-federation[0m [36mconnectors::json_selection::methods::common::tests::test_is_comparable_shape_combination_positive_cases[0m[36m::[0m[34;1mcase_19[0m
[32;1m        PASS[0m [   0.062s] [35;1mapollo-federation[0m [36mconnectors::json_selection::methods::common::tests::test_is_comparable_shape_combination_positive_cases[0m[36m::[0m[34;1mcase_20[0m
[32;1m        PASS[0m [   0.052s] [35;1mapollo-federation[0m [36mconnectors::json_selection::methods::future::has::tests[0m[36m::[0m[34;1mhas_should_return_false_when_array_does_not_have_item_at_specified_index[0m
[32;1m        PASS[0m [   0.045s] [35;1mapollo-federation[0m [36mconnectors::json_selection::methods::future::has::tests[0m[36m::[0m[34;1mhas_should_return_false_when_trying_to_access_boolean_property_name[0m
[32;1m        PASS[0m [   0.050s] [35;1mapollo-federation[0m [36mconnectors::json_selection::methods::future::has::tests[0m[36m::[0m[34;1mhas_should_return_false_when_object_does_not_have_specified_property[0m
[32;1m        PASS[0m [   0.043s] [35;1mapollo-federation[0m [36mconnectors::json_selection::methods::future::has::tests[0m[36m::[0m[34;1mhas_should_return_false_when_trying_to_access_null_property_name[0m
[32;1m        PASS[0m [   0.047s] [35;1mapollo-federation[0m [36mconnectors::json_selection::methods::future::has::tests[0m[36m::[0m[34;1mhas_should_return_false_when_string_does_not_have_character_at_specified_negative_index[0m
[32;1m        PASS[0m [   0.041s] [35;1mapollo-federation[0m [36mconnectors::json_selection::methods::future::has::tests::has_should_return_none_when_argument_evaluates_to_none[0m[36m::[0m[34;1mcase_1_v0_2[0m
[32;1m        PASS[0m [   0.039s] [35;1mapollo-federation[0m [36mconnectors::json_selection::methods::future::has::tests::has_should_return_none_when_argument_evaluates_to_none[0m[36m::[0m[34;1mcase_2_v0_3[0m
[32;1m        PASS[0m [   0.037s] [35;1mapollo-federation[0m [36mconnectors::json_selection::methods::future::has::tests[0m[36m::[0m[34;1mhas_should_return_true_when_array_has_item_at_specified_index[0m
[32;1m        PASS[0m [   0.035s] [35;1mapollo-federation[0m [36mconnectors::json_selection::methods::future::has::tests[0m[36m::[0m[34;1mhas_should_return_true_when_object_has_specified_property[0m
[32;1m        PASS[0m [   0.033s] [35;1mapollo-federation[0m [36mconnectors::json_selection::methods::future::has::tests[0m[36m::[0m[34;1mhas_should_return_true_when_string_has_character_at_specified_index[0m
[32;1m        PASS[0m [   0.033s] [35;1mapollo-federation[0m [36mconnectors::json_selection::methods::future::has::tests[0m[36m::[0m[34;1mhas_should_return_true_when_string_has_character_at_specified_negative_index[0m
[32;1m        PASS[0m [   0.033s] [35;1mapollo-federation[0m [36mconnectors::json_selection::methods::future::keys::tests[0m[36m::[0m[34;1mkeys_should_error_when_applied_to_non_object[0m
[32;1m        PASS[0m [   0.033s] [35;1mapollo-federation[0m [36mconnectors::json_selection::methods::future::keys::tests[0m[36m::[0m[34;1mkeys_should_return_array_of_keys_of_an_object[0m
[32;1m        PASS[0m [   0.031s] [35;1mapollo-federation[0m [36mconnectors::json_selection::methods::future::keys::tests[0m[36m::[0m[34;1mkeys_should_return_empty_array_on_empty_object[0m
[32;1m        PASS[0m [   0.029s] [35;1mapollo-federation[0m [36mconnectors::json_selection::methods::future::match_if::tests[0m[36m::[0m[34;1mmatch_if_should_return_default_true_element_when_no_other_matches[0m
[32;1m        PASS[0m [   0.027s] [35;1mapollo-federation[0m [36mconnectors::json_selection::methods::future::match_if::tests[0m[36m::[0m[34;1mmatch_if_should_return_first_element_evaluated_to_true[0m
[32;1m        PASS[0m [   0.025s] [35;1mapollo-federation[0m [36mconnectors::json_selection::methods::future::match_if::tests::match_if_should_return_none_when_condition_argument_evaluates_to_none[0m[36m::[0m[34;1mcase_1_v0_2[0m
[32;1m        PASS[0m [   0.024s] [35;1mapollo-federation[0m [36mconnectors::json_selection::methods::future::match_if::tests::match_if_should_return_none_when_condition_argument_evaluates_to_none[0m[36m::[0m[34;1mcase_2_v0_3[0m
[32;1m        PASS[0m [   0.022s] [35;1mapollo-federation[0m [36mconnectors::json_selection::methods::future::r#typeof::tests[0m[36m::[0m[34;1mtypeof_should_return_appropriate_when_applied_to_data[0m
[32;1m        PASS[0m [   0.020s] [35;1mapollo-federation[0m [36mconnectors::json_selection::methods::future::values::tests[0m[36m::[0m[34;1mvalues_should_error_given_a_non_object[0m
[32;1m        PASS[0m [   0.018s] [35;1mapollo-federation[0m [36mconnectors::json_selection::methods::future::values::tests[0m[36m::[0m[34;1mvalues_should_return_an_array_of_property_values_from_an_object[0m
[32;1m        PASS[0m [   0.037s] [35;1mapollo-federation[0m [36mconnectors::json_selection::methods::public::and::method_tests[0m[36m::[0m[34;1mand_should_return_error_when_applied_to_non_boolean[0m
[32;1m        PASS[0m [   0.038s] [35;1mapollo-federation[0m [36mconnectors::json_selection::methods::public::and::method_tests[0m[36m::[0m[34;1mand_should_return_error_when_arguments_are_not_boolean[0m
[32;1m        PASS[0m [   0.037s] [35;1mapollo-federation[0m [36mconnectors::json_selection::methods::public::and::method_tests[0m[36m::[0m[34;1mand_should_return_error_when_no_arguments_provided[0m
[32;1m        PASS[0m [   0.061s] [35;1mapollo-federation[0m [36mconnectors::json_selection::methods::future::values::tests[0m[36m::[0m[34;1mvalues_should_return_an_empty_array_given_empty_object[0m
[32;1m        PASS[0m [   0.053s] [35;1mapollo-federation[0m [36mconnectors::json_selection::methods::public::and::method_tests[0m[36m::[0m[34;1mand_should_return_false_when_both_values_are_false[0m
[32;1m        PASS[0m [   0.046s] [35;1mapollo-federation[0m [36mconnectors::json_selection::methods::public::and::method_tests::and_should_return_none_when_argument_evaluates_to_none[0m[36m::[0m[34;1mcase_1_v0_2[0m
[32;1m        PASS[0m [   0.051s] [35;1mapollo-federation[0m [36mconnectors::json_selection::methods::public::and::method_tests[0m[36m::[0m[34;1mand_should_return_false_when_either_value_is_falsy[0m
[32;1m        PASS[0m [   0.044s] [35;1mapollo-federation[0m [36mconnectors::json_selection::methods::public::and::method_tests::and_should_return_none_when_argument_evaluates_to_none[0m[36m::[0m[34;1mcase_2_v0_3[0m
[32;1m        PASS[0m [   0.049s] [35;1mapollo-federation[0m [36mconnectors::json_selection::methods::public::and::method_tests[0m[36m::[0m[34;1mand_should_return_false_when_first_is_false_second_is_true[0m
[32;1m        PASS[0m [   0.042s] [35;1mapollo-federation[0m [36mconnectors::json_selection::methods::public::and::method_tests[0m[36m::[0m[34;1mand_should_return_true_when_both_values_are_truthy[0m
[32;1m        PASS[0m [   0.040s] [35;1mapollo-federation[0m [36mconnectors::json_selection::methods::public::and::shape_tests[0m[36m::[0m[34;1mand_shape_should_error_on_args_that_compute_as_none[0m
[32;1m        PASS[0m [   0.038s] [35;1mapollo-federation[0m [36mconnectors::json_selection::methods::public::and::shape_tests[0m[36m::[0m[34;1mand_shape_should_error_on_no_args[0m
[32;1m        PASS[0m [   0.036s] [35;1mapollo-federation[0m [36mconnectors::json_selection::methods::public::and::shape_tests[0m[36m::[0m[34;1mand_shape_should_error_on_non_boolean_args[0m
[32;1m        PASS[0m [   0.034s] [35;1mapollo-federation[0m [36mconnectors::json_selection::methods::public::and::shape_tests[0m[36m::[0m[34;1mand_shape_should_error_on_non_boolean_input[0m
[32;1m        PASS[0m [   0.032s] [35;1mapollo-federation[0m [36mconnectors::json_selection::methods::public::and::shape_tests[0m[36m::[0m[34;1mand_shape_should_error_on_none_args[0m
[32;1m        PASS[0m [   0.030s] [35;1mapollo-federation[0m [36mconnectors::json_selection::methods::public::and::shape_tests[0m[36m::[0m[34;1mand_shape_should_return_bool_on_valid_booleans[0m
[32;1m        PASS[0m [   0.030s] [35;1mapollo-federation[0m [36mconnectors::json_selection::methods::public::arithmetic::shape_tests[0m[36m::[0m[34;1madd_shape_should_return_error_for_non_numeric_argument[0m
[32;1m        PASS[0m [   0.031s] [35;1mapollo-federation[0m [36mconnectors::json_selection::methods::public::arithmetic::shape_tests[0m[36m::[0m[34;1madd_shape_should_return_error_for_non_numeric_input[0m
[32;1m        PASS[0m [   0.031s] [35;1mapollo-federation[0m [36mconnectors::json_selection::methods::public::arithmetic::shape_tests[0m[36m::[0m[34;1madd_shape_should_return_float_for_float_arguments[0m
[32;1m        PASS[0m [   0.029s] [35;1mapollo-federation[0m [36mconnectors::json_selection::methods::public::arithmetic::shape_tests[0m[36m::[0m[34;1madd_shape_should_return_float_for_float_input[0m
[32;1m        PASS[0m [   0.027s] [35;1mapollo-federation[0m [36mconnectors::json_selection::methods::public::arithmetic::shape_tests[0m[36m::[0m[34;1madd_shape_should_return_int_for_integer_arguments[0m
[32;1m        PASS[0m [   0.025s] [35;1mapollo-federation[0m [36mconnectors::json_selection::methods::public::arithmetic::shape_tests[0m[36m::[0m[34;1mdiv_shape_should_always_return_float[0m
[32;1m        PASS[0m [   0.023s] [35;1mapollo-federation[0m [36mconnectors::json_selection::methods::public::arithmetic::shape_tests[0m[36m::[0m[34;1mdiv_shape_should_return_float_for_float_arguments[0m
[32;1m        PASS[0m [   0.021s] [35;1mapollo-federation[0m [36mconnectors::json_selection::methods::public::arithmetic::shape_tests[0m[36m::[0m[34;1mmath_shape_should_return_error_for_non_numeric_argument[0m
[32;1m        PASS[0m [   0.019s] [35;1mapollo-federation[0m [36mconnectors::json_selection::methods::public::arithmetic::shape_tests[0m[36m::[0m[34;1mmath_shape_should_return_error_for_non_numeric_input[0m
[32;1m        PASS[0m [   0.040s] [35;1mapollo-federation[0m [36mconnectors::json_selection::methods::public::arithmetic::shape_tests[0m[36m::[0m[34;1mmul_shape_should_return_float_for_float_arguments[0m
[32;1m        PASS[0m [   0.040s] [35;1mapollo-federation[0m [36mconnectors::json_selection::methods::public::arithmetic::shape_tests[0m[36m::[0m[34;1mmul_shape_should_return_int_for_integer_arguments[0m
[32;1m        PASS[0m [   0.040s] [35;1mapollo-federation[0m [36mconnectors::json_selection::methods::public::arithmetic::shape_tests[0m[36m::[0m[34;1msub_shape_should_return_float_for_float_arguments[0m
[32;1m        PASS[0m [   0.062s] [35;1mapollo-federation[0m [36mconnectors::json_selection::methods::public::arithmetic::shape_tests[0m[36m::[0m[34;1mmod_shape_should_return_float_for_float_arguments[0m
[32;1m        PASS[0m [   0.060s] [35;1mapollo-federation[0m [36mconnectors::json_selection::methods::public::arithmetic::shape_tests[0m[36m::[0m[34;1mmod_shape_should_return_int_for_integer_arguments[0m
[32;1m        PASS[0m [   0.051s] [35;1mapollo-federation[0m [36mconnectors::json_selection::methods::public::arithmetic::shape_tests[0m[36m::[0m[34;1msub_shape_should_return_int_for_integer_arguments[0m
[32;1m        PASS[0m [   0.045s] [35;1mapollo-federation[0m [36mconnectors::json_selection::methods::public::arithmetic::tests[0m[36m::[0m[34;1madd_should_return_error_when_no_arguments_provided[0m
[32;1m        PASS[0m [   0.049s] [35;1mapollo-federation[0m [36mconnectors::json_selection::methods::public::arithmetic::tests[0m[36m::[0m[34;1madd_should_return_error_when_applied_to_non_numeric_input[0m
[32;1m        PASS[0m [   0.043s] [35;1mapollo-federation[0m [36mconnectors::json_selection::methods::public::arithmetic::tests::add_should_return_none_when_argument_evaluates_to_none[0m[36m::[0m[34;1mcase_1_v0_2[0m
[32;1m        PASS[0m [   0.047s] [35;1mapollo-federation[0m [36mconnectors::json_selection::methods::public::arithmetic::tests[0m[36m::[0m[34;1madd_should_return_error_when_given_non_numeric_argument[0m
[32;1m        PASS[0m [   0.041s] [35;1mapollo-federation[0m [36mconnectors::json_selection::methods::public::arithmetic::tests::add_should_return_none_when_argument_evaluates_to_none[0m[36m::[0m[34;1mcase_2_v0_3[0m
[32;1m        PASS[0m [   0.039s] [35;1mapollo-federation[0m [36mconnectors::json_selection::methods::public::arithmetic::tests[0m[36m::[0m[34;1madd_should_return_sum_of_float_and_integer[0m
[32;1m        PASS[0m [   0.037s] [35;1mapollo-federation[0m [36mconnectors::json_selection::methods::public::arithmetic::tests[0m[36m::[0m[34;1madd_should_return_sum_of_floats[0m
[32;1m        PASS[0m [   0.035s] [35;1mapollo-federation[0m [36mconnectors::json_selection::methods::public::arithmetic::tests[0m[36m::[0m[34;1madd_should_return_sum_of_integer_and_float[0m
[32;1m        PASS[0m [   0.033s] [35;1mapollo-federation[0m [36mconnectors::json_selection::methods::public::arithmetic::tests[0m[36m::[0m[34;1madd_should_return_sum_of_integers[0m
[32;1m        PASS[0m [   0.031s] [35;1mapollo-federation[0m [36mconnectors::json_selection::methods::public::arithmetic::tests[0m[36m::[0m[34;1madd_should_return_sum_of_multiple_arguments[0m
[32;1m        PASS[0m [   0.029s] [35;1mapollo-federation[0m [36mconnectors::json_selection::methods::public::arithmetic::tests[0m[36m::[0m[34;1madd_should_return_sum_with_negative_numbers[0m
[32;1m        PASS[0m [   0.027s] [35;1mapollo-federation[0m [36mconnectors::json_selection::methods::public::arithmetic::tests[0m[36m::[0m[34;1mdiv_should_return_error_when_applied_to_non_numeric_input[0m
[32;1m        PASS[0m [   0.027s] [35;1mapollo-federation[0m [36mconnectors::json_selection::methods::public::arithmetic::tests[0m[36m::[0m[34;1mdiv_should_return_error_when_given_non_numeric_argument[0m
[32;1m        PASS[0m [   0.027s] [35;1mapollo-federation[0m [36mconnectors::json_selection::methods::public::arithmetic::tests[0m[36m::[0m[34;1mdiv_should_return_error_when_no_arguments_provided[0m
[32;1m        PASS[0m [   0.027s] [35;1mapollo-federation[0m [36mconnectors::json_selection::methods::public::arithmetic::tests::div_should_return_none_when_argument_evaluates_to_none[0m[36m::[0m[34;1mcase_1_v0_2[0m
[32;1m        PASS[0m [   0.025s] [35;1mapollo-federation[0m [36mconnectors::json_selection::methods::public::arithmetic::tests::div_should_return_none_when_argument_evaluates_to_none[0m[36m::[0m[34;1mcase_2_v0_3[0m
[32;1m        PASS[0m [   0.023s] [35;1mapollo-federation[0m [36mconnectors::json_selection::methods::public::arithmetic::tests[0m[36m::[0m[34;1mdiv_should_return_quotient_of_floats[0m
[32;1m        PASS[0m [   0.021s] [35;1mapollo-federation[0m [36mconnectors::json_selection::methods::public::arithmetic::tests[0m[36m::[0m[34;1mdiv_should_return_quotient_of_integers_as_float[0m
[32;1m        PASS[0m [   0.019s] [35;1mapollo-federation[0m [36mconnectors::json_selection::methods::public::arithmetic::tests[0m[36m::[0m[34;1mdiv_should_return_quotient_with_decimal_result[0m
[32;1m        PASS[0m [   0.018s] [35;1mapollo-federation[0m [36mconnectors::json_selection::methods::public::arithmetic::tests[0m[36m::[0m[34;1mdiv_should_return_quotient_with_multiple_arguments[0m
[32;1m        PASS[0m [   0.044s] [35;1mapollo-federation[0m [36mconnectors::json_selection::methods::public::arithmetic::tests[0m[36m::[0m[34;1mmod_should_return_error_when_applied_to_non_numeric_input[0m
[32;1m        PASS[0m [   0.044s] [35;1mapollo-federation[0m [36mconnectors::json_selection::methods::public::arithmetic::tests[0m[36m::[0m[34;1mmod_should_return_error_when_given_non_numeric_argument[0m
[32;1m        PASS[0m [   0.044s] [35;1mapollo-federation[0m [36mconnectors::json_selection::methods::public::arithmetic::tests[0m[36m::[0m[34;1mmod_should_return_error_when_no_arguments_provided[0m
[32;1m        PASS[0m [   0.062s] [35;1mapollo-federation[0m [36mconnectors::json_selection::methods::public::arithmetic::tests[0m[36m::[0m[34;1mdiv_should_return_quotient_with_negative_numbers[0m
[32;1m        PASS[0m [   0.053s] [35;1mapollo-federation[0m [36mconnectors::json_selection::methods::public::arithmetic::tests::mod_should_return_none_when_argument_evaluates_to_none[0m[36m::[0m[34;1mcase_1_v0_2[0m
[32;1m        PASS[0m [   0.046s] [35;1mapollo-federation[0m [36mconnectors::json_selection::methods::public::arithmetic::tests[0m[36m::[0m[34;1mmod_should_return_remainder_of_floats[0m
[32;1m        PASS[0m [   0.051s] [35;1mapollo-federation[0m [36mconnectors::json_selection::methods::public::arithmetic::tests::mod_should_return_none_when_argument_evaluates_to_none[0m[36m::[0m[34;1mcase_2_v0_3[0m
[32;1m        PASS[0m [   0.045s] [35;1mapollo-federation[0m [36mconnectors::json_selection::methods::public::arithmetic::tests[0m[36m::[0m[34;1mmod_should_return_remainder_of_integer_and_float[0m
[32;1m        PASS[0m [   0.049s] [35;1mapollo-federation[0m [36mconnectors::json_selection::methods::public::arithmetic::tests[0m[36m::[0m[34;1mmod_should_return_remainder_of_float_and_integer[0m
[32;1m        PASS[0m [   0.043s] [35;1mapollo-federation[0m [36mconnectors::json_selection::methods::public::arithmetic::tests[0m[36m::[0m[34;1mmod_should_return_remainder_of_integers[0m
[32;1m        PASS[0m [   0.041s] [35;1mapollo-federation[0m [36mconnectors::json_selection::methods::public::arithmetic::tests[0m[36m::[0m[34;1mmod_should_return_remainder_with_multiple_arguments[0m
[32;1m        PASS[0m [   0.039s] [35;1mapollo-federation[0m [36mconnectors::json_selection::methods::public::arithmetic::tests[0m[36m::[0m[34;1mmod_should_return_zero_when_no_remainder[0m
[32;1m        PASS[0m [   0.679s] [35;1mapollo-federation[0m [36mconnectors::expand::tests[0m[36m::[0m[34;1mit_expand_supergraph[0m
[32;1m        PASS[0m [   0.037s] [35;1mapollo-federation[0m [36mconnectors::json_selection::methods::public::arithmetic::tests[0m[36m::[0m[34;1mmul_should_return_error_when_applied_to_non_numeric_input[0m
[32;1m        PASS[0m [   0.035s] [35;1mapollo-federation[0m [36mconnectors::json_selection::methods::public::arithmetic::tests[0m[36m::[0m[34;1mmul_should_return_error_when_given_non_numeric_argument[0m
[32;1m        PASS[0m [   0.033s] [35;1mapollo-federation[0m [36mconnectors::json_selection::methods::public::arithmetic::tests[0m[36m::[0m[34;1mmul_should_return_error_when_no_arguments_provided[0m
[32;1m        PASS[0m [   0.031s] [35;1mapollo-federation[0m [36mconnectors::json_selection::methods::public::arithmetic::tests::mul_should_return_none_when_argument_evaluates_to_none[0m[36m::[0m[34;1mcase_1_v0_2[0m
[32;1m        PASS[0m [   0.029s] [35;1mapollo-federation[0m [36mconnectors::json_selection::methods::public::arithmetic::tests::mul_should_return_none_when_argument_evaluates_to_none[0m[36m::[0m[34;1mcase_2_v0_3[0m
[32;1m        PASS[0m [   0.027s] [35;1mapollo-federation[0m [36mconnectors::json_selection::methods::public::arithmetic::tests[0m[36m::[0m[34;1mmul_should_return_product_of_float_and_integer[0m
[32;1m        PASS[0m [   0.025s] [35;1mapollo-federation[0m [36mconnectors::json_selection::methods::public::arithmetic::tests[0m[36m::[0m[34;1mmul_should_return_product_of_floats[0m
[32;1m        PASS[0m [   0.025s] [35;1mapollo-federation[0m [36mconnectors::json_selection::methods::public::arithmetic::tests[0m[36m::[0m[34;1mmul_should_return_product_of_integer_and_float[0m
[32;1m        PASS[0m [   0.025s] [35;1mapollo-federation[0m [36mconnectors::json_selection::methods::public::arithmetic::tests[0m[36m::[0m[34;1mmul_should_return_product_of_integers[0m
[32;1m        PASS[0m [   0.025s] [35;1mapollo-federation[0m [36mconnectors::json_selection::methods::public::arithmetic::tests[0m[36m::[0m[34;1mmul_should_return_product_with_multiple_arguments[0m
[32;1m        PASS[0m [   0.023s] [35;1mapollo-federation[0m [36mconnectors::json_selection::methods::public::arithmetic::tests[0m[36m::[0m[34;1mmul_should_return_product_with_negative_numbers[0m
[32;1m        PASS[0m [   0.021s] [35;1mapollo-federation[0m [36mconnectors::json_selection::methods::public::arithmetic::tests[0m[36m::[0m[34;1mmul_should_return_zero_when_multiplied_by_zero[0m
[32;1m        PASS[0m [   0.019s] [35;1mapollo-federation[0m [36mconnectors::json_selection::methods::public::arithmetic::tests[0m[36m::[0m[34;1msub_should_return_difference_of_float_and_integer[0m
[32;1m        PASS[0m [   0.046s] [35;1mapollo-federation[0m [36mconnectors::json_selection::methods::public::arithmetic::tests[0m[36m::[0m[34;1msub_should_return_difference_of_integers[0m
[32;1m        PASS[0m [   0.046s] [35;1mapollo-federation[0m [36mconnectors::json_selection::methods::public::arithmetic::tests[0m[36m::[0m[34;1msub_should_return_difference_with_multiple_arguments[0m
[32;1m        PASS[0m [   0.045s] [35;1mapollo-federation[0m [36mconnectors::json_selection::methods::public::arithmetic::tests[0m[36m::[0m[34;1msub_should_return_error_when_applied_to_non_numeric_input[0m
[32;1m        PASS[0m [   0.062s] [35;1mapollo-federation[0m [36mconnectors::json_selection::methods::public::arithmetic::tests[0m[36m::[0m[34;1msub_should_return_difference_of_floats[0m
[32;1m        PASS[0m [   0.060s] [35;1mapollo-federation[0m [36mconnectors::json_selection::methods::public::arithmetic::tests[0m[36m::[0m[34;1msub_should_return_difference_of_integer_and_float[0m
[32;1m        PASS[0m [   0.051s] [35;1mapollo-federation[0m [36mconnectors::json_selection::methods::public::arithmetic::tests[0m[36m::[0m[34;1msub_should_return_error_when_given_non_numeric_argument[0m
[32;1m        PASS[0m [   0.045s] [35;1mapollo-federation[0m [36mconnectors::json_selection::methods::public::arithmetic::tests::sub_should_return_none_when_argument_evaluates_to_none[0m[36m::[0m[34;1mcase_1_v0_2[0m
[32;1m        PASS[0m [   0.049s] [35;1mapollo-federation[0m [36mconnectors::json_selection::methods::public::arithmetic::tests[0m[36m::[0m[34;1msub_should_return_error_when_no_arguments_provided[0m
[32;1m        PASS[0m [   0.043s] [35;1mapollo-federation[0m [36mconnectors::json_selection::methods::public::arithmetic::tests::sub_should_return_none_when_argument_evaluates_to_none[0m[36m::[0m[34;1mcase_2_v0_3[0m
[32;1m        PASS[0m [   0.047s] [35;1mapollo-federation[0m [36mconnectors::json_selection::methods::public::arithmetic::tests[0m[36m::[0m[34;1msub_should_return_negative_result[0m
[32;1m        PASS[0m [   0.041s] [35;1mapollo-federation[0m [36mconnectors::json_selection::methods::public::contains::method_tests[0m[36m::[0m[34;1mcontains_should_return_error_when_input_is_not_array[0m
[32;1m        PASS[0m [   0.039s] [35;1mapollo-federation[0m [36mconnectors::json_selection::methods::public::contains::method_tests[0m[36m::[0m[34;1mcontains_should_return_error_when_no_arguments_provided[0m
[32;1m        PASS[0m [   0.038s] [35;1mapollo-federation[0m [36mconnectors::json_selection::methods::public::contains::method_tests[0m[36m::[0m[34;1mcontains_should_return_false_for_empty_array[0m
[32;1m        PASS[0m [   0.036s] [35;1mapollo-federation[0m [36mconnectors::json_selection::methods::public::contains::method_tests[0m[36m::[0m[34;1mcontains_should_return_false_when_array_does_not_contain_array[0m
[32;1m        PASS[0m [   0.034s] [35;1mapollo-federation[0m [36mconnectors::json_selection::methods::public::contains::method_tests[0m[36m::[0m[34;1mcontains_should_return_false_when_array_does_not_contain_bool[0m
[32;1m        PASS[0m [   0.032s] [35;1mapollo-federation[0m [36mconnectors::json_selection::methods::public::contains::method_tests[0m[36m::[0m[34;1mcontains_should_return_false_when_array_does_not_contain_object[0m
[32;1m        PASS[0m [   0.030s] [35;1mapollo-federation[0m [36mconnectors::json_selection::methods::public::contains::method_tests[0m[36m::[0m[34;1mcontains_should_return_false_when_array_does_not_contain_string[0m
[32;1m        PASS[0m [   0.028s] [35;1mapollo-federation[0m [36mconnectors::json_selection::methods::public::contains::method_tests[0m[36m::[0m[34;1mcontains_should_return_false_when_array_does_not_contain_value[0m
[32;1m        PASS[0m [   0.026s] [35;1mapollo-federation[0m [36mconnectors::json_selection::methods::public::contains::method_tests::contains_should_return_none_when_argument_evaluates_to_none[0m[36m::[0m[34;1mcase_1_v0_2[0m
[32;1m        PASS[0m [   0.025s] [35;1mapollo-federation[0m [36mconnectors::json_selection::methods::public::contains::method_tests::contains_should_return_none_when_argument_evaluates_to_none[0m[36m::[0m[34;1mcase_2_v0_3[0m
[32;1m        PASS[0m [   0.023s] [35;1mapollo-federation[0m [36mconnectors::json_selection::methods::public::contains::method_tests[0m[36m::[0m[34;1mcontains_should_return_true_when_array_contains_array[0m
[32;1m        PASS[0m [   0.021s] [35;1mapollo-federation[0m [36mconnectors::json_selection::methods::public::contains::method_tests[0m[36m::[0m[34;1mcontains_should_return_true_when_array_contains_bool[0m
[32;1m        PASS[0m [   0.021s] [35;1mapollo-federation[0m [36mconnectors::json_selection::methods::public::contains::method_tests[0m[36m::[0m[34;1mcontains_should_return_true_when_array_contains_numbers_of_different_types[0m
[32;1m        PASS[0m [   0.023s] [35;1mapollo-federation[0m [36mconnectors::json_selection::methods::public::contains::method_tests[0m[36m::[0m[34;1mcontains_should_return_true_when_array_contains_object[0m
[32;1m        PASS[0m [   0.021s] [35;1mapollo-federation[0m [36mconnectors::json_selection::methods::public::contains::method_tests[0m[36m::[0m[34;1mcontains_should_return_true_when_array_contains_string[0m
[32;1m        PASS[0m [   0.049s] [35;1mapollo-federation[0m [36mconnectors::json_selection::methods::public::contains::shape_tests[0m[36m::[0m[34;1mcontains_shape_should_error_on_no_args[0m
[32;1m        PASS[0m [   0.050s] [35;1mapollo-federation[0m [36mconnectors::json_selection::methods::public::contains::shape_tests[0m[36m::[0m[34;1mcontains_shape_should_error_on_non_array_input[0m
[32;1m        PASS[0m [   0.048s] [35;1mapollo-federation[0m [36mconnectors::json_selection::methods::public::contains::shape_tests[0m[36m::[0m[34;1mcontains_shape_should_error_on_none_args[0m
[32;1m        PASS[0m [   0.062s] [35;1mapollo-federation[0m [36mconnectors::json_selection::methods::public::contains::method_tests[0m[36m::[0m[34;1mcontains_should_return_true_when_array_contains_value[0m
[32;1m        PASS[0m [   0.060s] [35;1mapollo-federation[0m [36mconnectors::json_selection::methods::public::contains::shape_tests[0m[36m::[0m[34;1mcontains_shape_should_error_on_mixed_types[0m
[32;1m        PASS[0m [   0.058s] [35;1mapollo-federation[0m [36mconnectors::json_selection::methods::public::contains::shape_tests[0m[36m::[0m[34;1mcontains_shape_should_error_on_mixed_types_array[0m
[32;1m        PASS[0m [   0.049s] [35;1mapollo-federation[0m [36mconnectors::json_selection::methods::public::contains::shape_tests[0m[36m::[0m[34;1mcontains_shape_should_error_on_too_many_args[0m
[32;1m        PASS[0m [   0.043s] [35;1mapollo-federation[0m [36mconnectors::json_selection::methods::public::contains::shape_tests[0m[36m::[0m[34;1mcontains_shape_should_return_bool_on_valid_bool_array[0m
[32;1m        PASS[0m [   0.047s] [35;1mapollo-federation[0m [36mconnectors::json_selection::methods::public::contains::shape_tests[0m[36m::[0m[34;1mcontains_shape_should_return_bool_on_named_input[0m
[32;1m        PASS[0m [   0.045s] [35;1mapollo-federation[0m [36mconnectors::json_selection::methods::public::contains::shape_tests[0m[36m::[0m[34;1mcontains_shape_should_return_bool_on_unknown_input[0m
[32;1m        PASS[0m [   0.041s] [35;1mapollo-federation[0m [36mconnectors::json_selection::methods::public::contains::shape_tests[0m[36m::[0m[34;1mcontains_shape_should_return_bool_on_valid_number_array[0m
[32;1m        PASS[0m [   0.040s] [35;1mapollo-federation[0m [36mconnectors::json_selection::methods::public::contains::shape_tests[0m[36m::[0m[34;1mcontains_shape_should_return_bool_on_valid_string_array[0m
[32;1m        PASS[0m [   0.038s] [35;1mapollo-federation[0m [36mconnectors::json_selection::methods::public::echo::tests[0m[36m::[0m[34;1mecho_should_allow_arrow_functions_on_result_of_echo[0m
[32;1m        PASS[0m [   0.036s] [35;1mapollo-federation[0m [36mconnectors::json_selection::methods::public::echo::tests[0m[36m::[0m[34;1mecho_should_allow_arrow_methods_off_returned_value[0m
[32;1m        PASS[0m [   0.034s] [35;1mapollo-federation[0m [36mconnectors::json_selection::methods::public::echo::tests[0m[36m::[0m[34;1mecho_should_allow_at_sign_to_input_value_from_selection_function[0m
[32;1m        PASS[0m [   0.032s] [35;1mapollo-federation[0m [36mconnectors::json_selection::methods::public::echo::tests[0m[36m::[0m[34;1mecho_should_allow_dollar_sign_to_input_applied_to_value[0m
[32;1m        PASS[0m [   0.030s] [35;1mapollo-federation[0m [36mconnectors::json_selection::methods::public::echo::tests[0m[36m::[0m[34;1mecho_should_allow_selection_from_array_value[0m
[32;1m        PASS[0m [   0.028s] [35;1mapollo-federation[0m [36mconnectors::json_selection::methods::public::echo::tests[0m[36m::[0m[34;1mecho_should_allow_selection_functions_result_passed_as_value[0m
[32;1m        PASS[0m [   0.026s] [35;1mapollo-federation[0m [36mconnectors::json_selection::methods::public::echo::tests[0m[36m::[0m[34;1mecho_should_flatted_object_list_using_at_sign[0m
[32;1m        PASS[0m [   0.025s] [35;1mapollo-federation[0m [36mconnectors::json_selection::methods::public::echo::tests[0m[36m::[0m[34;1mecho_should_not_error_with_trailing_commas[0m
[32;1m        PASS[0m [   0.023s] [35;1mapollo-federation[0m [36mconnectors::json_selection::methods::public::echo::tests[0m[36m::[0m[34;1mecho_should_output_value_when_applied_to_array[0m
[32;1m        PASS[0m [   0.021s] [35;1mapollo-federation[0m [36mconnectors::json_selection::methods::public::echo::tests[0m[36m::[0m[34;1mecho_should_output_value_when_applied_to_null[0m
[32;1m        PASS[0m [   0.019s] [35;1mapollo-federation[0m [36mconnectors::json_selection::methods::public::echo::tests::echo_should_return_none_when_argument_evaluates_to_none[0m[36m::[0m[34;1mcase_1_v0_2[0m
[32;1m        PASS[0m [   0.017s] [35;1mapollo-federation[0m [36mconnectors::json_selection::methods::public::echo::tests::echo_should_return_none_when_argument_evaluates_to_none[0m[36m::[0m[34;1mcase_2_v0_3[0m
[32;1m        PASS[0m [   0.015s] [35;1mapollo-federation[0m [36mconnectors::json_selection::methods::public::entries::tests[0m[36m::[0m[34;1mentries_should_error_when_applied_to_non_object[0m
[32;1m        PASS[0m [   0.015s] [35;1mapollo-federation[0m [36mconnectors::json_selection::methods::public::entries::tests[0m[36m::[0m[34;1mentries_should_return_empty_array_when_applied_to_empty_object[0m
[32;1m        PASS[0m [   0.046s] [35;1mapollo-federation[0m [36mconnectors::json_selection::methods::public::entries::tests[0m[36m::[0m[34;1mentries_should_return_only_values_when_values_is_requested[0m
[32;1m        PASS[0m [   0.056s] [35;1mapollo-federation[0m [36mconnectors::json_selection::methods::public::eq::method_tests[0m[36m::[0m[34;1meq_should_return_error_when_no_arguments_provided[0m
[32;1m        PASS[0m [   0.054s] [35;1mapollo-federation[0m [36mconnectors::json_selection::methods::public::eq::method_tests[0m[36m::[0m[34;1meq_should_return_false_when_applied_to_does_not_equal_argument[0m
[32;1m        PASS[0m [   0.049s] [35;1mapollo-federation[0m [36mconnectors::json_selection::methods::public::eq::method_tests[0m[36m::[0m[34;1meq_should_return_false_when_applied_to_does_not_equal_bool_argument[0m
[32;1m        PASS[0m [   0.047s] [35;1mapollo-federation[0m [36mconnectors::json_selection::methods::public::eq::method_tests[0m[36m::[0m[34;1meq_should_return_false_when_applied_to_does_not_equal_object_argument[0m
[32;1m        PASS[0m [   0.063s] [35;1mapollo-federation[0m [36mconnectors::json_selection::methods::public::entries::tests[0m[36m::[0m[34;1mentries_should_return_keys_and_values_when_applied_to_object[0m
[32;1m        PASS[0m [   0.061s] [35;1mapollo-federation[0m [36mconnectors::json_selection::methods::public::entries::tests[0m[36m::[0m[34;1mentries_should_return_only_keys_when_key_is_requested[0m
[32;1m        PASS[0m [   0.051s] [35;1mapollo-federation[0m [36mconnectors::json_selection::methods::public::eq::method_tests[0m[36m::[0m[34;1meq_should_return_false_when_applied_to_does_not_equal_array_argument[0m
[32;1m        PASS[0m [   0.045s] [35;1mapollo-federation[0m [36mconnectors::json_selection::methods::public::eq::method_tests[0m[36m::[0m[34;1meq_should_return_false_when_applied_to_does_not_equal_string_argument[0m
[32;1m        PASS[0m [   0.043s] [35;1mapollo-federation[0m [36mconnectors::json_selection::methods::public::eq::method_tests::eq_should_return_none_when_argument_evaluates_to_none[0m[36m::[0m[34;1mcase_1_v0_2[0m
[32;1m        PASS[0m [   0.041s] [35;1mapollo-federation[0m [36mconnectors::json_selection::methods::public::eq::method_tests::eq_should_return_none_when_argument_evaluates_to_none[0m[36m::[0m[34;1mcase_2_v0_3[0m
[32;1m        PASS[0m [   0.040s] [35;1mapollo-federation[0m [36mconnectors::json_selection::methods::public::eq::method_tests[0m[36m::[0m[34;1meq_should_return_true_when_applied_to_equals_argument[0m
[32;1m        PASS[0m [   0.038s] [35;1mapollo-federation[0m [36mconnectors::json_selection::methods::public::eq::method_tests[0m[36m::[0m[34;1meq_should_return_true_when_applied_to_equals_array_argument[0m
[32;1m        PASS[0m [   0.036s] [35;1mapollo-federation[0m [36mconnectors::json_selection::methods::public::eq::method_tests[0m[36m::[0m[34;1meq_should_return_true_when_applied_to_equals_bool_argument[0m
[32;1m        PASS[0m [   0.034s] [35;1mapollo-federation[0m [36mconnectors::json_selection::methods::public::eq::method_tests[0m[36m::[0m[34;1meq_should_return_true_when_applied_to_equals_object_argument[0m
[32;1m        PASS[0m [   0.032s] [35;1mapollo-federation[0m [36mconnectors::json_selection::methods::public::eq::method_tests[0m[36m::[0m[34;1meq_should_return_true_when_applied_to_equals_string_argument[0m
[32;1m        PASS[0m [   0.030s] [35;1mapollo-federation[0m [36mconnectors::json_selection::methods::public::eq::method_tests[0m[36m::[0m[34;1meq_should_return_true_when_applied_to_negative_numbers_of_different_types[0m
[32;1m        PASS[0m [   0.028s] [35;1mapollo-federation[0m [36mconnectors::json_selection::methods::public::eq::method_tests[0m[36m::[0m[34;1meq_should_return_true_when_applied_to_numbers_of_different_types[0m
[32;1m        PASS[0m [   0.026s] [35;1mapollo-federation[0m [36mconnectors::json_selection::methods::public::eq::shape_tests[0m[36m::[0m[34;1meq_shape_should_error_on_mixed_types[0m
[32;1m        PASS[0m [   0.025s] [35;1mapollo-federation[0m [36mconnectors::json_selection::methods::public::eq::shape_tests[0m[36m::[0m[34;1meq_shape_should_error_on_no_args[0m
[32;1m        PASS[0m [   0.023s] [35;1mapollo-federation[0m [36mconnectors::json_selection::methods::public::eq::shape_tests[0m[36m::[0m[34;1meq_shape_should_error_on_none_args[0m
[32;1m        PASS[0m [   0.021s] [35;1mapollo-federation[0m [36mconnectors::json_selection::methods::public::eq::shape_tests[0m[36m::[0m[34;1meq_shape_should_error_on_too_many_args[0m
[32;1m        PASS[0m [   0.021s] [35;1mapollo-federation[0m [36mconnectors::json_selection::methods::public::eq::shape_tests[0m[36m::[0m[34;1meq_shape_should_return_bool_on_named_input[0m
[32;1m        PASS[0m [   0.019s] [35;1mapollo-federation[0m [36mconnectors::json_selection::methods::public::eq::shape_tests[0m[36m::[0m[34;1meq_shape_should_return_bool_on_unknown_input[0m
[32;1m        PASS[0m [   0.017s] [35;1mapollo-federation[0m [36mconnectors::json_selection::methods::public::eq::shape_tests[0m[36m::[0m[34;1meq_shape_should_return_bool_on_valid_booleans[0m
[32;1m        PASS[0m [   0.051s] [35;1mapollo-federation[0m [36mconnectors::json_selection::methods::public::filter::method_tests[0m[36m::[0m[34;1mfilter_should_error_with_non_boolean_results[0m
[32;1m        PASS[0m [   0.063s] [35;1mapollo-federation[0m [36mconnectors::json_selection::methods::public::eq::shape_tests[0m[36m::[0m[34;1meq_shape_should_return_bool_on_valid_numbers[0m
[32;1m        PASS[0m [   0.061s] [35;1mapollo-federation[0m [36mconnectors::json_selection::methods::public::eq::shape_tests[0m[36m::[0m[34;1meq_shape_should_return_bool_on_valid_strings[0m
[32;1m        PASS[0m [   0.059s] [35;1mapollo-federation[0m [36mconnectors::json_selection::methods::public::filter::method_tests[0m[36m::[0m[34;1mfilter_should_chain_with_other_methods[0m
[32;1m        PASS[0m [   0.055s] [35;1mapollo-federation[0m [36mconnectors::json_selection::methods::public::filter::method_tests[0m[36m::[0m[34;1mfilter_should_handle_complex_conditions[0m
[32;1m        PASS[0m [   0.048s] [35;1mapollo-federation[0m [36mconnectors::json_selection::methods::public::filter::method_tests[0m[36m::[0m[34;1mfilter_should_handle_non_array_input_true_condition[0m
[32;1m        PASS[0m [   0.053s] [35;1mapollo-federation[0m [36mconnectors::json_selection::methods::public::filter::method_tests[0m[36m::[0m[34;1mfilter_should_handle_mixed_types[0m
[32;1m        PASS[0m [   0.050s] [35;1mapollo-federation[0m [36mconnectors::json_selection::methods::public::filter::method_tests[0m[36m::[0m[34;1mfilter_should_handle_non_array_input_false_condition[0m
[32;1m        PASS[0m [   0.046s] [35;1mapollo-federation[0m [36mconnectors::json_selection::methods::public::filter::method_tests[0m[36m::[0m[34;1mfilter_should_return_empty_array_when_no_matches[0m
[32;1m        PASS[0m [   0.044s] [35;1mapollo-federation[0m [36mconnectors::json_selection::methods::public::filter::method_tests[0m[36m::[0m[34;1mfilter_should_return_matching_elements[0m
[32;1m        PASS[0m [   0.042s] [35;1mapollo-federation[0m [36mconnectors::json_selection::methods::public::filter::method_tests[0m[36m::[0m[34;1mfilter_should_return_multiple_matches[0m
[32;1m        PASS[0m [   0.041s] [35;1mapollo-federation[0m [36mconnectors::json_selection::methods::public::filter::method_tests::filter_should_return_none_when_argument_evaluates_to_none[0m[36m::[0m[34;1mcase_1_v0_2[0m
[32;1m        PASS[0m [   0.039s] [35;1mapollo-federation[0m [36mconnectors::json_selection::methods::public::filter::method_tests::filter_should_return_none_when_argument_evaluates_to_none[0m[36m::[0m[34;1mcase_2_v0_3[0m
[32;1m        PASS[0m [   0.037s] [35;1mapollo-federation[0m [36mconnectors::json_selection::methods::public::filter::method_tests[0m[36m::[0m[34;1mfilter_should_work_with_object_properties[0m
[32;1m        PASS[0m [   0.035s] [35;1mapollo-federation[0m [36mconnectors::json_selection::methods::public::filter::method_tests[0m[36m::[0m[34;1mfilter_should_work_with_string_values[0m
[32;1m        PASS[0m [   0.033s] [35;1mapollo-federation[0m [36mconnectors::json_selection::methods::public::filter::shape_tests[0m[36m::[0m[34;1mfilter_shape_should_error_on_no_args[0m
[32;1m        PASS[0m [   0.031s] [35;1mapollo-federation[0m [36mconnectors::json_selection::methods::public::filter::shape_tests[0m[36m::[0m[34;1mfilter_shape_should_error_on_non_boolean_condition[0m
[32;1m        PASS[0m [   0.029s] [35;1mapollo-federation[0m [36mconnectors::json_selection::methods::public::filter::shape_tests[0m[36m::[0m[34;1mfilter_shape_should_error_on_none_args[0m
[32;1m        PASS[0m [   0.027s] [35;1mapollo-federation[0m [36mconnectors::json_selection::methods::public::filter::shape_tests[0m[36m::[0m[34;1mfilter_shape_should_error_on_too_many_args[0m
[32;1m        PASS[0m [   0.025s] [35;1mapollo-federation[0m [36mconnectors::json_selection::methods::public::filter::shape_tests[0m[36m::[0m[34;1mfilter_shape_should_handle_unknown_condition_shape[0m
[32;1m        PASS[0m [   0.905s] [35;1madd-timestamp-header::bin/add-timestamp-header[0m [36mtests[0m[36m::[0m[34;1mtest_router_service_adds_timestamp_header[0m
[32;1m        PASS[0m [   0.023s] [35;1mapollo-federation[0m [36mconnectors::json_selection::methods::public::filter::shape_tests[0m[36m::[0m[34;1mfilter_shape_should_return_list_for_array_input[0m
[32;1m        PASS[0m [   0.021s] [35;1mapollo-federation[0m [36mconnectors::json_selection::methods::public::filter::shape_tests[0m[36m::[0m[34;1mfilter_shape_should_return_list_for_single_item_input[0m
[32;1m        PASS[0m [   0.019s] [35;1mapollo-federation[0m [36mconnectors::json_selection::methods::public::filter::shape_tests[0m[36m::[0m[34;1mfilter_shape_should_return_list_on_valid_boolean_condition[0m
[32;1m        PASS[0m [   0.017s] [35;1mapollo-federation[0m [36mconnectors::json_selection::methods::public::find::method_tests[0m[36m::[0m[34;1mfind_should_chain_with_other_methods[0m
[32;1m        PASS[0m [   0.016s] [35;1mapollo-federation[0m [36mconnectors::json_selection::methods::public::find::method_tests[0m[36m::[0m[34;1mfind_should_error_with_non_boolean_results[0m
[32;1m        PASS[0m [   0.058s] [35;1mapollo-federation[0m [36mconnectors::json_selection::methods::public::find::method_tests[0m[36m::[0m[34;1mfind_should_handle_non_array_input_true_condition[0m
[32;1m        PASS[0m [   0.056s] [35;1mapollo-federation[0m [36mconnectors::json_selection::methods::public::find::method_tests[0m[36m::[0m[34;1mfind_should_return_first_match_when_multiple_exist[0m
[32;1m        PASS[0m [   0.065s] [35;1mapollo-federation[0m [36mconnectors::json_selection::methods::public::find::method_tests[0m[36m::[0m[34;1mfind_should_handle_complex_conditions[0m
[32;1m        PASS[0m [   0.063s] [35;1mapollo-federation[0m [36mconnectors::json_selection::methods::public::find::method_tests[0m[36m::[0m[34;1mfind_should_handle_mixed_types[0m
[32;1m        PASS[0m [   0.061s] [35;1mapollo-federation[0m [36mconnectors::json_selection::methods::public::find::method_tests[0m[36m::[0m[34;1mfind_should_handle_non_array_input_false_condition[0m
[32;1m        PASS[0m [   0.049s] [35;1mapollo-federation[0m [36mconnectors::json_selection::methods::public::find::method_tests::find_should_return_none_when_argument_evaluates_to_none[0m[36m::[0m[34;1mcase_1_v0_2[0m
[32;1m        PASS[0m [   0.055s] [35;1mapollo-federation[0m [36mconnectors::json_selection::methods::public::find::method_tests[0m[36m::[0m[34;1mfind_should_return_first_matching_element[0m
[32;1m        PASS[0m [   0.051s] [35;1mapollo-federation[0m [36mconnectors::json_selection::methods::public::find::method_tests[0m[36m::[0m[34;1mfind_should_return_none_for_empty_array[0m
[32;1m        PASS[0m [   0.048s] [35;1mapollo-federation[0m [36mconnectors::json_selection::methods::public::find::method_tests::find_should_return_none_when_argument_evaluates_to_none[0m[36m::[0m[34;1mcase_2_v0_3[0m
[32;1m        PASS[0m [   0.046s] [35;1mapollo-federation[0m [36mconnectors::json_selection::methods::public::find::method_tests[0m[36m::[0m[34;1mfind_should_return_none_when_no_matches[0m
[32;1m        PASS[0m [   0.044s] [35;1mapollo-federation[0m [36mconnectors::json_selection::methods::public::find::method_tests[0m[36m::[0m[34;1mfind_should_work_with_object_properties[0m
[32;1m        PASS[0m [   0.042s] [35;1mapollo-federation[0m [36mconnectors::json_selection::methods::public::find::method_tests[0m[36m::[0m[34;1mfind_should_work_with_string_values[0m
[32;1m        PASS[0m [   0.040s] [35;1mapollo-federation[0m [36mconnectors::json_selection::methods::public::find::shape_tests[0m[36m::[0m[34;1mfind_shape_should_error_on_no_args[0m
[32;1m        PASS[0m [   0.038s] [35;1mapollo-federation[0m [36mconnectors::json_selection::methods::public::find::shape_tests[0m[36m::[0m[34;1mfind_shape_should_error_on_non_boolean_condition[0m
[32;1m        PASS[0m [   0.036s] [35;1mapollo-federation[0m [36mconnectors::json_selection::methods::public::find::shape_tests[0m[36m::[0m[34;1mfind_shape_should_error_on_none_args[0m
[32;1m        PASS[0m [   0.035s] [35;1mapollo-federation[0m [36mconnectors::json_selection::methods::public::find::shape_tests[0m[36m::[0m[34;1mfind_shape_should_error_on_too_many_args[0m
[32;1m        PASS[0m [   0.033s] [35;1mapollo-federation[0m [36mconnectors::json_selection::methods::public::find::shape_tests[0m[36m::[0m[34;1mfind_shape_should_handle_unknown_condition_shape[0m
[32;1m        PASS[0m [   0.031s] [35;1mapollo-federation[0m [36mconnectors::json_selection::methods::public::find::shape_tests[0m[36m::[0m[34;1mfind_shape_should_return_item_type_for_array_input[0m
[32;1m        PASS[0m [   0.029s] [35;1mapollo-federation[0m [36mconnectors::json_selection::methods::public::find::shape_tests[0m[36m::[0m[34;1mfind_shape_should_return_item_type_for_single_item_input[0m
[32;1m        PASS[0m [   0.027s] [35;1mapollo-federation[0m [36mconnectors::json_selection::methods::public::find::shape_tests[0m[36m::[0m[34;1mfind_shape_should_return_item_type_on_valid_boolean_condition[0m
[32;1m        PASS[0m [   0.025s] [35;1mapollo-federation[0m [36mconnectors::json_selection::methods::public::first::tests[0m[36m::[0m[34;1mfirst_should_get_first_char_from_string[0m
[32;1m        PASS[0m [   0.023s] [35;1mapollo-federation[0m [36mconnectors::json_selection::methods::public::first::tests[0m[36m::[0m[34;1mfirst_should_get_first_element_from_array[0m
[32;1m        PASS[0m [   0.021s] [35;1mapollo-federation[0m [36mconnectors::json_selection::methods::public::first::tests[0m[36m::[0m[34;1mfirst_should_get_none_when_no_items_exist[0m
[32;1m        PASS[0m [   0.019s] [35;1mapollo-federation[0m [36mconnectors::json_selection::methods::public::get::shape_tests[0m[36m::[0m[34;1mget_shape_should_error_for_array_with_negative_out_of_bounds_index[0m
[32;1m        PASS[0m [   0.017s] [35;1mapollo-federation[0m [36mconnectors::json_selection::methods::public::get::shape_tests[0m[36m::[0m[34;1mget_shape_should_error_for_array_with_out_of_bounds_index[0m
[32;1m        PASS[0m [   0.015s] [35;1mapollo-federation[0m [36mconnectors::json_selection::methods::public::get::shape_tests[0m[36m::[0m[34;1mget_shape_should_error_for_array_with_out_of_bounds_index_on_empty_array[0m
[32;1m        PASS[0m [   0.055s] [35;1mapollo-federation[0m [36mconnectors::json_selection::methods::public::get::shape_tests[0m[36m::[0m[34;1mget_shape_should_error_for_null_input_with_int_index[0m
[32;1m        PASS[0m [   0.067s] [35;1mapollo-federation[0m [36mconnectors::json_selection::methods::public::get::shape_tests[0m[36m::[0m[34;1mget_shape_should_error_for_array_with_string_index[0m
[32;1m        PASS[0m [   0.065s] [35;1mapollo-federation[0m [36mconnectors::json_selection::methods::public::get::shape_tests[0m[36m::[0m[34;1mget_shape_should_error_for_bool_input_with_int_index[0m
[32;1m        PASS[0m [   0.063s] [35;1mapollo-federation[0m [36mconnectors::json_selection::methods::public::get::shape_tests[0m[36m::[0m[34;1mget_shape_should_error_for_empty_string_out_of_bounds[0m
[32;1m        PASS[0m [   0.060s] [35;1mapollo-federation[0m [36mconnectors::json_selection::methods::public::get::shape_tests[0m[36m::[0m[34;1mget_shape_should_error_for_number_input_with_int_index[0m
[32;1m        PASS[0m [   0.054s] [35;1mapollo-federation[0m [36mconnectors::json_selection::methods::public::get::shape_tests[0m[36m::[0m[34;1mget_shape_should_error_for_object_with_int_index[0m
[32;1m        PASS[0m [   0.058s] [35;1mapollo-federation[0m [36mconnectors::json_selection::methods::public::get::shape_tests[0m[36m::[0m[34;1mget_shape_should_error_for_object_with_bool_key[0m
[32;1m        PASS[0m [   0.052s] [35;1mapollo-federation[0m [36mconnectors::json_selection::methods::public::get::shape_tests[0m[36m::[0m[34;1mget_shape_should_error_for_object_with_missing_key[0m
[32;1m        PASS[0m [   0.050s] [35;1mapollo-federation[0m [36mconnectors::json_selection::methods::public::get::shape_tests[0m[36m::[0m[34;1mget_shape_should_error_for_object_with_null_key[0m
[32;1m        PASS[0m [   0.049s] [35;1mapollo-federation[0m [36mconnectors::json_selection::methods::public::get::shape_tests[0m[36m::[0m[34;1mget_shape_should_error_for_string_with_negative_out_of_bounds_index[0m
[32;1m        PASS[0m [   0.047s] [35;1mapollo-federation[0m [36mconnectors::json_selection::methods::public::get::shape_tests[0m[36m::[0m[34;1mget_shape_should_error_for_string_with_out_of_bounds_index[0m
[32;1m        PASS[0m [   0.045s] [35;1mapollo-federation[0m [36mconnectors::json_selection::methods::public::get::shape_tests[0m[36m::[0m[34;1mget_shape_should_error_for_string_with_string_index[0m
[32;1m        PASS[0m [   0.043s] [35;1mapollo-federation[0m [36mconnectors::json_selection::methods::public::get::shape_tests[0m[36m::[0m[34;1mget_shape_should_error_for_unknown_input_with_bool_index[0m
[32;1m        PASS[0m [   0.038s] [35;1mapollo-federation[0m [36mconnectors::json_selection::methods::public::get::shape_tests[0m[36m::[0m[34;1mget_shape_should_error_on_no_args[0m
[32;1m        PASS[0m [   0.036s] [35;1mapollo-federation[0m [36mconnectors::json_selection::methods::public::get::shape_tests[0m[36m::[0m[34;1mget_shape_should_error_on_too_many_args[0m
[32;1m        PASS[0m [   0.034s] [35;1mapollo-federation[0m [36mconnectors::json_selection::methods::public::get::shape_tests[0m[36m::[0m[34;1mget_shape_should_return_char_for_string_with_negative_index[0m
[32;1m        PASS[0m [   0.032s] [35;1mapollo-federation[0m [36mconnectors::json_selection::methods::public::get::shape_tests[0m[36m::[0m[34;1mget_shape_should_return_char_for_string_with_valid_int_index[0m
[32;1m        PASS[0m [   0.030s] [35;1mapollo-federation[0m [36mconnectors::json_selection::methods::public::get::shape_tests[0m[36m::[0m[34;1mget_shape_should_return_element_for_array_with_negative_index[0m
[32;1m        PASS[0m [   0.028s] [35;1mapollo-federation[0m [36mconnectors::json_selection::methods::public::get::shape_tests[0m[36m::[0m[34;1mget_shape_should_return_element_for_array_with_valid_int_index[0m
[32;1m        PASS[0m [   0.026s] [35;1mapollo-federation[0m [36mconnectors::json_selection::methods::public::get::shape_tests[0m[36m::[0m[34;1mget_shape_should_return_property_shape_for_object_with_valid_string_key[0m
[32;1m        PASS[0m [   0.025s] [35;1mapollo-federation[0m [36mconnectors::json_selection::methods::public::get::shape_tests[0m[36m::[0m[34;1mget_shape_should_return_shape_for_dict_with_valid_string_key[0m
[32;1m        PASS[0m [   0.023s] [35;1mapollo-federation[0m [36mconnectors::json_selection::methods::public::get::shape_tests[0m[36m::[0m[34;1mget_shape_should_return_shape_for_list_with_valid_int_index[0m
[32;1m        PASS[0m [   0.021s] [35;1mapollo-federation[0m [36mconnectors::json_selection::methods::public::get::shape_tests[0m[36m::[0m[34;1mget_shape_should_return_string_for_string_without_known_value[0m
[32;1m        PASS[0m [   0.019s] [35;1mapollo-federation[0m [36mconnectors::json_selection::methods::public::get::shape_tests[0m[36m::[0m[34;1mget_shape_should_return_string_or_none_for_string_with_unknown_index[0m
[32;1m        PASS[0m [   0.017s] [35;1mapollo-federation[0m [36mconnectors::json_selection::methods::public::get::shape_tests[0m[36m::[0m[34;1mget_shape_should_return_string_or_unknown_for_unknown_input_with_string_index[0m
[32;1m        PASS[0m [   0.011s] [35;1mapollo-federation[0m [36mconnectors::json_selection::methods::public::get::shape_tests[0m[36m::[0m[34;1mget_shape_should_return_unknown_or_none_for_array_with_unknown_index[0m
[32;1m        PASS[0m [   0.067s] [35;1mapollo-federation[0m [36mconnectors::json_selection::methods::public::get::shape_tests[0m[36m::[0m[34;1mget_shape_should_return_unknown_for_object_with_unknown_key[0m
[32;1m        PASS[0m [   0.059s] [35;1mapollo-federation[0m [36mconnectors::json_selection::methods::public::get::tests[0m[36m::[0m[34;1mget_should_be_able_to_chain_method_off_of_selected_object_property[0m
[32;1m        PASS[0m [   0.052s] [35;1mapollo-federation[0m [36mconnectors::json_selection::methods::public::get::tests[0m[36m::[0m[34;1mget_should_return_char_from_string_at_specified_negative_index[0m
[32;1m        PASS[0m [   0.065s] [35;1mapollo-federation[0m [36mconnectors::json_selection::methods::public::get::shape_tests[0m[36m::[0m[34;1mget_shape_should_return_unknown_for_unknown_input_with_unknown_index[0m
[32;1m        PASS[0m [   0.063s] [35;1mapollo-federation[0m [36mconnectors::json_selection::methods::public::get::shape_tests[0m[36m::[0m[34;1mget_shape_should_return_unknown_for_unknown_input_with_valid_index[0m
[32;1m        PASS[0m [   0.057s] [35;1mapollo-federation[0m [36mconnectors::json_selection::methods::public::get::tests[0m[36m::[0m[34;1mget_should_return_char_from_string_at_specified_index[0m
[32;1m        PASS[0m [   0.052s] [35;1mapollo-federation[0m [36mconnectors::json_selection::methods::public::get::tests[0m[36m::[0m[34;1mget_should_return_error_when_calculated_string_index_does_not_exist[0m
[32;1m        PASS[0m [   0.050s] [35;1mapollo-federation[0m [36mconnectors::json_selection::methods::public::get::tests[0m[36m::[0m[34;1mget_should_return_error_when_no_argument_provided[0m
[32;1m        PASS[0m [   0.048s] [35;1mapollo-federation[0m [36mconnectors::json_selection::methods::public::get::tests[0m[36m::[0m[34;1mget_should_return_error_when_passing_bool_as_index[0m
[32;1m        PASS[0m [   0.046s] [35;1mapollo-federation[0m [36mconnectors::json_selection::methods::public::get::tests[0m[36m::[0m[34;1mget_should_return_error_when_specified_array_index_does_not_exist[0m
[32;1m        PASS[0m [   0.044s] [35;1mapollo-federation[0m [36mconnectors::json_selection::methods::public::get::tests[0m[36m::[0m[34;1mget_should_return_error_when_specified_array_negative_index_does_not_exist[0m
[32;1m        PASS[0m [   0.042s] [35;1mapollo-federation[0m [36mconnectors::json_selection::methods::public::get::tests[0m[36m::[0m[34;1mget_should_return_error_when_specified_string_index_does_not_exist[0m
[32;1m        PASS[0m [   0.040s] [35;1mapollo-federation[0m [36mconnectors::json_selection::methods::public::get::tests[0m[36m::[0m[34;1mget_should_return_error_when_string_index_applied_to_array[0m
[32;1m        PASS[0m [   0.039s] [35;1mapollo-federation[0m [36mconnectors::json_selection::methods::public::get::tests[0m[36m::[0m[34;1mget_should_return_item_from_array_at_specified_index[0m
[32;1m        PASS[0m [   0.037s] [35;1mapollo-federation[0m [36mconnectors::json_selection::methods::public::get::tests[0m[36m::[0m[34;1mget_should_return_item_from_array_at_specified_negative_index[0m
[32;1m        PASS[0m [   0.034s] [35;1mapollo-federation[0m [36mconnectors::json_selection::methods::public::get::tests[0m[36m::[0m[34;1mget_should_return_item_from_arrays_when_used_in_map[0m
[32;1m        PASS[0m [   0.032s] [35;1mapollo-federation[0m [36mconnectors::json_selection::methods::public::get::tests[0m[36m::[0m[34;1mget_should_return_item_from_object_at_specified_property[0m
[32;1m        PASS[0m [   0.030s] [35;1mapollo-federation[0m [36mconnectors::json_selection::methods::public::get::tests::get_should_return_none_when_argument_evaluates_to_none[0m[36m::[0m[34;1mcase_1_v0_2[0m
[32;1m        PASS[0m [   0.028s] [35;1mapollo-federation[0m [36mconnectors::json_selection::methods::public::get::tests::get_should_return_none_when_argument_evaluates_to_none[0m[36m::[0m[34;1mcase_2_v0_3[0m
[32;1m        PASS[0m [   0.026s] [35;1mapollo-federation[0m [36mconnectors::json_selection::methods::public::get::tests[0m[36m::[0m[34;1mget_should_throw_error_when_object_property_does_not_exist[0m
[32;1m        PASS[0m [   0.023s] [35;1mapollo-federation[0m [36mconnectors::json_selection::methods::public::gt::method_tests[0m[36m::[0m[34;1mgt_should_error_for_arrays[0m
[32;1m        PASS[0m [   0.021s] [35;1mapollo-federation[0m [36mconnectors::json_selection::methods::public::gt::method_tests[0m[36m::[0m[34;1mgt_should_error_for_boolean_values[0m
[32;1m        PASS[0m [   0.019s] [35;1mapollo-federation[0m [36mconnectors::json_selection::methods::public::gt::method_tests[0m[36m::[0m[34;1mgt_should_error_for_mixed_types[0m
[32;1m        PASS[0m [   0.017s] [35;1mapollo-federation[0m [36mconnectors::json_selection::methods::public::gt::method_tests[0m[36m::[0m[34;1mgt_should_error_for_null_values[0m
[32;1m        PASS[0m [   0.015s] [35;1mapollo-federation[0m [36mconnectors::json_selection::methods::public::gt::method_tests[0m[36m::[0m[34;1mgt_should_error_for_objects[0m
[32;1m        PASS[0m [   0.019s] [35;1mapollo-federation[0m [36mconnectors::json_selection::methods::public::gt::method_tests[0m[36m::[0m[34;1mgt_should_return_false_when_applied_to_number_is_less_than_argument[0m
[32;1m        PASS[0m [   0.051s] [35;1mapollo-federation[0m [36mconnectors::json_selection::methods::public::gt::method_tests[0m[36m::[0m[34;1mgt_should_return_false_when_applied_to_string_equals_argument[0m
[32;1m        PASS[0m [   0.062s] [35;1mapollo-federation[0m [36mconnectors::json_selection::methods::public::gt::method_tests[0m[36m::[0m[34;1mgt_should_return_error_when_no_arguments_provided[0m
[32;1m        PASS[0m [   0.061s] [35;1mapollo-federation[0m [36mconnectors::json_selection::methods::public::gt::method_tests[0m[36m::[0m[34;1mgt_should_return_false_when_applied_to_number_equals_argument[0m
[32;1m        PASS[0m [   0.049s] [35;1mapollo-federation[0m [36mconnectors::json_selection::methods::public::gt::method_tests::gt_should_return_none_when_argument_evaluates_to_none[0m[36m::[0m[34;1mcase_2_v0_3[0m
[32;1m        PASS[0m [   0.055s] [35;1mapollo-federation[0m [36mconnectors::json_selection::methods::public::gt::method_tests[0m[36m::[0m[34;1mgt_should_return_false_when_applied_to_string_is_less_than_argument[0m
[32;1m        PASS[0m [   0.048s] [35;1mapollo-federation[0m [36mconnectors::json_selection::methods::public::gt::method_tests[0m[36m::[0m[34;1mgt_should_return_true_when_applied_to_number_is_greater_than_argument[0m
[32;1m        PASS[0m [   0.053s] [35;1mapollo-federation[0m [36mconnectors::json_selection::methods::public::gt::method_tests::gt_should_return_none_when_argument_evaluates_to_none[0m[36m::[0m[34;1mcase_1_v0_2[0m
[32;1m        PASS[0m [   0.112s] [35;1mapollo-federation[0m [36mconnectors::json_selection::methods::public::get::tests[0m[36m::[0m[34;1mget_should_correct_call_methods_with_extra_spaces[0m
[32;1m        PASS[0m [   0.048s] [35;1mapollo-federation[0m [36mconnectors::json_selection::methods::public::gt::method_tests[0m[36m::[0m[34;1mgt_should_return_true_when_applied_to_string_is_greater_than_argument[0m
[32;1m        PASS[0m [   0.046s] [35;1mapollo-federation[0m [36mconnectors::json_selection::methods::public::gt::shape_tests[0m[36m::[0m[34;1mgt_shape_should_error_on_mixed_types[0m
[32;1m        PASS[0m [   0.044s] [35;1mapollo-federation[0m [36mconnectors::json_selection::methods::public::gt::shape_tests[0m[36m::[0m[34;1mgt_shape_should_error_on_no_args[0m
[32;1m        PASS[0m [   0.042s] [35;1mapollo-federation[0m [36mconnectors::json_selection::methods::public::gt::shape_tests[0m[36m::[0m[34;1mgt_shape_should_error_on_none_args[0m
[32;1m        PASS[0m [   0.040s] [35;1mapollo-federation[0m [36mconnectors::json_selection::methods::public::gt::shape_tests[0m[36m::[0m[34;1mgt_shape_should_error_on_too_many_args[0m
[32;1m        PASS[0m [   0.038s] [35;1mapollo-federation[0m [36mconnectors::json_selection::methods::public::gt::shape_tests[0m[36m::[0m[34;1mgt_shape_should_return_bool_on_valid_numbers[0m
[32;1m        PASS[0m [   0.036s] [35;1mapollo-federation[0m [36mconnectors::json_selection::methods::public::gt::shape_tests[0m[36m::[0m[34;1mgt_shape_should_return_bool_on_valid_strings[0m
[32;1m        PASS[0m [   0.034s] [35;1mapollo-federation[0m [36mconnectors::json_selection::methods::public::gte::method_tests[0m[36m::[0m[34;1mgte_should_error_for_arrays[0m
[32;1m        PASS[0m [   0.032s] [35;1mapollo-federation[0m [36mconnectors::json_selection::methods::public::gte::method_tests[0m[36m::[0m[34;1mgte_should_error_for_boolean_values[0m
[32;1m        PASS[0m [   0.031s] [35;1mapollo-federation[0m [36mconnectors::json_selection::methods::public::gte::method_tests[0m[36m::[0m[34;1mgte_should_error_for_mixed_types[0m
[32;1m        PASS[0m [   0.029s] [35;1mapollo-federation[0m [36mconnectors::json_selection::methods::public::gte::method_tests[0m[36m::[0m[34;1mgte_should_error_for_null_values[0m
[32;1m        PASS[0m [   0.027s] [35;1mapollo-federation[0m [36mconnectors::json_selection::methods::public::gte::method_tests[0m[36m::[0m[34;1mgte_should_error_for_objects[0m
[32;1m        PASS[0m [   0.025s] [35;1mapollo-federation[0m [36mconnectors::json_selection::methods::public::gte::method_tests[0m[36m::[0m[34;1mgte_should_return_error_when_no_arguments_provided[0m
[32;1m        PASS[0m [   0.023s] [35;1mapollo-federation[0m [36mconnectors::json_selection::methods::public::gte::method_tests[0m[36m::[0m[34;1mgte_should_return_false_when_applied_to_number_is_less_than_argument[0m
[32;1m        PASS[0m [   0.021s] [35;1mapollo-federation[0m [36mconnectors::json_selection::methods::public::gte::method_tests[0m[36m::[0m[34;1mgte_should_return_false_when_applied_to_string_is_less_than_argument[0m
[32;1m        PASS[0m [   0.019s] [35;1mapollo-federation[0m [36mconnectors::json_selection::methods::public::gte::method_tests::gte_should_return_none_when_argument_evaluates_to_none[0m[36m::[0m[34;1mcase_1_v0_2[0m
[32;1m        PASS[0m [   0.013s] [35;1mapollo-federation[0m [36mconnectors::json_selection::methods::public::gte::method_tests[0m[36m::[0m[34;1mgte_should_return_true_when_applied_to_string_equals_argument[0m
[32;1m        PASS[0m [   0.023s] [35;1mapollo-federation[0m [36mconnectors::json_selection::methods::public::gte::method_tests[0m[36m::[0m[34;1mgte_should_return_true_when_applied_to_string_is_greater_than_argument[0m
[32;1m        PASS[0m [   0.065s] [35;1mapollo-federation[0m [36mconnectors::json_selection::methods::public::gte::method_tests::gte_should_return_none_when_argument_evaluates_to_none[0m[36m::[0m[34;1mcase_2_v0_3[0m
[32;1m        PASS[0m [   0.055s] [35;1mapollo-federation[0m [36mconnectors::json_selection::methods::public::gte::shape_tests[0m[36m::[0m[34;1mgte_shape_should_error_on_mixed_types[0m
[32;1m        PASS[0m [   0.048s] [35;1mapollo-federation[0m [36mconnectors::json_selection::methods::public::gte::shape_tests[0m[36m::[0m[34;1mgte_shape_should_error_on_too_many_args[0m
[32;1m        PASS[0m [   0.064s] [35;1mapollo-federation[0m [36mconnectors::json_selection::methods::public::gte::method_tests[0m[36m::[0m[34;1mgte_should_return_true_when_applied_to_number_equals_argument[0m
[32;1m        PASS[0m [   0.062s] [35;1mapollo-federation[0m [36mconnectors::json_selection::methods::public::gte::method_tests[0m[36m::[0m[34;1mgte_should_return_true_when_applied_to_number_is_greater_than_argument[0m
[32;1m        PASS[0m [   0.056s] [35;1mapollo-federation[0m [36mconnectors::json_selection::methods::public::gte::shape_tests[0m[36m::[0m[34;1mgte_shape_should_error_on_no_args[0m
[32;1m        PASS[0m [   0.053s] [35;1mapollo-federation[0m [36mconnectors::json_selection::methods::public::gte::shape_tests[0m[36m::[0m[34;1mgte_shape_should_error_on_none_args[0m
[32;1m        PASS[0m [   0.049s] [35;1mapollo-federation[0m [36mconnectors::json_selection::methods::public::gte::shape_tests[0m[36m::[0m[34;1mgte_shape_should_return_bool_on_valid_numbers[0m
[32;1m        PASS[0m [   0.047s] [35;1mapollo-federation[0m [36mconnectors::json_selection::methods::public::gte::shape_tests[0m[36m::[0m[34;1mgte_shape_should_return_bool_on_valid_strings[0m
[32;1m        PASS[0m [   0.045s] [35;1mapollo-federation[0m [36mconnectors::json_selection::methods::public::join_not_null::tests[0m[36m::[0m[34;1mjoin_not_null_evaluates_argument[0m
[32;1m        PASS[0m [   0.045s] [35;1mapollo-federation[0m [36mconnectors::json_selection::methods::public::join_not_null::tests::join_not_null_should_combine_arrays_with_a_separator[0m[36m::[0m[34;1mcase_01[0m
[32;1m        PASS[0m [   0.043s] [35;1mapollo-federation[0m [36mconnectors::json_selection::methods::public::join_not_null::tests::join_not_null_should_combine_arrays_with_a_separator[0m[36m::[0m[34;1mcase_02[0m
[32;1m        PASS[0m [   0.041s] [35;1mapollo-federation[0m [36mconnectors::json_selection::methods::public::join_not_null::tests::join_not_null_should_combine_arrays_with_a_separator[0m[36m::[0m[34;1mcase_03[0m
[32;1m        PASS[0m [   0.039s] [35;1mapollo-federation[0m [36mconnectors::json_selection::methods::public::join_not_null::tests::join_not_null_should_combine_arrays_with_a_separator[0m[36m::[0m[34;1mcase_04[0m
[32;1m        PASS[0m [   0.037s] [35;1mapollo-federation[0m [36mconnectors::json_selection::methods::public::join_not_null::tests::join_not_null_should_combine_arrays_with_a_separator[0m[36m::[0m[34;1mcase_05[0m
[32;1m        PASS[0m [   0.035s] [35;1mapollo-federation[0m [36mconnectors::json_selection::methods::public::join_not_null::tests::join_not_null_should_combine_arrays_with_a_separator[0m[36m::[0m[34;1mcase_06[0m
[32;1m        PASS[0m [   0.033s] [35;1mapollo-federation[0m [36mconnectors::json_selection::methods::public::join_not_null::tests::join_not_null_should_combine_arrays_with_a_separator[0m[36m::[0m[34;1mcase_07[0m
[32;1m        PASS[0m [   0.031s] [35;1mapollo-federation[0m [36mconnectors::json_selection::methods::public::join_not_null::tests::join_not_null_should_combine_arrays_with_a_separator[0m[36m::[0m[34;1mcase_08[0m
[32;1m        PASS[0m [   0.029s] [35;1mapollo-federation[0m [36mconnectors::json_selection::methods::public::join_not_null::tests::join_not_null_should_combine_arrays_with_a_separator[0m[36m::[0m[34;1mcase_09[0m
[32;1m        PASS[0m [   0.027s] [35;1mapollo-federation[0m [36mconnectors::json_selection::methods::public::join_not_null::tests::join_not_null_should_combine_arrays_with_a_separator[0m[36m::[0m[34;1mcase_10[0m
[32;1m        PASS[0m [   0.026s] [35;1mapollo-federation[0m [36mconnectors::json_selection::methods::public::join_not_null::tests::join_not_null_should_return_none_when_argument_evaluates_to_none[0m[36m::[0m[34;1mcase_1_v0_2[0m
[32;1m        PASS[0m [   0.024s] [35;1mapollo-federation[0m [36mconnectors::json_selection::methods::public::join_not_null::tests::join_not_null_should_return_none_when_argument_evaluates_to_none[0m[36m::[0m[34;1mcase_2_v0_3[0m
[32;1m        PASS[0m [   0.022s] [35;1mapollo-federation[0m [36mconnectors::json_selection::methods::public::join_not_null::tests::join_not_null_warnings[0m[36m::[0m[34;1mcase_1[0m
[32;1m        PASS[0m [   0.020s] [35;1mapollo-federation[0m [36mconnectors::json_selection::methods::public::join_not_null::tests::join_not_null_warnings[0m[36m::[0m[34;1mcase_2[0m
[32;1m        PASS[0m [   0.021s] [35;1mapollo-federation[0m [36mconnectors::json_selection::methods::public::join_not_null::tests[0m[36m::[0m[34;1mtest_join_not_null_shape_no_args[0m
[32;1m        PASS[0m [   0.030s] [35;1mapollo-federation[0m [36mconnectors::json_selection::methods::public::join_not_null::tests[0m[36m::[0m[34;1mtest_join_not_null_shape_non_string_args[0m
[32;1m        PASS[0m [   0.048s] [35;1mapollo-federation[0m [36mconnectors::json_selection::methods::public::join_not_null::tests[0m[36m::[0m[34;1mtest_join_not_null_shape_scalar_input[0m
[32;1m        PASS[0m [   0.066s] [35;1mapollo-federation[0m [36mconnectors::json_selection::methods::public::join_not_null::tests::join_not_null_warnings[0m[36m::[0m[34;1mcase_3[0m
[32;1m        PASS[0m [   0.064s] [35;1mapollo-federation[0m [36mconnectors::json_selection::methods::public::join_not_null::tests[0m[36m::[0m[34;1mtest_join_not_null_shape_list_of_list_input[0m
[32;1m        PASS[0m [   0.062s] [35;1mapollo-federation[0m [36mconnectors::json_selection::methods::public::join_not_null::tests[0m[36m::[0m[34;1mtest_join_not_null_shape_named_input[0m
[32;1m        PASS[0m [   0.049s] [35;1mapollo-federation[0m [36mconnectors::json_selection::methods::public::json_stringify::tests[0m[36m::[0m[34;1mjson_stringify_should_error_when_provided_argument[0m
[32;1m        PASS[0m [   0.054s] [35;1mapollo-federation[0m [36mconnectors::json_selection::methods::public::join_not_null::tests[0m[36m::[0m[34;1mtest_join_not_null_shape_two_args[0m
[32;1m        PASS[0m [   0.052s] [35;1mapollo-federation[0m [36mconnectors::json_selection::methods::public::join_not_null::tests[0m[36m::[0m[34;1mtest_join_not_null_shape_unknown_input[0m
[32;1m        PASS[0m [   0.047s] [35;1mapollo-federation[0m [36mconnectors::json_selection::methods::public::json_stringify::tests::json_stringify_should_stringify_various_structures[0m[36m::[0m[34;1mcase_1[0m
[32;1m        PASS[0m [   0.047s] [35;1mapollo-federation[0m [36mconnectors::json_selection::methods::public::json_stringify::tests::json_stringify_should_stringify_various_structures[0m[36m::[0m[34;1mcase_2[0m
[32;1m        PASS[0m [   0.045s] [35;1mapollo-federation[0m [36mconnectors::json_selection::methods::public::json_stringify::tests::json_stringify_should_stringify_various_structures[0m[36m::[0m[34;1mcase_3[0m
[32;1m        PASS[0m [   0.044s] [35;1mapollo-federation[0m [36mconnectors::json_selection::methods::public::json_stringify::tests::json_stringify_should_stringify_various_structures[0m[36m::[0m[34;1mcase_4[0m
[32;1m        PASS[0m [   0.041s] [35;1mapollo-federation[0m [36mconnectors::json_selection::methods::public::json_stringify::tests::json_stringify_should_stringify_various_structures[0m[36m::[0m[34;1mcase_5[0m
[32;1m        PASS[0m [   0.040s] [35;1mapollo-federation[0m [36mconnectors::json_selection::methods::public::json_stringify::tests::json_stringify_should_stringify_various_structures[0m[36m::[0m[34;1mcase_6[0m
[32;1m        PASS[0m [   0.040s] [35;1mapollo-federation[0m [36mconnectors::json_selection::methods::public::json_stringify::tests::json_stringify_should_stringify_various_structures[0m[36m::[0m[34;1mcase_7[0m
[32;1m        PASS[0m [   0.038s] [35;1mapollo-federation[0m [36mconnectors::json_selection::methods::public::json_stringify::tests::json_stringify_should_stringify_various_structures[0m[36m::[0m[34;1mcase_8[0m
[32;1m        PASS[0m [   0.036s] [35;1mapollo-federation[0m [36mconnectors::json_selection::methods::public::json_stringify::tests::json_stringify_should_stringify_various_structures[0m[36m::[0m[34;1mcase_9[0m
[32;1m        PASS[0m [   0.034s] [35;1mapollo-federation[0m [36mconnectors::json_selection::methods::public::last::tests[0m[36m::[0m[34;1mlast_should_get_last_char_from_string[0m
[32;1m        PASS[0m [   0.032s] [35;1mapollo-federation[0m [36mconnectors::json_selection::methods::public::last::tests[0m[36m::[0m[34;1mlast_should_get_last_element_from_array[0m
[32;1m        PASS[0m [   0.030s] [35;1mapollo-federation[0m [36mconnectors::json_selection::methods::public::last::tests[0m[36m::[0m[34;1mlast_should_get_none_when_no_items_exist[0m
[32;1m        PASS[0m [   0.028s] [35;1mapollo-federation[0m [36mconnectors::json_selection::methods::public::lt::method_tests[0m[36m::[0m[34;1mlt_should_error_for_arrays[0m
[32;1m        PASS[0m [   0.026s] [35;1mapollo-federation[0m [36mconnectors::json_selection::methods::public::lt::method_tests[0m[36m::[0m[34;1mlt_should_error_for_boolean_values[0m
[32;1m        PASS[0m [   0.024s] [35;1mapollo-federation[0m [36mconnectors::json_selection::methods::public::lt::method_tests[0m[36m::[0m[34;1mlt_should_error_for_mixed_types[0m
[32;1m        PASS[0m [   0.022s] [35;1mapollo-federation[0m [36mconnectors::json_selection::methods::public::lt::method_tests[0m[36m::[0m[34;1mlt_should_error_for_null_values[0m
[32;1m        PASS[0m [   0.028s] [35;1mapollo-federation[0m [36mconnectors::json_selection::methods::public::lt::method_tests[0m[36m::[0m[34;1mlt_should_return_false_when_applied_to_string_equals_argument[0m
[32;1m        PASS[0m [   0.036s] [35;1mapollo-federation[0m [36mconnectors::json_selection::methods::public::lt::method_tests[0m[36m::[0m[34;1mlt_should_return_false_when_applied_to_string_is_greater_than_argument[0m
[32;1m        PASS[0m [   0.050s] [35;1mapollo-federation[0m [36mconnectors::json_selection::methods::public::lt::method_tests::lt_should_return_none_when_argument_evaluates_to_none[0m[36m::[0m[34;1mcase_1_v0_2[0m
[32;1m        PASS[0m [   0.066s] [35;1mapollo-federation[0m [36mconnectors::json_selection::methods::public::lt::method_tests[0m[36m::[0m[34;1mlt_should_error_for_objects[0m
[32;1m        PASS[0m [   0.065s] [35;1mapollo-federation[0m [36mconnectors::json_selection::methods::public::lt::method_tests[0m[36m::[0m[34;1mlt_should_return_error_when_no_arguments_provided[0m
[32;1m        PASS[0m [   0.063s] [35;1mapollo-federation[0m [36mconnectors::json_selection::methods::public::lt::method_tests[0m[36m::[0m[34;1mlt_should_return_false_when_applied_to_number_equals_argument[0m
[32;1m        PASS[0m [   0.060s] [35;1mapollo-federation[0m [36mconnectors::json_selection::methods::public::lt::method_tests[0m[36m::[0m[34;1mlt_should_return_false_when_applied_to_number_is_greater_than_argument[0m
[32;1m        PASS[0m [   0.052s] [35;1mapollo-federation[0m [36mconnectors::json_selection::methods::public::lt::method_tests::lt_should_return_none_when_argument_evaluates_to_none[0m[36m::[0m[34;1mcase_2_v0_3[0m
[32;1m        PASS[0m [   0.050s] [35;1mapollo-federation[0m [36mconnectors::json_selection::methods::public::lt::method_tests[0m[36m::[0m[34;1mlt_should_return_true_when_applied_to_number_is_less_than_argument[0m
[32;1m        PASS[0m [   0.047s] [35;1mapollo-federation[0m [36mconnectors::json_selection::methods::public::lt::method_tests[0m[36m::[0m[34;1mlt_should_return_true_when_applied_to_string_is_less_than_argument[0m
[32;1m        PASS[0m [   0.045s] [35;1mapollo-federation[0m [36mconnectors::json_selection::methods::public::lt::shape_tests[0m[36m::[0m[34;1mlt_shape_should_error_on_mixed_types[0m
[32;1m        PASS[0m [   0.043s] [35;1mapollo-federation[0m [36mconnectors::json_selection::methods::public::lt::shape_tests[0m[36m::[0m[34;1mlt_shape_should_error_on_no_args[0m
[32;1m        PASS[0m [   0.041s] [35;1mapollo-federation[0m [36mconnectors::json_selection::methods::public::lt::shape_tests[0m[36m::[0m[34;1mlt_shape_should_error_on_none_args[0m
[32;1m        PASS[0m [   0.041s] [35;1mapollo-federation[0m [36mconnectors::json_selection::methods::public::lt::shape_tests[0m[36m::[0m[34;1mlt_shape_should_error_on_too_many_args[0m
[32;1m        PASS[0m [   0.039s] [35;1mapollo-federation[0m [36mconnectors::json_selection::methods::public::lt::shape_tests[0m[36m::[0m[34;1mlt_shape_should_return_bool_on_valid_numbers[0m
[32;1m        PASS[0m [   0.038s] [35;1mapollo-federation[0m [36mconnectors::json_selection::methods::public::lt::shape_tests[0m[36m::[0m[34;1mlt_shape_should_return_bool_on_valid_strings[0m
[32;1m        PASS[0m [   0.036s] [35;1mapollo-federation[0m [36mconnectors::json_selection::methods::public::lte::method_tests[0m[36m::[0m[34;1mlte_should_error_for_arrays[0m
[32;1m        PASS[0m [   0.034s] [35;1mapollo-federation[0m [36mconnectors::json_selection::methods::public::lte::method_tests[0m[36m::[0m[34;1mlte_should_error_for_boolean_values[0m
[32;1m        PASS[0m [   0.032s] [35;1mapollo-federation[0m [36mconnectors::json_selection::methods::public::lte::method_tests[0m[36m::[0m[34;1mlte_should_error_for_mixed_types[0m
[32;1m        PASS[0m [   0.032s] [35;1mapollo-federation[0m [36mconnectors::json_selection::methods::public::lte::method_tests[0m[36m::[0m[34;1mlte_should_error_for_null_values[0m
[32;1m        PASS[0m [   0.030s] [35;1mapollo-federation[0m [36mconnectors::json_selection::methods::public::lte::method_tests[0m[36m::[0m[34;1mlte_should_error_for_objects[0m
[32;1m        PASS[0m [   0.028s] [35;1mapollo-federation[0m [36mconnectors::json_selection::methods::public::lte::method_tests[0m[36m::[0m[34;1mlte_should_return_error_when_no_arguments_provided[0m
[32;1m        PASS[0m [   0.026s] [35;1mapollo-federation[0m [36mconnectors::json_selection::methods::public::lte::method_tests[0m[36m::[0m[34;1mlte_should_return_false_when_applied_to_number_is_greater_than_argument[0m
[32;1m        PASS[0m [   0.024s] [35;1mapollo-federation[0m [36mconnectors::json_selection::methods::public::lte::method_tests[0m[36m::[0m[34;1mlte_should_return_false_when_applied_to_string_is_greater_than_argument[0m
[32;1m        PASS[0m [   0.022s] [35;1mapollo-federation[0m [36mconnectors::json_selection::methods::public::lte::method_tests::lte_should_return_none_when_argument_evaluates_to_none[0m[36m::[0m[34;1mcase_1_v0_2[0m
[32;1m        PASS[0m [   0.020s] [35;1mapollo-federation[0m [36mconnectors::json_selection::methods::public::lte::method_tests::lte_should_return_none_when_argument_evaluates_to_none[0m[36m::[0m[34;1mcase_2_v0_3[0m
[32;1m        PASS[0m [   0.034s] [35;1mapollo-federation[0m [36mconnectors::json_selection::methods::public::lte::method_tests[0m[36m::[0m[34;1mlte_should_return_true_when_applied_to_string_is_less_than_argument[0m
[32;1m        PASS[0m [   0.044s] [35;1mapollo-federation[0m [36mconnectors::json_selection::methods::public::lte::shape_tests[0m[36m::[0m[34;1mlte_shape_should_error_on_mixed_types[0m
[32;1m        PASS[0m [   0.067s] [35;1mapollo-federation[0m [36mconnectors::json_selection::methods::public::lte::method_tests[0m[36m::[0m[34;1mlte_should_return_true_when_applied_to_number_equals_argument[0m
[32;1m        PASS[0m [   0.056s] [35;1mapollo-federation[0m [36mconnectors::json_selection::methods::public::lte::shape_tests[0m[36m::[0m[34;1mlte_shape_should_error_on_no_args[0m
[32;1m        PASS[0m [   0.049s] [35;1mapollo-federation[0m [36mconnectors::json_selection::methods::public::lte::shape_tests[0m[36m::[0m[34;1mlte_shape_should_return_bool_on_valid_numbers[0m
[32;1m        PASS[0m [   0.065s] [35;1mapollo-federation[0m [36mconnectors::json_selection::methods::public::lte::method_tests[0m[36m::[0m[34;1mlte_should_return_true_when_applied_to_number_is_less_than_argument[0m
[32;1m        PASS[0m [   0.063s] [35;1mapollo-federation[0m [36mconnectors::json_selection::methods::public::lte::method_tests[0m[36m::[0m[34;1mlte_should_return_true_when_applied_to_string_equals_argument[0m
[32;1m        PASS[0m [   0.054s] [35;1mapollo-federation[0m [36mconnectors::json_selection::methods::public::lte::shape_tests[0m[36m::[0m[34;1mlte_shape_should_error_on_none_args[0m
[32;1m        PASS[0m [   0.051s] [35;1mapollo-federation[0m [36mconnectors::json_selection::methods::public::lte::shape_tests[0m[36m::[0m[34;1mlte_shape_should_error_on_too_many_args[0m
[32;1m        PASS[0m [   0.047s] [35;1mapollo-federation[0m [36mconnectors::json_selection::methods::public::lte::shape_tests[0m[36m::[0m[34;1mlte_shape_should_return_bool_on_valid_strings[0m
[32;1m        PASS[0m [   0.045s] [35;1mapollo-federation[0m [36mconnectors::json_selection::methods::public::map::tests::map_should_handle_none_elements_gracefully[0m[36m::[0m[34;1mcase_1_v0_2[0m
[32;1m        PASS[0m [   0.043s] [35;1mapollo-federation[0m [36mconnectors::json_selection::methods::public::map::tests::map_should_handle_none_elements_gracefully[0m[36m::[0m[34;1mcase_2_v0_3[0m
[32;1m        PASS[0m [   0.041s] [35;1mapollo-federation[0m [36mconnectors::json_selection::methods::public::map::tests[0m[36m::[0m[34;1mmap_should_transform_when_applied_to_array[0m
[32;1m        PASS[0m [   0.039s] [35;1mapollo-federation[0m [36mconnectors::json_selection::methods::public::map::tests[0m[36m::[0m[34;1mmap_should_transform_when_applied_to_array_with_additional_transform[0m
[32;1m        PASS[0m [   0.037s] [35;1mapollo-federation[0m [36mconnectors::json_selection::methods::public::map::tests[0m[36m::[0m[34;1mmap_should_transform_when_called_against_selected_array[0m
[32;1m        PASS[0m [   0.035s] [35;1mapollo-federation[0m [36mconnectors::json_selection::methods::public::ne::method_tests[0m[36m::[0m[34;1mne_should_return_error_when_no_arguments_provided[0m
[32;1m        PASS[0m [   0.035s] [35;1mapollo-federation[0m [36mconnectors::json_selection::methods::public::ne::method_tests[0m[36m::[0m[34;1mne_should_return_false_when_applied_to_equals_argument[0m
[32;1m        PASS[0m [   0.033s] [35;1mapollo-federation[0m [36mconnectors::json_selection::methods::public::ne::method_tests[0m[36m::[0m[34;1mne_should_return_false_when_applied_to_equals_array_argument[0m
[32;1m        PASS[0m [   0.031s] [35;1mapollo-federation[0m [36mconnectors::json_selection::methods::public::ne::method_tests[0m[36m::[0m[34;1mne_should_return_false_when_applied_to_equals_bool_argument[0m
[32;1m        PASS[0m [   0.029s] [35;1mapollo-federation[0m [36mconnectors::json_selection::methods::public::ne::method_tests[0m[36m::[0m[34;1mne_should_return_false_when_applied_to_equals_object_argument[0m
[32;1m        PASS[0m [   0.027s] [35;1mapollo-federation[0m [36mconnectors::json_selection::methods::public::ne::method_tests[0m[36m::[0m[34;1mne_should_return_false_when_applied_to_equals_string_argument[0m
[32;1m        PASS[0m [   0.025s] [35;1mapollo-federation[0m [36mconnectors::json_selection::methods::public::ne::method_tests[0m[36m::[0m[34;1mne_should_return_false_when_applied_to_negative_numbers_of_different_types[0m
[32;1m        PASS[0m [   0.025s] [35;1mapollo-federation[0m [36mconnectors::json_selection::methods::public::ne::method_tests[0m[36m::[0m[34;1mne_should_return_false_when_applied_to_numbers_of_different_types[0m
[32;1m        PASS[0m [   0.023s] [35;1mapollo-federation[0m [36mconnectors::json_selection::methods::public::ne::method_tests::ne_should_return_none_when_argument_evaluates_to_none[0m[36m::[0m[34;1mcase_1_v0_2[0m
[32;1m        PASS[0m [   0.021s] [35;1mapollo-federation[0m [36mconnectors::json_selection::methods::public::ne::method_tests::ne_should_return_none_when_argument_evaluates_to_none[0m[36m::[0m[34;1mcase_2_v0_3[0m
[32;1m        PASS[0m [   0.019s] [35;1mapollo-federation[0m [36mconnectors::json_selection::methods::public::ne::method_tests[0m[36m::[0m[34;1mne_should_return_true_when_applied_to_does_not_equal_argument[0m
[32;1m        PASS[0m [   0.039s] [35;1mapollo-federation[0m [36mconnectors::json_selection::methods::public::ne::method_tests[0m[36m::[0m[34;1mne_should_return_true_when_applied_to_does_not_equal_string_argument[0m
[32;1m        PASS[0m [   0.049s] [35;1mapollo-federation[0m [36mconnectors::json_selection::methods::public::ne::shape_tests[0m[36m::[0m[34;1mne_shape_should_error_on_mixed_types[0m
[32;1m        PASS[0m [   0.053s] [35;1mapollo-federation[0m [36mconnectors::json_selection::methods::public::ne::shape_tests[0m[36m::[0m[34;1mne_shape_should_error_on_no_args[0m
[32;1m        PASS[0m [   0.065s] [35;1mapollo-federation[0m [36mconnectors::json_selection::methods::public::ne::method_tests[0m[36m::[0m[34;1mne_should_return_true_when_applied_to_does_not_equal_array_argument[0m
[32;1m        PASS[0m [   0.064s] [35;1mapollo-federation[0m [36mconnectors::json_selection::methods::public::ne::method_tests[0m[36m::[0m[34;1mne_should_return_true_when_applied_to_does_not_equal_bool_argument[0m
[32;1m        PASS[0m [   0.062s] [35;1mapollo-federation[0m [36mconnectors::json_selection::methods::public::ne::method_tests[0m[36m::[0m[34;1mne_should_return_true_when_applied_to_does_not_equal_object_argument[0m
[32;1m        PASS[0m [   0.048s] [35;1mapollo-federation[0m [36mconnectors::json_selection::methods::public::ne::shape_tests[0m[36m::[0m[34;1mne_shape_should_return_bool_on_named_input[0m
[32;1m        PASS[0m [   0.053s] [35;1mapollo-federation[0m [36mconnectors::json_selection::methods::public::ne::shape_tests[0m[36m::[0m[34;1mne_shape_should_error_on_none_args[0m
[32;1m        PASS[0m [   0.051s] [35;1mapollo-federation[0m [36mconnectors::json_selection::methods::public::ne::shape_tests[0m[36m::[0m[34;1mne_shape_should_error_on_too_many_args[0m
[32;1m        PASS[0m [   0.047s] [35;1mapollo-federation[0m [36mconnectors::json_selection::methods::public::ne::shape_tests[0m[36m::[0m[34;1mne_shape_should_return_bool_on_unknown_input[0m
[32;1m        PASS[0m [   0.045s] [35;1mapollo-federation[0m [36mconnectors::json_selection::methods::public::ne::shape_tests[0m[36m::[0m[34;1mne_shape_should_return_bool_on_valid_booleans[0m
[32;1m        PASS[0m [   0.043s] [35;1mapollo-federation[0m [36mconnectors::json_selection::methods::public::ne::shape_tests[0m[36m::[0m[34;1mne_shape_should_return_bool_on_valid_numbers[0m
[32;1m        PASS[0m [   0.041s] [35;1mapollo-federation[0m [36mconnectors::json_selection::methods::public::ne::shape_tests[0m[36m::[0m[34;1mne_shape_should_return_bool_on_valid_strings[0m
[32;1m        PASS[0m [   0.039s] [35;1mapollo-federation[0m [36mconnectors::json_selection::methods::public::not::method_tests[0m[36m::[0m[34;1mnot_should_negate_false[0m
[32;1m        PASS[0m [   0.037s] [35;1mapollo-federation[0m [36mconnectors::json_selection::methods::public::not::method_tests[0m[36m::[0m[34;1mnot_should_negate_true[0m
[32;1m        PASS[0m [   0.035s] [35;1mapollo-federation[0m [36mconnectors::json_selection::methods::public::not::method_tests[0m[36m::[0m[34;1mnot_should_return_error_when_applied_to_non_boolean[0m
[32;1m        PASS[0m [   0.033s] [35;1mapollo-federation[0m [36mconnectors::json_selection::methods::public::not::method_tests[0m[36m::[0m[34;1mnot_should_return_error_when_arguments_provided[0m
[32;1m        PASS[0m [   0.031s] [35;1mapollo-federation[0m [36mconnectors::json_selection::methods::public::not::method_tests[0m[36m::[0m[34;1mnot_should_work_with_double_negation[0m
[32;1m        PASS[0m [   0.029s] [35;1mapollo-federation[0m [36mconnectors::json_selection::methods::public::not::shape_tests[0m[36m::[0m[34;1mnot_shape_should_accept_name_input[0m
[32;1m        PASS[0m [   0.029s] [35;1mapollo-federation[0m [36mconnectors::json_selection::methods::public::not::shape_tests[0m[36m::[0m[34;1mnot_shape_should_accept_unknown_input[0m
[32;1m        PASS[0m [   0.027s] [35;1mapollo-federation[0m [36mconnectors::json_selection::methods::public::not::shape_tests[0m[36m::[0m[34;1mnot_shape_should_error_on_args_provided[0m
[32;1m        PASS[0m [   0.025s] [35;1mapollo-federation[0m [36mconnectors::json_selection::methods::public::not::shape_tests[0m[36m::[0m[34;1mnot_shape_should_error_on_non_boolean_input[0m
[32;1m        PASS[0m [   0.023s] [35;1mapollo-federation[0m [36mconnectors::json_selection::methods::public::not::shape_tests[0m[36m::[0m[34;1mnot_shape_should_return_bool_on_valid_boolean[0m
[32;1m        PASS[0m [   0.022s] [35;1mapollo-federation[0m [36mconnectors::json_selection::methods::public::or::method_tests[0m[36m::[0m[34;1mor_should_return_error_when_applied_to_non_boolean[0m
[32;1m        PASS[0m [   0.020s] [35;1mapollo-federation[0m [36mconnectors::json_selection::methods::public::or::method_tests[0m[36m::[0m[34;1mor_should_return_error_when_arguments_are_not_boolean[0m
[32;1m        PASS[0m [   0.016s] [35;1mapollo-federation[0m [36mconnectors::json_selection::methods::public::or::method_tests::or_should_return_none_when_argument_evaluates_to_none[0m[36m::[0m[34;1mcase_2_v0_3[0m
[32;1m        PASS[0m [   0.046s] [35;1mapollo-federation[0m [36mconnectors::json_selection::methods::public::or::method_tests[0m[36m::[0m[34;1mor_should_return_true_when_either_value_is_truthy[0m
[32;1m        PASS[0m [   0.052s] [35;1mapollo-federation[0m [36mconnectors::json_selection::methods::public::or::shape_tests[0m[36m::[0m[34;1mor_shape_should_error_on_args_that_compute_as_none[0m
[32;1m        PASS[0m [   0.066s] [35;1mapollo-federation[0m [36mconnectors::json_selection::methods::public::or::method_tests[0m[36m::[0m[34;1mor_should_return_error_when_no_arguments_provided[0m
[32;1m        PASS[0m [   0.065s] [35;1mapollo-federation[0m [36mconnectors::json_selection::methods::public::or::method_tests[0m[36m::[0m[34;1mor_should_return_false_when_neither_value_is_truthy[0m
[32;1m        PASS[0m [   0.063s] [35;1mapollo-federation[0m [36mconnectors::json_selection::methods::public::or::method_tests::or_should_return_none_when_argument_evaluates_to_none[0m[36m::[0m[34;1mcase_1_v0_2[0m
[32;1m        PASS[0m [   0.054s] [35;1mapollo-federation[0m [36mconnectors::json_selection::methods::public::or::shape_tests[0m[36m::[0m[34;1mor_shape_should_error_on_no_args[0m
[32;1m        PASS[0m [   0.047s] [35;1mapollo-federation[0m [36mconnectors::json_selection::methods::public::or::shape_tests[0m[36m::[0m[34;1mor_shape_should_error_on_none_args[0m
[32;1m        PASS[0m [   0.053s] [35;1mapollo-federation[0m [36mconnectors::json_selection::methods::public::or::shape_tests[0m[36m::[0m[34;1mor_shape_should_error_on_non_boolean_args[0m
[32;1m        PASS[0m [   0.051s] [35;1mapollo-federation[0m [36mconnectors::json_selection::methods::public::or::shape_tests[0m[36m::[0m[34;1mor_shape_should_error_on_non_boolean_input[0m
[32;1m        PASS[0m [   0.047s] [35;1mapollo-federation[0m [36mconnectors::json_selection::methods::public::or::shape_tests[0m[36m::[0m[34;1mor_shape_should_return_bool_on_valid_booleans[0m
[32;1m        PASS[0m [   0.045s] [35;1mapollo-federation[0m [36mconnectors::json_selection::methods::public::parse_int::method_tests[0m[36m::[0m[34;1mparse_int_should_error_for_array_input[0m
[32;1m        PASS[0m [   0.043s] [35;1mapollo-federation[0m [36mconnectors::json_selection::methods::public::parse_int::method_tests[0m[36m::[0m[34;1mparse_int_should_error_for_base_too_large[0m
[32;1m        PASS[0m [   0.041s] [35;1mapollo-federation[0m [36mconnectors::json_selection::methods::public::parse_int::method_tests[0m[36m::[0m[34;1mparse_int_should_error_for_boolean_input[0m
[32;1m        PASS[0m [   0.039s] [35;1mapollo-federation[0m [36mconnectors::json_selection::methods::public::parse_int::method_tests[0m[36m::[0m[34;1mparse_int_should_error_for_empty_string[0m
[32;1m        PASS[0m [   0.037s] [35;1mapollo-federation[0m [36mconnectors::json_selection::methods::public::parse_int::method_tests[0m[36m::[0m[34;1mparse_int_should_error_for_float_base[0m
[32;1m        PASS[0m [   0.035s] [35;1mapollo-federation[0m [36mconnectors::json_selection::methods::public::parse_int::method_tests[0m[36m::[0m[34;1mparse_int_should_error_for_invalid_base[0m
[32;1m        PASS[0m [   0.033s] [35;1mapollo-federation[0m [36mconnectors::json_selection::methods::public::parse_int::method_tests[0m[36m::[0m[34;1mparse_int_should_error_for_invalid_hex_string[0m
[32;1m        PASS[0m [   0.031s] [35;1mapollo-federation[0m [36mconnectors::json_selection::methods::public::parse_int::method_tests[0m[36m::[0m[34;1mparse_int_should_error_for_invalid_string[0m
[32;1m        PASS[0m [   0.029s] [35;1mapollo-federation[0m [36mconnectors::json_selection::methods::public::parse_int::method_tests[0m[36m::[0m[34;1mparse_int_should_error_for_non_numeric_base[0m
[32;1m        PASS[0m [   0.027s] [35;1mapollo-federation[0m [36mconnectors::json_selection::methods::public::parse_int::method_tests[0m[36m::[0m[34;1mparse_int_should_error_for_null_input[0m
[32;1m        PASS[0m [   0.025s] [35;1mapollo-federation[0m [36mconnectors::json_selection::methods::public::parse_int::method_tests[0m[36m::[0m[34;1mparse_int_should_error_for_object_input[0m
[32;1m        PASS[0m [   0.023s] [35;1mapollo-federation[0m [36mconnectors::json_selection::methods::public::parse_int::method_tests[0m[36m::[0m[34;1mparse_int_should_error_for_too_many_arguments[0m
[32;1m        PASS[0m [   0.023s] [35;1mapollo-federation[0m [36mconnectors::json_selection::methods::public::parse_int::method_tests[0m[36m::[0m[34;1mparse_int_should_handle_large_hex_numbers[0m
[32;1m        PASS[0m [   0.021s] [35;1mapollo-federation[0m [36mconnectors::json_selection::methods::public::parse_int::method_tests[0m[36m::[0m[34;1mparse_int_should_handle_zero_float[0m
[32;1m        PASS[0m [   0.019s] [35;1mapollo-federation[0m [36mconnectors::json_selection::methods::public::parse_int::method_tests[0m[36m::[0m[34;1mparse_int_should_parse_base_36[0m
[32;1m        PASS[0m [   0.023s] [35;1mapollo-federation[0m [36mconnectors::json_selection::methods::public::parse_int::method_tests[0m[36m::[0m[34;1mparse_int_should_parse_integer_number[0m
[32;1m        PASS[0m [   0.051s] [35;1mapollo-federation[0m [36mconnectors::json_selection::methods::public::parse_int::method_tests[0m[36m::[0m[34;1mparse_int_should_parse_integer_number_with_base[0m
[32;1m        PASS[0m [   0.065s] [35;1mapollo-federation[0m [36mconnectors::json_selection::methods::public::parse_int::method_tests[0m[36m::[0m[34;1mparse_int_should_parse_binary_string[0m
[32;1m        PASS[0m [   0.055s] [35;1mapollo-federation[0m [36mconnectors::json_selection::methods::public::parse_int::method_tests[0m[36m::[0m[34;1mparse_int_should_parse_negative_integer_number[0m
[32;1m        PASS[0m [   0.048s] [35;1mapollo-federation[0m [36mconnectors::json_selection::methods::public::parse_int::method_tests[0m[36m::[0m[34;1mparse_int_should_parse_with_explicit_base_10[0m
[32;1m        PASS[0m [   0.064s] [35;1mapollo-federation[0m [36mconnectors::json_selection::methods::public::parse_int::method_tests[0m[36m::[0m[34;1mparse_int_should_parse_decimal_string[0m
[32;1m        PASS[0m [   0.062s] [35;1mapollo-federation[0m [36mconnectors::json_selection::methods::public::parse_int::method_tests[0m[36m::[0m[34;1mparse_int_should_parse_hexadecimal_string[0m
[32;1m        PASS[0m [   0.053s] [35;1mapollo-federation[0m [36mconnectors::json_selection::methods::public::parse_int::method_tests[0m[36m::[0m[34;1mparse_int_should_parse_negative_number[0m
[32;1m        PASS[0m [   0.051s] [35;1mapollo-federation[0m [36mconnectors::json_selection::methods::public::parse_int::method_tests[0m[36m::[0m[34;1mparse_int_should_parse_octal_string[0m
[32;1m        PASS[0m [   0.047s] [35;1mapollo-federation[0m [36mconnectors::json_selection::methods::public::parse_int::method_tests[0m[36m::[0m[34;1mparse_int_should_parse_zero[0m
[32;1m        PASS[0m [   0.045s] [35;1mapollo-federation[0m [36mconnectors::json_selection::methods::public::parse_int::method_tests::parse_int_should_return_none_when_argument_evaluates_to_none[0m[36m::[0m[34;1mcase_1_v0_2[0m
[32;1m        PASS[0m [   0.045s] [35;1mapollo-federation[0m [36mconnectors::json_selection::methods::public::parse_int::method_tests::parse_int_should_return_none_when_argument_evaluates_to_none[0m[36m::[0m[34;1mcase_2_v0_3[0m
[32;1m        PASS[0m [   0.043s] [35;1mapollo-federation[0m [36mconnectors::json_selection::methods::public::parse_int::method_tests[0m[36m::[0m[34;1mparse_int_should_truncate_float_with_base[0m
[32;1m        PASS[0m [   0.041s] [35;1mapollo-federation[0m [36mconnectors::json_selection::methods::public::parse_int::method_tests[0m[36m::[0m[34;1mparse_int_should_truncate_negative_float[0m
[32;1m        PASS[0m [   0.039s] [35;1mapollo-federation[0m [36mconnectors::json_selection::methods::public::parse_int::method_tests[0m[36m::[0m[34;1mparse_int_should_truncate_positive_float[0m
[32;1m        PASS[0m [   0.037s] [35;1mapollo-federation[0m [36mconnectors::json_selection::methods::public::parse_int::shape_tests[0m[36m::[0m[34;1mparse_int_shape_should_error_for_array_input[0m
[32;1m        PASS[0m [   0.035s] [35;1mapollo-federation[0m [36mconnectors::json_selection::methods::public::parse_int::shape_tests[0m[36m::[0m[34;1mparse_int_shape_should_error_for_boolean_input[0m
[32;1m        PASS[0m [   0.033s] [35;1mapollo-federation[0m [36mconnectors::json_selection::methods::public::parse_int::shape_tests[0m[36m::[0m[34;1mparse_int_shape_should_error_for_non_integer_base[0m
[32;1m        PASS[0m [   0.032s] [35;1mapollo-federation[0m [36mconnectors::json_selection::methods::public::parse_int::shape_tests[0m[36m::[0m[34;1mparse_int_shape_should_error_for_object_input[0m
[32;1m        PASS[0m [   0.030s] [35;1mapollo-federation[0m [36mconnectors::json_selection::methods::public::parse_int::shape_tests[0m[36m::[0m[34;1mparse_int_shape_should_error_for_too_many_args[0m
[32;1m        PASS[0m [   0.028s] [35;1mapollo-federation[0m [36mconnectors::json_selection::methods::public::parse_int::shape_tests[0m[36m::[0m[34;1mparse_int_shape_should_return_int_for_float_input[0m
[32;1m        PASS[0m [   0.026s] [35;1mapollo-federation[0m [36mconnectors::json_selection::methods::public::parse_int::shape_tests[0m[36m::[0m[34;1mparse_int_shape_should_return_int_for_int_input[0m
[32;1m        PASS[0m [   0.024s] [35;1mapollo-federation[0m [36mconnectors::json_selection::methods::public::parse_int::shape_tests[0m[36m::[0m[34;1mparse_int_shape_should_return_int_for_none_args[0m
[32;1m        PASS[0m [   0.022s] [35;1mapollo-federation[0m [36mconnectors::json_selection::methods::public::parse_int::shape_tests[0m[36m::[0m[34;1mparse_int_shape_should_return_int_for_string_input[0m
[32;1m        PASS[0m [   0.020s] [35;1mapollo-federation[0m [36mconnectors::json_selection::methods::public::parse_int::shape_tests[0m[36m::[0m[34;1mparse_int_shape_should_return_int_for_string_input_with_base[0m
[32;1m        PASS[0m [   0.014s] [35;1mapollo-federation[0m [36mconnectors::json_selection::methods::public::r#as::tests[0m[36m::[0m[34;1mtest_basic_as_with_echo[0m
[32;1m        PASS[0m [   0.030s] [35;1mapollo-federation[0m [36mconnectors::json_selection::methods::public::r#as::tests[0m[36m::[0m[34;1mtest_basic_as_with_echo_shape[0m
[32;1m        PASS[0m [   0.066s] [35;1mapollo-federation[0m [36mconnectors::json_selection::methods::public::parse_int::shape_tests[0m[36m::[0m[34;1mparse_int_shape_should_return_int_for_unknown_base_argument[0m
[32;1m        PASS[0m [   0.056s] [35;1mapollo-federation[0m [36mconnectors::json_selection::methods::public::r#as::tests[0m[36m::[0m[34;1mtest_invalid_as_args[0m
[32;1m        PASS[0m [   0.048s] [35;1mapollo-federation[0m [36mconnectors::json_selection::methods::public::r#as::tests[0m[36m::[0m[34;1mtest_invalid_external_var_shadowing_shape[0m
[32;1m        PASS[0m [   0.064s] [35;1mapollo-federation[0m [36mconnectors::json_selection::methods::public::parse_int::shape_tests[0m[36m::[0m[34;1mparse_int_shape_should_return_int_for_unknown_input[0m
[32;1m        PASS[0m [   0.062s] [35;1mapollo-federation[0m [36mconnectors::json_selection::methods::public::r#as::tests[0m[36m::[0m[34;1mtest_as_inside_expr_parens[0m
[32;1m        PASS[0m [   0.054s] [35;1mapollo-federation[0m [36mconnectors::json_selection::methods::public::r#as::tests[0m[36m::[0m[34;1mtest_invalid_as_args_shape[0m
[32;1m        PASS[0m [   0.054s] [35;1mapollo-federation[0m [36mconnectors::json_selection::methods::public::r#as::tests[0m[36m::[0m[34;1mtest_invalid_external_var_shadowing[0m
[32;1m        PASS[0m [   0.049s] [35;1mapollo-federation[0m [36mconnectors::json_selection::methods::public::r#as::tests[0m[36m::[0m[34;1mtest_invalid_sibling_path_variable_access[0m
[32;1m        PASS[0m [   0.047s] [35;1mapollo-federation[0m [36mconnectors::json_selection::methods::public::r#as::tests[0m[36m::[0m[34;1mtest_invalid_sibling_path_variable_access_shape[0m
[32;1m        PASS[0m [   0.045s] [35;1mapollo-federation[0m [36mconnectors::json_selection::methods::public::r#as::tests[0m[36m::[0m[34;1mtest_nested_loop_shapes[0m
[32;1m        PASS[0m [   0.043s] [35;1mapollo-federation[0m [36mconnectors::json_selection::methods::public::r#as::tests[0m[36m::[0m[34;1mtest_nested_loops[0m
[32;1m        PASS[0m [   0.041s] [35;1mapollo-federation[0m [36mconnectors::json_selection::methods::public::r#as::tests[0m[36m::[0m[34;1mtest_optional_as_expr_arg[0m
[32;1m        PASS[0m [   0.039s] [35;1mapollo-federation[0m [36mconnectors::json_selection::methods::public::r#as::tests[0m[36m::[0m[34;1mtest_optional_as_expr_arg_shape[0m
[32;1m        PASS[0m [   0.039s] [35;1mapollo-federation[0m [36mconnectors::json_selection::methods::public::r#as::tests[0m[36m::[0m[34;1mtest_too_few_as_args[0m
[32;1m        PASS[0m [   0.037s] [35;1mapollo-federation[0m [36mconnectors::json_selection::methods::public::r#as::tests[0m[36m::[0m[34;1mtest_too_few_as_args_shape[0m
[32;1m        PASS[0m [   0.035s] [35;1mapollo-federation[0m [36mconnectors::json_selection::methods::public::r#as::tests[0m[36m::[0m[34;1mtest_too_many_as_args[0m
[32;1m        PASS[0m [   0.033s] [35;1mapollo-federation[0m [36mconnectors::json_selection::methods::public::r#as::tests[0m[36m::[0m[34;1mtest_too_many_as_args_shape[0m
[32;1m        PASS[0m [   0.031s] [35;1mapollo-federation[0m [36mconnectors::json_selection::methods::public::r#in::method_tests[0m[36m::[0m[34;1min_should_return_error_when_argument_is_not_array[0m
[32;1m        PASS[0m [   0.029s] [35;1mapollo-federation[0m [36mconnectors::json_selection::methods::public::r#in::method_tests[0m[36m::[0m[34;1min_should_return_error_when_no_arguments_provided[0m
[32;1m        PASS[0m [   0.027s] [35;1mapollo-federation[0m [36mconnectors::json_selection::methods::public::r#in::method_tests[0m[36m::[0m[34;1min_should_return_false_for_empty_array[0m
[32;1m        PASS[0m [   0.025s] [35;1mapollo-federation[0m [36mconnectors::json_selection::methods::public::r#in::method_tests[0m[36m::[0m[34;1min_should_return_false_when_applied_to_array_not_in_array[0m
[32;1m        PASS[0m [   0.023s] [35;1mapollo-federation[0m [36mconnectors::json_selection::methods::public::r#in::method_tests[0m[36m::[0m[34;1min_should_return_false_when_applied_to_bool_not_in_array[0m
[32;1m        PASS[0m [   0.021s] [35;1mapollo-federation[0m [36mconnectors::json_selection::methods::public::r#in::method_tests[0m[36m::[0m[34;1min_should_return_false_when_applied_to_object_not_in_array[0m
[32;1m        PASS[0m [   0.019s] [35;1mapollo-federation[0m [36mconnectors::json_selection::methods::public::r#in::method_tests[0m[36m::[0m[34;1min_should_return_false_when_applied_to_string_not_in_array[0m
[32;1m        PASS[0m [   0.023s] [35;1mapollo-federation[0m [36mconnectors::json_selection::methods::public::r#in::method_tests[0m[36m::[0m[34;1min_should_return_true_when_applied_to_array_in_array[0m
[32;1m        PASS[0m [   0.036s] [35;1mapollo-federation[0m [36mconnectors::json_selection::methods::public::r#in::method_tests[0m[36m::[0m[34;1min_should_return_true_when_applied_to_bool_in_array[0m
[32;1m        PASS[0m [   0.066s] [35;1mapollo-federation[0m [36mconnectors::json_selection::methods::public::r#in::method_tests[0m[36m::[0m[34;1min_should_return_false_when_applied_to_value_not_in_array[0m
[32;1m        PASS[0m [   0.065s] [35;1mapollo-federation[0m [36mconnectors::json_selection::methods::public::r#in::method_tests::in_should_return_none_when_argument_evaluates_to_none[0m[36m::[0m[34;1mcase_1_v0_2[0m
[32;1m        PASS[0m [   0.063s] [35;1mapollo-federation[0m [36mconnectors::json_selection::methods::public::r#in::method_tests::in_should_return_none_when_argument_evaluates_to_none[0m[36m::[0m[34;1mcase_2_v0_3[0m
[32;1m        PASS[0m [   0.057s] [35;1mapollo-federation[0m [36mconnectors::json_selection::methods::public::r#in::method_tests[0m[36m::[0m[34;1min_should_return_true_when_applied_to_numbers_of_different_types[0m
[32;1m        PASS[0m [   0.050s] [35;1mapollo-federation[0m [36mconnectors::json_selection::methods::public::r#in::method_tests[0m[36m::[0m[34;1min_should_return_true_when_applied_to_value_in_array[0m
[32;1m        PASS[0m [   0.055s] [35;1mapollo-federation[0m [36mconnectors::json_selection::methods::public::r#in::method_tests[0m[36m::[0m[34;1min_should_return_true_when_applied_to_object_in_array[0m
[32;1m        PASS[0m [   0.053s] [35;1mapollo-federation[0m [36mconnectors::json_selection::methods::public::r#in::method_tests[0m[36m::[0m[34;1min_should_return_true_when_applied_to_string_in_array[0m
[32;1m        PASS[0m [   0.048s] [35;1mapollo-federation[0m [36mconnectors::json_selection::methods::public::r#in::shape_tests[0m[36m::[0m[34;1min_shape_should_error_on_mixed_types[0m
[32;1m        PASS[0m [   0.046s] [35;1mapollo-federation[0m [36mconnectors::json_selection::methods::public::r#in::shape_tests[0m[36m::[0m[34;1min_shape_should_error_on_no_args[0m
[32;1m        PASS[0m [   0.047s] [35;1mapollo-federation[0m [36mconnectors::json_selection::methods::public::r#in::shape_tests[0m[36m::[0m[34;1min_shape_should_error_on_non_array_argument[0m
[32;1m        PASS[0m [   0.045s] [35;1mapollo-federation[0m [36mconnectors::json_selection::methods::public::r#in::shape_tests[0m[36m::[0m[34;1min_shape_should_error_on_none_args[0m
[32;1m        PASS[0m [   0.043s] [35;1mapollo-federation[0m [36mconnectors::json_selection::methods::public::r#in::shape_tests[0m[36m::[0m[34;1min_shape_should_error_on_too_many_args[0m
[32;1m        PASS[0m [   0.041s] [35;1mapollo-federation[0m [36mconnectors::json_selection::methods::public::r#in::shape_tests[0m[36m::[0m[34;1min_shape_should_return_bool_on_named_input[0m
[32;1m        PASS[0m [   0.039s] [35;1mapollo-federation[0m [36mconnectors::json_selection::methods::public::r#in::shape_tests[0m[36m::[0m[34;1min_shape_should_return_bool_on_unknown_input[0m
[32;1m        PASS[0m [   0.037s] [35;1mapollo-federation[0m [36mconnectors::json_selection::methods::public::r#in::shape_tests[0m[36m::[0m[34;1min_shape_should_return_bool_on_valid_bool_array[0m
[32;1m        PASS[0m [   0.035s] [35;1mapollo-federation[0m [36mconnectors::json_selection::methods::public::r#in::shape_tests[0m[36m::[0m[34;1min_shape_should_return_bool_on_valid_number_array[0m
[32;1m        PASS[0m [   0.035s] [35;1mapollo-federation[0m [36mconnectors::json_selection::methods::public::r#in::shape_tests[0m[36m::[0m[34;1min_shape_should_return_bool_on_valid_string_array[0m
[32;1m        PASS[0m [   0.033s] [35;1mapollo-federation[0m [36mconnectors::json_selection::methods::public::r#match::tests[0m[36m::[0m[34;1mmatch_should_result_in_error_when_no_match_found[0m
[32;1m        PASS[0m [   0.032s] [35;1mapollo-federation[0m [36mconnectors::json_selection::methods::public::r#match::tests::match_should_return_none_when_pattern_argument_evaluates_to_none[0m[36m::[0m[34;1mcase_1_v0_2[0m
[32;1m        PASS[0m [   0.029s] [35;1mapollo-federation[0m [36mconnectors::json_selection::methods::public::r#match::tests::match_should_return_none_when_pattern_argument_evaluates_to_none[0m[36m::[0m[34;1mcase_2_v0_3[0m
[32;1m        PASS[0m [   0.027s] [35;1mapollo-federation[0m [36mconnectors::json_selection::methods::public::r#match::tests[0m[36m::[0m[34;1mmatch_should_select_correct_value_from_options[0m
[32;1m        PASS[0m [   0.025s] [35;1mapollo-federation[0m [36mconnectors::json_selection::methods::public::r#match::tests[0m[36m::[0m[34;1mmatch_should_select_default_value_using_at_sign[0m
[32;1m        PASS[0m [   0.023s] [35;1mapollo-federation[0m [36mconnectors::json_selection::methods::public::size::tests[0m[36m::[0m[34;1msize_should_error_when_applied_to_bool[0m
[32;1m        PASS[0m [   0.022s] [35;1mapollo-federation[0m [36mconnectors::json_selection::methods::public::size::tests[0m[36m::[0m[34;1msize_should_error_when_applied_to_null[0m
[32;1m        PASS[0m [   0.032s] [35;1mapollo-federation[0m [36mconnectors::json_selection::methods::public::size::tests[0m[36m::[0m[34;1msize_should_return_0_when_empty_array[0m
[32;1m        PASS[0m [   0.032s] [35;1mapollo-federation[0m [36mconnectors::json_selection::methods::public::size::tests[0m[36m::[0m[34;1msize_should_return_length_of_string[0m
[32;1m        PASS[0m [   0.042s] [35;1mapollo-federation[0m [36mconnectors::json_selection::methods::public::size::tests[0m[36m::[0m[34;1msize_should_return_number_of_items_in_array[0m
[32;1m        PASS[0m [   0.068s] [35;1mapollo-federation[0m [36mconnectors::json_selection::methods::public::size::tests[0m[36m::[0m[34;1msize_should_error_when_applied_to_number[0m
[32;1m        PASS[0m [   0.066s] [35;1mapollo-federation[0m [36mconnectors::json_selection::methods::public::size::tests[0m[36m::[0m[34;1msize_should_return_0_on_empty_object[0m
[32;1m        PASS[0m [   0.064s] [35;1mapollo-federation[0m [36mconnectors::json_selection::methods::public::size::tests[0m[36m::[0m[34;1msize_should_return_0_on_empty_string[0m
[32;1m        PASS[0m [   0.049s] [35;1mapollo-federation[0m [36mconnectors::json_selection::methods::public::slice::tests[0m[36m::[0m[34;1mslice_should_return_blank_when_string_is_empty[0m
[32;1m        PASS[0m [   0.055s] [35;1mapollo-federation[0m [36mconnectors::json_selection::methods::public::size::tests[0m[36m::[0m[34;1msize_should_return_number_of_properties_of_an_object[0m
[32;1m        PASS[0m [   0.052s] [35;1mapollo-federation[0m [36mconnectors::json_selection::methods::public::slice::tests[0m[36m::[0m[34;1mslice_should_grab_parts_of_array_by_specified_indices[0m
[32;1m        PASS[0m [   0.047s] [35;1mapollo-federation[0m [36mconnectors::json_selection::methods::public::slice::tests[0m[36m::[0m[34;1mslice_should_return_empty_array_when_array_is_shorter_than_specified_indices[0m
[32;1m        PASS[0m [   0.045s] [35;1mapollo-federation[0m [36mconnectors::json_selection::methods::public::slice::tests[0m[36m::[0m[34;1mslice_should_return_empty_array_when_provided_empty_array[0m
[32;1m        PASS[0m [   0.043s] [35;1mapollo-federation[0m [36mconnectors::json_selection::methods::public::slice::tests[0m[36m::[0m[34;1mslice_should_return_empty_string_when_indices_are_completely_out_of_string_bounds[0m
[32;1m        PASS[0m [   0.041s] [35;1mapollo-federation[0m [36mconnectors::json_selection::methods::public::slice::tests[0m[36m::[0m[34;1mslice_should_return_part_of_string[0m
[32;1m        PASS[0m [   0.039s] [35;1mapollo-federation[0m [36mconnectors::json_selection::methods::public::slice::tests[0m[36m::[0m[34;1mslice_should_return_part_of_string_when_slice_indices_are_larger_than_string[0m
[32;1m        PASS[0m [   0.039s] [35;1mapollo-federation[0m [36mconnectors::json_selection::methods::public::slice::tests[0m[36m::[0m[34;1mslice_should_stop_at_end_when_array_is_shorter_than_specified_end_index[0m
[32;1m        PASS[0m [   0.039s] [35;1mapollo-federation[0m [36mconnectors::json_selection::methods::public::to_string::method_tests[0m[36m::[0m[34;1mto_string_should_convert_boolean_false_to_string[0m
[32;1m        PASS[0m [   0.037s] [35;1mapollo-federation[0m [36mconnectors::json_selection::methods::public::to_string::method_tests[0m[36m::[0m[34;1mto_string_should_convert_boolean_true_to_string[0m
[32;1m        PASS[0m [   0.035s] [35;1mapollo-federation[0m [36mconnectors::json_selection::methods::public::to_string::method_tests[0m[36m::[0m[34;1mto_string_should_convert_float_to_string[0m
[32;1m        PASS[0m [   0.033s] [35;1mapollo-federation[0m [36mconnectors::json_selection::methods::public::to_string::method_tests[0m[36m::[0m[34;1mto_string_should_convert_null_to_string[0m
[32;1m        PASS[0m [   0.031s] [35;1mapollo-federation[0m [36mconnectors::json_selection::methods::public::to_string::method_tests[0m[36m::[0m[34;1mto_string_should_convert_number_to_string[0m
[32;1m        PASS[0m [   0.029s] [35;1mapollo-federation[0m [36mconnectors::json_selection::methods::public::to_string::method_tests[0m[36m::[0m[34;1mto_string_should_error_for_arrays[0m
[32;1m        PASS[0m [   0.029s] [35;1mapollo-federation[0m [36mconnectors::json_selection::methods::public::to_string::method_tests[0m[36m::[0m[34;1mto_string_should_error_for_objects[0m
[32;1m        PASS[0m [   0.027s] [35;1mapollo-federation[0m [36mconnectors::json_selection::methods::public::to_string::method_tests[0m[36m::[0m[34;1mto_string_should_error_when_arguments_provided[0m
[32;1m        PASS[0m [   0.025s] [35;1mapollo-federation[0m [36mconnectors::json_selection::methods::public::to_string::method_tests[0m[36m::[0m[34;1mto_string_should_keep_string_as_string[0m
[32;1m        PASS[0m [   0.023s] [35;1mapollo-federation[0m [36mconnectors::json_selection::methods::public::to_string::shape_tests[0m[36m::[0m[34;1mto_string_shape_should_error_for_array_input[0m
[32;1m        PASS[0m [   0.035s] [35;1mapollo-federation[0m [36mconnectors::json_selection::methods::public::to_string::shape_tests[0m[36m::[0m[34;1mto_string_shape_should_return_string_for_name_input[0m
[32;1m        PASS[0m [   0.035s] [35;1mapollo-federation[0m [36mconnectors::json_selection::methods::public::to_string::shape_tests[0m[36m::[0m[34;1mto_string_shape_should_return_string_for_none_args[0m
[32;1m        PASS[0m [   0.046s] [35;1mapollo-federation[0m [36mconnectors::json_selection::methods::public::to_string::shape_tests[0m[36m::[0m[34;1mto_string_shape_should_return_string_for_null_input[0m
[32;1m        PASS[0m [   0.066s] [35;1mapollo-federation[0m [36mconnectors::json_selection::methods::public::to_string::shape_tests[0m[36m::[0m[34;1mto_string_shape_should_error_for_object_input[0m
[32;1m        PASS[0m [   0.064s] [35;1mapollo-federation[0m [36mconnectors::json_selection::methods::public::to_string::shape_tests[0m[36m::[0m[34;1mto_string_shape_should_error_on_args[0m
[32;1m        PASS[0m [   0.062s] [35;1mapollo-federation[0m [36mconnectors::json_selection::methods::public::to_string::shape_tests[0m[36m::[0m[34;1mto_string_shape_should_return_string_for_bool_input[0m
[32;1m        PASS[0m [   0.060s] [35;1mapollo-federation[0m [36mconnectors::json_selection::methods::public::to_string::shape_tests[0m[36m::[0m[34;1mto_string_shape_should_return_string_for_int_input[0m
[32;1m        PASS[0m [   0.052s] [35;1mapollo-federation[0m [36mconnectors::json_selection::methods::public::to_string::shape_tests[0m[36m::[0m[34;1mto_string_shape_should_return_string_for_string_input[0m
[32;1m        PASS[0m [   0.050s] [35;1mapollo-federation[0m [36mconnectors::json_selection::methods::public::to_string::shape_tests[0m[36m::[0m[34;1mto_string_shape_should_return_string_for_unknown_input[0m
[32;1m        PASS[0m [   0.048s] [35;1mapollo-federation[0m [36mconnectors::json_selection::methods::tests[0m[36m::[0m[34;1mtest_missing_method[0m
[32;1m        PASS[0m [   0.045s] [35;1mapollo-federation[0m [36mconnectors::json_selection::parser::tests[0m[36m::[0m[34;1mshould_not_parse_mixed_operators_in_same_expression[0m
[32;1m        PASS[0m [   0.043s] [35;1mapollo-federation[0m [36mconnectors::json_selection::parser::tests[0m[36m::[0m[34;1mshould_not_parse_null_coalescing_in_connect_0_2[0m
[32;1m        PASS[0m [   0.040s] [35;1mapollo-federation[0m [36mconnectors::json_selection::parser::tests[0m[36m::[0m[34;1mshould_parse_mixed_operators_in_nested_expression[0m
[32;1m        PASS[0m [   0.038s] [35;1mapollo-federation[0m [36mconnectors::json_selection::parser::tests[0m[36m::[0m[34;1mshould_parse_null_coalescing_in_connect_0_3[0m
[32;1m        PASS[0m [   0.036s] [35;1mapollo-federation[0m [36mconnectors::json_selection::parser::tests[0m[36m::[0m[34;1mtest_alias[0m
[32;1m        PASS[0m [   0.034s] [35;1mapollo-federation[0m [36mconnectors::json_selection::parser::tests[0m[36m::[0m[34;1mtest_chained_optional_accesses[0m
[32;1m        PASS[0m [   0.032s] [35;1mapollo-federation[0m [36mconnectors::json_selection::parser::tests[0m[36m::[0m[34;1mtest_default_connect_spec[0m
[32;1m        PASS[0m [   0.032s] [35;1mapollo-federation[0m [36mconnectors::json_selection::parser::tests[0m[36m::[0m[34;1mtest_disallowed_spread_syntax_error[0m
[32;1m        PASS[0m [   0.028s] [35;1mapollo-federation[0m [36mconnectors::json_selection::parser::tests::test_expr_path_selections[0m[36m::[0m[34;1mcase_1_v0_2[0m
[32;1m        PASS[0m [   0.026s] [35;1mapollo-federation[0m [36mconnectors::json_selection::parser::tests::test_expr_path_selections[0m[36m::[0m[34;1mcase_2_v0_3[0m
[32;1m        PASS[0m [   0.024s] [35;1mapollo-federation[0m [36mconnectors::json_selection::parser::tests[0m[36m::[0m[34;1mtest_external_var_paths[0m
[32;1m        PASS[0m [   0.022s] [35;1mapollo-federation[0m [36mconnectors::json_selection::parser::tests[0m[36m::[0m[34;1mtest_external_var_paths_no_variable[0m
[32;1m        PASS[0m [   0.022s] [35;1mapollo-federation[0m [36mconnectors::json_selection::parser::tests[0m[36m::[0m[34;1mtest_identifier[0m
[32;1m        PASS[0m [   0.020s] [35;1mapollo-federation[0m [36mconnectors::json_selection::parser::tests[0m[36m::[0m[34;1mtest_invalid_infix_operator_parsing[0m
[32;1m        PASS[0m [   0.018s] [35;1mapollo-federation[0m [36mconnectors::json_selection::parser::tests[0m[36m::[0m[34;1mtest_invalid_sequential_question_marks[0m
[32;1m        PASS[0m [   0.042s] [35;1mapollo-federation[0m [36mconnectors::json_selection::parser::tests[0m[36m::[0m[34;1mtest_key[0m
[32;1m        PASS[0m [   0.042s] [35;1mapollo-federation[0m [36mconnectors::json_selection::parser::tests[0m[36m::[0m[34;1mtest_local_var_paths[0m
[32;1m        PASS[0m [   0.049s] [35;1mapollo-federation[0m [36mconnectors::json_selection::parser::tests[0m[36m::[0m[34;1mtest_mixed_regular_and_optional_access[0m
[32;1m        PASS[0m [   0.061s] [35;1mapollo-federation[0m [36mconnectors::json_selection::parser::tests[0m[36m::[0m[34;1mtest_invalid_single_key_paths_v0_2[0m
[32;1m        PASS[0m [   0.045s] [35;1mapollo-federation[0m [36mconnectors::json_selection::parser::tests[0m[36m::[0m[34;1mtest_optional_key_access[0m
[32;1m        PASS[0m [   0.050s] [35;1mapollo-federation[0m [36mconnectors::json_selection::parser::tests[0m[36m::[0m[34;1mtest_named_selection[0m
[32;1m        PASS[0m [   0.043s] [35;1mapollo-federation[0m [36mconnectors::json_selection::parser::tests[0m[36m::[0m[34;1mtest_optional_method_call[0m
[32;1m        PASS[0m [   0.048s] [35;1mapollo-federation[0m [36mconnectors::json_selection::parser::tests[0m[36m::[0m[34;1mtest_optional_chaining_with_subselection[0m
[32;1m        PASS[0m [   0.042s] [35;1mapollo-federation[0m [36mconnectors::json_selection::parser::tests[0m[36m::[0m[34;1mtest_optional_method_with_arguments[0m
[32;1m        PASS[0m [   0.035s] [35;1mapollo-federation[0m [36mconnectors::json_selection::parser::tests::test_path_methods[0m[36m::[0m[34;1mcase_1_v0_2[0m
[32;1m        PASS[0m [   0.033s] [35;1mapollo-federation[0m [36mconnectors::json_selection::parser::tests::test_path_methods[0m[36m::[0m[34;1mcase_2_v0_3[0m
[32;1m        PASS[0m [   0.031s] [35;1mapollo-federation[0m [36mconnectors::json_selection::parser::tests::test_path_selection[0m[36m::[0m[34;1mcase_1_v0_2[0m
[32;1m        PASS[0m [   0.029s] [35;1mapollo-federation[0m [36mconnectors::json_selection::parser::tests::test_path_selection[0m[36m::[0m[34;1mcase_2_v0_3[0m
[32;1m        PASS[0m [   0.094s] [35;1mapollo-federation[0m [36mconnectors::json_selection::parser::tests[0m[36m::[0m[34;1mshould_parse_local_vars_as_such[0m
[32;1m        PASS[0m [   0.028s] [35;1mapollo-federation[0m [36mconnectors::json_selection::parser::tests::test_path_selection_at[0m[36m::[0m[34;1mcase_1_v0_2[0m
[32;1m        PASS[0m [   0.026s] [35;1mapollo-federation[0m [36mconnectors::json_selection::parser::tests::test_path_selection_at[0m[36m::[0m[34;1mcase_2_v0_3[0m
[32;1m        PASS[0m [   0.026s] [35;1mapollo-federation[0m [36mconnectors::json_selection::parser::tests::test_path_selection_vars[0m[36m::[0m[34;1mcase_1_v0_2[0m
[32;1m        PASS[0m [   0.026s] [35;1mapollo-federation[0m [36mconnectors::json_selection::parser::tests::test_path_selection_vars[0m[36m::[0m[34;1mcase_2_v0_3[0m
[32;1m        PASS[0m [   0.022s] [35;1mapollo-federation[0m [36mconnectors::json_selection::parser::tests[0m[36m::[0m[34;1mtest_ranged_locations[0m
[32;1m        PASS[0m [   0.085s] [35;1mapollo-federation[0m [36mconnectors::json_selection::parser::tests[0m[36m::[0m[34;1mtest_error_snapshots_v0_2[0m
[32;1m        PASS[0m [   0.083s] [35;1mapollo-federation[0m [36mconnectors::json_selection::parser::tests[0m[36m::[0m[34;1mtest_error_snapshots_v0_3[0m
[32;1m        PASS[0m [   0.020s] [35;1mapollo-federation[0m [36mconnectors::json_selection::parser::tests[0m[36m::[0m[34;1mtest_string_literal[0m
[32;1m        PASS[0m [   0.018s] [35;1mapollo-federation[0m [36mconnectors::json_selection::parser::tests[0m[36m::[0m[34;1mtest_subselection[0m
[32;1m        PASS[0m [   0.053s] [35;1mapollo-federation[0m [36mconnectors::json_selection::parser::tests[0m[36m::[0m[34;1mtest_variable_reference_nested[0m
[32;1m        PASS[0m [   0.039s] [35;1mapollo-federation[0m [36mconnectors::json_selection::pretty::tests[0m[36m::[0m[34;1mit_prints_a_sub_selection[0m
[32;1m        PASS[0m [   0.037s] [35;1mapollo-federation[0m [36mconnectors::json_selection::pretty::tests[0m[36m::[0m[34;1mit_prints_an_inline_path_with_subselection[0m
[32;1m        PASS[0m [   0.034s] [35;1mapollo-federation[0m [36mconnectors::json_selection::pretty::tests[0m[36m::[0m[34;1mit_prints_root_selection[0m
[32;1m        PASS[0m [   0.032s] [35;1mapollo-federation[0m [36mconnectors::json_selection::selection_set::tests[0m[36m::[0m[34;1mtest[0m
[32;1m        PASS[0m [   0.030s] [35;1mapollo-federation[0m [36mconnectors::json_selection::selection_set::tests[0m[36m::[0m[34;1mtest_depth[0m
[32;1m        PASS[0m [   0.025s] [35;1mapollo-federation[0m [36mconnectors::json_selection::selection_set::tests[0m[36m::[0m[34;1mtest_fragments[0m
[32;1m        PASS[0m [   0.022s] [35;1mapollo-federation[0m [36mconnectors::json_selection::selection_set::tests[0m[36m::[0m[34;1mtest_star[0m
[32;1m        PASS[0m [   0.092s] [35;1mapollo-federation[0m [36mconnectors::json_selection::parser::tests[0m[36m::[0m[34;1mtest_path_expr_with_spaces_v0_3[0m
[32;1m        PASS[0m [   0.094s] [35;1mapollo-federation[0m [36mconnectors::json_selection::parser::tests[0m[36m::[0m[34;1mtest_path_expr_with_spaces_v0_2[0m
[32;1m        PASS[0m [   0.107s] [35;1mapollo-federation[0m [36mconnectors::json_selection::parser::tests[0m[36m::[0m[34;1mtest_naked_literal_path_for_connect_v0_2[0m
[32;1m        PASS[0m [   0.020s] [35;1mapollo-federation[0m [36mconnectors::json_selection::selection_set::tests[0m[36m::[0m[34;1mtest_typename[0m
[32;1m        PASS[0m [   0.018s] [35;1mapollo-federation[0m [36mconnectors::json_selection::selection_trie::tests[0m[36m::[0m[34;1mtest_empty[0m
[32;1m        PASS[0m [   0.016s] [35;1mapollo-federation[0m [36mconnectors::json_selection::selection_trie::tests[0m[36m::[0m[34;1mtest_selection_trie_add_key[0m
[32;1m        PASS[0m [   0.013s] [35;1mapollo-federation[0m [36mconnectors::json_selection::selection_trie::tests[0m[36m::[0m[34;1mtest_selection_trie_add_path[0m
[32;1m        PASS[0m [   0.011s] [35;1mapollo-federation[0m [36mconnectors::json_selection::selection_trie::tests[0m[36m::[0m[34;1mtest_selection_trie_merge[0m
[32;1m        PASS[0m [   0.054s] [35;1mapollo-federation[0m [36mconnectors::json_selection::parser::tests[0m[36m::[0m[34;1mtest_variable_reference_no_path[0m
[32;1m        PASS[0m [   0.052s] [35;1mapollo-federation[0m [36mconnectors::json_selection::parser::tests[0m[36m::[0m[34;1mtest_variable_reference_with_path[0m
[32;1m        PASS[0m [   0.049s] [35;1mapollo-federation[0m [36mconnectors::json_selection::pretty::tests[0m[36m::[0m[34;1mit_prints_a_named_selection[0m
[32;1m        PASS[0m [   0.047s] [35;1mapollo-federation[0m [36mconnectors::json_selection::pretty::tests[0m[36m::[0m[34;1mit_prints_a_nested_sub_selection[0m
[32;1m        PASS[0m [   0.040s] [35;1mapollo-federation[0m [36mconnectors::json_selection::test::kitchen_sink::case_01_select_field[0m[36m::[0m[34;1mversion_1_ConnectSpec__V0_2[0m
[32;1m        PASS[0m [   0.039s] [35;1mapollo-federation[0m [36mconnectors::json_selection::test::kitchen_sink::case_01_select_field[0m[36m::[0m[34;1mversion_2_ConnectSpec__V0_3[0m
[32;1m        PASS[0m [   0.051s] [35;1mapollo-federation[0m [36mconnectors::json_selection::selection_trie::tests[0m[36m::[0m[34;1mtest_whole_selection_trie[0m
[32;1m        PASS[0m [   0.045s] [35;1mapollo-federation[0m [36mconnectors::json_selection::test::kitchen_sink::case_02_select_field_value[0m[36m::[0m[34;1mversion_1_ConnectSpec__V0_2[0m
[32;1m        PASS[0m [   0.042s] [35;1mapollo-federation[0m [36mconnectors::json_selection::test::kitchen_sink::case_02_select_field_value[0m[36m::[0m[34;1mversion_2_ConnectSpec__V0_3[0m
[32;1m        PASS[0m [   0.039s] [35;1mapollo-federation[0m [36mconnectors::json_selection::test::kitchen_sink::case_03_basic_subselection[0m[36m::[0m[34;1mversion_1_ConnectSpec__V0_2[0m
[32;1m        PASS[0m [   0.033s] [35;1mapollo-federation[0m [36mconnectors::json_selection::test::kitchen_sink::case_04_array_subselection[0m[36m::[0m[34;1mversion_2_ConnectSpec__V0_3[0m
[32;1m        PASS[0m [   0.031s] [35;1mapollo-federation[0m [36mconnectors::json_selection::test::kitchen_sink::case_05_array_value_subselection[0m[36m::[0m[34;1mversion_1_ConnectSpec__V0_2[0m
[32;1m        PASS[0m [   0.029s] [35;1mapollo-federation[0m [36mconnectors::json_selection::test::kitchen_sink::case_05_array_value_subselection[0m[36m::[0m[34;1mversion_2_ConnectSpec__V0_3[0m
[32;1m        PASS[0m [   0.027s] [35;1mapollo-federation[0m [36mconnectors::json_selection::test::kitchen_sink::case_06_arrow_method[0m[36m::[0m[34;1mversion_1_ConnectSpec__V0_2[0m
[32;1m        PASS[0m [   0.025s] [35;1mapollo-federation[0m [36mconnectors::json_selection::test::kitchen_sink::case_06_arrow_method[0m[36m::[0m[34;1mversion_2_ConnectSpec__V0_3[0m
[32;1m        PASS[0m [   0.024s] [35;1mapollo-federation[0m [36mconnectors::json_selection::test::kitchen_sink::case_07_arbitrary_spaces[0m[36m::[0m[34;1mversion_1_ConnectSpec__V0_2[0m
[32;1m        PASS[0m [   0.103s] [35;1mapollo-federation[0m [36mconnectors::json_selection::parser::tests[0m[36m::[0m[34;1mtest_unambiguous_single_key_paths_v0_3[0m
[32;1m        PASS[0m [   0.022s] [35;1mapollo-federation[0m [36mconnectors::json_selection::test::kitchen_sink::case_07_arbitrary_spaces[0m[36m::[0m[34;1mversion_2_ConnectSpec__V0_3[0m
[32;1m        PASS[0m [   0.020s] [35;1mapollo-federation[0m [36mconnectors::json_selection::test::kitchen_sink::case_08_select_field_optional[0m[36m::[0m[34;1mversion_1_ConnectSpec__V0_2[0m
[32;1m        PASS[0m [   0.018s] [35;1mapollo-federation[0m [36mconnectors::json_selection::test::kitchen_sink::case_08_select_field_optional[0m[36m::[0m[34;1mversion_2_ConnectSpec__V0_3[0m
[32;1m        PASS[0m [   0.106s] [35;1mapollo-federation[0m [36mconnectors::json_selection::parser::tests[0m[36m::[0m[34;1mtest_unambiguous_single_key_paths_v0_2[0m
[32;1m        PASS[0m [   0.020s] [35;1mapollo-federation[0m [36mconnectors::json_selection::test::kitchen_sink::case_09_select_null_optional[0m[36m::[0m[34;1mversion_1_ConnectSpec__V0_2[0m
[32;1m        PASS[0m [   0.018s] [35;1mapollo-federation[0m [36mconnectors::json_selection::test::kitchen_sink::case_09_select_null_optional[0m[36m::[0m[34;1mversion_2_ConnectSpec__V0_3[0m
[32;1m        PASS[0m [   0.116s] [35;1mapollo-federation[0m [36mconnectors::json_selection::parser::tests[0m[36m::[0m[34;1mtest_selection[0m
[32;1m        PASS[0m [   0.016s] [35;1mapollo-federation[0m [36mconnectors::json_selection::test::kitchen_sink::case_10_select_missing_optional[0m[36m::[0m[34;1mversion_1_ConnectSpec__V0_2[0m
[32;1m        PASS[0m [   0.104s] [35;1mapollo-federation[0m [36mconnectors::json_selection::parser::tests[0m[36m::[0m[34;1mtest_valid_single_key_path_with_alias_v0_3[0m
[32;1m        PASS[0m [   0.014s] [35;1mapollo-federation[0m [36mconnectors::json_selection::test::kitchen_sink::case_10_select_missing_optional[0m[36m::[0m[34;1mversion_2_ConnectSpec__V0_3[0m
[32;1m        PASS[0m [   0.051s] [35;1mapollo-federation[0m [36mconnectors::json_selection::test::kitchen_sink::case_03_basic_subselection[0m[36m::[0m[34;1mversion_2_ConnectSpec__V0_3[0m
[32;1m        PASS[0m [   0.114s] [35;1mapollo-federation[0m [36mconnectors::json_selection::parser::tests[0m[36m::[0m[34;1mtest_valid_single_key_path_v0_3[0m
[32;1m        PASS[0m [   0.129s] [35;1mapollo-federation[0m [36mconnectors::json_selection::parser::tests[0m[36m::[0m[34;1mtest_path_with_subselection[0m
[32;1m        PASS[0m [   0.049s] [35;1mapollo-federation[0m [36mconnectors::json_selection::test::kitchen_sink::case_04_array_subselection[0m[36m::[0m[34;1mversion_1_ConnectSpec__V0_2[0m
[32;1m        PASS[0m [   0.117s] [35;1mapollo-federation[0m [36mconnectors::json_selection::pretty::tests[0m[36m::[0m[34;1mit_prints_a_path_selection[0m
[32;1m        PASS[0m [   0.042s] [35;1mapollo-federation[0m [36mconnectors::json_selection::test::kitchen_sink::case_11_arrow_method_optional[0m[36m::[0m[34;1mversion_1_ConnectSpec__V0_2[0m
[32;1m        PASS[0m [   0.040s] [35;1mapollo-federation[0m [36mconnectors::json_selection::test::kitchen_sink::case_11_arrow_method_optional[0m[36m::[0m[34;1mversion_2_ConnectSpec__V0_3[0m
[32;1m        PASS[0m [   0.040s] [35;1mapollo-federation[0m [36mconnectors::json_selection::test::kitchen_sink::case_12_arrow_method_null_optional[0m[36m::[0m[34;1mversion_1_ConnectSpec__V0_2[0m
[32;1m        PASS[0m [   0.117s] [35;1mapollo-federation[0m [36mconnectors::json_selection::selection_set::tests[0m[36m::[0m[34;1mtest_ensuring_key_fields[0m
[32;1m        PASS[0m [   0.049s] [35;1mapollo-federation[0m [36mconnectors::json_selection::test::kitchen_sink::case_14_optional_subselection[0m[36m::[0m[34;1mversion_1_ConnectSpec__V0_2[0m
[32;1m        PASS[0m [   0.047s] [35;1mapollo-federation[0m [36mconnectors::json_selection::test::kitchen_sink::case_14_optional_subselection[0m[36m::[0m[34;1mversion_2_ConnectSpec__V0_3[0m
[32;1m        PASS[0m [   0.045s] [35;1mapollo-federation[0m [36mconnectors::json_selection::test::kitchen_sink::case_15_optional_subselection_short[0m[36m::[0m[34;1mversion_1_ConnectSpec__V0_2[0m
[32;1m        PASS[0m [   0.043s] [35;1mapollo-federation[0m [36mconnectors::json_selection::test::kitchen_sink::case_15_optional_subselection_short[0m[36m::[0m[34;1mversion_2_ConnectSpec__V0_3[0m
[32;1m        PASS[0m [   0.041s] [35;1mapollo-federation[0m [36mconnectors::models::http_json_transport::test_make_uri::combining_paths[0m[36m::[0m[34;1madd_path_before_query_params[0m
[32;1m        PASS[0m [   0.039s] [35;1mapollo-federation[0m [36mconnectors::models::http_json_transport::test_make_uri::combining_paths::handle_slashes_when_adding_path_expression[0m[36m::[0m[34;1mcase_1_when_base_has_trailing[0m
[32;1m        PASS[0m [   0.037s] [35;1mapollo-federation[0m [36mconnectors::models::http_json_transport::test_make_uri::combining_paths::handle_slashes_when_adding_path_expression[0m[36m::[0m[34;1mcase_2_when_base_does_not_have_trailing[0m
[32;1m        PASS[0m [   0.035s] [35;1mapollo-federation[0m [36mconnectors::models::http_json_transport::test_make_uri::combining_paths[0m[36m::[0m[34;1mpreserve_no_trailing_slash_from_source[0m
[32;1m        PASS[0m [   0.033s] [35;1mapollo-federation[0m [36mconnectors::models::http_json_transport::test_make_uri::combining_paths[0m[36m::[0m[34;1mpreserve_trailing_slash_from_connect[0m
[32;1m        PASS[0m [   0.031s] [35;1mapollo-federation[0m [36mconnectors::models::http_json_transport::test_make_uri::combining_paths[0m[36m::[0m[34;1mpreserve_trailing_slash_from_source[0m
[32;1m        PASS[0m [   0.031s] [35;1mapollo-federation[0m [36mconnectors::models::http_json_transport::test_make_uri::combining_paths::slashes_between_source_and_connect[0m[36m::[0m[34;1mcase_1_connect_only[0m
[32;1m        PASS[0m [   0.033s] [35;1mapollo-federation[0m [36mconnectors::models::http_json_transport::test_make_uri::combining_paths::slashes_between_source_and_connect[0m[36m::[0m[34;1mcase_2_source_only[0m
[32;1m        PASS[0m [   0.034s] [35;1mapollo-federation[0m [36mconnectors::models::http_json_transport::test_make_uri::combining_paths::slashes_between_source_and_connect[0m[36m::[0m[34;1mcase_3_neither[0m
[32;1m        PASS[0m [   0.032s] [35;1mapollo-federation[0m [36mconnectors::models::http_json_transport::test_make_uri::combining_paths::slashes_between_source_and_connect[0m[36m::[0m[34;1mcase_4_both[0m
[32;1m        PASS[0m [   0.029s] [35;1mapollo-federation[0m [36mconnectors::models::http_json_transport::test_make_uri::combining_paths[0m[36m::[0m[34;1mtrailing_slash_plus_query_params[0m
[32;1m        PASS[0m [   0.027s] [35;1mapollo-federation[0m [36mconnectors::models::http_json_transport::test_make_uri::combining_paths[0m[36m::[0m[34;1mwith_trailing_slash_in_base_plus_query_params[0m
[32;1m        PASS[0m [   0.026s] [35;1mapollo-federation[0m [36mconnectors::models::http_json_transport::test_make_uri[0m[36m::[0m[34;1mempty_path_and_query[0m
[32;1m        PASS[0m [   0.067s] [35;1mapollo-federation[0m [36mconnectors::json_selection::test::kitchen_sink::case_12_arrow_method_null_optional[0m[36m::[0m[34;1mversion_2_ConnectSpec__V0_3[0m
[32;1m        PASS[0m [   0.065s] [35;1mapollo-federation[0m [36mconnectors::json_selection::test::kitchen_sink::case_13_arrow_method_missing_optional[0m[36m::[0m[34;1mversion_1_ConnectSpec__V0_2[0m
[32;1m        PASS[0m [   0.062s] [35;1mapollo-federation[0m [36mconnectors::json_selection::test::kitchen_sink::case_13_arrow_method_missing_optional[0m[36m::[0m[34;1mversion_2_ConnectSpec__V0_3[0m
[32;1m        PASS[0m [   0.026s] [35;1mapollo-federation[0m [36mconnectors::models::http_json_transport::test_make_uri[0m[36m::[0m[34;1mfragments_are_dropped[0m
[32;1m        PASS[0m [   0.020s] [35;1mapollo-federation[0m [36mconnectors::models::http_json_transport::test_make_uri::merge_query[0m[36m::[0m[34;1mconnect_only[0m
[32;1m        PASS[0m [   0.024s] [35;1mapollo-federation[0m [36mconnectors::models::http_json_transport::test_make_uri[0m[36m::[0m[34;1mmerge_all_sources[0m
[32;1m        PASS[0m [   0.023s] [35;1mapollo-federation[0m [36mconnectors::models::http_json_transport::test_make_uri::merge_query[0m[36m::[0m[34;1mcombine_from_both_uris[0m
[32;1m        PASS[0m [   0.039s] [35;1mapollo-federation[0m [36mconnectors::models::http_json_transport::test_make_uri::merge_query[0m[36m::[0m[34;1mrepeated_params_from_array[0m
[32;1m        PASS[0m [   0.046s] [35;1mapollo-federation[0m [36mconnectors::models::http_json_transport::test_make_uri[0m[36m::[0m[34;1mskip_null_path_params[0m
[32;1m        PASS[0m [   0.061s] [35;1mapollo-federation[0m [36mconnectors::models::http_json_transport::test_make_uri[0m[36m::[0m[34;1mskip_null_query_params[0m
[32;1m        PASS[0m [   0.059s] [35;1mapollo-federation[0m [36mconnectors::models::http_json_transport::test_make_uri[0m[36m::[0m[34;1msource_template_interpolated_correctly[0m
[32;1m        PASS[0m [   0.057s] [35;1mapollo-federation[0m [36mconnectors::models::http_json_transport::test_make_uri[0m[36m::[0m[34;1msource_template_variables_retained[0m
[32;1m        PASS[0m [   0.054s] [35;1mapollo-federation[0m [36mconnectors::models::keys::tests[0m[36m::[0m[34;1mtest_make_args_field_set_from_variables[0m
[32;1m        PASS[0m [   0.052s] [35;1mapollo-federation[0m [36mconnectors::models::keys::tests[0m[36m::[0m[34;1mtest_make_batch_field_set_from_variables[0m
[32;1m        PASS[0m [   0.046s] [35;1mapollo-federation[0m [36mconnectors::runtime::form_encoding::tests[0m[36m::[0m[34;1mcomplex[0m
[32;1m        PASS[0m [   0.045s] [35;1mapollo-federation[0m [36mconnectors::runtime::form_encoding::tests::stringifies_a_querystring_object[0m[36m::[0m[34;1mcase_01[0m
[32;1m        PASS[0m [   0.043s] [35;1mapollo-federation[0m [36mconnectors::runtime::form_encoding::tests::stringifies_a_querystring_object[0m[36m::[0m[34;1mcase_02[0m
[32;1m        PASS[0m [   0.043s] [35;1mapollo-federation[0m [36mconnectors::runtime::form_encoding::tests::stringifies_a_querystring_object[0m[36m::[0m[34;1mcase_03[0m
[32;1m        PASS[0m [   0.074s] [35;1mapollo-federation[0m [36mconnectors::models::http_json_transport::test_make_uri::merge_query[0m[36m::[0m[34;1msource_and_connect_have_same_param[0m
[32;1m        PASS[0m [   0.072s] [35;1mapollo-federation[0m [36mconnectors::models::http_json_transport::test_make_uri::merge_query[0m[36m::[0m[34;1msource_only[0m
[32;1m        PASS[0m [   0.041s] [35;1mapollo-federation[0m [36mconnectors::runtime::form_encoding::tests::stringifies_a_querystring_object[0m[36m::[0m[34;1mcase_04[0m
[32;1m        PASS[0m [   0.035s] [35;1mapollo-federation[0m [36mconnectors::runtime::form_encoding::tests::stringifies_a_querystring_object[0m[36m::[0m[34;1mcase_07[0m
[32;1m        PASS[0m [   0.069s] [35;1mapollo-federation[0m [36mconnectors::models::http_json_transport::test_make_uri[0m[36m::[0m[34;1mpieces_are_not_double_encoded[0m
[32;1m        PASS[0m [   0.040s] [35;1mapollo-federation[0m [36mconnectors::runtime::form_encoding::tests::stringifies_a_querystring_object[0m[36m::[0m[34;1mcase_05[0m
[32;1m        PASS[0m [   0.037s] [35;1mapollo-federation[0m [36mconnectors::runtime::form_encoding::tests::stringifies_a_querystring_object[0m[36m::[0m[34;1mcase_06[0m
[32;1m        PASS[0m [   0.033s] [35;1mapollo-federation[0m [36mconnectors::runtime::form_encoding::tests::stringifies_a_querystring_object[0m[36m::[0m[34;1mcase_08[0m
[32;1m        PASS[0m [   0.031s] [35;1mapollo-federation[0m [36mconnectors::runtime::form_encoding::tests::stringifies_a_querystring_object[0m[36m::[0m[34;1mcase_09[0m
[32;1m        PASS[0m [   0.031s] [35;1mapollo-federation[0m [36mconnectors::runtime::form_encoding::tests::stringifies_a_querystring_object[0m[36m::[0m[34;1mcase_10[0m
[32;1m        PASS[0m [   0.029s] [35;1mapollo-federation[0m [36mconnectors::runtime::form_encoding::tests::stringifies_a_querystring_object[0m[36m::[0m[34;1mcase_11[0m
[32;1m        PASS[0m [   0.026s] [35;1mapollo-federation[0m [36mconnectors::runtime::form_encoding::tests::stringifies_a_querystring_object[0m[36m::[0m[34;1mcase_12[0m
[32;1m        PASS[0m [   0.024s] [35;1mapollo-federation[0m [36mconnectors::runtime::form_encoding::tests::stringifies_a_querystring_object[0m[36m::[0m[34;1mcase_13[0m
[32;1m        PASS[0m [   0.022s] [35;1mapollo-federation[0m [36mconnectors::runtime::form_encoding::tests::stringifies_a_querystring_object[0m[36m::[0m[34;1mcase_14[0m
[32;1m        PASS[0m [   0.019s] [35;1mapollo-federation[0m [36mconnectors::runtime::form_encoding::tests::stringifies_a_querystring_object[0m[36m::[0m[34;1mcase_15[0m
[32;1m        PASS[0m [   0.033s] [35;1mapollo-federation[0m [36mconnectors::runtime::form_encoding::tests::stringifies_a_querystring_object[0m[36m::[0m[34;1mcase_17[0m
[32;1m        PASS[0m [   0.039s] [35;1mapollo-federation[0m [36mconnectors::runtime::form_encoding::tests::stringifies_a_querystring_object[0m[36m::[0m[34;1mcase_18[0m
[32;1m        PASS[0m [   0.049s] [35;1mapollo-federation[0m [36mconnectors::runtime::form_encoding::tests::stringifies_a_querystring_object[0m[36m::[0m[34;1mcase_19[0m
[32;1m        PASS[0m [   0.069s] [35;1mapollo-federation[0m [36mconnectors::runtime::form_encoding::tests::stringifies_a_querystring_object[0m[36m::[0m[34;1mcase_16[0m
[32;1m        PASS[0m [   0.059s] [35;1mapollo-federation[0m [36mconnectors::runtime::form_encoding::tests::stringifies_a_querystring_object[0m[36m::[0m[34;1mcase_20[0m
[32;1m        PASS[0m [   0.053s] [35;1mapollo-federation[0m [36mconnectors::runtime::form_encoding::tests::stringifies_a_querystring_object[0m[36m::[0m[34;1mcase_22[0m
[32;1m        PASS[0m [   0.051s] [35;1mapollo-federation[0m [36mconnectors::runtime::form_encoding::tests::stringifies_a_querystring_object[0m[36m::[0m[34;1mcase_23[0m
[32;1m        PASS[0m [   0.056s] [35;1mapollo-federation[0m [36mconnectors::runtime::form_encoding::tests::stringifies_a_querystring_object[0m[36m::[0m[34;1mcase_21[0m
[32;1m        PASS[0m [   0.049s] [35;1mapollo-federation[0m [36mconnectors::runtime::form_encoding::tests::stringifies_a_querystring_object[0m[36m::[0m[34;1mcase_24[0m
[32;1m        PASS[0m [   0.047s] [35;1mapollo-federation[0m [36mconnectors::runtime::form_encoding::tests::stringifies_a_querystring_object[0m[36m::[0m[34;1mcase_25[0m
[32;1m        PASS[0m [   0.044s] [35;1mapollo-federation[0m [36mconnectors::runtime::form_encoding::tests::stringifies_a_querystring_object[0m[36m::[0m[34;1mcase_26[0m
[32;1m        PASS[0m [   0.044s] [35;1mapollo-federation[0m [36mconnectors::runtime::form_encoding::tests::stringifies_a_querystring_object[0m[36m::[0m[34;1mcase_27[0m
[32;1m        PASS[0m [   0.042s] [35;1mapollo-federation[0m [36mconnectors::runtime::form_encoding::tests::stringifies_a_querystring_object[0m[36m::[0m[34;1mcase_28[0m
[32;1m        PASS[0m [   0.038s] [35;1mapollo-federation[0m [36mconnectors::runtime::http_json_transport::tests[0m[36m::[0m[34;1mtest_headers_to_add_no_directives[0m
[32;1m        PASS[0m [   0.036s] [35;1mapollo-federation[0m [36mconnectors::runtime::http_json_transport::tests[0m[36m::[0m[34;1mtest_headers_to_add_with_config[0m
[32;1m        PASS[0m [   0.116s] [35;1mapollo-federation[0m [36mconnectors::models::tests[0m[36m::[0m[34;1mtest_from_schema[0m
[32;1m        PASS[0m [   0.030s] [35;1mapollo-federation[0m [36mconnectors::spec::connect::tests[0m[36m::[0m[34;1mit_supports_is_success_in_connect[0m
[32;1m        PASS[0m [   0.028s] [35;1mapollo-federation[0m [36mconnectors::spec::connect::tests[0m[36m::[0m[34;1mtest_expected_connect_spec_latest[0m
[32;1m        PASS[0m [   0.026s] [35;1mapollo-federation[0m [36mconnectors::spec::source::tests[0m[36m::[0m[34;1mit_parses_as_template_at_source[0m
[32;1m        PASS[0m [   0.117s] [35;1mapollo-federation[0m [36mconnectors::models::tests[0m[36m::[0m[34;1mtest_from_schema_v0_2[0m
[32;1m        PASS[0m [   0.061s] [35;1mapollo-federation[0m [36mconnectors::spec::source::tests[0m[36m::[0m[34;1mit_supports_is_success_in_source[0m
[32;1m        PASS[0m [   0.047s] [35;1mapollo-federation[0m [36mconnectors::string_template::encoding::tests[0m[36m::[0m[34;1muser_input_encodes_everything_but_unreserved[0m
[32;1m        PASS[0m [   0.045s] [35;1mapollo-federation[0m [36mconnectors::string_template::test_get_expressions[0m[36m::[0m[34;1mtest_variable_references[0m
[32;1m        PASS[0m [   0.042s] [35;1mapollo-federation[0m [36mconnectors::string_template::test_interpolate[0m[36m::[0m[34;1mtest_interpolate[0m
[32;1m        PASS[0m [   0.029s] [35;1mapollo-federation[0m [36mconnectors::string_template::test_interpolate[0m[36m::[0m[34;1mtest_interpolate_value_number[0m
[32;1m        PASS[0m [   0.025s] [35;1mapollo-federation[0m [36mconnectors::string_template::test_interpolate[0m[36m::[0m[34;1mtest_interpolate_value_string[0m
[32;1m        PASS[0m [   0.023s] [35;1mapollo-federation[0m [36mconnectors::string_template::test_interpolate_uri::absolute_uris[0m[36m::[0m[34;1mcase_1_http[0m
[32;1m        PASS[0m [   0.021s] [35;1mapollo-federation[0m [36mconnectors::string_template::test_interpolate_uri::absolute_uris[0m[36m::[0m[34;1mcase_2_https[0m
[32;1m        PASS[0m [   0.019s] [35;1mapollo-federation[0m [36mconnectors::string_template::test_interpolate_uri::absolute_uris[0m[36m::[0m[34;1mcase_3_ipv4[0m
[32;1m        PASS[0m [   0.017s] [35;1mapollo-federation[0m [36mconnectors::string_template::test_interpolate_uri::absolute_uris[0m[36m::[0m[34;1mcase_4_ipv6[0m
[32;1m        PASS[0m [   0.015s] [35;1mapollo-federation[0m [36mconnectors::string_template::test_interpolate_uri::absolute_uris[0m[36m::[0m[34;1mcase_5_with_port[0m
[32;1m        PASS[0m [   0.013s] [35;1mapollo-federation[0m [36mconnectors::string_template::test_interpolate_uri[0m[36m::[0m[34;1mallow_manual_percent_encoding[0m
[32;1m        PASS[0m [   0.086s] [35;1mapollo-federation[0m [36mconnectors::runtime::http_json_transport::tests[0m[36m::[0m[34;1mmake_request[0m
[32;1m        PASS[0m [   0.011s] [35;1mapollo-federation[0m [36mconnectors::string_template::test_interpolate_uri[0m[36m::[0m[34;1mauto_encode_illegal_literal_characters[0m
[32;1m        PASS[0m [   0.051s] [35;1mapollo-federation[0m [36mconnectors::string_template::test_interpolate[0m[36m::[0m[34;1mtest_interpolate_missing_value[0m
[32;1m        PASS[0m [   0.046s] [35;1mapollo-federation[0m [36mconnectors::string_template::test_interpolate[0m[36m::[0m[34;1mtest_interpolate_value_bool[0m
[32;1m        PASS[0m [   0.044s] [35;1mapollo-federation[0m [36mconnectors::string_template::test_interpolate[0m[36m::[0m[34;1mtest_interpolate_value_null[0m
[32;1m        PASS[0m [   0.044s] [35;1mapollo-federation[0m [36mconnectors::string_template::test_interpolate_uri[0m[36m::[0m[34;1mexpression_encoding[0m
[32;1m        PASS[0m [   0.041s] [35;1mapollo-federation[0m [36mconnectors::string_template::test_interpolate_uri[0m[36m::[0m[34;1mjson_value_serialization[0m
[32;1m        PASS[0m [   0.119s] [35;1mapollo-federation[0m [36mconnectors::runtime::http_json_transport::tests[0m[36m::[0m[34;1mmake_request_form_encoded[0m
[32;1m        PASS[0m [   0.040s] [35;1mapollo-federation[0m [36mconnectors::string_template::test_interpolate_uri[0m[36m::[0m[34;1mmulti_line_templates[0m
[32;1m        PASS[0m [   0.036s] [35;1mapollo-federation[0m [36mconnectors::string_template::test_interpolate_uri::relative_uris[0m[36m::[0m[34;1mcase_1_leading_slash[0m
[32;1m        PASS[0m [   0.039s] [35;1mapollo-federation[0m [36mconnectors::string_template::test_interpolate_uri::relative_uris[0m[36m::[0m[34;1mcase_2_trailing_slash[0m
[32;1m        PASS[0m [   0.037s] [35;1mapollo-federation[0m [36mconnectors::string_template::test_interpolate_uri::relative_uris[0m[36m::[0m[34;1mcase_3_sandwich_slash[0m
[32;1m        PASS[0m [   0.034s] [35;1mapollo-federation[0m [36mconnectors::string_template::test_interpolate_uri::relative_uris[0m[36m::[0m[34;1mcase_4_no_slash[0m
[32;1m        PASS[0m [   0.032s] [35;1mapollo-federation[0m [36mconnectors::string_template::test_interpolate_uri::relative_uris[0m[36m::[0m[34;1mcase_5_query_params[0m
[32;1m        PASS[0m [   0.029s] [35;1mapollo-federation[0m [36mconnectors::string_template::test_interpolate_uri::relative_uris[0m[36m::[0m[34;1mcase_6_fragment[0m
[32;1m        PASS[0m [   0.027s] [35;1mapollo-federation[0m [36mconnectors::string_template::test_interpolate_uri[0m[36m::[0m[34;1mspecial_symbols_in_literal[0m
[32;1m        PASS[0m [   0.119s] [35;1mapollo-federation[0m [36mconnectors::spec::connect::tests[0m[36m::[0m[34;1mit_parses_at_connect[0m
[32;1m        PASS[0m [   0.100s] [35;1mapollo-federation[0m [36mconnectors::spec::type_and_directive_specifications::tests[0m[36m::[0m[34;1mtest_v0_2_compatible_defs[0m
[32;1m        PASS[0m [   0.113s] [35;1mapollo-federation[0m [36mconnectors::spec::source::tests[0m[36m::[0m[34;1mit_extracts_at_source[0m
[32;1m        PASS[0m [   0.098s] [35;1mapollo-federation[0m [36mconnectors::spec::type_and_directive_specifications::tests[0m[36m::[0m[34;1mtest_v0_2_incompatible_defs[0m
[32;1m        PASS[0m [   0.113s] [35;1mapollo-federation[0m [36mconnectors::spec::type_and_directive_specifications::tests[0m[36m::[0m[34;1mtest_v0_2[0m
[32;1m        PASS[0m [   0.024s] [35;1mapollo-federation[0m [36mconnectors::tests[0m[36m::[0m[34;1mid_eq_str_with_index_0[0m
[32;1m        PASS[0m [   0.115s] [35;1mapollo-federation[0m [36mconnectors::spec::type_and_directive_specifications::tests[0m[36m::[0m[34;1mtest[0m
[32;1m        PASS[0m [   0.022s] [35;1mapollo-federation[0m [36mconnectors::tests[0m[36m::[0m[34;1mid_eq_str_with_index_non_zero[0m
[32;1m        PASS[0m [   0.147s] [35;1mapollo-federation[0m [36mconnectors::spec::connect::tests[0m[36m::[0m[34;1mit_extracts_at_connect[0m
[32;1m        PASS[0m [   0.134s] [35;1mapollo-federation[0m [36mconnectors::spec::source::tests[0m[36m::[0m[34;1mit_parses_at_source[0m
[32;1m        PASS[0m [   0.128s] [35;1mapollo-federation[0m [36mconnectors::spec::type_and_directive_specifications::tests[0m[36m::[0m[34;1mtest_v0_2_renames[0m
[32;1m        PASS[0m [   0.039s] [35;1mapollo-federation[0m [36mconnectors::validation::expression::tests[0m[36m::[0m[34;1mbare_field_with_path[0m
[32;1m        PASS[0m [   0.037s] [35;1mapollo-federation[0m [36mconnectors::validation::expression::tests[0m[36m::[0m[34;1mcoalescing[0m
[32;1m        PASS[0m [   0.035s] [35;1mapollo-federation[0m [36mconnectors::validation::expression::tests::common_invalid_expressions[0m[36m::[0m[34;1mcase_01_array[0m
[32;1m        PASS[0m [   0.032s] [35;1mapollo-federation[0m [36mconnectors::validation::expression::tests::common_invalid_expressions[0m[36m::[0m[34;1mcase_02_object[0m
[32;1m        PASS[0m [   0.030s] [35;1mapollo-federation[0m [36mconnectors::validation::expression::tests::common_invalid_expressions[0m[36m::[0m[34;1mcase_03_missing_property_of_object[0m
[32;1m        PASS[0m [   0.036s] [35;1mapollo-federation[0m [36mconnectors::validation::expression::tests::common_invalid_expressions[0m[36m::[0m[34;1mcase_04_missing_property_of_in_array[0m
[32;1m        PASS[0m [   0.035s] [35;1mapollo-federation[0m [36mconnectors::validation::expression::tests::common_invalid_expressions[0m[36m::[0m[34;1mcase_05_last[0m
[32;1m        PASS[0m [   0.122s] [35;1mapollo-federation[0m [36mconnectors::string_template::test_interpolate[0m[36m::[0m[34;1mtest_interpolate_value_array[0m
[32;1m        PASS[0m [   0.033s] [35;1mapollo-federation[0m [36mconnectors::validation::expression::tests::common_invalid_expressions[0m[36m::[0m[34;1mcase_06_unknown_var[0m
[32;1m        PASS[0m [   0.113s] [35;1mapollo-federation[0m [36mconnectors::string_template::test_interpolate[0m[36m::[0m[34;1mtest_interpolate_value_object[0m
[32;1m        PASS[0m [   0.030s] [35;1mapollo-federation[0m [36mconnectors::validation::expression::tests::common_invalid_expressions[0m[36m::[0m[34;1mcase_07_arg_is_array[0m
[32;1m        PASS[0m [   0.028s] [35;1mapollo-federation[0m [36mconnectors::validation::expression::tests::common_invalid_expressions[0m[36m::[0m[34;1mcase_08_arg_is_object[0m
[32;1m        PASS[0m [   0.026s] [35;1mapollo-federation[0m [36mconnectors::validation::expression::tests::common_invalid_expressions[0m[36m::[0m[34;1mcase_09_unknown_field_on_object[0m
[32;1m        PASS[0m [   0.024s] [35;1mapollo-federation[0m [36mconnectors::validation::expression::tests::common_invalid_expressions[0m[36m::[0m[34;1mcase_10_this_on_query[0m
[32;1m        PASS[0m [   0.034s] [35;1mapollo-federation[0m [36mconnectors::validation::expression::tests::invalid_expressions_with_as_var_binding[0m[36m::[0m[34;1mcase_3_args_object_as_echo_missing_int[0m
[32;1m        PASS[0m [   0.032s] [35;1mapollo-federation[0m [36mconnectors::validation::expression::tests::invalid_expressions_with_as_var_binding[0m[36m::[0m[34;1mcase_4_as_without_args[0m
[32;1m        PASS[0m [   0.030s] [35;1mapollo-federation[0m [36mconnectors::validation::expression::tests::invalid_expressions_with_as_var_binding[0m[36m::[0m[34;1mcase_5_as_with_no_args[0m
[32;1m        PASS[0m [   0.028s] [35;1mapollo-federation[0m [36mconnectors::validation::expression::tests::invalid_expressions_with_as_var_binding[0m[36m::[0m[34;1mcase_6_as_with_non_variable[0m
[32;1m        PASS[0m [   0.045s] [35;1mapollo-federation[0m [36mconnectors::validation::expression::tests::invalid_expressions_with_as_var_binding[0m[36m::[0m[34;1mcase_7_as_with_wrong_args[0m
[32;1m        PASS[0m [   0.043s] [35;1mapollo-federation[0m [36mconnectors::validation::expression::tests::invalid_expressions_with_as_var_binding[0m[36m::[0m[34;1mcase_8_as_with_reused_var[0m
[32;1m        PASS[0m [   0.060s] [35;1mapollo-federation[0m [36mconnectors::validation::expression::tests::common_invalid_expressions[0m[36m::[0m[34;1mcase_11_bare_field_no_var[0m
[32;1m        PASS[0m [   0.058s] [35;1mapollo-federation[0m [36mconnectors::validation::expression::tests::invalid_expressions_with_as_var_binding[0m[36m::[0m[34;1mcase_1_args_object_as_echo_bool_var_mismatch[0m
[32;1m        PASS[0m [   0.056s] [35;1mapollo-federation[0m [36mconnectors::validation::expression::tests::invalid_expressions_with_as_var_binding[0m[36m::[0m[34;1mcase_2_args_object_as_echo_missing_string[0m
[32;1m        PASS[0m [   0.041s] [35;1mapollo-federation[0m [36mconnectors::validation::expression::tests::invalid_expressions_with_method_shape_checking[0m[36m::[0m[34;1mcase_01_echo_invalid_constants[0m
[32;1m        PASS[0m [   0.033s] [35;1mapollo-federation[0m [36mconnectors::validation::expression::tests::invalid_expressions_with_method_shape_checking[0m[36m::[0m[34;1mcase_04_match_some_invalid_values[0m
[32;1m        PASS[0m [   0.038s] [35;1mapollo-federation[0m [36mconnectors::validation::expression::tests::invalid_expressions_with_method_shape_checking[0m[36m::[0m[34;1mcase_02_map_scalar[0m
[32;1m        PASS[0m [   0.105s] [35;1mapollo-federation[0m [36mconnectors::string_template::test_parse[0m[36m::[0m[34;1mexpressions_with_nested_braces[0m
[32;1m        PASS[0m [   0.036s] [35;1mapollo-federation[0m [36mconnectors::validation::expression::tests::invalid_expressions_with_method_shape_checking[0m[36m::[0m[34;1mcase_03_map_array[0m
[32;1m        PASS[0m [   0.101s] [35;1mapollo-federation[0m [36mconnectors::string_template::test_parse[0m[36m::[0m[34;1mmixed_constant_and_expression[0m
[32;1m        PASS[0m [   0.098s] [35;1mapollo-federation[0m [36mconnectors::string_template::test_parse[0m[36m::[0m[34;1msimple_constant[0m
[32;1m        PASS[0m [   0.031s] [35;1mapollo-federation[0m [36mconnectors::validation::expression::tests::invalid_expressions_with_method_shape_checking[0m[36m::[0m[34;1mcase_05_slice_of_array[0m
[32;1m        PASS[0m [   0.096s] [35;1mapollo-federation[0m [36mconnectors::string_template::test_parse[0m[36m::[0m[34;1msimple_expression[0m
[32;1m        PASS[0m [   0.029s] [35;1mapollo-federation[0m [36mconnectors::validation::expression::tests::invalid_expressions_with_method_shape_checking[0m[36m::[0m[34;1mcase_06_entries[0m
[32;1m        PASS[0m [   0.103s] [35;1mapollo-federation[0m [36mconnectors::string_template::test_parse[0m[36m::[0m[34;1mmissing_closing_braces[0m
[32;1m        PASS[0m [   0.035s] [35;1mapollo-federation[0m [36mconnectors::validation::expression::tests::invalid_expressions_with_method_shape_checking[0m[36m::[0m[34;1mcase_07_map_array[0m
[32;1m        PASS[0m [   0.034s] [35;1mapollo-federation[0m [36mconnectors::validation::expression::tests::invalid_expressions_with_method_shape_checking[0m[36m::[0m[34;1mcase_08_slice_array[0m
[32;1m        PASS[0m [   0.032s] [35;1mapollo-federation[0m [36mconnectors::validation::expression::tests::invalid_expressions_with_method_shape_checking[0m[36m::[0m[34;1mcase_09_entries_scalar[0m
[32;1m        PASS[0m [   0.029s] [35;1mapollo-federation[0m [36mconnectors::validation::expression::tests::invalid_expressions_with_method_shape_checking[0m[36m::[0m[34;1mcase_10_first[0m
[32;1m        PASS[0m [   0.027s] [35;1mapollo-federation[0m [36mconnectors::validation::expression::tests::invalid_expressions_with_method_shape_checking[0m[36m::[0m[34;1mcase_11_last[0m
[32;1m        PASS[0m [   0.025s] [35;1mapollo-federation[0m [36mconnectors::validation::expression::tests[0m[36m::[0m[34;1mnested_unknown_property[0m
[32;1m        PASS[0m [   0.049s] [35;1mapollo-federation[0m [36mconnectors::validation::expression::tests[0m[36m::[0m[34;1munknown_var_in_scalar[0m
[32;1m        PASS[0m [   0.049s] [35;1mapollo-federation[0m [36mconnectors::validation::expression::tests::valid_as_var_bindings[0m[36m::[0m[34;1mcase_1_args_object_as_echo_bool[0m
[32;1m        PASS[0m [   0.047s] [35;1mapollo-federation[0m [36mconnectors::validation::expression::tests::valid_as_var_bindings[0m[36m::[0m[34;1mcase_2_args_object_as_echo_bool[0m
[32;1m        PASS[0m [   0.043s] [35;1mapollo-federation[0m [36mconnectors::validation::expression::tests::valid_as_var_bindings[0m[36m::[0m[34;1mcase_3_args_object_as_echo_bool[0m
[32;1m        PASS[0m [   0.069s] [35;1mapollo-federation[0m [36mconnectors::validation::expression::tests[0m[36m::[0m[34;1mobject_in_url[0m
[32;1m        PASS[0m [   0.068s] [35;1mapollo-federation[0m [36mconnectors::validation::expression::tests[0m[36m::[0m[34;1msubselection_of_literal_in_array_with_missing_field[0m
[32;1m        PASS[0m [   0.066s] [35;1mapollo-federation[0m [36mconnectors::validation::expression::tests[0m[36m::[0m[34;1msubselection_of_literal_with_missing_field[0m
[32;1m        PASS[0m [   0.054s] [35;1mapollo-federation[0m [36mconnectors::validation::expression::tests::valid_as_var_bindings[0m[36m::[0m[34;1mcase_4_method_math[0m
[32;1m        PASS[0m [   0.047s] [35;1mapollo-federation[0m [36mconnectors::validation::expression::tests::valid_as_var_bindings[0m[36m::[0m[34;1mcase_7_as_int_addition[0m
[32;1m        PASS[0m [   0.052s] [35;1mapollo-federation[0m [36mconnectors::validation::expression::tests::valid_as_var_bindings[0m[36m::[0m[34;1mcase_5_redundant_as[0m
[32;1m        PASS[0m [   0.050s] [35;1mapollo-federation[0m [36mconnectors::validation::expression::tests::valid_as_var_bindings[0m[36m::[0m[34;1mcase_6_unnecessary_as[0m
[32;1m        PASS[0m [   0.045s] [35;1mapollo-federation[0m [36mconnectors::validation::expression::tests::valid_as_var_bindings[0m[36m::[0m[34;1mcase_8_as_string_concat[0m
[32;1m        PASS[0m [   0.043s] [35;1mapollo-federation[0m [36mconnectors::validation::expression::tests::valid_expressions[0m[36m::[0m[34;1mcase_01_int[0m
[32;1m        PASS[0m [   0.041s] [35;1mapollo-federation[0m [36mconnectors::validation::expression::tests::valid_expressions[0m[36m::[0m[34;1mcase_02_float[0m
[32;1m        PASS[0m [   0.039s] [35;1mapollo-federation[0m [36mconnectors::validation::expression::tests::valid_expressions[0m[36m::[0m[34;1mcase_03_bool[0m
[32;1m        PASS[0m [   0.037s] [35;1mapollo-federation[0m [36mconnectors::validation::expression::tests::valid_expressions[0m[36m::[0m[34;1mcase_04_string[0m
[32;1m        PASS[0m [   0.035s] [35;1mapollo-federation[0m [36mconnectors::validation::expression::tests::valid_expressions[0m[36m::[0m[34;1mcase_05_null[0m
[32;1m        PASS[0m [   0.033s] [35;1mapollo-federation[0m [36mconnectors::validation::expression::tests::valid_expressions[0m[36m::[0m[34;1mcase_06_property_of_object[0m
[32;1m        PASS[0m [   0.031s] [35;1mapollo-federation[0m [36mconnectors::validation::expression::tests::valid_expressions[0m[36m::[0m[34;1mcase_07_echo_valid_constants[0m
[32;1m        PASS[0m [   0.029s] [35;1mapollo-federation[0m [36mconnectors::validation::expression::tests::valid_expressions[0m[36m::[0m[34;1mcase_08_map_unknown[0m
[32;1m        PASS[0m [   0.027s] [35;1mapollo-federation[0m [36mconnectors::validation::expression::tests::valid_expressions[0m[36m::[0m[34;1mcase_09_map_scalar[0m
[32;1m        PASS[0m [   0.025s] [35;1mapollo-federation[0m [36mconnectors::validation::expression::tests::valid_expressions[0m[36m::[0m[34;1mcase_10_match_only_valid_values[0m
[32;1m        PASS[0m [   0.025s] [35;1mapollo-federation[0m [36mconnectors::validation::expression::tests::valid_expressions[0m[36m::[0m[34;1mcase_11_first[0m
[32;1m        PASS[0m [   0.030s] [35;1mapollo-federation[0m [36mconnectors::validation::expression::tests::valid_expressions[0m[36m::[0m[34;1mcase_12_first_type_unknown[0m
[32;1m        PASS[0m [   0.028s] [35;1mapollo-federation[0m [36mconnectors::validation::expression::tests::valid_expressions[0m[36m::[0m[34;1mcase_13_last[0m
[32;1m        PASS[0m [   0.025s] [35;1mapollo-federation[0m [36mconnectors::validation::expression::tests::valid_expressions[0m[36m::[0m[34;1mcase_14_last_type_unknown[0m
[32;1m        PASS[0m [   0.058s] [35;1mapollo-federation[0m [36mconnectors::validation::expression::tests::valid_expressions[0m[36m::[0m[34;1mcase_18_size_of_array[0m
[32;1m        PASS[0m [   0.059s] [35;1mapollo-federation[0m [36mconnectors::validation::expression::tests::valid_expressions[0m[36m::[0m[34;1mcase_19_size_of_entries[0m
[32;1m        PASS[0m [   0.057s] [35;1mapollo-federation[0m [36mconnectors::validation::expression::tests::valid_expressions[0m[36m::[0m[34;1mcase_20_size_of_slice[0m
[32;1m        PASS[0m [   0.053s] [35;1mapollo-federation[0m [36mconnectors::validation::expression::tests::valid_expressions[0m[36m::[0m[34;1mcase_21_slice_after_match[0m
[32;1m        PASS[0m [   0.073s] [35;1mapollo-federation[0m [36mconnectors::validation::expression::tests::valid_expressions[0m[36m::[0m[34;1mcase_15_slice_of_string[0m
[32;1m        PASS[0m [   0.071s] [35;1mapollo-federation[0m [36mconnectors::validation::expression::tests::valid_expressions[0m[36m::[0m[34;1mcase_16_slice_when_type_unknown[0m
[32;1m        PASS[0m [   0.069s] [35;1mapollo-federation[0m [36mconnectors::validation::expression::tests::valid_expressions[0m[36m::[0m[34;1mcase_17_size_when_type_unknown[0m
[32;1m        PASS[0m [   0.057s] [35;1mapollo-federation[0m [36mconnectors::validation::expression::tests::valid_expressions[0m[36m::[0m[34;1mcase_22[0m
[32;1m        PASS[0m [   0.050s] [35;1mapollo-federation[0m [36mconnectors::validation::expression::tests::valid_expressions[0m[36m::[0m[34;1mcase_25[0m
[32;1m        PASS[0m [   0.055s] [35;1mapollo-federation[0m [36mconnectors::validation::expression::tests::valid_expressions[0m[36m::[0m[34;1mcase_23[0m
[32;1m        PASS[0m [   0.053s] [35;1mapollo-federation[0m [36mconnectors::validation::expression::tests::valid_expressions[0m[36m::[0m[34;1mcase_24[0m
[32;1m        PASS[0m [   0.048s] [35;1mapollo-federation[0m [36mconnectors::validation::expression::tests::valid_expressions[0m[36m::[0m[34;1mcase_26[0m
[32;1m        PASS[0m [   0.046s] [35;1mapollo-federation[0m [36mconnectors::validation::expression::tests::valid_expressions[0m[36m::[0m[34;1mcase_27[0m
[32;1m        PASS[0m [   0.043s] [35;1mapollo-federation[0m [36mconnectors::validation::expression::tests::valid_expressions[0m[36m::[0m[34;1mcase_28_chained_methods[0m
[32;1m        PASS[0m [   0.041s] [35;1mapollo-federation[0m [36mconnectors::validation::expression::tests::valid_expressions[0m[36m::[0m[34;1mcase_29_match_scalars[0m
[32;1m        PASS[0m [   0.039s] [35;1mapollo-federation[0m [36mconnectors::validation::expression::tests::valid_expressions[0m[36m::[0m[34;1mcase_30_slice[0m
[32;1m        PASS[0m [   0.037s] [35;1mapollo-federation[0m [36mconnectors::validation::expression::tests::valid_expressions[0m[36m::[0m[34;1mcase_31_size[0m
[32;1m        PASS[0m [   0.034s] [35;1mapollo-federation[0m [36mconnectors::validation::expression::tests::valid_expressions[0m[36m::[0m[34;1mcase_32_first[0m
[32;1m        PASS[0m [   0.032s] [35;1mapollo-federation[0m [36mconnectors::validation::expression::tests::valid_expressions[0m[36m::[0m[34;1mcase_33_last[0m
[32;1m        PASS[0m [   0.029s] [35;1mapollo-federation[0m [36mconnectors::validation::expression::tests::valid_expressions[0m[36m::[0m[34;1mcase_34_multi_level_input[0m
[32;1m        PASS[0m [   0.027s] [35;1mapollo-federation[0m [36mconnectors::validation::expression::tests::valid_expressions[0m[36m::[0m[34;1mcase_35_entries_when_type_unknown[0m
[32;1m        PASS[0m [   0.025s] [35;1mapollo-federation[0m [36mconnectors::validation::expression::tests::valid_expressions[0m[36m::[0m[34;1mcase_36_methods_with_unknown_input[0m
[32;1m        PASS[0m [   0.022s] [35;1mapollo-federation[0m [36mconnectors::validation::graphql::strings::tests[0m[36m::[0m[34;1mblock_string[0m
[32;1m        PASS[0m [   0.020s] [35;1mapollo-federation[0m [36mconnectors::validation::graphql::strings::tests[0m[36m::[0m[34;1mstandard_string[0m
[32;1m        PASS[0m [   0.018s] [35;1mapollo-federation[0m [36mconnectors::validation::graphql::tests[0m[36m::[0m[34;1mline_col_lookup[0m
[32;1m        PASS[0m [   0.022s] [35;1mapollo-federation[0m [36mconnectors::validation::schema::keys::tests::test_field_set_is_not_subset[0m[36m::[0m[34;1mcase_2[0m
[32;1m        PASS[0m [   0.020s] [35;1mapollo-federation[0m [36mconnectors::validation::schema::keys::tests::test_field_set_is_subset[0m[36m::[0m[34;1mcase_1[0m
[32;1m        PASS[0m [   0.018s] [35;1mapollo-federation[0m [36mconnectors::validation::schema::keys::tests::test_field_set_is_subset[0m[36m::[0m[34;1mcase_2[0m
[32;1m        PASS[0m [   0.066s] [35;1mapollo-federation[0m [36mconnectors::validation::schema::keys::tests::test_field_set_is_subset[0m[36m::[0m[34;1mcase_3[0m
[32;1m        PASS[0m [   0.075s] [35;1mapollo-federation[0m [36mconnectors::validation::schema::keys::tests::test_field_set_is_not_subset[0m[36m::[0m[34;1mcase_1[0m
[32;1m        PASS[0m [   0.065s] [35;1mapollo-federation[0m [36mconnectors::validation::schema::keys::tests::test_field_set_is_subset[0m[36m::[0m[34;1mcase_4[0m
[32;1m        PASS[0m [   0.041s] [35;1mapollo-federation[0m [36mcorrectness::response_shape_compare_test[0m[36m::[0m[34;1mtest_basic_fail[0m
[32;1m        PASS[0m [   0.039s] [35;1mapollo-federation[0m [36mcorrectness::response_shape_compare_test[0m[36m::[0m[34;1mtest_basic_pass[0m
[32;1m        PASS[0m [   0.037s] [35;1mapollo-federation[0m [36mcorrectness::response_shape_compare_test[0m[36m::[0m[34;1mtest_boolean_condition_case_split_1[0m
[32;1m        PASS[0m [   0.034s] [35;1mapollo-federation[0m [36mcorrectness::response_shape_compare_test[0m[36m::[0m[34;1mtest_boolean_condition_case_split_2[0m
[32;1m        PASS[0m [   0.032s] [35;1mapollo-federation[0m [36mcorrectness::response_shape_compare_test[0m[36m::[0m[34;1mtest_boolean_condition_case_split_3[0m
[32;1m        PASS[0m [   0.029s] [35;1mapollo-federation[0m [36mcorrectness::response_shape_compare_test[0m[36m::[0m[34;1mtest_boolean_condition_case_split_4[0m
[32;1m        PASS[0m [   0.027s] [35;1mapollo-federation[0m [36mcorrectness::response_shape_compare_test[0m[36m::[0m[34;1mtest_boolean_condition_case_split_5[0m
[32;1m        PASS[0m [   0.024s] [35;1mapollo-federation[0m [36mcorrectness::response_shape_compare_test[0m[36m::[0m[34;1mtest_boolean_condition_case_split_basic[0m
[32;1m        PASS[0m [   0.021s] [35;1mapollo-federation[0m [36mcorrectness::response_shape_compare_test[0m[36m::[0m[34;1mtest_implied_condition[0m
[32;1m        PASS[0m [   0.026s] [35;1mapollo-federation[0m [36mcorrectness::response_shape_compare_test[0m[36m::[0m[34;1mtest_implied_condition2[0m
[32;1m        PASS[0m [   0.025s] [35;1mapollo-federation[0m [36mlink::authenticated_spec_definition::test[0m[36m::[0m[34;1mauthenticated_spec_v0_1_definitions[0m
[32;1m        PASS[0m [   0.025s] [35;1mapollo-federation[0m [36mlink::database::tests[0m[36m::[0m[34;1mallowed_link_directive_definitions[0m
[32;1m        PASS[0m [   0.026s] [35;1mapollo-federation[0m [36mlink::database::tests[0m[36m::[0m[34;1mcomputes_link_metadata[0m
[32;1m        PASS[0m [   0.022s] [35;1mapollo-federation[0m [36mlink::database::tests[0m[36m::[0m[34;1mexplicit_root_directive_import[0m
[32;1m        PASS[0m [   0.158s] [35;1mapollo-federation[0m [36mcorrectness::query_plan_analysis_test[0m[36m::[0m[34;1mtest_condition_node[0m
[32;1m        PASS[0m [   0.156s] [35;1mapollo-federation[0m [36mcorrectness::query_plan_analysis_test[0m[36m::[0m[34;1mtest_defer_node[0m
[32;1m        PASS[0m [   0.152s] [35;1mapollo-federation[0m [36mcorrectness::query_plan_analysis_test[0m[36m::[0m[34;1mtest_empty_plan[0m
[32;1m        PASS[0m [   0.149s] [35;1mapollo-federation[0m [36mcorrectness::query_plan_soundness_test[0m[36m::[0m[34;1mtest_requires_basic[0m
[32;1m        PASS[0m [   0.172s] [35;1mapollo-federation[0m [36mcorrectness::query_plan_analysis_test[0m[36m::[0m[34;1mtest_defer_node_nested[0m
[32;1m        PASS[0m [   0.155s] [35;1mapollo-federation[0m [36mcorrectness::query_plan_soundness_test[0m[36m::[0m[34;1mtest_requires_conditional[0m
[32;1m        PASS[0m [   0.167s] [35;1mapollo-federation[0m [36mcorrectness::query_plan_analysis_test[0m[36m::[0m[34;1mtest_missing_boolean_condition_over_fetch[0m
[32;1m        PASS[0m [   0.122s] [35;1mapollo-federation[0m [36mcorrectness::response_shape_test[0m[36m::[0m[34;1mtest_aliases[0m
[32;1m        PASS[0m [   0.114s] [35;1mapollo-federation[0m [36mcorrectness::response_shape_test[0m[36m::[0m[34;1mtest_boolean_conditions_unsatisfiable_conditions[0m
[32;1m        PASS[0m [   0.178s] [35;1mapollo-federation[0m [36mcorrectness::query_plan_analysis_test[0m[36m::[0m[34;1mtest_missing_boolean_condition_still_correct[0m
[32;1m        PASS[0m [   0.166s] [35;1mapollo-federation[0m [36mcorrectness::query_plan_soundness_test[0m[36m::[0m[34;1mtest_requires_conditional_multiple_variants[0m
[32;1m        PASS[0m [   0.027s] [35;1mapollo-federation[0m [36mlink::database::tests[0m[36m::[0m[34;1mrenamed_link_directive[0m
[32;1m        PASS[0m [   0.031s] [35;1mapollo-federation[0m [36mlink::database::tests[0m[36m::[0m[34;1mrenamed_core_directive[0m
[32;1m        PASS[0m [   0.174s] [35;1mapollo-federation[0m [36mcorrectness::query_plan_analysis_test[0m[36m::[0m[34;1mtest_sequence_node[0m
[32;1m        PASS[0m [   0.164s] [35;1mapollo-federation[0m [36mcorrectness::query_plan_soundness_test[0m[36m::[0m[34;1mtest_requires_external_under_non_external[0m
[32;1m        PASS[0m [   0.025s] [35;1mapollo-federation[0m [36mlink::database::tests[0m[36m::[0m[34;1murl_syntax[0m
[32;1m        PASS[0m [   0.151s] [35;1mapollo-federation[0m [36mcorrectness::response_shape_test[0m[36m::[0m[34;1mtest_boolean_conditions_constants[0m
[32;1m        PASS[0m [   0.143s] [35;1mapollo-federation[0m [36mcorrectness::response_shape_test[0m[36m::[0m[34;1mtest_fragment_spread[0m
[32;1m        PASS[0m [   0.139s] [35;1mapollo-federation[0m [36mcorrectness::response_shape_test[0m[36m::[0m[34;1mtest_merge_sub_selection_sets[0m
[32;1m        PASS[0m [   0.137s] [35;1mapollo-federation[0m [36mcorrectness::response_shape_test[0m[36m::[0m[34;1mtest_merge_sub_selection_sets_with_boolean_conditions[0m
[32;1m        PASS[0m [   0.023s] [35;1mapollo-federation[0m [36mlink::join_spec_definition::test_enum_value[0m[36m::[0m[34;1mbasic[0m
[32;1m        PASS[0m [   0.192s] [35;1mapollo-federation[0m [36mcorrectness::query_plan_analysis_test[0m[36m::[0m[34;1mtest_single_fetch[0m
[32;1m        PASS[0m [   0.149s] [35;1mapollo-federation[0m [36mcorrectness::response_shape_test[0m[36m::[0m[34;1mtest_boolean_conditions_different_multiple_conditions[0m
[32;1m        PASS[0m [   0.196s] [35;1mapollo-federation[0m [36mcorrectness::query_plan_analysis_test[0m[36m::[0m[34;1mtest_parallel_node[0m
[32;1m        PASS[0m [   0.019s] [35;1mapollo-federation[0m [36mlink::join_spec_definition::test_enum_value[0m[36m::[0m[34;1mdigit_first_char[0m
[32;1m        PASS[0m [   0.128s] [35;1mapollo-federation[0m [36mcorrectness::response_shape_test[0m[36m::[0m[34;1mtest_type_conditions_empty_intersection[0m
[32;1m        PASS[0m [   0.017s] [35;1mapollo-federation[0m [36mlink::join_spec_definition::test_enum_value[0m[36m::[0m[34;1mdigit_last_char[0m
[32;1m        PASS[0m [   0.125s] [35;1mapollo-federation[0m [36mcorrectness::response_shape_test[0m[36m::[0m[34;1mtest_type_conditions_merge_different_but_equivalent_intersection_expressions[0m
[32;1m        PASS[0m [   0.014s] [35;1mapollo-federation[0m [36mlink::join_spec_definition::test_enum_value[0m[36m::[0m[34;1mspecial_symbols[0m
[32;1m        PASS[0m [   0.135s] [35;1mapollo-federation[0m [36mcorrectness::response_shape_test[0m[36m::[0m[34;1mtest_non_conditional_directives[0m
[32;1m        PASS[0m [   0.012s] [35;1mapollo-federation[0m [36mlink::join_spec_definition::test_enum_value[0m[36m::[0m[34;1mwith_hyphens[0m
[32;1m        PASS[0m [   0.156s] [35;1mapollo-federation[0m [36mcorrectness::response_shape_test[0m[36m::[0m[34;1mtest_type_conditions_merge_equivalent_intersections[0m
[32;1m        PASS[0m [   0.166s] [35;1mapollo-federation[0m [36mcorrectness::response_shape_test[0m[36m::[0m[34;1mtest_not_merge_sub_selection_sets_under_different_type_conditions[0m
[32;1m        PASS[0m [   0.150s] [35;1mapollo-federation[0m [36mcorrectness::response_shape_test[0m[36m::[0m[34;1mtest_type_conditions_over_multiple_different_interface_types[0m
[32;1m        PASS[0m [   0.045s] [35;1mapollo-federation[0m [36mlink::join_spec_definition::test_enum_value[0m[36m::[0m[34;1mwith_underscores[0m
[32;1m        PASS[0m [   0.043s] [35;1mapollo-federation[0m [36mlink::policy_spec_definition::test[0m[36m::[0m[34;1mpolicy_spec_v0_1_definitions[0m
[32;1m        PASS[0m [   0.147s] [35;1mapollo-federation[0m [36mcorrectness::response_shape_test[0m[36m::[0m[34;1mtest_type_conditions_over_multiple_different_types[0m
[32;1m        PASS[0m [   0.040s] [35;1mapollo-federation[0m [36mlink::requires_scopes_spec_definition::test[0m[36m::[0m[34;1mrequires_scopes_spec_v0_1_definitions[0m
[32;1m        PASS[0m [   0.153s] [35;1mapollo-federation[0m [36mcorrectness::response_shape_test[0m[36m::[0m[34;1mtest_type_conditions_merge_same_object_type[0m
[32;1m        PASS[0m [   0.035s] [35;1mapollo-federation[0m [36mlink::spec::tests[0m[36m::[0m[34;1minvalid_versions_strings_return_menaingful_errors[0m
[32;1m        PASS[0m [   0.033s] [35;1mapollo-federation[0m [36mlink::spec::tests[0m[36m::[0m[34;1mvalid_urls_can_be_parsed[0m
[32;1m        PASS[0m [   0.031s] [35;1mapollo-federation[0m [36mlink::spec::tests[0m[36m::[0m[34;1mvalid_versions_can_be_parsed[0m
[32;1m        PASS[0m [   0.030s] [35;1mapollo-federation[0m [36mlink::spec::tests[0m[36m::[0m[34;1mversions_compares_correctly[0m
[32;1m        PASS[0m [   0.042s] [35;1mapollo-federation[0m [36mmerger::merge_field::join_field_tests[0m[36m::[0m[34;1mtest_all_types_equal_no_directives_skips[0m
[32;1m        PASS[0m [   0.045s] [35;1mapollo-federation[0m [36mmerger::merge_field::join_field_tests[0m[36m::[0m[34;1mtest_add_join_field_early_returns_when_not_needed[0m
[32;1m        PASS[0m [   0.040s] [35;1mapollo-federation[0m [36mmerger::merge_field::join_field_tests[0m[36m::[0m[34;1mtest_field_merge_context_behavior[0m
[32;1m        PASS[0m [   0.146s] [35;1mapollo-federation[0m [36mlink::database::tests::link_import[0m[36m::[0m[34;1merrors_on_importing_unknown_elements_for_known_features[0m
[32;1m        PASS[0m [   0.038s] [35;1mapollo-federation[0m [36mmerger::merge_field::join_field_tests[0m[36m::[0m[34;1mtest_field_merge_context_integration[0m
[32;1m        PASS[0m [   0.036s] [35;1mapollo-federation[0m [36mmerger::merge_field::join_field_tests[0m[36m::[0m[34;1mtest_needs_join_field_returns_false_when_not_needed[0m
[32;1m        PASS[0m [   0.129s] [35;1mapollo-federation[0m [36mlink::database::tests::link_import[0m[36m::[0m[34;1merrors_on_mismatch_between_name_and_alias[0m
[32;1m        PASS[0m [   0.032s] [35;1mapollo-federation[0m [36mmerger::merge_field::join_field_tests[0m[36m::[0m[34;1mtest_needs_join_field_returns_true_when_types_differ[0m
[32;1m        PASS[0m [   0.029s] [35;1mapollo-federation[0m [36mmerger::merge_field::join_field_tests[0m[36m::[0m[34;1mtest_types_differ_emits_join_field[0m
[32;1m        PASS[0m [   0.141s] [35;1mapollo-federation[0m [36mlink::database::tests::link_import[0m[36m::[0m[34;1merrors_on_malformed_values[0m
[32;1m        PASS[0m [   0.027s] [35;1mapollo-federation[0m [36mmerger::merge_union::tests[0m[36m::[0m[34;1mtest_hint_on_inconsistent_union_member[0m
[32;1m        PASS[0m [   0.024s] [35;1mapollo-federation[0m [36mmerger::merge_union::tests[0m[36m::[0m[34;1mtest_merge_union_combines_all_members[0m
[32;1m        PASS[0m [   0.019s] [35;1mapollo-federation[0m [36mmerger::merge_union::tests[0m[36m::[0m[34;1mtest_union_type_creation[0m
[32;1m        PASS[0m [   0.135s] [35;1mapollo-federation[0m [36mlink::join_spec_definition::test[0m[36m::[0m[34;1mjoin_spec_v0_2_definitions[0m
[32;1m        PASS[0m [   0.045s] [35;1mapollo-federation[0m [36moperation::directive_list::tests[0m[36m::[0m[34;1mconsistent_hash[0m
[32;1m        PASS[0m [   0.056s] [35;1mapollo-federation[0m [36mmerger::merge_union::tests[0m[36m::[0m[34;1mtest_merge_union_identical_members_across_subgraphs[0m
[32;1m        PASS[0m [   0.043s] [35;1mapollo-federation[0m [36moperation::directive_list::tests[0m[36m::[0m[34;1morder_independent_equality[0m
[32;1m        PASS[0m [   0.132s] [35;1mapollo-federation[0m [36mlink::join_spec_definition::test[0m[36m::[0m[34;1mjoin_spec_v0_3_definitions[0m
[32;1m        PASS[0m [   0.128s] [35;1mapollo-federation[0m [36mlink::join_spec_definition::test[0m[36m::[0m[34;1mjoin_spec_v0_5_definitions[0m
[32;1m        PASS[0m [   0.144s] [35;1mapollo-federation[0m [36mlink::join_spec_definition::test[0m[36m::[0m[34;1mjoin_spec_v0_1_definitions[0m
[32;1m        PASS[0m [   0.130s] [35;1mapollo-federation[0m [36mlink::join_spec_definition::test[0m[36m::[0m[34;1mjoin_spec_v0_4_definitions[0m
[32;1m        PASS[0m [   0.049s] [35;1mapollo-federation[0m [36moperation::contains::tests[0m[36m::[0m[34;1mselection_set_contains_missing_typename[0m
[32;1m        PASS[0m [   0.015s] [35;1mapollo-federation[0m [36moperation::optimize::tests[0m[36m::[0m[34;1mgenerated_fragment_names[0m
[32;1m        PASS[0m [   0.094s] [35;1mapollo-federation[0m [36mmerge::tests[0m[36m::[0m[34;1mtest_basic[0m
[32;1m        PASS[0m [   0.040s] [35;1mapollo-federation[0m [36moperation::optimize::tests::test_empty_branch_removal[0m[36m::[0m[34;1mremoves_cascading_empty_branches[0m
[32;1m        PASS[0m [   0.038s] [35;1mapollo-federation[0m [36moperation::optimize::tests::test_empty_branch_removal[0m[36m::[0m[34;1mremoves_simple_empty_branches[0m
[32;1m        PASS[0m [   0.043s] [35;1mapollo-federation[0m [36moperation::optimize::tests::test_empty_branch_removal[0m[36m::[0m[34;1moperation_not_modified_if_no_empty_branches[0m
[32;1m        PASS[0m [   0.082s] [35;1mapollo-federation[0m [36moperation::contains::tests[0m[36m::[0m[34;1mselection_set_contains[0m
[32;1m        PASS[0m [   0.121s] [35;1mapollo-federation[0m [36mmerge::tests[0m[36m::[0m[34;1mtest_input_types[0m
[32;1m        PASS[0m [   0.119s] [35;1mapollo-federation[0m [36mmerge::tests[0m[36m::[0m[34;1mtest_interface_implementing_interface[0m
[32;1m        PASS[0m [   0.123s] [35;1mapollo-federation[0m [36mmerge::tests[0m[36m::[0m[34;1mtest_inaccessible[0m
[32;1m        PASS[0m [   0.117s] [35;1mapollo-federation[0m [36mmerge::tests[0m[36m::[0m[34;1mtest_interface_object[0m
[32;1m        PASS[0m [   0.023s] [35;1mapollo-federation[0m [36moperation::tests[0m[36m::[0m[34;1mcan_remove_introspection_selections[0m
[32;1m        PASS[0m [   0.115s] [35;1mapollo-federation[0m [36mmerge::tests[0m[36m::[0m[34;1mtest_steel_thread[0m
[32;1m        PASS[0m [   0.098s] [35;1mapollo-federation[0m [36moperation::optimize::tests::fragment_generation[0m[36m::[0m[34;1mextracts_common_complex_selections[0m
[32;1m        PASS[0m [   0.111s] [35;1mapollo-federation[0m [36moperation::optimize::tests::fragment_generation[0m[36m::[0m[34;1mdoes_not_extract_different_sub_selections[0m
[32;1m        PASS[0m [   0.103s] [35;1mapollo-federation[0m [36moperation::optimize::tests::fragment_generation[0m[36m::[0m[34;1mextracts_common_order_independent_selections[0m
[32;1m        PASS[0m [   0.109s] [35;1mapollo-federation[0m [36moperation::optimize::tests::fragment_generation[0m[36m::[0m[34;1mextracts_common_inline_fragment_selections[0m
[32;1m        PASS[0m [   0.023s] [35;1mapollo-federation[0m [36moperation::tests[0m[36m::[0m[34;1mkeeps_typename_for_interface_object[0m
[32;1m        PASS[0m [   0.124s] [35;1mapollo-federation[0m [36moperation::optimize::tests::fragment_generation[0m[36m::[0m[34;1mdoes_not_extract_selections_on_different_types[0m
[32;1m        PASS[0m [   0.118s] [35;1mapollo-federation[0m [36moperation::optimize::tests::fragment_generation[0m[36m::[0m[34;1mextracts_common_field_and_inline_fragment_selections[0m
[32;1m        PASS[0m [   0.119s] [35;1mapollo-federation[0m [36moperation::optimize::tests::fragment_generation[0m[36m::[0m[34;1mextracts_common_selections[0m
[32;1m        PASS[0m [   0.025s] [35;1mapollo-federation[0m [36moperation::tests::lazy_map_tests[0m[36m::[0m[34;1mtest_lazy_map[0m
[32;1m        PASS[0m [   0.122s] [35;1mapollo-federation[0m [36moperation::optimize::tests::fragment_generation[0m[36m::[0m[34;1mextracts_common_sub_selections[0m
[32;1m        PASS[0m [   0.021s] [35;1mapollo-federation[0m [36moperation::tests::make_selection_tests[0m[36m::[0m[34;1mtest_make_selection_order[0m
[32;1m        PASS[0m [   0.031s] [35;1mapollo-federation[0m [36moperation::tests::lazy_map_tests[0m[36m::[0m[34;1mtest_lazy_map2[0m
[32;1m        PASS[0m [   0.124s] [35;1mapollo-federation[0m [36moperation::optimize::tests::fragment_generation[0m[36m::[0m[34;1mhandles_skip_on_inline_fragments[0m
[32;1m        PASS[0m [   0.138s] [35;1mapollo-federation[0m [36moperation::optimize::tests::fragment_generation[0m[36m::[0m[34;1mhandles_include_skip[0m
[32;1m        PASS[0m [   0.123s] [35;1mapollo-federation[0m [36moperation::simplify::tests[0m[36m::[0m[34;1mdoes_not_duplicate_fragments_regression_router782[0m
[32;1m        PASS[0m [   0.119s] [35;1mapollo-federation[0m [36moperation::tests[0m[36m::[0m[34;1madd_at_path_collapses_unnecessary_fragments[0m
[32;1m        PASS[0m [   0.122s] [35;1mapollo-federation[0m [36moperation::tests[0m[36m::[0m[34;1madd_at_path_merge_subselections[0m
[32;1m        PASS[0m [   0.125s] [35;1mapollo-federation[0m [36moperation::tests[0m[36m::[0m[34;1madd_at_path_merge_scalar_fields[0m
[32;1m        PASS[0m [   0.115s] [35;1mapollo-federation[0m [36moperation::tests[0m[36m::[0m[34;1mdirective_propagation[0m
[32;1m        PASS[0m [   0.117s] [35;1mapollo-federation[0m [36moperation::tests[0m[36m::[0m[34;1mconverting_operation_types[0m
[32;1m        PASS[0m [   0.021s] [35;1mapollo-federation[0m [36moperation::tests[0m[36m::[0m[34;1mused_variables[0m
[32;1m        PASS[0m [   0.125s] [35;1mapollo-federation[0m [36moperation::tests[0m[36m::[0m[34;1mdo_not_merge_when_fields_have_different_directives[0m
[32;1m        PASS[0m [   0.130s] [35;1mapollo-federation[0m [36moperation::tests[0m[36m::[0m[34;1mdo_not_merge_fields_with_defer_directive[0m
[32;1m        PASS[0m [   0.128s] [35;1mapollo-federation[0m [36moperation::tests[0m[36m::[0m[34;1mdo_not_merge_fragments_with_defer_directive[0m
[32;1m        PASS[0m [   0.134s] [35;1mapollo-federation[0m [36moperation::tests[0m[36m::[0m[34;1mdo_not_merge_when_fragments_have_different_directives[0m
[32;1m        PASS[0m [   0.030s] [35;1mapollo-federation[0m [36mquery_graph::build_query_graph::tests[0m[36m::[0m[34;1mbuilding_query_graphs_from_schema_handles_object_types[0m
[32;1m        PASS[0m [   0.132s] [35;1mapollo-federation[0m [36moperation::tests[0m[36m::[0m[34;1mdo_not_merge_when_only_one_field_specifies_directive[0m
[32;1m        PASS[0m [   0.025s] [35;1mapollo-federation[0m [36mquery_graph::condition_resolver::tests[0m[36m::[0m[34;1mtest_condition_resolver_cache[0m
[32;1m        PASS[0m [   0.127s] [35;1mapollo-federation[0m [36moperation::tests[0m[36m::[0m[34;1mdo_not_merge_when_only_one_fragment_specifies_directive[0m
[32;1m        PASS[0m [   0.122s] [35;1mapollo-federation[0m [36moperation::tests[0m[36m::[0m[34;1mexpands_named_fragments[0m
[32;1m        PASS[0m [   0.125s] [35;1mapollo-federation[0m [36moperation::tests[0m[36m::[0m[34;1mexpands_and_deduplicates_fragments[0m
[32;1m        PASS[0m [   0.030s] [35;1mapollo-federation[0m [36mquery_graph::path_tree::tests[0m[36m::[0m[34;1mpath_tree_display[0m
[32;1m        PASS[0m [   0.035s] [35;1mapollo-federation[0m [36mquery_graph::graph_path::operation::tests[0m[36m::[0m[34;1mpath_display[0m
[32;1m        PASS[0m [   0.047s] [35;1mapollo-federation[0m [36mquery_graph::build_query_graph::tests[0m[36m::[0m[34;1mtest_build_supergraph_api_query_graph[0m
[32;1m        PASS[0m [   0.138s] [35;1mapollo-federation[0m [36moperation::tests[0m[36m::[0m[34;1mfragments_with_directive_on_typename[0m
[32;1m        PASS[0m [   0.023s] [35;1mapollo-federation[0m [36mquery_plan::fetch_dependency_graph::tests[0m[36m::[0m[34;1mtype_condition_fetching_disabled[0m
[32;1m        PASS[0m [   0.135s] [35;1mapollo-federation[0m [36moperation::tests[0m[36m::[0m[34;1mfragments_with_non_intersecting_types[0m
[32;1m        PASS[0m [   0.016s] [35;1mapollo-federation[0m [36mquery_plan::generate::tests[0m[36m::[0m[34;1mbail_early_for_more_costly_elements[0m
[32;1m        PASS[0m [   0.014s] [35;1mapollo-federation[0m [36mquery_plan::generate::tests[0m[36m::[0m[34;1mhandles_branches_of_various_sizes[0m
[32;1m        PASS[0m [   0.011s] [35;1mapollo-federation[0m [36mquery_plan::generate::tests[0m[36m::[0m[34;1mpick_elements_at_same_index_first[0m
[32;1m        PASS[0m [   0.128s] [35;1mapollo-federation[0m [36moperation::tests[0m[36m::[0m[34;1mhandles_fragments_on_union_in_context_with_limited_intersection[0m
[32;1m        PASS[0m [   0.157s] [35;1mapollo-federation[0m [36moperation::tests[0m[36m::[0m[34;1mhandles_fragment_matching_at_the_top_level_of_another_fragment[0m
[32;1m        PASS[0m [   0.045s] [35;1mapollo-federation[0m [36mquery_plan::fetch_dependency_graph::tests[0m[36m::[0m[34;1mtype_condition_fetching_enabled[0m
[32;1m        PASS[0m [   0.160s] [35;1mapollo-federation[0m [36moperation::tests[0m[36m::[0m[34;1mfragments_with_same_directive_in_the_fragment_selection[0m
[32;1m        PASS[0m [   0.054s] [35;1mapollo-federation[0m [36mquery_plan::conditions::tests[0m[36m::[0m[34;1mmerge_conditions[0m
[32;1m        PASS[0m [   0.151s] [35;1mapollo-federation[0m [36moperation::tests[0m[36m::[0m[34;1mhandles_fragments_used_in_context_where_they_get_trimmed[0m
[32;1m        PASS[0m [   0.052s] [35;1mapollo-federation[0m [36mquery_plan::conditions::tests[0m[36m::[0m[34;1mupdate_conditions[0m
[32;1m        PASS[0m [   0.142s] [35;1mapollo-federation[0m [36moperation::tests[0m[36m::[0m[34;1mkeeps_typename_if_no_other_selection[0m
[32;1m        PASS[0m [   0.022s] [35;1mapollo-federation[0m [36mquery_plan::query_planning_traversal[0m[36m::[0m[34;1mtest_prune_and_reorder_first_branch[0m
[32;1m        PASS[0m [   0.120s] [35;1mapollo-federation[0m [36moperation::tests[0m[36m::[0m[34;1mmerge_nested_fragments[0m
[32;1m        PASS[0m [   0.108s] [35;1mapollo-federation[0m [36moperation::tests[0m[36m::[0m[34;1mmerge_same_fields_without_directives[0m
[32;1m        PASS[0m [   0.150s] [35;1mapollo-federation[0m [36moperation::tests[0m[36m::[0m[34;1mmerge_nested_field_selections[0m
[32;1m        PASS[0m [   0.141s] [35;1mapollo-federation[0m [36moperation::tests[0m[36m::[0m[34;1mmerge_same_fields_with_same_directive[0m
[32;1m        PASS[0m [   0.046s] [35;1mapollo-federation[0m [36mschema::field_set::tests[0m[36m::[0m[34;1mtest_aliases_in_field_set[0m
[32;1m        PASS[0m [   0.034s] [35;1mapollo-federation[0m [36mschema::schema_upgrader::tests[0m[36m::[0m[34;1mdoes_not_add_shareable_to_subscriptions[0m
[32;1m        PASS[0m [   0.138s] [35;1mapollo-federation[0m [36moperation::tests[0m[36m::[0m[34;1mmerge_same_fields_with_same_directive_but_different_arg_order[0m
[32;1m        PASS[0m [   0.126s] [35;1mapollo-federation[0m [36moperation::tests[0m[36m::[0m[34;1mmerge_same_fragments_with_same_directives[0m
[32;1m        PASS[0m [   0.123s] [35;1mapollo-federation[0m [36moperation::tests[0m[36m::[0m[34;1moff_by_1_error[0m
[32;1m        PASS[0m [   0.027s] [35;1mapollo-federation[0m [36mschema::schema_upgrader::tests[0m[36m::[0m[34;1mhandle_implicit_core_directive_alias[0m
[32;1m        PASS[0m [   0.025s] [35;1mapollo-federation[0m [36mschema::schema_upgrader::tests[0m[36m::[0m[34;1mhandle_link_directive_name_conflict[0m
[32;1m        PASS[0m [   0.114s] [35;1mapollo-federation[0m [36moperation::tests[0m[36m::[0m[34;1mremoves_sibling_typename[0m
[32;1m        PASS[0m [   0.045s] [35;1mapollo-federation[0m [36mschema::field_set::tests[0m[36m::[0m[34;1mtest_aliases_in_field_set_via_build_federated_query_graph[0m
[32;1m        PASS[0m [   0.130s] [35;1mapollo-federation[0m [36moperation::tests[0m[36m::[0m[34;1mmerge_same_fragments_with_same_directive_but_different_arg_order[0m
[32;1m        PASS[0m [   0.133s] [35;1mapollo-federation[0m [36moperation::tests[0m[36m::[0m[34;1mmerge_same_fragment_without_directives[0m
[32;1m        PASS[0m [   0.046s] [35;1mapollo-federation[0m [36mschema::schema_upgrader::tests[0m[36m::[0m[34;1mremove_tag_on_external_field_if_found_on_definition[0m
[32;1m        PASS[0m [   0.056s] [35;1mapollo-federation[0m [36mschema::schema_upgrader::tests[0m[36m::[0m[34;1mhandle_renamed_link_directive[0m
[32;1m        PASS[0m [   0.059s] [35;1mapollo-federation[0m [36mschema::schema_upgrader::tests[0m[36m::[0m[34;1mhandle_renamed_core_directive[0m
[32;1m        PASS[0m [   0.041s] [35;1mapollo-federation[0m [36mschema::subgraph_metadata::tests[0m[36m::[0m[34;1msubgraph_metadata_is_field_shareable[0m
[32;1m        PASS[0m [   0.036s] [35;1mapollo-federation[0m [36mschema::subgraph_metadata::tests[0m[36m::[0m[34;1msubgraph_metadata_is_field_used[0m
[32;1m        PASS[0m [   0.147s] [35;1mapollo-federation[0m [36moperation::tests[0m[36m::[0m[34;1mtest_expand_all_fragments1[0m
[32;1m        PASS[0m [   0.054s] [35;1mapollo-federation[0m [36mschema::schema_upgrader::tests[0m[36m::[0m[34;1mhandles_addition_of_shareable_when_external_is_used_on_type[0m
[32;1m        PASS[0m [   0.049s] [35;1mapollo-federation[0m [36mschema::schema_upgrader::tests[0m[36m::[0m[34;1mreject_interface_object_usage_if_not_all_subgraphs_are_fed2[0m
[32;1m        PASS[0m [   0.026s] [35;1mapollo-federation[0m [36mschema::validators::cache_tag::tests[0m[36m::[0m[34;1mtest_api_test[0m
[32;1m        PASS[0m [   0.052s] [35;1mapollo-federation[0m [36mschema::schema_upgrader::tests[0m[36m::[0m[34;1mignore_error_for_provides_field_set_on_scalar_field[0m
[32;1m        PASS[0m [   0.023s] [35;1mapollo-federation[0m [36mschema::validators::cache_tag::tests[0m[36m::[0m[34;1mtest_invalid_format_path_selection[0m
[32;1m        PASS[0m [   0.048s] [35;1mapollo-federation[0m [36mschema::validators::cache_tag::tests[0m[36m::[0m[34;1mtest_invalid_format_selection[0m
[32;1m        PASS[0m [   0.037s] [35;1mapollo-federation[0m [36mschema::validators::cache_tag::tests[0m[36m::[0m[34;1mtest_invalid_format_string_nullable_args[0m
[32;1m        PASS[0m [   0.045s] [35;1mapollo-federation[0m [36mschema::validators::cache_tag::tests[0m[36m::[0m[34;1mtest_invalid_format_string_list_args[0m
[32;1m        PASS[0m [   0.034s] [35;1mapollo-federation[0m [36mschema::validators::cache_tag::tests[0m[36m::[0m[34;1mtest_latest_connect_spec[0m
[32;1m        PASS[0m [   0.032s] [35;1mapollo-federation[0m [36mschema::validators::cache_tag::tests[0m[36m::[0m[34;1mtest_valid_format_string[0m
[32;1m        PASS[0m [   0.043s] [35;1mapollo-federation[0m [36mschema::validators::cache_tag::tests[0m[36m::[0m[34;1mtest_invalid_format_string_multiple_keys[0m
[32;1m        PASS[0m [   0.027s] [35;1mapollo-federation[0m [36mschema::validators::cache_tag::tests[0m[36m::[0m[34;1mtest_valid_format_string_multiple_keys[0m
[32;1m        PASS[0m [   0.040s] [35;1mapollo-federation[0m [36mschema::validators::cache_tag::tests[0m[36m::[0m[34;1mtest_invalid_format_string_multiple_selections[0m
[32;1m        PASS[0m [   0.025s] [35;1mapollo-federation[0m [36mschema::validators::context::tests[0m[36m::[0m[34;1mdeny_invalid_context_name[0m
[32;1m        PASS[0m [   0.023s] [35;1mapollo-federation[0m [36mschema::validators::context::tests[0m[36m::[0m[34;1mdeny_underscore_in_context_name[0m
[32;1m        PASS[0m [   0.107s] [35;1mapollo-federation[0m [36mschema::position::tests[0m[36m::[0m[34;1mremove_interface_recursive[0m
[32;1m        PASS[0m [   0.102s] [35;1mapollo-federation[0m [36mschema::position::tests[0m[36m::[0m[34;1mrename_type[0m
[32;1m        PASS[0m [   0.614s] [35;1mapollo-federation[0m [36mconnectors::validation::test_validate_source[0m[36m::[0m[34;1mvalidation_tests[0m
[32;1m        PASS[0m [   0.124s] [35;1mapollo-federation[0m [36mquery_plan::query_planner::tests[0m[36m::[0m[34;1mplan_simple_query_for_single_subgraph[0m
[32;1m        PASS[0m [   0.139s] [35;1mapollo-federation[0m [36mschema::position::tests[0m[36m::[0m[34;1mremove_type_recursive[0m
[32;1m        PASS[0m [   0.043s] [35;1mapollo-federation[0m [36mschema::validators::from_context::tests[0m[36m::[0m[34;1mtest_empty_context_name[0m
[32;1m        PASS[0m [   0.041s] [35;1mapollo-federation[0m [36mschema::validators::from_context::tests[0m[36m::[0m[34;1mtest_forbid_default_values_on_contextual_arguments[0m
[32;1m        PASS[0m [   0.164s] [35;1mapollo-federation[0m [36mquery_plan::query_planner::tests[0m[36m::[0m[34;1mdrop_operation_root_level_typename[0m
[32;1m        PASS[0m [   0.039s] [35;1mapollo-federation[0m [36mschema::validators::from_context::tests[0m[36m::[0m[34;1mtest_nullability_mismatch_ok_if_contextual_value_non_nullable[0m
[32;1m        PASS[0m [   0.056s] [35;1mapollo-federation[0m [36mschema::validators::from_context::tests[0m[36m::[0m[34;1mtest_context_fails_on_union_missing_prop[0m
[32;1m        PASS[0m [   0.132s] [35;1mapollo-federation[0m [36mschema::schema_upgrader::tests[0m[36m::[0m[34;1mfully_upgrades_schema_with_no_link_directives[0m
[32;1m        PASS[0m [   0.155s] [35;1mapollo-federation[0m [36mquery_plan::query_planner::tests[0m[36m::[0m[34;1mplan_simple_root_field_query_for_multiple_subgraphs[0m
[32;1m        PASS[0m [   0.035s] [35;1mapollo-federation[0m [36mschema::validators::from_context::tests[0m[36m::[0m[34;1mtest_parse_context[0m
[32;1m        PASS[0m [   0.053s] [35;1mapollo-federation[0m [36mschema::validators::from_context::tests[0m[36m::[0m[34;1mtest_context_name_with_underscore[0m
[32;1m        PASS[0m [   0.049s] [35;1mapollo-federation[0m [36mschema::validators::from_context::tests[0m[36m::[0m[34;1mtest_deny_on_abstract_type[0m
[32;1m        PASS[0m [   0.033s] [35;1mapollo-federation[0m [36mschema::validators::from_context::tests[0m[36m::[0m[34;1mtest_require_context_exists[0m
[32;1m        PASS[0m [   0.047s] [35;1mapollo-federation[0m [36mschema::validators::from_context::tests[0m[36m::[0m[34;1mtest_deny_on_interface_implementation[0m
[32;1m        PASS[0m [   0.031s] [35;1mapollo-federation[0m [36mschema::validators::from_context::tests[0m[36m::[0m[34;1mtest_require_resolvable_key[0m
[32;1m        PASS[0m [   0.051s] [35;1mapollo-federation[0m [36mschema::validators::from_context::tests[0m[36m::[0m[34;1mtest_deny_fromcontext_on_interface_field[0m
[32;1m        PASS[0m [   0.153s] [35;1mapollo-federation[0m [36mquery_plan::query_planner::tests[0m[36m::[0m[34;1mtest_optimize_no_fragments_generated[0m
[32;1m        PASS[0m [   0.028s] [35;1mapollo-federation[0m [36mschema::validators::from_context::tests[0m[36m::[0m[34;1mtest_set_context_multiple_contexts_duck_typing_success[0m
[32;1m        PASS[0m [   0.163s] [35;1mapollo-federation[0m [36mquery_plan::query_planner::tests[0m[36m::[0m[34;1mplan_simple_query_for_multiple_subgraphs[0m
[32;1m        PASS[0m [   0.066s] [35;1mapollo-federation[0m [36mschema::validators::from_context::tests[0m[36m::[0m[34;1mtest_set_context_multiple_contexts_type_conditions_success[0m
[32;1m        PASS[0m [   0.049s] [35;1mapollo-federation[0m [36mschema::validators::from_context::tests[0m[36m::[0m[34;1mtest_validate_field_value_multiple_selections[0m
[32;1m        PASS[0m [   0.064s] [35;1mapollo-federation[0m [36mschema::validators::from_context::tests[0m[36m::[0m[34;1mtest_set_context_on_interface_success[0m
[32;1m        PASS[0m [   0.047s] [35;1mapollo-federation[0m [36mschema::validators::from_context::tests[0m[36m::[0m[34;1mtest_validate_field_value_no_context_reference[0m
[32;1m        PASS[0m [   0.062s] [35;1mapollo-federation[0m [36mschema::validators::from_context::tests[0m[36m::[0m[34;1mtest_set_context_on_interface_with_type_condition_success[0m
[32;1m        PASS[0m [   0.045s] [35;1mapollo-federation[0m [36mschema::validators::from_context::tests[0m[36m::[0m[34;1mtest_validate_field_value_type_condition_no_match[0m
[32;1m        PASS[0m [   0.059s] [35;1mapollo-federation[0m [36mschema::validators::from_context::tests[0m[36m::[0m[34;1mtest_using_list_as_input_to_fromcontext[0m
[32;1m        PASS[0m [   0.057s] [35;1mapollo-federation[0m [36mschema::validators::from_context::tests[0m[36m::[0m[34;1mtest_validate_field_value_basic_success[0m
[32;1m        PASS[0m [   0.040s] [35;1mapollo-federation[0m [36mschema::validators::from_context::tests[0m[36m::[0m[34;1mtest_validate_field_value_type_conditions_same_name[0m
[32;1m        PASS[0m [   0.054s] [35;1mapollo-federation[0m [36mschema::validators::from_context::tests[0m[36m::[0m[34;1mtest_validate_field_value_inline_fragments[0m
[32;1m        PASS[0m [   0.038s] [35;1mapollo-federation[0m [36mschema::validators::from_context::tests[0m[36m::[0m[34;1mtest_validate_field_value_type_consistent_fields[0m
[32;1m        PASS[0m [   0.052s] [35;1mapollo-federation[0m [36mschema::validators::from_context::tests[0m[36m::[0m[34;1mtest_validate_field_value_invalid_selection[0m
[32;1m        PASS[0m [   0.036s] [35;1mapollo-federation[0m [36mschema::validators::from_context::tests[0m[36m::[0m[34;1mtest_validate_field_value_type_deep_nesting[0m
[32;1m        PASS[0m [   0.034s] [35;1mapollo-federation[0m [36mschema::validators::from_context::tests[0m[36m::[0m[34;1mtest_validate_field_value_type_inconsistent_fields[0m
[32;1m        PASS[0m [   0.149s] [35;1mapollo-federation[0m [36mschema::schema_upgrader::tests[0m[36m::[0m[34;1mupgrades_complex_schema[0m
[32;1m        PASS[0m [   0.031s] [35;1mapollo-federation[0m [36mschema::validators::from_context::tests[0m[36m::[0m[34;1mtest_validate_field_value_type_interface_object_error[0m
[32;1m        PASS[0m [   0.029s] [35;1mapollo-federation[0m [36mschema::validators::from_context::tests[0m[36m::[0m[34;1mtest_validate_field_value_type_mismatch[0m
[32;1m        PASS[0m [   0.027s] [35;1mapollo-federation[0m [36mschema::validators::from_context::tests[0m[36m::[0m[34;1mtest_validate_field_value_type_mismatch_multiple_contexts[0m
[32;1m        PASS[0m [   0.025s] [35;1mapollo-federation[0m [36mschema::validators::from_context::tests[0m[36m::[0m[34;1mtest_validate_field_value_type_nested_inconsistent[0m
[32;1m        PASS[0m [   0.023s] [35;1mapollo-federation[0m [36mschema::validators::from_context::tests[0m[36m::[0m[34;1mtest_validate_field_value_type_nested_selection[0m
[32;1m        PASS[0m [   0.021s] [35;1mapollo-federation[0m [36mschema::validators::from_context::tests[0m[36m::[0m[34;1mtest_validate_field_value_type_single_field[0m
[32;1m        PASS[0m [   0.019s] [35;1mapollo-federation[0m [36mschema::validators::from_context::tests[0m[36m::[0m[34;1mtest_validate_field_value_type_wrapped_types[0m
[32;1m        PASS[0m [   0.059s] [35;1mapollo-federation[0m [36msubgraph::spec::tests[0m[36m::[0m[34;1mhandle_unsupported_federation_version[0m
[32;1m        PASS[0m [   0.062s] [35;1mapollo-federation[0m [36mschema::validators::root_fields::tests[0m[36m::[0m[34;1mreports_inconsistent_root_field_types[0m
[32;1m        PASS[0m [   0.190s] [35;1mapollo-federation[0m [36mschema::type_and_directive_specification::tests[0m[36m::[0m[34;1mmust_be_not_be_repeatable_if_it_has_a_merge_strategy[0m
[32;1m        PASS[0m [   0.068s] [35;1mapollo-federation[0m [36mschema::validators::from_context::tests[0m[36m::[0m[34;1mtest_validate_field_value_with_aliases[0m
[32;1m        PASS[0m [   0.066s] [35;1mapollo-federation[0m [36mschema::validators::from_context::tests[0m[36m::[0m[34;1mtest_validate_field_value_with_directives[0m
[32;1m        PASS[0m [   0.064s] [35;1mapollo-federation[0m [36mschema::validators::from_context::tests[0m[36m::[0m[34;1mtest_vanilla_setcontext_success[0m
[32;1m        PASS[0m [   0.049s] [35;1mapollo-federation[0m [36msubgraph::typestate::tests[0m[36m::[0m[34;1maccept_duplicate_argument_definitions[0m
[32;1m        PASS[0m [   0.047s] [35;1mapollo-federation[0m [36msubgraph::typestate::tests[0m[36m::[0m[34;1mallows_duplicate_imports_within_same_link[0m
[32;1m        PASS[0m [   0.044s] [35;1mapollo-federation[0m [36msubgraph::typestate::tests[0m[36m::[0m[34;1mavoid_mistaking_wrong_apollo_spec_link_as_federation_spec[0m
[32;1m        PASS[0m [   0.042s] [35;1mapollo-federation[0m [36msubgraph::typestate::tests[0m[36m::[0m[34;1mdetects_federation_1_subgraphs_correctly[0m
[32;1m        PASS[0m [   0.189s] [35;1mapollo-federation[0m [36mschema::type_and_directive_specification::tests[0m[36m::[0m[34;1mmust_have_a_merge_strategy_on_all_arguments_if_any[0m
[32;1m        PASS[0m [   0.186s] [35;1mapollo-federation[0m [36mschema::type_and_directive_specification::tests[0m[36m::[0m[34;1mmust_have_supergraph_link_if_composed[0m
[32;1m        PASS[0m [   0.041s] [35;1mapollo-federation[0m [36msubgraph::typestate::tests[0m[36m::[0m[34;1mdetects_federation_2_subgraphs_correctly[0m
[32;1m        PASS[0m [   0.039s] [35;1mapollo-federation[0m [36msubgraph::typestate::tests[0m[36m::[0m[34;1mdoes_not_rename_root_operations_when_disabled[0m
[32;1m        PASS[0m [   0.037s] [35;1mapollo-federation[0m [36msubgraph::typestate::tests[0m[36m::[0m[34;1mignores_custom_entity_type_spec_even_when_incorrectly_defined[0m
[32;1m        PASS[0m [   0.035s] [35;1mapollo-federation[0m [36msubgraph::typestate::tests[0m[36m::[0m[34;1mignores_unexpected_custom_entity_type_spec[0m
[32;1m        PASS[0m [   0.033s] [35;1mapollo-federation[0m [36msubgraph::typestate::tests[0m[36m::[0m[34;1mimplicit_fed1_link_does_not_add_import_type[0m
[32;1m        PASS[0m [   0.030s] [35;1mapollo-federation[0m [36msubgraph::typestate::tests[0m[36m::[0m[34;1minjects_missing_directive_definitions_connect_v0_1[0m
[32;1m        PASS[0m [   0.028s] [35;1mapollo-federation[0m [36msubgraph::typestate::tests[0m[36m::[0m[34;1minjects_missing_directive_definitions_fed_1_0[0m
[32;1m        PASS[0m [   0.026s] [35;1mapollo-federation[0m [36msubgraph::typestate::tests[0m[36m::[0m[34;1minjects_missing_directive_definitions_fed_2_0[0m
[32;1m        PASS[0m [   0.024s] [35;1mapollo-federation[0m [36msubgraph::typestate::tests[0m[36m::[0m[34;1minjects_missing_directive_definitions_fed_2_1[0m
[32;1m        PASS[0m [   0.021s] [35;1mapollo-federation[0m [36msubgraph::typestate::tests[0m[36m::[0m[34;1minjects_missing_directive_definitions_fed_2_12[0m
[32;1m        PASS[0m [   0.019s] [35;1mapollo-federation[0m [36msubgraph::typestate::tests[0m[36m::[0m[34;1mrejects_non_root_use_of_default_mutation_name[0m
[32;1m        PASS[0m [   0.045s] [35;1mapollo-federation[0m [36msubgraph::typestate::tests[0m[36m::[0m[34;1mreplaces_known_bad_definitions_from_fed1[0m
[32;1m        PASS[0m [   0.067s] [35;1mapollo-federation[0m [36msubgraph::typestate::tests[0m[36m::[0m[34;1mrejects_non_root_use_of_default_query_name[0m
[32;1m        PASS[0m [   0.065s] [35;1mapollo-federation[0m [36msubgraph::typestate::tests[0m[36m::[0m[34;1mrejects_non_root_use_of_default_subscription_name[0m
[32;1m        PASS[0m [   0.062s] [35;1mapollo-federation[0m [36msubgraph::typestate::tests[0m[36m::[0m[34;1mrenames_root_operations_to_default_names[0m
[32;1m        PASS[0m [   0.058s] [35;1mapollo-federation[0m [36msubgraph::typestate::tests[0m[36m::[0m[34;1mvalidation_error_on_reserved_input_field_name[0m
[32;1m        PASS[0m [   0.051s] [35;1mapollo-federation[0m [36msupergraph::tests[0m[36m::[0m[34;1mhandles_types_having_no_fields_referenced_by_other_unions_in_a_subgraph_correctly[0m
[32;1m        PASS[0m [   0.055s] [35;1mapollo-federation[0m [36msupergraph::tests[0m[36m::[0m[34;1mhandles_types_having_no_fields_referenced_by_other_interfaces_in_a_subgraph_correctly[0m
[32;1m        PASS[0m [   0.049s] [35;1mapollo-federation[0m [36msupergraph::tests[0m[36m::[0m[34;1mhandles_unions_types_having_no_members_in_a_subgraph_correctly[0m
[32;1m        PASS[0m [   0.047s] [35;1mapollo-federation[0m [36msupergraph::tests[0m[36m::[0m[34;1mpreserves_default_values_of_input_object_fields[0m
[32;1m        PASS[0m [   0.043s] [35;1mapollo-federation[0m [36msupergraph::tests[0m[36m::[0m[34;1mtypes_that_are_empty_because_of_overridden_fields_are_erased[0m
[32;1m        PASS[0m [   0.041s] [35;1mapollo-federation[0m [36mtest_supergraph[0m[36m::[0m[34;1mit_validates_cache_tag_directives[0m
[32;1m        PASS[0m [   0.039s] [35;1mapollo-federation[0m [36mtest_supergraph[0m[36m::[0m[34;1mvalidates_connect_spec_is_known[0m
[32;1m        PASS[0m [   0.037s] [35;1mapollo-federation[0m [36mutils::fallible_iterator::tests[0m[36m::[0m[34;1mtest_and_then_filter[0m
[32;1m        PASS[0m [   0.108s] [35;1mapollo-federation[0m [36msubgraph::tests[0m[36m::[0m[34;1mreturns_correct_schema_diff_for_fed_2_4[0m
[32;1m        PASS[0m [   0.034s] [35;1mapollo-federation[0m [36mutils::fallible_iterator::tests[0m[36m::[0m[34;1mtest_fallible_all[0m
[32;1m        PASS[0m [   0.110s] [35;1mapollo-federation[0m [36msubgraph::tests[0m[36m::[0m[34;1mreturns_correct_schema_diff_for_fed_2_0[0m
[32;1m        PASS[0m [   0.033s] [35;1mapollo-federation[0m [36mutils::fallible_iterator::tests[0m[36m::[0m[34;1mtest_fallible_any[0m
[32;1m        PASS[0m [   0.030s] [35;1mapollo-federation[0m [36mutils::fallible_iterator::tests[0m[36m::[0m[34;1mtest_fallible_filter[0m
[32;1m        PASS[0m [   0.028s] [35;1mapollo-federation[0m [36mutils::fallible_iterator::tests[0m[36m::[0m[34;1mtest_ok_and_any[0m
[32;1m        PASS[0m [   0.026s] [35;1mapollo-federation[0m [36mutils::normalize_schema::tests[0m[36m::[0m[34;1mtest_extension_equality[0m
[32;1m        PASS[0m [   0.104s] [35;1mapollo-federation[0m [36msubgraph::tests[0m[36m::[0m[34;1mreturns_correct_schema_diff_for_fed_2_9[0m
[32;1m        PASS[0m [   0.024s] [35;1mapollo-federation::main[0m [36mapi_schema[0m[36m::[0m[34;1mremoves_inaccessible_directive_arguments[0m
[32;1m        PASS[0m [   0.026s] [35;1mapollo-federation::main[0m [36mapi_schema[0m[36m::[0m[34;1mremoves_inaccessible_enum_values[0m
[32;1m        PASS[0m [   0.033s] [35;1mapollo-federation::main[0m [36mapi_schema[0m[36m::[0m[34;1mremoves_inaccessible_enum_types[0m
[32;1m        PASS[0m [   0.030s] [35;1mapollo-federation::main[0m [36mapi_schema[0m[36m::[0m[34;1mremoves_inaccessible_input_object_fields[0m
[32;1m        PASS[0m [   0.123s] [35;1mapollo-federation[0m [36msupergraph::tests[0m[36m::[0m[34;1mtest_join_directives[0m
[32;1m        PASS[0m [   0.031s] [35;1mapollo-federation::main[0m [36mapi_schema[0m[36m::[0m[34;1mremoves_inaccessible_interface_field_arguments[0m
[32;1m        PASS[0m [   0.034s] [35;1mapollo-federation::main[0m [36mapi_schema[0m[36m::[0m[34;1mremoves_inaccessible_input_object_types[0m
[32;1m        PASS[0m [   0.029s] [35;1mapollo-federation::main[0m [36mapi_schema[0m[36m::[0m[34;1mremoves_inaccessible_interface_fields[0m
[32;1m        PASS[0m [   0.119s] [35;1mapollo-federation[0m [36mutils::normalize_schema::tests[0m[36m::[0m[34;1mtest_round_trip_equality[0m
[32;1m        PASS[0m [   0.119s] [35;1mapollo-federation::main[0m [36mapi_schema[0m[36m::[0m[34;1minaccessible_complex_default_values[0m
[32;1m        PASS[0m [   0.111s] [35;1mapollo-federation::main[0m [36mapi_schema[0m[36m::[0m[34;1minaccessible_enum_values_with_accessible_references[0m
[32;1m        PASS[0m [   0.030s] [35;1mapollo-federation::main[0m [36mapi_schema[0m[36m::[0m[34;1mremoves_inaccessible_interface_types[0m
[32;1m        PASS[0m [   0.023s] [35;1mapollo-federation::main[0m [36mapi_schema[0m[36m::[0m[34;1mremoves_inaccessible_object_fields[0m
[32;1m        PASS[0m [   0.026s] [35;1mapollo-federation::main[0m [36mapi_schema[0m[36m::[0m[34;1mremoves_inaccessible_object_field_arguments[0m
[32;1m        PASS[0m [   0.122s] [35;1mapollo-federation::main[0m [36mapi_schema[0m[36m::[0m[34;1minaccessible_enum_with_accessible_references[0m
[32;1m        PASS[0m [   0.118s] [35;1mapollo-federation::main[0m [36mapi_schema[0m[36m::[0m[34;1minaccessible_input_object_with_accessible_references[0m
[32;1m        PASS[0m [   0.034s] [35;1mapollo-federation::main[0m [36mapi_schema[0m[36m::[0m[34;1mremoves_inaccessible_object_types[0m
[32;1m        PASS[0m [   0.131s] [35;1mapollo-federation::main[0m [36mapi_schema[0m[36m::[0m[34;1minaccessible_directive_arguments_with_accessible_references[0m
[32;1m        PASS[0m [   0.127s] [35;1mapollo-federation::main[0m [36mapi_schema[0m[36m::[0m[34;1minaccessible_enum_value_as_string[0m
[32;1m        PASS[0m [   0.026s] [35;1mapollo-federation::main[0m [36mapi_schema[0m[36m::[0m[34;1mremoves_inaccessible_union_types[0m
[32;1m        PASS[0m [   0.121s] [35;1mapollo-federation::main[0m [36mapi_schema[0m[36m::[0m[34;1minaccessible_input_object_fields_with_accessible_references[0m
[32;1m        PASS[0m [   0.031s] [35;1mapollo-federation::main[0m [36mapi_schema[0m[36m::[0m[34;1mremoves_inaccessible_scalar_types[0m
[32;1m        PASS[0m [   0.134s] [35;1mapollo-federation::main[0m [36mapi_schema[0m[36m::[0m[34;1minaccessible_interface_field_with_accessible_references[0m
[32;1m        PASS[0m [   0.030s] [35;1mapollo-federation::main[0m [36mcomposition::compose_auth[0m[36m::[0m[34;1mauthenticated_validation_error_on_incompatible_directive_definition[0m
[32;1m        PASS[0m [   0.132s] [35;1mapollo-federation::main[0m [36mapi_schema[0m[36m::[0m[34;1minaccessible_interface_with_accessible_references[0m
[32;1m        PASS[0m [   0.137s] [35;1mapollo-federation::main[0m [36mapi_schema[0m[36m::[0m[34;1minaccessible_interface_field_arguments_with_accessible_references[0m
[32;1m        PASS[0m [   0.151s] [35;1mapollo-federation::main[0m [36mapi_schema[0m[36m::[0m[34;1minaccessible_directive_on_schema_elements[0m
[32;1m        PASS[0m [   0.126s] [35;1mapollo-federation::main[0m [36mapi_schema[0m[36m::[0m[34;1minaccessible_on_builtins[0m
[32;1m        PASS[0m [   0.128s] [35;1mapollo-federation::main[0m [36mapi_schema[0m[36m::[0m[34;1minaccessible_object_field_with_accessible_references[0m
[32;1m        PASS[0m [   0.130s] [35;1mapollo-federation::main[0m [36mapi_schema[0m[36m::[0m[34;1minaccessible_object_field_arguments_with_accessible_references[0m
[32;1m        PASS[0m [   0.115s] [35;1mapollo-federation::main[0m [36mapi_schema[0m[36m::[0m[34;1minaccessible_union_with_accessible_references[0m
[32;1m        PASS[0m [   0.146s] [35;1mapollo-federation::main[0m [36mapi_schema[0m[36m::[0m[34;1minaccessible_on_imported_elements[0m
[32;1m        PASS[0m [   0.135s] [35;1mapollo-federation::main[0m [36mapi_schema[0m[36m::[0m[34;1minclude_supergraph_directives[0m
[32;1m        PASS[0m [   0.141s] [35;1mapollo-federation::main[0m [36mapi_schema[0m[36m::[0m[34;1minaccessible_types_with_accessible_references[0m
[32;1m        PASS[0m [   0.051s] [35;1mapollo-federation::main[0m [36mcomposition::compose_auth[0m[36m::[0m[34;1mauthenticated_validation_error_on_invalid_application[0m
[32;1m        PASS[0m [   0.133s] [35;1mapollo-federation::main[0m [36mapi_schema[0m[36m::[0m[34;1mmatches_graphql_js_default_value_propagation[0m
[32;1m        PASS[0m [   0.144s] [35;1mapollo-federation::main[0m [36mapi_schema[0m[36m::[0m[34;1minaccessible_scalar_with_accessible_references[0m
[32;1m        PASS[0m [   0.028s] [35;1mapollo-federation::main[0m [36mcomposition::compose_directive::federation_directives::errors_for_federation_directives_with_nontrivial_compositions[0m[36m::[0m[34;1mcase_1[0m
[32;1m        PASS[0m [   0.130s] [35;1mapollo-federation::main[0m [36mapi_schema[0m[36m::[0m[34;1mmatches_graphql_js_directive_applications[0m
[32;1m        PASS[0m [   0.024s] [35;1mapollo-federation::main[0m [36mcomposition::compose_directive::federation_directives::errors_for_federation_directives_with_nontrivial_compositions[0m[36m::[0m[34;1mcase_2[0m
[32;1m        PASS[0m [   0.066s] [35;1mapollo-federation::main[0m [36mcomposition::compose_auth[0m[36m::[0m[34;1mauthenticated_applies_on_types_as_long_as_used_once[0m
[32;1m        PASS[0m [   0.128s] [35;1mapollo-federation::main[0m [36mapi_schema[0m[36m::[0m[34;1mpropagates_default_input_values[0m
[32;1m        PASS[0m [   0.156s] [35;1mapollo-federation::main[0m [36mapi_schema[0m[36m::[0m[34;1mremove_referencing_directive_argument[0m
[32;1m        PASS[0m [   0.041s] [35;1mapollo-federation::main[0m [36mcomposition::compose_directive::federation_directives::errors_for_federation_directives_with_nontrivial_compositions[0m[36m::[0m[34;1mcase_8[0m
[32;1m        PASS[0m [   0.053s] [35;1mapollo-federation::main[0m [36mcomposition::compose_directive::federation_directives::errors_for_federation_directives_with_nontrivial_compositions[0m[36m::[0m[34;1mcase_3[0m
[32;1m        PASS[0m [   0.038s] [35;1mapollo-federation::main[0m [36mcomposition::compose_directive::federation_directives::errors_for_join_spec_directives[0m[36m::[0m[34;1mcase_1[0m
[32;1m        PASS[0m [   0.051s] [35;1mapollo-federation::main[0m [36mcomposition::compose_directive::federation_directives::errors_for_federation_directives_with_nontrivial_compositions[0m[36m::[0m[34;1mcase_4[0m
[32;1m        PASS[0m [   0.036s] [35;1mapollo-federation::main[0m [36mcomposition::compose_directive::federation_directives::errors_for_join_spec_directives[0m[36m::[0m[34;1mcase_2[0m
[32;1m        PASS[0m [   0.066s] [35;1mapollo-federation::main[0m [36mcomposition::compose_basic[0m[36m::[0m[34;1mno_hint_raised_when_merging_empty_description[0m
[32;1m        PASS[0m [   0.032s] [35;1mapollo-federation::main[0m [36mcomposition::compose_directive::federation_directives::errors_for_join_spec_directives[0m[36m::[0m[34;1mcase_3[0m
[32;1m        PASS[0m [   0.049s] [35;1mapollo-federation::main[0m [36mcomposition::compose_directive::federation_directives::errors_for_federation_directives_with_nontrivial_compositions[0m[36m::[0m[34;1mcase_5[0m
[32;1m        PASS[0m [   0.045s] [35;1mapollo-federation::main[0m [36mcomposition::compose_directive::federation_directives::errors_for_federation_directives_with_nontrivial_compositions[0m[36m::[0m[34;1mcase_7[0m
[32;1m        PASS[0m [   0.047s] [35;1mapollo-federation::main[0m [36mcomposition::compose_directive::federation_directives::errors_for_federation_directives_with_nontrivial_compositions[0m[36m::[0m[34;1mcase_6[0m
[32;1m        PASS[0m [   0.030s] [35;1mapollo-federation::main[0m [36mcomposition::compose_directive::federation_directives::errors_for_join_spec_directives[0m[36m::[0m[34;1mcase_4[0m
[32;1m        PASS[0m [   0.069s] [35;1mapollo-federation::main[0m [36mcomposition::compose_basic[0m[36m::[0m[34;1mmerges_default_arguments_when_they_are_arrays[0m
[32;1m        PASS[0m [   0.093s] [35;1mapollo-federation::main[0m [36mcomposition::compose_auth[0m[36m::[0m[34;1mauthenticated_comprehensive_locations[0m
[32;1m        PASS[0m [   0.048s] [35;1mapollo-federation::main[0m [36mcomposition::compose_directive::federation_directives::errors_for_renamed_federation_directives_with_nontrivial_compositions[0m[36m::[0m[34;1mcase_5[0m
[32;1m        PASS[0m [   0.046s] [35;1mapollo-federation::main[0m [36mcomposition::compose_directive::federation_directives::errors_for_renamed_federation_directives_with_nontrivial_compositions[0m[36m::[0m[34;1mcase_6[0m
[32;1m        PASS[0m [   0.065s] [35;1mapollo-federation::main[0m [36mcomposition::compose_directive::federation_directives::errors_for_join_spec_directives[0m[36m::[0m[34;1mcase_5[0m
[32;1m        PASS[0m [   0.140s] [35;1mapollo-federation::main[0m [36mapi_schema[0m[36m::[0m[34;1msupports_core_directive_supergraph[0m
[32;1m        PASS[0m [   0.060s] [35;1mapollo-federation::main[0m [36mcomposition::compose_directive::federation_directives::errors_for_renamed_federation_directives_with_nontrivial_compositions[0m[36m::[0m[34;1mcase_1[0m
[32;1m        PASS[0m [   0.057s] [35;1mapollo-federation::main[0m [36mcomposition::compose_directive::federation_directives::errors_for_renamed_federation_directives_with_nontrivial_compositions[0m[36m::[0m[34;1mcase_2[0m
[32;1m        PASS[0m [   0.044s] [35;1mapollo-federation::main[0m [36mcomposition::compose_directive::inconsistent_feature_versions::errors_when_mismatched_major_versions_are_composed[0m[36m::[0m[34;1mcase_1[0m
[32;1m        PASS[0m [   0.063s] [35;1mapollo-federation::main[0m [36mcomposition::compose_directive::federation_directives::errors_for_join_spec_directives[0m[36m::[0m[34;1mcase_6[0m
[32;1m        PASS[0m [   0.038s] [35;1mapollo-federation::main[0m [36mcomposition::compose_directive::inconsistent_feature_versions::errors_when_mismatched_major_versions_are_composed[0m[36m::[0m[34;1mcase_2[0m
[32;1m        PASS[0m [   0.055s] [35;1mapollo-federation::main[0m [36mcomposition::compose_directive::federation_directives::errors_for_renamed_federation_directives_with_nontrivial_compositions[0m[36m::[0m[34;1mcase_3[0m
[32;1m        PASS[0m [   0.122s] [35;1mapollo-federation::main[0m [36mcomposition::compose_auth[0m[36m::[0m[34;1mpolicy_comprehensive_locations[0m
[32;1m        PASS[0m [   0.036s] [35;1mapollo-federation::main[0m [36mcomposition::compose_directive::inconsistent_imports[0m[36m::[0m[34;1merrors_when_different_exported_directives_have_the_same_name[0m
[32;1m        PASS[0m [   0.052s] [35;1mapollo-federation::main[0m [36mcomposition::compose_directive::federation_directives::errors_for_renamed_federation_directives_with_nontrivial_compositions[0m[36m::[0m[34;1mcase_4[0m
[32;1m        PASS[0m [   0.033s] [35;1mapollo-federation::main[0m [36mcomposition::compose_directive::inconsistent_imports[0m[36m::[0m[34;1merrors_when_exported_but_not_imported[0m
[32;1m        PASS[0m [   0.027s] [35;1mapollo-federation::main[0m [36mcomposition::compose_directive::inconsistent_imports[0m[36m::[0m[34;1merrors_when_exported_directives_conflict_with_federation_directives[0m
[32;1m        PASS[0m [   0.130s] [35;1mapollo-federation::main[0m [36mcomposition::compose_auth[0m[36m::[0m[34;1mauthenticated_has_correct_definition_in_supergraph[0m
[32;1m        PASS[0m [   0.118s] [35;1mapollo-federation::main[0m [36mcomposition::compose_auth[0m[36m::[0m[34;1mrequires_scopes_comprehensive_locations[0m
[32;1m        PASS[0m [   0.070s] [35;1mapollo-federation::main[0m [36mcomposition::compose_directive::inconsistent_imports[0m[36m::[0m[34;1merrors_when_exported_directive_is_imported_from_different_specs[0m
[32;1m        PASS[0m [   0.050s] [35;1mapollo-federation::main[0m [36mcomposition::compose_directive::validation::errors_when_name_argument_is_null_or_empty[0m[36m::[0m[34;1mcase_3[0m
[32;1m        PASS[0m [   0.063s] [35;1mapollo-federation::main[0m [36mcomposition::compose_directive::validation::errors_when_directive_does_not_exist[0m[36m::[0m[34;1mcase_1[0m
[32;1m        PASS[0m [   0.061s] [35;1mapollo-federation::main[0m [36mcomposition::compose_directive::validation::errors_when_directive_does_not_exist[0m[36m::[0m[34;1mcase_2[0m
[32;1m        PASS[0m [   0.066s] [35;1mapollo-federation::main[0m [36mcomposition::compose_directive::inconsistent_imports[0m[36m::[0m[34;1merrors_when_exported_with_mismatched_names[0m
[32;1m        PASS[0m [   0.055s] [35;1mapollo-federation::main[0m [36mcomposition::compose_directive::validation::errors_when_name_argument_is_null_or_empty[0m[36m::[0m[34;1mcase_1[0m
[32;1m        PASS[0m [   0.053s] [35;1mapollo-federation::main[0m [36mcomposition::compose_directive::validation::errors_when_name_argument_is_null_or_empty[0m[36m::[0m[34;1mcase_2[0m
[32;1m        PASS[0m [   0.058s] [35;1mapollo-federation::main[0m [36mcomposition::compose_directive::validation[0m[36m::[0m[34;1merrors_when_name_argument_is_missing_at_symbol[0m
[32;1m        PASS[0m [   0.152s] [35;1mapollo-federation::main[0m [36mcomposition::compose_basic[0m[36m::[0m[34;1minclude_types_from_different_subgraphs[0m
[32;1m        PASS[0m [   0.034s] [35;1mapollo-federation::main[0m [36mcomposition::compose_directive_sharing[0m[36m::[0m[34;1mfield_sharing_applies_shareable_on_type_only_to_fields_within_definition[0m
[32;1m        PASS[0m [   0.031s] [35;1mapollo-federation::main[0m [36mcomposition::compose_directive_sharing[0m[36m::[0m[34;1mfield_sharing_errors_if_non_shareable_fields_shared_in_entity_type[0m
[32;1m        PASS[0m [   0.030s] [35;1mapollo-federation::main[0m [36mcomposition::compose_directive_sharing[0m[36m::[0m[34;1mfield_sharing_errors_if_non_shareable_fields_shared_in_value_types[0m
[32;1m        PASS[0m [   0.026s] [35;1mapollo-federation::main[0m [36mcomposition::compose_directive_sharing[0m[36m::[0m[34;1mfield_sharing_errors_if_query_shared_without_shareable[0m
[32;1m        PASS[0m [   0.158s] [35;1mapollo-federation::main[0m [36mcomposition::compose_basic[0m[36m::[0m[34;1mdoesnt_leave_federation_directives_in_the_final_schema[0m
[32;1m        PASS[0m [   0.155s] [35;1mapollo-federation::main[0m [36mcomposition::compose_basic[0m[36m::[0m[34;1mgenerates_a_valid_supergraph[0m
[32;1m        PASS[0m [   0.145s] [35;1mapollo-federation::main[0m [36mcomposition::compose_basic[0m[36m::[0m[34;1mpreserves_descriptions[0m
[32;1m        PASS[0m [   0.072s] [35;1mapollo-federation::main[0m [36mcomposition::compose_directive_sharing[0m[36m::[0m[34;1mfield_sharing_errors_if_provided_fields_not_marked_shareable[0m
[32;1m        PASS[0m [   0.056s] [35;1mapollo-federation::main[0m [36mcomposition::compose_inaccessible[0m[36m::[0m[34;1minaccessible_propagates_to_supergraph[0m
[32;1m        PASS[0m [   0.054s] [35;1mapollo-federation::main[0m [36mcomposition::compose_inaccessible[0m[36m::[0m[34;1minaccessible_rejects_inaccessible_and_external_together[0m
[32;1m        PASS[0m [   0.052s] [35;1mapollo-federation::main[0m [36mcomposition::compose_inaccessible[0m[36m::[0m[34;1minaccessible_succeeds_if_imported_under_same_non_default_name[0m
[32;1m        PASS[0m [   0.066s] [35;1mapollo-federation::main[0m [36mcomposition::compose_inaccessible[0m[36m::[0m[34;1minaccessible_errors_if_imported_under_mismatched_names[0m
[32;1m        PASS[0m [   0.049s] [35;1mapollo-federation::main[0m [36mcomposition::compose_inaccessible[0m[36m::[0m[34;1minaccessible_uses_security_core_purpose_in_supergraph[0m
[32;1m        PASS[0m [   0.082s] [35;1mapollo-federation::main[0m [36mcomposition::compose_directive_sharing[0m[36m::[0m[34;1mfield_sharing_allows_shareable_on_type_definition_and_extensions[0m
[32;1m        PASS[0m [   0.063s] [35;1mapollo-federation::main[0m [36mcomposition::compose_inaccessible[0m[36m::[0m[34;1minaccessible_errors_if_subgraph_misuses_inaccessible[0m
[32;1m        PASS[0m [   0.069s] [35;1mapollo-federation::main[0m [36mcomposition::compose_directive_sharing[0m[36m::[0m[34;1mfield_sharing_include_hint_in_error_for_targetless_override[0m
[32;1m        PASS[0m [   0.045s] [35;1mapollo-federation::main[0m [36mcomposition::compose_tag[0m[36m::[0m[34;1mtag_errors_if_imported_under_mismatched_names[0m
[32;1m        PASS[0m [   0.062s] [35;1mapollo-federation::main[0m [36mcomposition::compose_inaccessible[0m[36m::[0m[34;1minaccessible_ignores_inaccessible_element_when_validating_composition[0m
[32;1m        PASS[0m [   0.060s] [35;1mapollo-federation::main[0m [36mcomposition::compose_inaccessible[0m[36m::[0m[34;1minaccessible_merges_on_same_element[0m
[32;1m        PASS[0m [   0.342s] [35;1mapollo-federation::connectors_validation_profiling[0m [34;1mvalid_large_body[0m
[32;1m        PASS[0m [   0.042s] [35;1mapollo-federation::main[0m [36mcomposition::compose_type_merging[0m[36m::[0m[34;1marguments_errors_on_incompatible_types[0m
[32;1m        PASS[0m [   0.040s] [35;1mapollo-federation::main[0m [36mcomposition::compose_type_merging[0m[36m::[0m[34;1marguments_errors_on_merging_list_with_non_list[0m
[32;1m        PASS[0m [   0.055s] [35;1mapollo-federation::main[0m [36mcomposition::compose_tag[0m[36m::[0m[34;1mtag_rejects_tag_and_external_together_fed2_subgraphs[0m
[32;1m        PASS[0m [   0.072s] [35;1mapollo-federation::main[0m [36mcomposition::compose_tag[0m[36m::[0m[34;1mtag_merges_multiple_tags_fed2_subgraphs[0m
[32;1m        PASS[0m [   0.047s] [35;1mapollo-federation::main[0m [36mcomposition::compose_type_merging[0m[36m::[0m[34;1marguments_errors_on_incompatible_argument_default[0m
[32;1m        PASS[0m [   0.030s] [35;1mapollo-federation::main[0m [36mcomposition::compose_type_merging[0m[36m::[0m[34;1mfield_types_errors_on_incompatible_input_field_types_first[0m
[32;1m        PASS[0m [   0.027s] [35;1mapollo-federation::main[0m [36mcomposition::compose_type_merging[0m[36m::[0m[34;1mfield_types_errors_on_incompatible_input_field_types_second[0m
[32;1m        PASS[0m [   0.045s] [35;1mapollo-federation::main[0m [36mcomposition::compose_type_merging[0m[36m::[0m[34;1marguments_errors_on_incompatible_argument_default_in_external_declaration[0m
[32;1m        PASS[0m [   0.053s] [35;1mapollo-federation::main[0m [36mcomposition::compose_tag[0m[36m::[0m[34;1mtag_rejects_tag_and_external_together_mixed_fed1_fed2_subgraphs[0m
[32;1m        PASS[0m [   0.058s] [35;1mapollo-federation::main[0m [36mcomposition::compose_tag[0m[36m::[0m[34;1mtag_rejects_tag_and_external_together_fed1_subgraphs[0m
[32;1m        PASS[0m [   0.075s] [35;1mapollo-federation::main[0m [36mcomposition::compose_tag[0m[36m::[0m[34;1mtag_merges_multiple_tags_fed1_subgraphs[0m
[32;1m        PASS[0m [   0.050s] [35;1mapollo-federation::main[0m [36mcomposition::compose_tag[0m[36m::[0m[34;1mtag_succeeds_if_imported_under_same_non_default_name[0m
[32;1m        PASS[0m [   0.128s] [35;1mapollo-federation::main[0m [36mcomposition::compose_directive_sharing[0m[36m::[0m[34;1mdirective_merging_merges_graphql_built_in_directives[0m
[32;1m        PASS[0m [   0.070s] [35;1mapollo-federation::main[0m [36mcomposition::compose_tag[0m[36m::[0m[34;1mtag_merges_multiple_tags_mixed_fed1_fed2_subgraphs[0m
[32;1m        PASS[0m [   0.067s] [35;1mapollo-federation::main[0m [36mcomposition::compose_tag[0m[36m::[0m[34;1mtag_propagates_to_supergraph_fed1_subgraphs[0m
[32;1m        PASS[0m [   0.061s] [35;1mapollo-federation::main[0m [36mcomposition::compose_tag[0m[36m::[0m[34;1mtag_propagates_to_supergraph_mixed_fed1_fed2_subgraphs[0m
[32;1m        PASS[0m [   0.064s] [35;1mapollo-federation::main[0m [36mcomposition::compose_tag[0m[36m::[0m[34;1mtag_propagates_to_supergraph_fed2_subgraphs[0m
[32;1m        PASS[0m [   0.169s] [35;1mapollo-federation::main[0m [36mcomposition::compose_directive_sharing[0m[36m::[0m[34;1mdirective_merging_propagates_built_in_directives_even_if_redefined[0m
[32;1m        PASS[0m [   0.164s] [35;1mapollo-federation::main[0m [36mcomposition::compose_directive_sharing[0m[36m::[0m[34;1mdirective_merging_propagates_graphql_built_in_directives[0m
[32;1m        PASS[0m [   0.066s] [35;1mapollo-federation::main[0m [36mcomposition::compose_type_merging[0m[36m::[0m[34;1mfield_types_errors_on_merging_list_with_non_list[0m
[32;1m        PASS[0m [   0.069s] [35;1mapollo-federation::main[0m [36mcomposition::compose_type_merging[0m[36m::[0m[34;1mfield_types_errors_on_incompatible_types[0m
[32;1m        PASS[0m [   0.047s] [35;1mapollo-federation::main[0m [36mcomposition::compose_types[0m[36m::[0m[34;1menum_types_errors_if_enum_used_only_as_input_has_no_consistent_values[0m
[32;1m        PASS[0m [   0.044s] [35;1mapollo-federation::main[0m [36mcomposition::compose_types[0m[36m::[0m[34;1menum_types_errors_when_merging_inconsistent_enum_used_as_both_input_and_output[0m
[32;1m        PASS[0m [   0.162s] [35;1mapollo-federation::main[0m [36mcomposition::compose_directive_sharing[0m[36m::[0m[34;1mfederation_directive_handles_renamed_federation_directives[0m
[32;1m        PASS[0m [   0.032s] [35;1mapollo-federation::main[0m [36mcomposition::compose_types[0m[36m::[0m[34;1minput_types_errors_if_mandatory_input_field_not_in_all_subgraphs[0m
[32;1m        PASS[0m [   0.030s] [35;1mapollo-federation::main[0m [36mcomposition::compose_types[0m[36m::[0m[34;1minput_types_errors_when_merging_completely_inconsistent_input_types[0m
[32;1m        PASS[0m [   0.035s] [35;1mapollo-federation::main[0m [36mcomposition::compose_validation[0m[36m::[0m[34;1mmerge_validations_errors_when_a_subgraph_is_invalid[0m
[32;1m        PASS[0m [   0.032s] [35;1mapollo-federation::main[0m [36mcomposition::compose_validation[0m[36m::[0m[34;1mmerge_validations_errors_when_subgraph_has_introspection_reserved_name[0m
[32;1m        PASS[0m [   0.046s] [35;1mapollo-federation::main[0m [36mcomposition::compose_validation[0m[36m::[0m[34;1mmerge_validations_errors_if_external_field_not_defined_elsewhere[0m
[32;1m        PASS[0m [   0.066s] [35;1mapollo-federation::main[0m [36mcomposition::compose_types[0m[36m::[0m[34;1menum_types_ignores_inaccessible_fields_when_merging_enums_used_as_both_input_and_output[0m
[32;1m        PASS[0m [   0.029s] [35;1mapollo-federation::main[0m [36mcomposition::compose_validation[0m[36m::[0m[34;1mmerge_validations_errors_when_tag_definition_is_invalid[0m
[32;1m        PASS[0m [   0.044s] [35;1mapollo-federation::main[0m [36mcomposition::compose_validation[0m[36m::[0m[34;1mmerge_validations_errors_if_mandatory_argument_not_in_all_subgraphs[0m
[32;1m        PASS[0m [   0.022s] [35;1mapollo-federation::main[0m [36mcomposition::compose_validation[0m[36m::[0m[34;1mmerge_validations_reject_subgraph_named_underscore[0m
[32;1m        PASS[0m [   0.051s] [35;1mapollo-federation::main[0m [36mcomposition::compose_types[0m[36m::[0m[34;1minput_types_only_merges_fields_common_to_all_subgraphs[0m
[32;1m        PASS[0m [   0.053s] [35;1mapollo-federation::main[0m [36mcomposition::compose_types[0m[36m::[0m[34;1minput_types_merges_input_field_with_different_but_compatible_types[0m
[32;1m        PASS[0m [   0.041s] [35;1mapollo-federation::main[0m [36mcomposition::compose_validation[0m[36m::[0m[34;1mmerge_validations_errors_if_subgraph_required_with_arg_not_in_supergraph[0m
[32;1m        PASS[0m [   0.068s] [35;1mapollo-federation::main[0m [36mcomposition::compose_validation[0m[36m::[0m[34;1mmerge_validations_errors_if_subgraph_required_without_args_but_mandatory_in_supergraph[0m
[32;1m        PASS[0m [   0.040s] [35;1mapollo-federation::main[0m [36mcomposition::compose_validation[0m[36m::[0m[34;1mpost_merge_errors_if_type_does_not_implement_interface_post_merge[0m
[32;1m        PASS[0m [   0.055s] [35;1mapollo-federation::main[0m [36mcomposition::compose_validation[0m[36m::[0m[34;1mmerge_validations_reject_if_no_subgraphs_have_query[0m
[32;1m        PASS[0m [   0.049s] [35;1mapollo-federation::main[0m [36mcomposition::compose_validation[0m[36m::[0m[34;1mmerge_validations_reject_type_defined_with_different_kinds[0m
[32;1m        PASS[0m [   0.043s] [35;1mapollo-federation::main[0m [36mcomposition::compose_validation[0m[36m::[0m[34;1mpost_merge_errors_if_type_does_not_implement_interface_on_interface[0m
[32;1m        PASS[0m [   0.137s] [35;1mapollo-federation::main[0m [36mcomposition::compose_type_merging[0m[36m::[0m[34;1marguments_merges_nullable_and_non_nullable[0m
[32;1m        PASS[0m [   0.134s] [35;1mapollo-federation::main[0m [36mcomposition::compose_type_merging[0m[36m::[0m[34;1mfield_types_merges_nullable_and_non_nullable[0m
[32;1m        PASS[0m [   0.066s] [35;1mapollo-federation::main[0m [36mcomposition::compose_validation[0m[36m::[0m[34;1mmisc_not_broken_by_similar_field_argument_signatures[0m
[32;1m        PASS[0m [   0.152s] [35;1mapollo-federation::main[0m [36mcomposition::compose_type_merging[0m[36m::[0m[34;1marguments_merges_subtypes_within_lists[0m
[32;1m        PASS[0m [   0.139s] [35;1mapollo-federation::main[0m [36mcomposition::compose_type_merging[0m[36m::[0m[34;1mfield_types_merges_complex_subtypes[0m
[32;1m        PASS[0m [   0.055s] [35;1mapollo-federation::main[0m [36mcomposition::compose_validation[0m[36m::[0m[34;1msatisfiability_validation_uses_proper_error_code[0m
[32;1m        PASS[0m [   0.073s] [35;1mapollo-federation::main[0m [36mcomposition::compose_validation[0m[36m::[0m[34;1msatisfiability_validation_handles_indirectly_reachable_keys[0m
[32;1m        PASS[0m [   0.145s] [35;1mapollo-federation::main[0m [36mcomposition::compose_type_merging[0m[36m::[0m[34;1mfield_types_merges_subtypes_within_non_nullable[0m
[32;1m        PASS[0m [   0.147s] [35;1mapollo-federation::main[0m [36mcomposition::compose_type_merging[0m[36m::[0m[34;1mfield_types_merges_subtypes_within_lists[0m
[32;1m        PASS[0m [   0.140s] [35;1mapollo-federation::main[0m [36mcomposition::compose_types[0m[36m::[0m[34;1menum_types_does_not_error_if_skipped_inconsistent_value_has_directive[0m
[32;1m        PASS[0m [   0.051s] [35;1mapollo-federation::main[0m [36mcomposition::demand_control[0m[36m::[0m[34;1mhints_when_merging_cost_arguments[0m
[32;1m        PASS[0m [   0.130s] [35;1mapollo-federation::main[0m [36mcomposition::compose_types[0m[36m::[0m[34;1menum_types_merges_enum_but_skips_inconsistent_values_only_used_as_input[0m
[32;1m        PASS[0m [   0.153s] [35;1mapollo-federation::main[0m [36mcomposition::compose_type_merging[0m[36m::[0m[34;1mfield_types_merges_interface_subtypes[0m
[32;1m        PASS[0m [   0.147s] [35;1mapollo-federation::main[0m [36mcomposition::compose_types[0m[36m::[0m[34;1menum_types_merges_inconsistent_enum_only_used_as_output[0m
[32;1m        PASS[0m [   0.029s] [35;1mapollo-federation::main[0m [36mcore_test::core_v0_2[0m[36m::[0m[34;1mdoes_not_throw_errors_when_using_unsupported_features_with_no_for_argument[0m
[32;1m        PASS[0m [   0.026s] [35;1mapollo-federation::main[0m [36mcore_test::core_v0_2[0m[36m::[0m[34;1mthrows_errors_when_using_unsupported_features_for_execution[0m
[32;1m        PASS[0m [   0.162s] [35;1mapollo-federation::main[0m [36mcomposition::compose_type_merging[0m[36m::[0m[34;1mfield_types_merges_union_subtypes[0m
[32;1m        PASS[0m [   0.035s] [35;1mapollo-federation::main[0m [36mcore_test::core_v0_1[0m[36m::[0m[34;1mthrows_no_errors_when_using_a_valid_core_v0_1_document[0m
[32;1m        PASS[0m [   0.024s] [35;1mapollo-federation::main[0m [36mcore_test::core_v0_2[0m[36m::[0m[34;1mthrows_errors_when_using_unsupported_features_for_security[0m
[32;1m        PASS[0m [   0.032s] [35;1mapollo-federation::main[0m [36mcore_test::core_v0_2[0m[36m::[0m[34;1mdoes_not_throw_errors_when_using_supported_features[0m
[32;1m        PASS[0m [   0.068s] [35;1mapollo-federation::main[0m [36mcomposition::directive_argument_merge_strategies::tests[0m[36m::[0m[34;1mworks_for_max_argument_merge_strategy[0m
[32;1m        PASS[0m [   0.063s] [35;1mapollo-federation::main[0m [36mcomposition::directive_argument_merge_strategies::tests[0m[36m::[0m[34;1mworks_for_nullable_max_argument_merge_strategy[0m
[32;1m        PASS[0m [   0.066s] [35;1mapollo-federation::main[0m [36mcomposition::directive_argument_merge_strategies::tests[0m[36m::[0m[34;1mworks_for_nullable_and_argument_merge_strategy[0m
[32;1m        PASS[0m [   0.146s] [35;1mapollo-federation::main[0m [36mcomposition::compose_types[0m[36m::[0m[34;1menum_types_succeeds_merging_consistent_enum_used_as_both_input_and_output[0m
[32;1m        PASS[0m [   0.086s] [35;1mapollo-federation::main[0m [36mcomposition::directive_argument_merge_strategies::tests[0m[36m::[0m[34;1mworks_for_union_argument_merge_strategy[0m
[32;1m        PASS[0m [   0.164s] [35;1mapollo-federation::main[0m [36mcomposition::compose_types[0m[36m::[0m[34;1munion_types_merges_inconsistent_unions[0m
[32;1m        PASS[0m [   0.090s] [35;1mapollo-federation::main[0m [36mcomposition::directive_argument_merge_strategies::tests[0m[36m::[0m[34;1mworks_for_nullable_union_argument_merge_strategy[0m
[32;1m        PASS[0m [   0.027s] [35;1mapollo-federation::main[0m [36mextract_subgraphs[0m[36m::[0m[34;1mpreserve_default_values_of_input_fields[0m
[32;1m        PASS[0m [   0.042s] [35;1mapollo-federation::main[0m [36mextract_subgraphs[0m[36m::[0m[34;1merase_empty_types_due_to_overridden_fields[0m
[32;1m        PASS[0m [   0.037s] [35;1mapollo-federation::main[0m [36mquery_plan::build_query_plan_tests::cancel[0m[36m::[0m[34;1mtest_cancel_as_soon_as_possible[0m
[32;1m        PASS[0m [   0.040s] [35;1mapollo-federation::main[0m [36mquery_plan::build_query_plan_tests::cancel[0m[36m::[0m[34;1mtest_callback_is_called[0m
[32;1m        PASS[0m [   0.036s] [35;1mapollo-federation::main[0m [36mquery_plan::build_query_plan_tests::cancel[0m[36m::[0m[34;1mtest_cancel_late_enough_that_planning_finishes[0m
[32;1m        PASS[0m [   0.033s] [35;1mapollo-federation::main[0m [36mquery_plan::build_query_plan_tests::cancel[0m[36m::[0m[34;1mtest_cancel_near_the_middle[0m
[32;1m        PASS[0m [   0.134s] [35;1mapollo-federation::main[0m [36mcomposition::connectors::tests[0m[36m::[0m[34;1mcomposes_v0_3[0m
[32;1m        PASS[0m [   0.143s] [35;1mapollo-federation::main[0m [36mcomposition::connectors::tests[0m[36m::[0m[34;1mconnect_spec_and_join_directive_composes[0m
[32;1m        PASS[0m [   0.138s] [35;1mapollo-federation::main[0m [36mcomposition::connectors::tests[0m[36m::[0m[34;1musing_as_alias[0m
[32;1m        PASS[0m [   0.141s] [35;1mapollo-federation::main[0m [36mcomposition::connectors::tests[0m[36m::[0m[34;1mdoes_not_require_importing_connect[0m
[32;1m        PASS[0m [   0.111s] [35;1mapollo-federation::main[0m [36mcomposition_tests[0m[36m::[0m[34;1mcan_compose_types_from_different_subgraphs[0m
[32;1m        PASS[0m [   0.103s] [35;1mapollo-federation::main[0m [36mcore_test::core_v0_1[0m[36m::[0m[34;1mthrows_error_when_for_argument_is_used_in_core_v0_1_document[0m
[32;1m        PASS[0m [   0.152s] [35;1mapollo-federation::main[0m [36mcomposition::connectors::tests[0m[36m::[0m[34;1mcomposes_v0_2[0m
[32;1m        PASS[0m [   0.166s] [35;1mapollo-federation::main[0m [36mcomposition::connectors::tests[0m[36m::[0m[34;1mcomposes_with_renames[0m
[32;1m        PASS[0m [   0.129s] [35;1mapollo-federation::main[0m [36mcomposition_tests[0m[36m::[0m[34;1mcan_compose_with_descriptions[0m
[32;1m        PASS[0m [   0.134s] [35;1mapollo-federation::main[0m [36mcomposition_tests[0m[36m::[0m[34;1mcan_compose_supergraph[0m
[32;1m        PASS[0m [   0.135s] [35;1mapollo-federation::main[0m [36mcomposition_tests[0m[36m::[0m[34;1mcompose_removes_federation_directives[0m
[32;1m        PASS[0m [   0.021s] [35;1mapollo-federation::main[0m [36mquery_plan::build_query_plan_tests::debug_max_evaluated_plans_configuration[0m[36m::[0m[34;1mcannot_be_set_to_0_or_a_negative_number[0m
[32;1m        PASS[0m [   0.122s] [35;1mapollo-federation::main[0m [36mextract_subgraphs[0m[36m::[0m[34;1mdoes_not_extract_renamed_demand_control_directive_name_conflicts[0m
[32;1m        PASS[0m [   0.133s] [35;1mapollo-federation::main[0m [36mextract_subgraphs[0m[36m::[0m[34;1mcan_extract_subgraph[0m
[32;1m        PASS[0m [   0.138s] [35;1mapollo-federation::main[0m [36mextract_subgraphs[0m[36m::[0m[34;1mdoes_not_extract_demand_control_directive_name_conflicts[0m
[32;1m        PASS[0m [   0.124s] [35;1mapollo-federation::main[0m [36mextract_subgraphs[0m[36m::[0m[34;1mextracts_string_enum_values[0m
[32;1m        PASS[0m [   0.134s] [35;1mapollo-federation::main[0m [36mextract_subgraphs[0m[36m::[0m[34;1mextracts_demand_control_directives[0m
[32;1m        PASS[0m [   0.139s] [35;1mapollo-federation::main[0m [36mextract_subgraphs[0m[36m::[0m[34;1mextracts_renamed_demand_control_directives[0m
[32;1m        PASS[0m [   0.136s] [35;1mapollo-federation::main[0m [36mextract_subgraphs[0m[36m::[0m[34;1mextracts_set_context_directives[0m
[32;1m        PASS[0m [   0.133s] [35;1mapollo-federation::main[0m [36mquery_plan::build_query_plan_tests[0m[36m::[0m[34;1mcondition_order_router799[0m
[32;1m        PASS[0m [   0.165s] [35;1mapollo-federation::main[0m [36mquery_plan::build_query_plan_tests::context[0m[36m::[0m[34;1mset_context_one_subgraph[0m
[32;1m        PASS[0m [   0.164s] [35;1mapollo-federation::main[0m [36mquery_plan::build_query_plan_tests::context[0m[36m::[0m[34;1mset_context_test_accesses_a_different_top_level_query[0m
[32;1m        PASS[0m [   0.192s] [35;1mapollo-federation::main[0m [36mquery_plan::build_query_plan_tests[0m[36m::[0m[34;1mavoids_unnecessary_fetches[0m
[32;1m        PASS[0m [   0.177s] [35;1mapollo-federation::main[0m [36mquery_plan::build_query_plan_tests::context[0m[36m::[0m[34;1mset_context_required_field_is_several_levels_deep_going_back_and_forth_between_subgraphs[0m
[32;1m        PASS[0m [   0.177s] [35;1mapollo-federation::main[0m [36mquery_plan::build_query_plan_tests::context[0m[36m::[0m[34;1mset_context_test_before_key_resolution_transition[0m
[32;1m        PASS[0m [   0.151s] [35;1mapollo-federation::main[0m [36mquery_plan::build_query_plan_tests::debug_max_evaluated_plans_configuration[0m[36m::[0m[34;1mallows_setting_down_to_1[0m
[32;1m        PASS[0m [   0.172s] [35;1mapollo-federation::main[0m [36mquery_plan::build_query_plan_tests::context[0m[36m::[0m[34;1mset_context_test_impacts_on_query_planning[0m
[32;1m        PASS[0m [   0.160s] [35;1mapollo-federation::main[0m [36mquery_plan::build_query_plan_tests::context[0m[36m::[0m[34;1mset_context_test_variable_is_from_same_subgraph[0m
[32;1m        PASS[0m [   0.157s] [35;1mapollo-federation::main[0m [36mquery_plan::build_query_plan_tests::debug_max_evaluated_plans_configuration[0m[36m::[0m[34;1mavoid_considering_indirect_paths_from_the_root_when_a_more_direct_one_exists[0m
[32;1m        PASS[0m [   0.172s] [35;1mapollo-federation::main[0m [36mquery_plan::build_query_plan_tests::context[0m[36m::[0m[34;1mset_context_test_variable_is_already_in_a_different_fetch_group[0m
[32;1m        PASS[0m [   0.176s] [35;1mapollo-federation::main[0m [36mquery_plan::build_query_plan_tests::context[0m[36m::[0m[34;1mset_context_test_variable_is_a_list[0m
[32;1m        PASS[0m [   0.169s] [35;1mapollo-federation::main[0m [36mquery_plan::build_query_plan_tests::context[0m[36m::[0m[34;1mset_context_test_variable_is_from_different_subgraph[0m
[32;1m        PASS[0m [   0.184s] [35;1mapollo-federation::main[0m [36mquery_plan::build_query_plan_tests::context[0m[36m::[0m[34;1mset_context_test_fetched_as_a_list[0m
[32;1m        PASS[0m [   0.202s] [35;1mapollo-federation::main[0m [36mquery_plan::build_query_plan_tests::context[0m[36m::[0m[34;1mset_context_test_efficiently_merge_fetch_groups[0m
[32;1m        PASS[0m [   0.169s] [35;1mapollo-federation::main[0m [36mquery_plan::build_query_plan_tests::debug_max_evaluated_plans_configuration[0m[36m::[0m[34;1mcan_be_set_to_an_arbitrary_number[0m
[32;1m        PASS[0m [   0.179s] [35;1mapollo-federation::main[0m [36mquery_plan::build_query_plan_tests::context[0m[36m::[0m[34;1mset_context_test_with_type_conditions_for_union[0m
[32;1m        PASS[0m [   0.147s] [35;1mapollo-federation::main[0m [36mquery_plan::build_query_plan_tests::defer[0m[36m::[0m[34;1mdefer_on_renamed_root_type[0m
[32;1m        PASS[0m [   0.173s] [35;1mapollo-federation::main[0m [36mquery_plan::build_query_plan_tests::debug_max_evaluated_plans_configuration[0m[36m::[0m[34;1mcorrectly_generate_plan_built_from_some_non_individually_optimal_branch_options[0m
[32;1m        PASS[0m [   0.170s] [35;1mapollo-federation::main[0m [36mquery_plan::build_query_plan_tests::debug_max_evaluated_plans_configuration[0m[36m::[0m[34;1mdoes_not_error_on_some_complex_fetch_group_dependencies[0m
[32;1m        PASS[0m [   0.167s] [35;1mapollo-federation::main[0m [36mquery_plan::build_query_plan_tests::debug_max_evaluated_plans_configuration[0m[36m::[0m[34;1mdoes_not_evaluate_plans_relying_on_a_key_field_to_fetch_that_same_field[0m
[32;1m        PASS[0m [   0.152s] [35;1mapollo-federation::main[0m [36mquery_plan::build_query_plan_tests::defer[0m[36m::[0m[34;1mdefer_test_defer_everything_within_entity[0m
[32;1m        PASS[0m [   0.161s] [35;1mapollo-federation::main[0m [36mquery_plan::build_query_plan_tests::debug_max_evaluated_plans_configuration[0m[36m::[0m[34;1mworks_when_unset[0m
[32;1m        PASS[0m [   0.180s] [35;1mapollo-federation::main[0m [36mquery_plan::build_query_plan_tests::debug_max_evaluated_plans_configuration[0m[36m::[0m[34;1mmultiplication_overflow_in_reduce_options_if_needed[0m
[32;1m        PASS[0m [   0.175s] [35;1mapollo-federation::main[0m [36mquery_plan::build_query_plan_tests::defer[0m[36m::[0m[34;1mdefer_test_can_request_typename_in_fragment[0m
[32;1m        PASS[0m [   0.160s] [35;1mapollo-federation::main[0m [36mquery_plan::build_query_plan_tests::defer[0m[36m::[0m[34;1mdefer_test_defer_on_enity_but_with_unuseful_key[0m
[32;1m        PASS[0m [   0.162s] [35;1mapollo-federation::main[0m [36mquery_plan::build_query_plan_tests::defer[0m[36m::[0m[34;1mdefer_test_defer_on_everything_queried[0m
[32;1m        PASS[0m [   0.179s] [35;1mapollo-federation::main[0m [36mquery_plan::build_query_plan_tests::defer[0m[36m::[0m[34;1mdefer_test_defer_multiple_fields_in_different_subgraphs[0m
[32;1m        PASS[0m [   0.157s] [35;1mapollo-federation::main[0m [36mquery_plan::build_query_plan_tests::defer[0m[36m::[0m[34;1mdefer_test_defer_on_query_root_type[0m
[32;1m        PASS[0m [   0.165s] [35;1mapollo-federation::main[0m [36mquery_plan::build_query_plan_tests::defer[0m[36m::[0m[34;1mdefer_test_defer_on_mutation_in_same_subgraph[0m
[32;1m        PASS[0m [   0.171s] [35;1mapollo-federation::main[0m [36mquery_plan::build_query_plan_tests::defer[0m[36m::[0m[34;1mdefer_test_defer_on_mutation_on_different_subgraphs[0m
[32;1m        PASS[0m [   0.152s] [35;1mapollo-federation::main[0m [36mquery_plan::build_query_plan_tests::defer[0m[36m::[0m[34;1mdefer_test_defer_on_value_types[0m
[32;1m        PASS[0m [   0.048s] [35;1mapollo-federation::main[0m [36mquery_plan::build_query_plan_tests::disable_subgraphs[0m[36m::[0m[34;1mtest_if_disabling_all_subgraph_jumps_causes_error[0m
[32;1m        PASS[0m [   0.195s] [35;1mapollo-federation::main[0m [36mquery_plan::build_query_plan_tests::defer[0m[36m::[0m[34;1mdefer_test_defer_on_multi_dependency_deferred_section[0m
[32;1m        PASS[0m [   0.143s] [35;1mapollo-federation::main[0m [36mquery_plan::build_query_plan_tests::defer[0m[36m::[0m[34;1mdefer_test_defer_only_the_key_of_an_entity[0m
[32;1m        PASS[0m [   0.143s] [35;1mapollo-federation::main[0m [36mquery_plan::build_query_plan_tests::defer[0m[36m::[0m[34;1mdefer_test_defer_resuming_in_the_same_subgraph[0m
[32;1m        PASS[0m [   0.146s] [35;1mapollo-federation::main[0m [36mquery_plan::build_query_plan_tests::defer[0m[36m::[0m[34;1mdefer_test_defer_with_condition_on_single_subgraph[0m
[32;1m        PASS[0m [   0.063s] [35;1mapollo-federation::main[0m [36mquery_plan::build_query_plan_tests::fetch_operation_names[0m[36m::[0m[34;1mcorrectly_handle_case_where_there_is_too_many_plans_to_consider[0m
[32;1m        PASS[0m [   0.141s] [35;1mapollo-federation::main[0m [36mquery_plan::build_query_plan_tests::defer[0m[36m::[0m[34;1mdefer_test_direct_nesting_on_value_type[0m
[32;1m        PASS[0m [   0.154s] [35;1mapollo-federation::main[0m [36mquery_plan::build_query_plan_tests::defer[0m[36m::[0m[34;1mdefer_test_direct_nesting_on_entity[0m
[32;1m        PASS[0m [   0.149s] [35;1mapollo-federation::main[0m [36mquery_plan::build_query_plan_tests::defer[0m[36m::[0m[34;1mdefer_test_handles_simple_defer_with_defer_enabled[0m
[32;1m        PASS[0m [   0.158s] [35;1mapollo-federation::main[0m [36mquery_plan::build_query_plan_tests::defer[0m[36m::[0m[34;1mdefer_test_do_not_merge_query_branches_with_defer[0m
[32;1m        PASS[0m [   0.174s] [35;1mapollo-federation::main[0m [36mquery_plan::build_query_plan_tests::defer[0m[36m::[0m[34;1mdefer_test_defer_with_conditions_and_labels[0m
[32;1m        PASS[0m [   0.155s] [35;1mapollo-federation::main[0m [36mquery_plan::build_query_plan_tests::defer[0m[36m::[0m[34;1mdefer_test_fragments_expand_into_same_field_regardless_of_defer[0m
[32;1m        PASS[0m [   0.153s] [35;1mapollo-federation::main[0m [36mquery_plan::build_query_plan_tests::defer[0m[36m::[0m[34;1mdefer_test_named_fragments_simple[0m
[32;1m        PASS[0m [   0.159s] [35;1mapollo-federation::main[0m [36mquery_plan::build_query_plan_tests::defer[0m[36m::[0m[34;1mdefer_test_interface_has_different_definitions_between_subgraphs[0m
[32;1m        PASS[0m [   0.155s] [35;1mapollo-federation::main[0m [36mquery_plan::build_query_plan_tests::defer[0m[36m::[0m[34;1mdefer_test_non_router_based_defer_case_one[0m
[32;1m        PASS[0m [   0.153s] [35;1mapollo-federation::main[0m [36mquery_plan::build_query_plan_tests::defer[0m[36m::[0m[34;1mdefer_test_non_router_based_defer_case_two[0m
[32;1m        PASS[0m [   0.156s] [35;1mapollo-federation::main[0m [36mquery_plan::build_query_plan_tests::defer[0m[36m::[0m[34;1mdefer_test_non_router_based_defer_case_three[0m
[32;1m        PASS[0m [   0.190s] [35;1mapollo-federation::main[0m [36mquery_plan::build_query_plan_tests::defer[0m[36m::[0m[34;1mdefer_test_defer_with_mutliple_conditions_and_labels[0m
[32;1m        PASS[0m [   0.162s] [35;1mapollo-federation::main[0m [36mquery_plan::build_query_plan_tests::defer[0m[36m::[0m[34;1mdefer_test_nested_defer_on_entities[0m
[32;1m        PASS[0m [   0.162s] [35;1mapollo-federation::main[0m [36mquery_plan::build_query_plan_tests::defer[0m[36m::[0m[34;1mdefer_test_normalizes_if_false[0m
[32;1m        PASS[0m [   0.159s] [35;1mapollo-federation::main[0m [36mquery_plan::build_query_plan_tests::defer[0m[36m::[0m[34;1mdefer_test_normalizes_if_true[0m
[32;1m        PASS[0m [   0.150s] [35;1mapollo-federation::main[0m [36mquery_plan::build_query_plan_tests::defer[0m[36m::[0m[34;1mdefer_test_the_path_in_defer_includes_traversed_fragments[0m
[32;1m        PASS[0m [   0.156s] [35;1mapollo-federation::main[0m [36mquery_plan::build_query_plan_tests::defer[0m[36m::[0m[34;1mdefer_test_provides_are_ignored_for_deferred_fields[0m
[32;1m        PASS[0m [   0.194s] [35;1mapollo-federation::main[0m [36mquery_plan::build_query_plan_tests::defer[0m[36m::[0m[34;1mdefer_test_multiple_non_nested_defer_plus_label_handling[0m
[32;1m        PASS[0m [   0.166s] [35;1mapollo-federation::main[0m [36mquery_plan::build_query_plan_tests::defer[0m[36m::[0m[34;1mdefer_test_requirements_of_deferred_fields_are_deferred[0m
[32;1m        PASS[0m [   0.160s] [35;1mapollo-federation::main[0m [36mquery_plan::build_query_plan_tests::disable_subgraphs[0m[36m::[0m[34;1mtest_if_disabling_less_expensive_subgraph_jump_causes_other_to_be_used[0m
[32;1m        PASS[0m [   0.141s] [35;1mapollo-federation::main[0m [36mquery_plan::build_query_plan_tests::fetch_operation_names[0m[36m::[0m[34;1mensures_sanitization_applies_repeatedly[0m
[32;1m        PASS[0m [   0.168s] [35;1mapollo-federation::main[0m [36mquery_plan::build_query_plan_tests::disable_subgraphs[0m[36m::[0m[34;1mtest_if_less_expensive_subgraph_jump_is_used[0m
[32;1m        PASS[0m [   0.148s] [35;1mapollo-federation::main[0m [36mquery_plan::build_query_plan_tests::fetch_operation_names[0m[36m::[0m[34;1mhandle_subgraph_with_hypen_in_the_name[0m
[32;1m        PASS[0m [   0.169s] [35;1mapollo-federation::main[0m [36mquery_plan::build_query_plan_tests::entities[0m[36m::[0m[34;1minefficient_entity_fetches_to_same_subgraph[0m
[32;1m        PASS[0m [   0.147s] [35;1mapollo-federation::main[0m [36mquery_plan::build_query_plan_tests::field_merging_with_skip_and_include[0m[36m::[0m[34;1mfields_are_not_overwritten_when_directives_are_removed[0m
[32;1m        PASS[0m [   0.156s] [35;1mapollo-federation::main[0m [36mquery_plan::build_query_plan_tests[0m[36m::[0m[34;1mfield_covariance_and_type_explosion[0m
[32;1m        PASS[0m [   0.147s] [35;1mapollo-federation::main[0m [36mquery_plan::build_query_plan_tests::field_merging_with_skip_and_include[0m[36m::[0m[34;1mmerging_skip_and_include_directives_multiple_applications_differing_order[0m
[32;1m        PASS[0m [   0.164s] [35;1mapollo-federation::main[0m [36mquery_plan::build_query_plan_tests::fetch_operation_names[0m[36m::[0m[34;1mhandle_very_non_graph_subgraph_name[0m
[32;1m        PASS[0m [   0.143s] [35;1mapollo-federation::main[0m [36mquery_plan::build_query_plan_tests::field_merging_with_skip_and_include[0m[36m::[0m[34;1mmerging_skip_and_include_directives_multiple_applications_identical[0m
[32;1m        PASS[0m [   0.148s] [35;1mapollo-federation::main[0m [36mquery_plan::build_query_plan_tests::field_merging_with_skip_and_include[0m[36m::[0m[34;1mmerging_skip_and_include_directives_multiple_applications_differing_quantity[0m
[32;1m        PASS[0m [   0.142s] [35;1mapollo-federation::main[0m [36mquery_plan::build_query_plan_tests::field_merging_with_skip_and_include[0m[36m::[0m[34;1mmerging_skip_and_include_directives_with_fragment[0m
[32;1m        PASS[0m [   0.148s] [35;1mapollo-federation::main[0m [36mquery_plan::build_query_plan_tests::field_merging_with_skip_and_include[0m[36m::[0m[34;1mmerging_skip_and_include_directives_without_fragment[0m
[32;1m        PASS[0m [   0.157s] [35;1mapollo-federation::main[0m [36mquery_plan::build_query_plan_tests::fragment_autogeneration[0m[36m::[0m[34;1manother_mix_of_fragments_indirection_and_unions[0m
[32;1m        PASS[0m [   0.139s] [35;1mapollo-federation::main[0m [36mquery_plan::build_query_plan_tests::fragment_autogeneration[0m[36m::[0m[34;1msame_as_js_router798[0m
[32;1m        PASS[0m [   0.151s] [35;1mapollo-federation::main[0m [36mquery_plan::build_query_plan_tests::fragment_autogeneration[0m[36m::[0m[34;1mit_identifies_and_reuses_equivalent_fragments_that_arent_identical[0m
[32;1m        PASS[0m [   0.151s] [35;1mapollo-federation::main[0m [36mquery_plan::build_query_plan_tests::fragment_autogeneration[0m[36m::[0m[34;1mit_migrates_skip_include[0m
[32;1m        PASS[0m [   0.170s] [35;1mapollo-federation::main[0m [36mquery_plan::build_query_plan_tests::fragment_autogeneration[0m[36m::[0m[34;1mit_handles_nested_fragment_generation_from_operation_with_fragments[0m
[32;1m        PASS[0m [   0.142s] [35;1mapollo-federation::main[0m [36mquery_plan::build_query_plan_tests[0m[36m::[0m[34;1mhandles_non_intersecting_fragment_conditions[0m
[32;1m        PASS[0m [   0.158s] [35;1mapollo-federation::main[0m [36mquery_plan::build_query_plan_tests::handles_fragments_with_directive_conditions[0m[36m::[0m[34;1mfragment_with_intersecting_parent_type_and_directive_condition[0m
[32;1m        PASS[0m [   0.146s] [35;1mapollo-federation::main[0m [36mquery_plan::build_query_plan_tests::handles_operations_with_directives[0m[36m::[0m[34;1msubgraph_query_retains_the_query_variables_used_in_the_directives_applied_to_the_query[0m
[32;1m        PASS[0m [   0.157s] [35;1mapollo-federation::main[0m [36mquery_plan::build_query_plan_tests::handles_fragments_with_directive_conditions[0m[36m::[0m[34;1mnested_fragment_with_intersecting_parent_type_and_directive_condition[0m
[32;1m        PASS[0m [   0.175s] [35;1mapollo-federation::main[0m [36mquery_plan::build_query_plan_tests::fragment_autogeneration[0m[36m::[0m[34;1mworks_with_key_chains[0m
[32;1m        PASS[0m [   0.147s] [35;1mapollo-federation::main[0m [36mquery_plan::build_query_plan_tests::handles_operations_with_directives[0m[36m::[0m[34;1mtest_if_directives_with_arguments_applied_on_queries_are_ok[0m
[32;1m        PASS[0m [   0.166s] [35;1mapollo-federation::main[0m [36mquery_plan::build_query_plan_tests::handles_operations_with_directives[0m[36m::[0m[34;1mtest_if_directives_at_the_operation_level_are_passed_down_to_subgraph_queries[0m
[32;1m        PASS[0m [   0.163s] [35;1mapollo-federation::main[0m [36mquery_plan::build_query_plan_tests::handles_operations_with_directives[0m[36m::[0m[34;1mtest_if_directives_on_mutations_are_passed_down_to_subgraph_queries[0m
[32;1m        PASS[0m [   0.161s] [35;1mapollo-federation::main[0m [36mquery_plan::build_query_plan_tests::interface_object[0m[36m::[0m[34;1mcan_use_a_key_on_an_interface_object_type[0m
[32;1m        PASS[0m [   0.164s] [35;1mapollo-federation::main[0m [36mquery_plan::build_query_plan_tests::interface_object[0m[36m::[0m[34;1mcan_use_a_key_on_an_interface_object_from_an_interface_object_type[0m
[32;1m        PASS[0m [   0.159s] [35;1mapollo-federation::main[0m [36mquery_plan::build_query_plan_tests::interface_object[0m[36m::[0m[34;1mcan_use_a_key_on_an_interface_object_type_even_for_a_concrete_implementation[0m
[32;1m        PASS[0m [   0.157s] [35;1mapollo-federation::main[0m [36mquery_plan::build_query_plan_tests::interface_object[0m[36m::[0m[34;1mit_avoids_buffering_interface_object_results_that_may_have_to_be_filtered_with_lists[0m
[32;1m        PASS[0m [   0.171s] [35;1mapollo-federation::main[0m [36mquery_plan::build_query_plan_tests::interface_object[0m[36m::[0m[34;1mhandles_query_of_an_interface_field_for_a_specific_implementation_when_query_starts_with_interface_object[0m
[32;1m        PASS[0m [   0.212s] [35;1mapollo-federation::main[0m [36mquery_plan::build_query_plan_tests[0m[36m::[0m[34;1mhandles_multiple_conditions_on_abstract_types[0m
[32;1m        PASS[0m [   0.180s] [35;1mapollo-federation::main[0m [36mquery_plan::build_query_plan_tests::interface_object[0m[36m::[0m[34;1mdoes_not_rely_on_an_interface_object_directly_if_a_specific_implementation_is_requested[0m
[32;1m        PASS[0m [   0.164s] [35;1mapollo-federation::main[0m [36mquery_plan::build_query_plan_tests::interface_object[0m[36m::[0m[34;1mit_handles_requires_on_concrete_type_of_field_provided_by_interface_object[0m
[32;1m        PASS[0m [   0.156s] [35;1mapollo-federation::main[0m [36mquery_plan::build_query_plan_tests::interface_object[0m[36m::[0m[34;1monly_uses_an_interface_object_if_it_can[0m
[32;1m        PASS[0m [   0.182s] [35;1mapollo-federation::main[0m [36mquery_plan::build_query_plan_tests::interface_object[0m[36m::[0m[34;1mit_handles_interface_object_in_nested_entity[0m
[32;1m        PASS[0m [   0.202s] [35;1mapollo-federation::main[0m [36mquery_plan::build_query_plan_tests::interface_object[0m[36m::[0m[34;1mdoes_not_rely_on_an_interface_object_directly_for_typename[0m
[32;1m        PASS[0m [   0.153s] [35;1mapollo-federation::main[0m [36mquery_plan::build_query_plan_tests::interface_type_explosion[0m[36m::[0m[34;1mskip_type_explosion_early_if_unnecessary[0m
[32;1m        PASS[0m [   0.186s] [35;1mapollo-federation::main[0m [36mquery_plan::build_query_plan_tests::interface_object[0m[36m::[0m[34;1mit_handles_interface_object_input_rewrites_when_cloning_dependency_graph[0m
[32;1m        PASS[0m [   0.163s] [35;1mapollo-federation::main[0m [36mquery_plan::build_query_plan_tests::interface_object[0m[36m::[0m[34;1mtest_type_conditioned_fetching_with_interface_object_does_not_crash[0m
[32;1m        PASS[0m [   0.158s] [35;1mapollo-federation::main[0m [36mquery_plan::build_query_plan_tests::interface_type_explosion[0m[36m::[0m[34;1mhandles_non_matching_value_types_under_interface_field[0m
[32;1m        PASS[0m [   0.151s] [35;1mapollo-federation::main[0m [36mquery_plan::build_query_plan_tests::introspection_typename_handling[0m[36m::[0m[34;1mit_preservers_aliased_typename[0m
[32;1m        PASS[0m [   0.172s] [35;1mapollo-federation::main[0m [36mquery_plan::build_query_plan_tests::introspection_typename_handling[0m[36m::[0m[34;1madd_back_sibling_typename_to_interface_object[0m
[32;1m        PASS[0m [   0.173s] [35;1mapollo-federation::main[0m [36mquery_plan::build_query_plan_tests::introspection_typename_handling[0m[36m::[0m[34;1mit_does_not_needlessly_consider_options_for_typename[0m
[32;1m        PASS[0m [   0.208s] [35;1mapollo-federation::main[0m [36mquery_plan::build_query_plan_tests::interface_object[0m[36m::[0m[34;1mtest_interface_object_advance_with_non_collecting_and_type_preserving_transitions_ordering[0m
[32;1m        PASS[0m [   0.159s] [35;1mapollo-federation::main[0m [36mquery_plan::build_query_plan_tests[0m[36m::[0m[34;1mit_executes_a_single_mutation_operation_on_a_shareable_field[0m
[32;1m        PASS[0m [   0.176s] [35;1mapollo-federation::main[0m [36mquery_plan::build_query_plan_tests::introspection_typename_handling[0m[36m::[0m[34;1mit_preserves_typename_with_directives[0m
[32;1m        PASS[0m [   0.177s] [35;1mapollo-federation::main[0m [36mquery_plan::build_query_plan_tests::introspection_typename_handling[0m[36m::[0m[34;1mtest_indirect_branch_merging_with_typename_sibling[0m
[32;1m        PASS[0m [   0.168s] [35;1mapollo-federation::main[0m [36mquery_plan::build_query_plan_tests[0m[36m::[0m[34;1mit_executes_mutation_operations_in_sequence[0m
[32;1m        PASS[0m [   0.160s] [35;1mapollo-federation::main[0m [36mquery_plan::build_query_plan_tests[0m[36m::[0m[34;1mit_ignores_mutation_key_at_top_level_for_mutations[0m
[32;1m        PASS[0m [   0.160s] [35;1mapollo-federation::main[0m [36mquery_plan::build_query_plan_tests::merged_abstract_types_handling[0m[36m::[0m[34;1mhandles_spread_unions_correctly[0m
[32;1m        PASS[0m [   0.167s] [35;1mapollo-federation::main[0m [36mquery_plan::build_query_plan_tests::merged_abstract_types_handling[0m[36m::[0m[34;1mdoes_not_error_out_handling_fragments_when_interface_subtyping_is_involved[0m
[32;1m        PASS[0m [   0.181s] [35;1mapollo-federation::main[0m [36mquery_plan::build_query_plan_tests[0m[36m::[0m[34;1mkey_where_at_external_is_not_at_top_level_of_selection_of_requires[0m
[32;1m        PASS[0m [   0.160s] [35;1mapollo-federation::main[0m [36mquery_plan::build_query_plan_tests::merged_abstract_types_handling[0m[36m::[0m[34;1minterface_interface_interaction[0m
[32;1m        PASS[0m [   0.175s] [35;1mapollo-federation::main[0m [36mquery_plan::build_query_plan_tests::merged_abstract_types_handling[0m[36m::[0m[34;1mhandles_case_of_key_chains_in_parallel_requires[0m
[32;1m        PASS[0m [   0.165s] [35;1mapollo-federation::main[0m [36mquery_plan::build_query_plan_tests::merged_abstract_types_handling[0m[36m::[0m[34;1minterface_interface_interaction_but_no_need_to_type_explode[0m
[32;1m        PASS[0m [   0.178s] [35;1mapollo-federation::main[0m [36mquery_plan::build_query_plan_tests::merged_abstract_types_handling[0m[36m::[0m[34;1mhandles_types_with_no_common_supertype_at_the_same_merge_at[0m
[32;1m        PASS[0m [   0.158s] [35;1mapollo-federation::main[0m [36mquery_plan::build_query_plan_tests::merged_abstract_types_handling[0m[36m::[0m[34;1minterface_union_interaction_but_no_need_to_type_explode[0m
[32;1m        PASS[0m [   0.162s] [35;1mapollo-federation::main[0m [36mquery_plan::build_query_plan_tests::merged_abstract_types_handling[0m[36m::[0m[34;1minterface_union_interaction[0m
[32;1m        PASS[0m [   0.161s] [35;1mapollo-federation::main[0m [36mquery_plan::build_query_plan_tests::merged_abstract_types_handling[0m[36m::[0m[34;1munion_union_interaction[0m
[32;1m        PASS[0m [   0.176s] [35;1mapollo-federation::main[0m [36mquery_plan::build_query_plan_tests::merged_abstract_types_handling[0m[36m::[0m[34;1munion_interface_interaction[0m
[32;1m        PASS[0m [   0.157s] [35;1mapollo-federation::main[0m [36mquery_plan::build_query_plan_tests::merged_abstract_types_handling[0m[36m::[0m[34;1munion_union_interaction_but_no_need_to_type_explode[0m
[32;1m        PASS[0m [   0.138s] [35;1mapollo-federation::main[0m [36mquery_plan::build_query_plan_tests::named_fragments_expansion[0m[36m::[0m[34;1mhandles_mix_of_fragments_indirection_and_unions[0m
[32;1m        PASS[0m [   0.182s] [35;1mapollo-federation::main[0m [36mquery_plan::build_query_plan_tests::merged_abstract_types_handling[0m[36m::[0m[34;1munion_interface_interaction_but_no_need_to_type_explode[0m
[32;1m        PASS[0m [   0.161s] [35;1mapollo-federation::main[0m [36mquery_plan::build_query_plan_tests::mutations[0m[36m::[0m[34;1madjacent_mutations_get_merged[0m
[32;1m        PASS[0m [   0.151s] [35;1mapollo-federation::main[0m [36mquery_plan::build_query_plan_tests::named_fragments_expansion[0m[36m::[0m[34;1mhandles_fragments_with_interface_field_subtyping[0m
[32;1m        PASS[0m [   0.167s] [35;1mapollo-federation::main[0m [36mquery_plan::build_query_plan_tests::mutations[0m[36m::[0m[34;1mnon_adjacent_mutations_do_not_get_merged[0m
[32;1m        PASS[0m [   0.155s] [35;1mapollo-federation::main[0m [36mquery_plan::build_query_plan_tests::named_fragments_expansion[0m[36m::[0m[34;1mit_expands_nested_fragments[0m
[32;1m        PASS[0m [   0.148s] [35;1mapollo-federation::main[0m [36mquery_plan::build_query_plan_tests::named_fragments_expansion[0m[36m::[0m[34;1mit_preserves_directives_on_collapsed_fragments[0m
[32;1m        PASS[0m [   0.152s] [35;1mapollo-federation::main[0m [36mquery_plan::build_query_plan_tests::named_fragments_expansion[0m[36m::[0m[34;1mit_preserves_directives[0m
[32;1m        PASS[0m [   0.165s] [35;1mapollo-federation::main[0m [36mquery_plan::build_query_plan_tests::named_fragments_expansion[0m[36m::[0m[34;1mit_preserves_directives_when_fragment_is_reused[0m
[32;1m        PASS[0m [   0.162s] [35;1mapollo-federation::main[0m [36mquery_plan::build_query_plan_tests::overrides[0m[36m::[0m[34;1mit_does_not_override_unset_labels_on_entity_fields[0m
[32;1m        PASS[0m [   0.157s] [35;1mapollo-federation::main[0m [36mquery_plan::build_query_plan_tests::overrides[0m[36m::[0m[34;1mit_does_not_override_unset_labels_on_nested_entity_fields[0m
[32;1m        PASS[0m [   0.151s] [35;1mapollo-federation::main[0m [36mquery_plan::build_query_plan_tests::overrides[0m[36m::[0m[34;1mit_does_not_override_unset_labels_on_root_fields[0m
[32;1m        PASS[0m [   0.163s] [35;1mapollo-federation::main[0m [36mquery_plan::build_query_plan_tests::overrides[0m[36m::[0m[34;1mit_handles_progressive_override_on_nested_entity_fields[0m
[32;1m        PASS[0m [   0.156s] [35;1mapollo-federation::main[0m [36mquery_plan::build_query_plan_tests::overrides[0m[36m::[0m[34;1mit_handles_progressive_override_on_root_fields[0m
[32;1m        PASS[0m [   0.183s] [35;1mapollo-federation::main[0m [36mquery_plan::build_query_plan_tests::overrides[0m[36m::[0m[34;1mit_handles_progressive_override_on_entity_fields[0m
[32;1m        PASS[0m [   0.165s] [35;1mapollo-federation::main[0m [36mquery_plan::build_query_plan_tests::overrides[0m[36m::[0m[34;1moverride_a_field_from_an_interface[0m
[32;1m        PASS[0m [   0.165s] [35;1mapollo-federation::main[0m [36mquery_plan::build_query_plan_tests::overrides::shareable[0m[36m::[0m[34;1mit_overrides_f1_to_s3_when_label_is_provided[0m
[32;1m        PASS[0m [   0.156s] [35;1mapollo-federation::main[0m [36mquery_plan::build_query_plan_tests::overrides::shareable[0m[36m::[0m[34;1mit_resolves_f1_in_s1_when_label_is_not_provided[0m
[32;1m        PASS[0m [   0.159s] [35;1mapollo-federation::main[0m [36mquery_plan::build_query_plan_tests::overrides::shareable[0m[36m::[0m[34;1mit_resolves_in_s1_when_label_is_not_provided[0m
[32;1m        PASS[0m [   0.172s] [35;1mapollo-federation::main[0m [36mquery_plan::build_query_plan_tests::overrides::shareable[0m[36m::[0m[34;1mit_overrides_to_s2_when_label_is_provided[0m
[32;1m        PASS[0m [   0.132s] [35;1mapollo-federation::main[0m [36mquery_plan::build_query_plan_tests[0m[36m::[0m[34;1mrebase_non_intersecting_without_dropping_inline_fragment_due_to_directive[0m
[32;1m        PASS[0m [   0.169s] [35;1mapollo-federation::main[0m [36mquery_plan::build_query_plan_tests[0m[36m::[0m[34;1mpick_keys_that_minimize_fetches[0m
[32;1m        PASS[0m [   0.157s] [35;1mapollo-federation::main[0m [36mquery_plan::build_query_plan_tests::provides[0m[36m::[0m[34;1mit_works_on_interfaces[0m
[32;1m        PASS[0m [   0.160s] [35;1mapollo-federation::main[0m [36mquery_plan::build_query_plan_tests::provides[0m[36m::[0m[34;1mit_works_with_nested_provides[0m
[32;1m        PASS[0m [   0.176s] [35;1mapollo-federation::main[0m [36mquery_plan::build_query_plan_tests::provides[0m[36m::[0m[34;1mit_allow_providing_fields_for_only_some_subtype[0m
[32;1m        PASS[0m [   0.149s] [35;1mapollo-federation::main[0m [36mquery_plan::build_query_plan_tests[0m[36m::[0m[34;1mredundant_typename_for_inline_fragments_without_type_condition[0m
[32;1m        PASS[0m [   0.178s] [35;1mapollo-federation::main[0m [36mquery_plan::build_query_plan_tests::provides[0m[36m::[0m[34;1mit_works_on_unions[0m
[32;1m        PASS[0m [   0.163s] [35;1mapollo-federation::main[0m [36mquery_plan::build_query_plan_tests::provides[0m[36m::[0m[34;1mtest_provides_edge_ordering[0m
[32;1m        PASS[0m [   0.180s] [35;1mapollo-federation::main[0m [36mquery_plan::build_query_plan_tests::provides[0m[36m::[0m[34;1mit_works_with_type_condition_even_for_types_only_reachable_by_the_at_provides[0m
[32;1m        PASS[0m [   0.155s] [35;1mapollo-federation::main[0m [36mquery_plan::build_query_plan_tests::requires[0m[36m::[0m[34;1mhandles_simple_requires[0m
[32;1m        PASS[0m [   0.047s] [35;1mapollo-federation::main[0m [36mquery_plan::build_query_plan_tests::subscriptions[0m[36m::[0m[34;1mtrying_to_use_defer_with_a_subscription_results_in_an_error[0m
[32;1m        PASS[0m [   0.172s] [35;1mapollo-federation::main[0m [36mquery_plan::build_query_plan_tests::requires[0m[36m::[0m[34;1mavoids_selecting_inapplicable_key_from_parent_node[0m
[32;1m        PASS[0m [   0.032s] [35;1mapollo-federation::main[0m [36msubgraph::parse_expand_tests[0m[36m::[0m[34;1mcan_parse_and_expand[0m
[32;1m        PASS[0m [   0.050s] [35;1mapollo-federation::main[0m [36mquery_plan::build_query_plan_tests::subscriptions[0m[36m::[0m[34;1mtrying_to_use_include_with_a_subscription_results_in_an_error[0m
[32;1m        PASS[0m [   0.027s] [35;1mapollo-federation::main[0m [36msubgraph::parse_expand_tests[0m[36m::[0m[34;1mcan_parse_and_expand_preserves_user_definitions[0m
[32;1m        PASS[0m [   0.166s] [35;1mapollo-federation::main[0m [36mquery_plan::build_query_plan_tests::requires[0m[36m::[0m[34;1mhandles_requires_from_supergraph[0m
[32;1m        PASS[0m [   0.169s] [35;1mapollo-federation::main[0m [36mquery_plan::build_query_plan_tests::requires[0m[36m::[0m[34;1mhandles_multiple_requires_involving_different_nestedness[0m
[32;1m        PASS[0m [   0.178s] [35;1mapollo-federation::main[0m [36mquery_plan::build_query_plan_tests::requires::include_skip[0m[36m::[0m[34;1mit_handles_a_simple_at_requires_triggered_within_a_conditional[0m
[32;1m        PASS[0m [   0.195s] [35;1mapollo-federation::main[0m [36mquery_plan::build_query_plan_tests::requires[0m[36m::[0m[34;1mallows_post_requires_input_with_typename_on_interface_object_type[0m
[32;1m        PASS[0m [   0.032s] [35;1mapollo-federation::main[0m [36msubgraph::parse_expand_tests[0m[36m::[0m[34;1mcan_parse_and_expand_with_namespace[0m
[32;1m        PASS[0m [   0.037s] [35;1mapollo-federation::main[0m [36msubgraph::parse_expand_tests[0m[36m::[0m[34;1mcan_parse_and_expand_will_fail_when_importing_same_spec_twice[0m
[32;1m        PASS[0m [   0.026s] [35;1mapollo-federation::main[0m [36msubgraph::parse_expand_tests[0m[36m::[0m[34;1mcan_parse_and_expand_with_renames[0m
[32;1m        PASS[0m [   0.066s] [35;1mapollo-federation::main[0m [36mquery_plan::build_query_plan_tests::subscriptions[0m[36m::[0m[34;1mtrying_to_use_skip_with_a_subscription_results_in_an_error[0m
[32;1m        PASS[0m [   0.164s] [35;1mapollo-federation::main[0m [36mquery_plan::build_query_plan_tests::requires::include_skip[0m[36m::[0m[34;1mselections_are_not_overwritten_after_removing_directives[0m
[32;1m        PASS[0m [   0.023s] [35;1mapollo-federation::main[0m [36msubgraph::parse_expand_tests[0m[36m::[0m[34;1mcan_parse_and_expand_works_with_fed_v1[0m
[32;1m        PASS[0m [   0.173s] [35;1mapollo-federation::main[0m [36mquery_plan::build_query_plan_tests::requires::include_skip[0m[36m::[0m[34;1mit_handles_an_at_requires_triggered_conditionally[0m
[32;1m        PASS[0m [   0.019s] [35;1mapollo-federation::main[0m [36msubgraph::subgraph_validation_tests::cost_tests[0m[36m::[0m[34;1mrejects_cost_applications_on_interfaces[0m
[32;1m        PASS[0m [   0.169s] [35;1mapollo-federation::main[0m [36mquery_plan::build_query_plan_tests::requires::include_skip[0m[36m::[0m[34;1mit_handles_an_at_requires_where_multiple_conditional_are_involved[0m
[32;1m        PASS[0m [   0.189s] [35;1mapollo-federation::main[0m [36mquery_plan::build_query_plan_tests::requires::include_skip[0m[36m::[0m[34;1munnecessary_include_is_stripped_from_fragments[0m
[32;1m        PASS[0m [   0.184s] [35;1mapollo-federation::main[0m [36mquery_plan::build_query_plan_tests::requires[0m[36m::[0m[34;1mit_can_require_at_inaccessible_fields[0m
[32;1m        PASS[0m [   0.043s] [35;1mapollo-federation::main[0m [36msubgraph::subgraph_validation_tests::custom_error_message_for_misnamed_directives[0m[36m::[0m[34;1mhas_suggestions_if_a_fed2_directive_is_used_under_wrong_name_for_the_schema[0m
[32;1m        PASS[0m [   0.037s] [35;1mapollo-federation::main[0m [36msubgraph::subgraph_validation_tests::federation_1_schema_tests[0m[36m::[0m[34;1maccepts_federation_directive_definitions_with_fieldset_type_instead_of_underscore_fieldset[0m
[32;1m        PASS[0m [   0.035s] [35;1mapollo-federation::main[0m [36msubgraph::subgraph_validation_tests::federation_1_schema_tests[0m[36m::[0m[34;1maccepts_federation_directive_definitions_with_nullable_arguments[0m
[32;1m        PASS[0m [   0.047s] [35;1mapollo-federation::main[0m [36msubgraph::subgraph_validation_tests::custom_error_message_for_misnamed_directives[0m[36m::[0m[34;1mhas_suggestions_if_a_fed2_directive_is_used_in_fed1[0m
[32;1m        PASS[0m [   0.031s] [35;1mapollo-federation::main[0m [36msubgraph::subgraph_validation_tests::federation_1_schema_tests[0m[36m::[0m[34;1maccepts_federation_directive_definitions_without_arguments[0m
[32;1m        PASS[0m [   0.029s] [35;1mapollo-federation::main[0m [36msubgraph::subgraph_validation_tests::federation_1_schema_tests[0m[36m::[0m[34;1mrejects_federation_directive_definition_with_unknown_arguments[0m
[32;1m        PASS[0m [   0.026s] [35;1mapollo-federation::main[0m [36msubgraph::subgraph_validation_tests::fieldset_based_directives[0m[36m::[0m[34;1mcan_collect_multiple_errors_in_a_single_fields_argument[0m
[32;1m        PASS[0m [   0.020s] [35;1mapollo-federation::main[0m [36msubgraph::subgraph_validation_tests::fieldset_based_directives[0m[36m::[0m[34;1mrejects_aliases_in_key[0m
[32;1m        PASS[0m [   0.052s] [35;1mapollo-federation::main[0m [36msubgraph::subgraph_validation_tests::fieldset_based_directives[0m[36m::[0m[34;1mhandles_requires_with_sub_selection[0m
[32;1m        PASS[0m [   0.069s] [35;1mapollo-federation::main[0m [36msubgraph::subgraph_validation_tests::custom_error_message_for_misnamed_directives[0m[36m::[0m[34;1mhas_suggestions_if_a_federation_directive_is_misspelled_in_all_schema_versions[0m
[32;1m        PASS[0m [   0.039s] [35;1mapollo-federation::main[0m [36msubgraph::subgraph_validation_tests::fieldset_based_directives[0m[36m::[0m[34;1mrejects_directive_applications_in_provides[0m
[32;1m        PASS[0m [   0.208s] [35;1mapollo-federation::main[0m [36mquery_plan::build_query_plan_tests::requires[0m[36m::[0m[34;1mit_handes_diamond_shape_depedencies[0m
[32;1m        PASS[0m [   0.036s] [35;1mapollo-federation::main[0m [36msubgraph::subgraph_validation_tests::fieldset_based_directives[0m[36m::[0m[34;1mrejects_directive_applications_in_requires[0m
[32;1m        PASS[0m [   0.047s] [35;1mapollo-federation::main[0m [36msubgraph::subgraph_validation_tests::fieldset_based_directives[0m[36m::[0m[34;1mrejects_aliases_in_provides[0m
[32;1m        PASS[0m [   0.034s] [35;1mapollo-federation::main[0m [36msubgraph::subgraph_validation_tests::fieldset_based_directives[0m[36m::[0m[34;1mrejects_enum_like_argument_to_key[0m
[32;1m        PASS[0m [   0.045s] [35;1mapollo-federation::main[0m [36msubgraph::subgraph_validation_tests::fieldset_based_directives[0m[36m::[0m[34;1mrejects_aliases_in_requires[0m
[32;1m        PASS[0m [   0.042s] [35;1mapollo-federation::main[0m [36msubgraph::subgraph_validation_tests::fieldset_based_directives[0m[36m::[0m[34;1mrejects_directive_applications_in_key[0m
[32;1m        PASS[0m [   0.030s] [35;1mapollo-federation::main[0m [36msubgraph::subgraph_validation_tests::fieldset_based_directives[0m[36m::[0m[34;1mrejects_enum_like_argument_to_provides[0m
[32;1m        PASS[0m [   0.027s] [35;1mapollo-federation::main[0m [36msubgraph::subgraph_validation_tests::fieldset_based_directives[0m[36m::[0m[34;1mrejects_enum_like_argument_to_requires[0m
[32;1m        PASS[0m [   0.024s] [35;1mapollo-federation::main[0m [36msubgraph::subgraph_validation_tests::fieldset_based_directives[0m[36m::[0m[34;1mrejects_field_defined_with_arguments_in_key[0m
[32;1m        PASS[0m [   0.187s] [35;1mapollo-federation::main[0m [36mquery_plan::build_query_plan_tests::requires[0m[36m::[0m[34;1mit_handles_multiple_requires_within_the_same_entity_fetch[0m
[32;1m        PASS[0m [   0.152s] [35;1mapollo-federation::main[0m [36mquery_plan::build_query_plan_tests::shareable_root_fields[0m[36m::[0m[34;1mhandles_root_operation_shareable_in_many_subgraphs[0m
[32;1m        PASS[0m [   0.157s] [35;1mapollo-federation::main[0m [36mquery_plan::build_query_plan_tests::shareable_root_fields[0m[36m::[0m[34;1mcan_use_same_root_operation_from_multiple_subgraphs_in_parallel[0m
[32;1m        PASS[0m [   0.179s] [35;1mapollo-federation::main[0m [36mquery_plan::build_query_plan_tests::subscriptions[0m[36m::[0m[34;1mbasic_subscription_with_single_subgraph[0m
[32;1m        PASS[0m [   0.211s] [35;1mapollo-federation::main[0m [36mquery_plan::build_query_plan_tests::requires[0m[36m::[0m[34;1mit_handles_simple_require_chain[0m
[32;1m        PASS[0m [   0.047s] [35;1mapollo-federation::main[0m [36msubgraph::subgraph_validation_tests::fieldset_based_directives[0m[36m::[0m[34;1mrejects_key_on_interface_field[0m
[32;1m        PASS[0m [   0.058s] [35;1mapollo-federation::main[0m [36msubgraph::subgraph_validation_tests::fieldset_based_directives[0m[36m::[0m[34;1mrejects_field_defined_with_arguments_in_provides[0m
[32;1m        PASS[0m [   0.053s] [35;1mapollo-federation::main[0m [36msubgraph::subgraph_validation_tests::fieldset_based_directives[0m[36m::[0m[34;1mrejects_invalid_fields_argument_to_provides[0m
[32;1m        PASS[0m [   0.044s] [35;1mapollo-federation::main[0m [36msubgraph::subgraph_validation_tests::fieldset_based_directives[0m[36m::[0m[34;1mrejects_key_on_interfaces_in_all_specs[0m
[32;1m        PASS[0m [   0.041s] [35;1mapollo-federation::main[0m [36msubgraph::subgraph_validation_tests::fieldset_based_directives[0m[36m::[0m[34;1mrejects_key_on_union_field[0m
[32;1m        PASS[0m [   0.056s] [35;1mapollo-federation::main[0m [36msubgraph::subgraph_validation_tests::fieldset_based_directives[0m[36m::[0m[34;1mrejects_invalid_fields_argument_to_key[0m
[32;1m        PASS[0m [   0.050s] [35;1mapollo-federation::main[0m [36msubgraph::subgraph_validation_tests::fieldset_based_directives[0m[36m::[0m[34;1mrejects_invalid_fields_argument_to_requires[0m
[32;1m        PASS[0m [   0.037s] [35;1mapollo-federation::main[0m [36msubgraph::subgraph_validation_tests::fieldset_based_directives[0m[36m::[0m[34;1mrejects_non_string_argument_to_key[0m
[32;1m        PASS[0m [   0.199s] [35;1mapollo-federation::main[0m [36mquery_plan::build_query_plan_tests::requires[0m[36m::[0m[34;1mit_require_of_multiple_field_when_one_is_also_a_key_to_reach_another[0m
[32;1m        PASS[0m [   0.219s] [35;1mapollo-federation::main[0m [36mquery_plan::build_query_plan_tests::requires[0m[36m::[0m[34;1mit_handles_require_chain_not_ending_in_original_group[0m
[32;1m        PASS[0m [   0.034s] [35;1mapollo-federation::main[0m [36msubgraph::subgraph_validation_tests::fieldset_based_directives[0m[36m::[0m[34;1mrejects_non_string_argument_to_provides[0m
[32;1m        PASS[0m [   0.184s] [35;1mapollo-federation::main[0m [36mquery_plan::build_query_plan_tests::subscriptions[0m[36m::[0m[34;1mbasic_subscription_query_plan[0m
[32;1m        PASS[0m [   0.032s] [35;1mapollo-federation::main[0m [36msubgraph::subgraph_validation_tests::fieldset_based_directives[0m[36m::[0m[34;1mrejects_non_string_argument_to_requires[0m
[32;1m        PASS[0m [   0.029s] [35;1mapollo-federation::main[0m [36msubgraph::subgraph_validation_tests::fieldset_based_directives[0m[36m::[0m[34;1mrejects_provides_on_interfaces[0m
[32;1m        PASS[0m [   0.027s] [35;1mapollo-federation::main[0m [36msubgraph::subgraph_validation_tests::fieldset_based_directives[0m[36m::[0m[34;1mrejects_provides_on_non_external_fields[0m
[32;1m        PASS[0m [   0.024s] [35;1mapollo-federation::main[0m [36msubgraph::subgraph_validation_tests::fieldset_based_directives[0m[36m::[0m[34;1mrejects_provides_on_non_object_fields[0m
[32;1m        PASS[0m [   0.233s] [35;1mapollo-federation::main[0m [36mquery_plan::build_query_plan_tests::requires[0m[36m::[0m[34;1mit_handles_multiple_requires_with_multiple_fetches[0m
[32;1m        PASS[0m [   0.022s] [35;1mapollo-federation::main[0m [36msubgraph::subgraph_validation_tests::fieldset_based_directives[0m[36m::[0m[34;1mrejects_requires_on_interfaces[0m
[32;1m        PASS[0m [   0.019s] [35;1mapollo-federation::main[0m [36msubgraph::subgraph_validation_tests::fieldset_based_directives[0m[36m::[0m[34;1mrejects_requires_on_non_external_fields[0m
[32;1m        PASS[0m [   0.242s] [35;1mapollo-federation::main[0m [36mquery_plan::build_query_plan_tests::requires[0m[36m::[0m[34;1mit_handles_complex_require_chain[0m
[32;1m        PASS[0m [   0.068s] [35;1mapollo-federation::main[0m [36msubgraph::subgraph_validation_tests::fieldset_based_directives[0m[36m::[0m[34;1mrejects_unused_external[0m
[32;1m        PASS[0m [   0.060s] [35;1mapollo-federation::main[0m [36msubgraph::subgraph_validation_tests::interface_object_and_key_on_interfaces_validation_tests[0m[36m::[0m[34;1monly_allow_interface_object_on_entity_types[0m
[32;1m        PASS[0m [   0.208s] [35;1mapollo-federation::main[0m [36mquery_plan::build_query_plan_tests[0m[36m::[0m[34;1mtest_merging_fetches_reset_cached_costs[0m
[32;1m        PASS[0m [   0.058s] [35;1mapollo-federation::main[0m [36msubgraph::subgraph_validation_tests::link_handling_tests[0m[36m::[0m[34;1mallows_any_non_scalar_type_in_redefinition_when_expected_type_is_a_scalar[0m
[32;1m        PASS[0m [   0.067s] [35;1mapollo-federation::main[0m [36msubgraph::subgraph_validation_tests::interface_object_and_key_on_interfaces_validation_tests[0m[36m::[0m[34;1mensures_order_of_fields_in_key_does_not_matter[0m
[32;1m        PASS[0m [   0.056s] [35;1mapollo-federation::main[0m [36msubgraph::subgraph_validation_tests::link_handling_tests[0m[36m::[0m[34;1mallows_defining_a_repeatable_directive_as_non_repeatable_but_validates_usages[0m
[32;1m        PASS[0m [   0.065s] [35;1mapollo-federation::main[0m [36msubgraph::subgraph_validation_tests::interface_object_and_key_on_interfaces_validation_tests[0m[36m::[0m[34;1mkey_on_interfaces_require_key_on_all_implementations[0m
[32;1m        PASS[0m [   0.063s] [35;1mapollo-federation::main[0m [36msubgraph::subgraph_validation_tests::interface_object_and_key_on_interfaces_validation_tests[0m[36m::[0m[34;1mkey_on_interfaces_with_key_on_some_implementation_non_resolvable[0m
[32;1m        PASS[0m [   0.053s] [35;1mapollo-federation::main[0m [36msubgraph::subgraph_validation_tests::link_handling_tests[0m[36m::[0m[34;1mallows_directive_redefinition_changing_optional_argument_to_required[0m
[32;1m        PASS[0m [   0.050s] [35;1mapollo-federation::main[0m [36msubgraph::subgraph_validation_tests::link_handling_tests[0m[36m::[0m[34;1mallows_directive_redefinition_with_subset_of_locations[0m
[32;1m        PASS[0m [   0.048s] [35;1mapollo-federation::main[0m [36msubgraph::subgraph_validation_tests::link_handling_tests[0m[36m::[0m[34;1mallows_directive_redefinition_without_optional_argument[0m
[32;1m        PASS[0m [   0.046s] [35;1mapollo-federation::main[0m [36msubgraph::subgraph_validation_tests::link_handling_tests[0m[36m::[0m[34;1mallows_directive_redefinition_without_repeatable[0m
[32;1m        PASS[0m [   0.043s] [35;1mapollo-federation::main[0m [36msubgraph::subgraph_validation_tests::link_handling_tests[0m[36m::[0m[34;1merrors_on_a_required_argument_defined_as_optional[0m
[32;1m        PASS[0m [   0.041s] [35;1mapollo-federation::main[0m [36msubgraph::subgraph_validation_tests::link_handling_tests[0m[36m::[0m[34;1merrors_on_invalid_definition_for_link_purpose[0m
[32;1m        PASS[0m [   0.038s] [35;1mapollo-federation::main[0m [36msubgraph::subgraph_validation_tests::link_handling_tests[0m[36m::[0m[34;1merrors_on_invalid_known_directive_location[0m
[32;1m        PASS[0m [   0.036s] [35;1mapollo-federation::main[0m [36msubgraph::subgraph_validation_tests::link_handling_tests[0m[36m::[0m[34;1merrors_on_invalid_non_repeatable_directive_marked_repeatable[0m
[32;1m        PASS[0m [   0.034s] [35;1mapollo-federation::main[0m [36msubgraph::subgraph_validation_tests::link_handling_tests[0m[36m::[0m[34;1merrors_on_invalid_type_for_a_known_argument[0m
[32;1m        PASS[0m [   0.031s] [35;1mapollo-federation::main[0m [36msubgraph::subgraph_validation_tests::link_handling_tests[0m[36m::[0m[34;1merrors_on_unknown_argument_of_known_directive[0m
[32;1m        PASS[0m [   0.029s] [35;1mapollo-federation::main[0m [36msubgraph::subgraph_validation_tests::link_handling_tests[0m[36m::[0m[34;1mexpands_definitions_if_both_the_federation_spec_and_link_spec_are_linked[0m
[32;1m        PASS[0m [   0.027s] [35;1mapollo-federation::main[0m [36msubgraph::subgraph_validation_tests::link_handling_tests[0m[36m::[0m[34;1mexpands_everything_if_only_the_federation_spec_is_linked[0m
[32;1m        PASS[0m [   0.023s] [35;1mapollo-federation::main[0m [36msubgraph::subgraph_validation_tests::link_handling_tests[0m[36m::[0m[34;1mis_valid_if_a_schema_is_complete_from_the_get_go[0m
[32;1m        PASS[0m [   0.021s] [35;1mapollo-federation::main[0m [36msubgraph::subgraph_validation_tests::list_size_tests[0m[36m::[0m[34;1mrejects_applications_on_non_lists_unless_it_uses_sized_fields[0m
[32;1m        PASS[0m [   0.019s] [35;1mapollo-federation::main[0m [36msubgraph::subgraph_validation_tests::list_size_tests[0m[36m::[0m[34;1mrejects_negative_assumed_size[0m
[32;1m        PASS[0m [   0.062s] [35;1mapollo-federation::main[0m [36msubgraph::subgraph_validation_tests::list_size_tests[0m[36m::[0m[34;1mrejects_slicing_arguments_not_in_field_arguments[0m
[32;1m        PASS[0m [   0.069s] [35;1mapollo-federation::main[0m [36msubgraph::subgraph_validation_tests::list_size_tests[0m[36m::[0m[34;1mrejects_sized_fields_not_in_output_type[0m
[32;1m        PASS[0m [   0.060s] [35;1mapollo-federation::main[0m [36msubgraph::subgraph_validation_tests::list_size_tests[0m[36m::[0m[34;1mrejects_slicing_arguments_not_int_or_int_non_null[0m
[32;1m        PASS[0m [   0.078s] [35;1mapollo-federation::main[0m [36msubgraph::subgraph_validation_tests::link_handling_tests[0m[36m::[0m[34;1mexpands_missing_definitions_when_some_are_partially_provided[0m
[32;1m        PASS[0m [   0.067s] [35;1mapollo-federation::main[0m [36msubgraph::subgraph_validation_tests::list_size_tests[0m[36m::[0m[34;1mrejects_sized_fields_not_lists[0m
[32;1m        PASS[0m [   0.343s] [35;1mapollo-federation::main[0m [36mquery_plan::build_query_plan_tests::requires[0m[36m::[0m[34;1mit_handles_longer_require_chain[0m
[32;1m        PASS[0m [   0.058s] [35;1mapollo-federation::main[0m [36msubgraph::subgraph_validation_tests::root_types[0m[36m::[0m[34;1mrejects_using_mutation_as_type_name_if_not_the_mutation_root[0m
[32;1m        PASS[0m [   0.065s] [35;1mapollo-federation::main[0m [36msubgraph::subgraph_validation_tests::list_size_tests[0m[36m::[0m[34;1mrejects_sized_fields_when_output_type_is_not_object[0m
[32;1m        PASS[0m [   0.053s] [35;1mapollo-federation::main[0m [36msubgraph::subgraph_validation_tests::root_types[0m[36m::[0m[34;1mrejects_using_query_as_type_name_if_not_the_query_root[0m
[32;1m        PASS[0m [   0.051s] [35;1mapollo-federation::main[0m [36msubgraph::subgraph_validation_tests::root_types[0m[36m::[0m[34;1mrejects_using_subscription_as_type_name_if_not_the_subscription_root[0m
[32;1m        PASS[0m [   0.048s] [35;1mapollo-federation::main[0m [36msubgraph::subgraph_validation_tests::shareable_tests[0m[36m::[0m[34;1mallows_shareable_on_declaration_and_extension_of_same_type[0m
[32;1m        PASS[0m [   0.046s] [35;1mapollo-federation::main[0m [36msubgraph::subgraph_validation_tests::shareable_tests[0m[36m::[0m[34;1mcan_only_be_applied_to_fields_of_object_types[0m
[32;1m        PASS[0m [   0.044s] [35;1mapollo-federation::main[0m [36msubgraph::subgraph_validation_tests::shareable_tests[0m[36m::[0m[34;1mrejects_duplicate_shareable_on_a_field[0m
[32;1m        PASS[0m [   0.042s] [35;1mapollo-federation::main[0m [36msubgraph::subgraph_validation_tests::shareable_tests[0m[36m::[0m[34;1mrejects_duplicate_shareable_on_the_same_definition_declaration[0m
[32;1m        PASS[0m [   0.040s] [35;1mapollo-federation::main[0m [36msubgraph::subgraph_validation_tests::shareable_tests[0m[36m::[0m[34;1mrejects_duplicate_shareable_on_the_same_extension_declaration[0m
[32;1m        PASS[0m [   0.038s] [35;1mapollo-federation::main[0m [36msubgraph::subgraph_validation_tests::tag_tests[0m[36m::[0m[34;1mallows_tag_with_valid_subset_of_locations[0m
[32;1m        PASS[0m [   0.028s] [35;1mapollo-federation::main[0m [36msubgraph::subgraph_validation_tests::tag_tests[0m[36m::[0m[34;1merrors_on_tag_missing_required_argument[0m
[32;1m        PASS[0m [   0.026s] [35;1mapollo-federation::main[0m [36msubgraph::subgraph_validation_tests::tag_tests[0m[36m::[0m[34;1merrors_on_tag_with_unknown_argument[0m
[32;1m        PASS[0m [   0.024s] [35;1mapollo-federation::main[0m [36msubgraph::subgraph_validation_tests::tag_tests[0m[36m::[0m[34;1merrors_on_tag_with_wrong_argument_type[0m
[32;1m        PASS[0m [   0.022s] [35;1mapollo-federation::main[0m [36msubgraph::subgraph_validation_tests::tag_tests[0m[36m::[0m[34;1merrors_on_tag_with_wrong_locations[0m
[32;1m        PASS[0m [   0.075s] [35;1mapollo-federation::main[0m [36msubgraph::subgraph_validation_tests::tag_tests[0m[36m::[0m[34;1merrors_when_tag_name_exceeds_length_limit[0m
[32;1m        PASS[0m [   0.067s] [35;1mapollo-router[0m [36mageing_priority_queue[0m[36m::[0m[34;1mtest_priorities[0m
[32;1m        PASS[0m [   0.065s] [35;1mapollo-router[0m [36mallocator::tests[0m[36m::[0m[34;1mtest_malloc_conf_is_valid_c_string[0m
[32;1m        PASS[0m [   0.063s] [35;1mapollo-router[0m [36mapollo_studio_interop::tests[0m[36m::[0m[34;1mapollo_error_operation_id_hash[0m
[32;1m        PASS[0m [   0.061s] [35;1mapollo-router[0m [36mapollo_studio_interop::tests[0m[36m::[0m[34;1mapollo_operation_id_hash[0m
[32;1m        PASS[0m [   0.056s] [35;1mapollo-router[0m [36mapollo_studio_interop::tests[0m[36m::[0m[34;1mtest_enhanced_alias_preservation[0m
[32;1m        PASS[0m [   0.053s] [35;1mapollo-router[0m [36mapollo_studio_interop::tests[0m[36m::[0m[34;1mtest_enhanced_inline_input_object[0m
[32;1m        PASS[0m [   0.047s] [35;1mapollo-router[0m [36mapollo_studio_interop::tests[0m[36m::[0m[34;1mtest_enhanced_sorts_fragments[0m
[32;1m        PASS[0m [   0.044s] [35;1mapollo-router[0m [36mapollo_studio_interop::tests[0m[36m::[0m[34;1mtest_enhanced_uses_comma_always[0m
[32;1m        PASS[0m [   0.089s] [35;1mapollo-federation::main[0m [36msubgraph::subgraph_validation_tests::tag_tests[0m[36m::[0m[34;1merrors_on_invalid_symbols_at_start_of_tag_name[0m
[32;1m        PASS[0m [   0.083s] [35;1mapollo-router[0m [36mapollo_studio_interop::tests[0m[36m::[0m[34;1mtest_enhanced_sorts_directives[0m
[32;1m        PASS[0m [   0.040s] [35;1mapollo-router[0m [36mapollo_studio_interop::tests[0m[36m::[0m[34;1mtest_get_operation_name[0m
[32;1m        PASS[0m [   0.038s] [35;1mapollo-router[0m [36mapollo_studio_interop::tests[0m[36m::[0m[34;1mtest_get_stats_report_key_and_metadata[0m
[32;1m        PASS[0m [   0.033s] [35;1mapollo-router[0m [36mapollo_studio_interop::tests[0m[36m::[0m[34;1mtest_get_stats_report_key_uses_distinct_keys_for_pq_operations[0m
[32;1m        PASS[0m [   0.036s] [35;1mapollo-router[0m [36maxum_factory::compression::tests[0m[36m::[0m[34;1mfinish[0m
[32;1m        PASS[0m [   0.033s] [35;1mapollo-router[0m [36maxum_factory::compression::tests[0m[36m::[0m[34;1mflush[0m
[32;1m        PASS[0m [   0.030s] [35;1mapollo-router[0m [36maxum_factory::compression::tests[0m[36m::[0m[34;1mgzip_header_writing[0m
[32;1m        PASS[0m [   0.027s] [35;1mapollo-router[0m [36maxum_factory::compression::tests[0m[36m::[0m[34;1msmall_input[0m
[32;1m        PASS[0m [   0.191s] [35;1mapollo-federation::main[0m [36msubgraph::subgraph_validation_tests::tag_tests[0m[36m::[0m[34;1mallows_valid_symbols_in_tag_name[0m
[32;1m        PASS[0m [   0.431s] [35;1mapollo-federation::main[0m [36mquery_plan::build_query_plan_tests[0m[36m::[0m[34;1mtest_merging_fetches_do_not_create_cycle_in_fetch_dependency_graph[0m
[32;1m        PASS[0m [   0.142s] [35;1mapollo-router[0m [36mapollo_studio_interop::tests[0m[36m::[0m[34;1mtest_enums_with_nested_query_fragment[0m
[32;1m        PASS[0m [   0.082s] [35;1mapollo-router[0m [36maxum_factory::connection_handle::tests[0m[36m::[0m[34;1mtest_connection_handle_decrements_on_drop[0m
[32;1m        PASS[0m [   0.203s] [35;1mapollo-federation::main[0m [36msubgraph::subgraph_validation_tests::tag_tests[0m[36m::[0m[34;1merrors_on_invalid_symbols_in_tag_name[0m
[32;1m        PASS[0m [   0.154s] [35;1mapollo-router[0m [36mapollo_studio_interop::tests[0m[36m::[0m[34;1mtest_extended_references_inline_enums[0m
[32;1m        PASS[0m [   0.092s] [35;1mapollo-router[0m [36maxum_factory::connection_handle::tests[0m[36m::[0m[34;1mtest_connection_handle_increments_counter[0m
[32;1m        PASS[0m [   0.165s] [35;1mapollo-router[0m [36mapollo_studio_interop::tests[0m[36m::[0m[34;1mtest_enums_with_nested_query[0m
[32;1m        PASS[0m [   0.091s] [35;1mapollo-router[0m [36maxum_factory::connection_handle::tests[0m[36m::[0m[34;1mtest_connection_handle_shutdown_changes_state[0m
[32;1m        PASS[0m [   0.085s] [35;1mapollo-router[0m [36maxum_factory::connection_handle::tests[0m[36m::[0m[34;1mtest_connection_handle_unix_socket[0m
[32;1m        PASS[0m [   0.151s] [35;1mapollo-router[0m [36mapollo_studio_interop::tests[0m[36m::[0m[34;1mtest_extended_references_var_type[0m
[32;1m        PASS[0m [   0.159s] [35;1mapollo-router[0m [36mapollo_studio_interop::tests[0m[36m::[0m[34;1mtest_extended_references_nested_query[0m
[32;1m        PASS[0m [   0.162s] [35;1mapollo-router[0m [36mapollo_studio_interop::tests[0m[36m::[0m[34;1mtest_extended_references_inline_type[0m
[32;1m        PASS[0m [   0.099s] [35;1mapollo-router[0m [36maxum_factory::connection_handle::tests[0m[36m::[0m[34;1mtest_connection_handle_multiple_connections[0m
[32;1m        PASS[0m [   0.156s] [35;1mapollo-router[0m [36mapollo_studio_interop::tests[0m[36m::[0m[34;1mtest_extended_references_var_enums[0m
[32;1m        PASS[0m [   0.212s] [35;1mapollo-federation-cli::bin/apollo-federation-cli[0m [34;1mtest_bench[0m
[32;1m        PASS[0m [   0.198s] [35;1mapollo-router[0m [36mapollo_studio_interop::tests[0m[36m::[0m[34;1mtest_extended_references_fragment_var_enums[0m
[32;1m        PASS[0m [   0.201s] [35;1mapollo-router[0m [36mapollo_studio_interop::tests[0m[36m::[0m[34;1mtest_extended_references_fragment_inline_enums[0m
[32;1m        PASS[0m [   0.182s] [35;1mapollo-router[0m [36mapollo_studio_interop::tests[0m[36m::[0m[34;1mtest_extended_references_var_nested_type[0m
[32;1m        PASS[0m [   0.193s] [35;1mapollo-router[0m [36mapollo_studio_interop::tests[0m[36m::[0m[34;1mtest_extended_references_inline_nested_type[0m
[32;1m        PASS[0m [   0.031s] [35;1mapollo-router[0m [36maxum_factory::tests[0m[36m::[0m[34;1mit_refuses_to_start_if_homepage_and_sandbox_are_enabled[0m
[32;1m        PASS[0m [   0.027s] [35;1mapollo-router[0m [36maxum_factory::tests[0m[36m::[0m[34;1mit_refuses_to_start_if_sandbox_is_enabled_and_introspection_is_not[0m
[32;1m        PASS[0m [   0.328s] [35;1mapollo-federation::supergraph_creation_profiling[0m [34;1mvalid_supergraph_schema[0m
[32;1m        PASS[0m [   0.545s] [35;1mapollo-federation::query_plan_creation_profiling[0m [34;1mvalid_query_plan[0m
[32;1m        PASS[0m [   0.560s] [35;1mapollo-router[0m [36maxum_factory::axum_http_server_factory::tests[0m[36m::[0m[34;1mtest_span_mode_spec_compliant[0m
[32;1m        PASS[0m [   0.570s] [35;1mapollo-router[0m [36maxum_factory::axum_http_server_factory::tests[0m[36m::[0m[34;1mtest_span_mode_default[0m
[32;1m        PASS[0m [   0.352s] [35;1mapollo-router[0m [36maxum_factory::tests[0m[36m::[0m[34;1mit_supports_server_restart[0m
[32;1m        PASS[0m [   0.590s] [35;1mapollo-router[0m [36maxum_factory::axum_http_server_factory::tests[0m[36m::[0m[34;1mtest_span_mode_deprecated[0m
[32;1m        PASS[0m [   0.745s] [35;1mapollo-router[0m [36mapollo_studio_interop::tests[0m[36m::[0m[34;1mtest_enums_from_response_fragments[0m
[32;1m        PASS[0m [   0.813s] [35;1mapollo-router[0m [36mapollo_studio_interop::tests[0m[36m::[0m[34;1mtest_enums_from_response_complex_response_type[0m
[32;1m        PASS[0m [   0.888s] [35;1mapollo-router[0m [36maxum_factory::tests[0m[36m::[0m[34;1mit_displays_homepage[0m
[32;1m        PASS[0m [   0.949s] [35;1mapollo-router[0m [36maxum_factory::tests[0m[36m::[0m[34;1mit_doesnt_display_disabled_homepage[0m
[32;1m        PASS[0m [   0.963s] [35;1mapollo-router[0m [36maxum_factory::tests[0m[36m::[0m[34;1mit_displays_sandbox[0m
[32;1m        PASS[0m [   0.996s] [35;1mapollo-router[0m [36maxum_factory::tests[0m[36m::[0m[34;1mit_displays_sandbox_with_different_supergraph_path[0m
[32;1m        PASS[0m [   1.135s] [35;1mapollo-router[0m [36maxum_factory::listeners::tests[0m[36m::[0m[34;1mit_makes_sure_different_listenaddrs_but_same_port_are_not_accepted[0m
[32;1m        PASS[0m [   1.145s] [35;1mapollo-router[0m [36maxum_factory::listeners::tests[0m[36m::[0m[34;1mit_makes_sure_extra_endpoints_cant_use_the_same_listenaddr_and_path[0m
[32;1m        PASS[0m [   1.346s] [35;1mapollo-router[0m [36maxum_factory::axum_http_server_factory::tests[0m[36m::[0m[34;1mrequest_cancel_log[0m
[32;1m        PASS[0m [   1.355s] [35;1mapollo-router[0m [36maxum_factory::tests[0m[36m::[0m[34;1mcors_preflight[0m
[32;1m        PASS[0m [   1.391s] [35;1mapollo-router[0m [36maxum_factory::tests[0m[36m::[0m[34;1mcors_max_age[0m
[32;1m        PASS[0m [   1.412s] [35;1mapollo-router[0m [36maxum_factory::tests[0m[36m::[0m[34;1mbad_response[0m
[32;1m        PASS[0m [   1.467s] [35;1mapollo-router[0m [36maxum_factory::listeners::tests[0m[36m::[0m[34;1mit_makes_sure_same_listenaddrs_are_accepted[0m
[32;1m        PASS[0m [   1.472s] [35;1mapollo-router[0m [36maxum_factory::tests[0m[36m::[0m[34;1mcors_allow_any_origin_but_no_origin_header[0m
[32;1m        PASS[0m [   1.413s] [35;1mapollo-router[0m [36maxum_factory::tests[0m[36m::[0m[34;1mit_refuses_to_bind_two_extra_endpoints_on_the_same_path[0m
[32;1m        PASS[0m [   1.625s] [35;1mapollo-router[0m [36maxum_factory::axum_http_server_factory::tests[0m[36m::[0m[34;1mrequest_cancel_no_log[0m
[32;1m        PASS[0m [   1.512s] [35;1mapollo-router[0m [36maxum_factory::tests[0m[36m::[0m[34;1mcors_origin_default[0m
[32;1m        PASS[0m [   0.094s] [35;1mapollo-router[0m [36mbatching::tests[0m[36m::[0m[34;1mit_assembles_batch[0m
[32;1m        PASS[0m [   1.537s] [35;1mapollo-router[0m [36maxum_factory::tests[0m[36m::[0m[34;1mit_answers_to_custom_endpoint[0m
[32;1m        PASS[0m [   0.098s] [35;1mapollo-router[0m [36mbatching::tests[0m[36m::[0m[34;1mit_limits_the_number_of_cancelled_sends[0m
[32;1m        PASS[0m [   1.579s] [35;1mapollo-router[0m [36maxum_factory::tests[0m[36m::[0m[34;1mcors_origin_regex[0m
[32;1m        PASS[0m [   1.540s] [35;1mapollo-router[0m [36maxum_factory::tests[0m[36m::[0m[34;1mit_errors_on_bad_content_type_header[0m
[32;1m        PASS[0m [   1.585s] [35;1mapollo-router[0m [36maxum_factory::tests[0m[36m::[0m[34;1mdeferred_response_shape[0m
[32;1m        PASS[0m [   0.077s] [35;1mapollo-router[0m [36mbatching::tests[0m[36m::[0m[34;1mit_rejects_duplicated_index_get[0m
[32;1m        PASS[0m [   0.053s] [35;1mapollo-router[0m [36mcache::metrics::tests[0m[36m::[0m[34;1mtest_latency_metric_conversion_to_seconds[0m
[32;1m        PASS[0m [   1.620s] [35;1mapollo-router[0m [36maxum_factory::tests[0m[36m::[0m[34;1mit_decompress_request_body[0m
[32;1m        PASS[0m [   0.061s] [35;1mapollo-router[0m [36mcache::metrics::tests[0m[36m::[0m[34;1mtest_weighted_sum_calculation[0m
[32;1m        PASS[0m [   1.659s] [35;1mapollo-router[0m [36maxum_factory::tests[0m[36m::[0m[34;1mcors_origin_list[0m
[32;1m        PASS[0m [   0.028s] [35;1mapollo-router[0m [36mcache::metrics::tests[0m[36m::[0m[34;1mtest_weighted_sum_with_unit_conversion[0m
[32;1m        PASS[0m [   1.702s] [35;1mapollo-router[0m [36maxum_factory::tests[0m[36m::[0m[34;1mcors_allow_any_origin[0m
[32;1m        PASS[0m [   0.108s] [35;1mapollo-router[0m [36mbatching::tests[0m[36m::[0m[34;1mit_rejects_index_out_of_bounds[0m
[32;1m        PASS[0m [   0.040s] [35;1mapollo-router[0m [36mcache::metrics::tests[0m[36m::[0m[34;1mtest_weighted_sum_with_zero_samples[0m
[32;1m        PASS[0m [   0.052s] [35;1mapollo-router[0m [36mcache::redis::test[0m[36m::[0m[34;1mit_preprocesses_redis_schemas_correctly[0m
[32;1m        PASS[0m [   0.065s] [35;1mapollo-router[0m [36mcache::redis::test[0m[36m::[0m[34;1mensure_invalid_payload_serialization_doesnt_fail[0m
[32;1m        PASS[0m [   0.048s] [35;1mapollo-router[0m [36mcache::redis::test[0m[36m::[0m[34;1mit_preprocesses_redis_schemas_correctly_backwards_compatibility[0m
[32;1m        PASS[0m [   0.048s] [35;1mapollo-router[0m [36mcache::size_estimation::test[0m[36m::[0m[34;1mtest_estimate_size[0m
[32;1m        PASS[0m [   1.765s] [35;1mapollo-router[0m [36maxum_factory::tests[0m[36m::[0m[34;1mit_errors_on_bad_accept_header[0m
[32;1m        PASS[0m [   0.115s] [35;1mapollo-router[0m [36mcache::storage::test[0m[36m::[0m[34;1mtest_metrics[0m
[32;1m        PASS[0m [   0.111s] [35;1mapollo-router[0m [36mcache::storage::test[0m[36m::[0m[34;1mtest_metrics_eviction[0m
[32;1m        PASS[0m [   0.248s] [35;1mapollo-router[0m [36mcache::metrics::tests[0m[36m::[0m[34;1mtest_redis_storage_with_mocks[0m
[32;1m        PASS[0m [   0.120s] [35;1mapollo-router[0m [36mcache::tests[0m[36m::[0m[34;1mexample_cache_usage[0m
[32;1m        PASS[0m [   1.827s] [35;1mapollo-router[0m [36maxum_factory::tests[0m[36m::[0m[34;1mit_compress_response_body[0m
[32;1m        PASS[0m [   0.062s] [35;1mapollo-router[0m [36mcompute_job::metrics::tests[0m[36m::[0m[34;1mtest_job_watcher[0m
[32;1m        PASS[0m [   0.030s] [35;1mapollo-router[0m [36mconfiguration::cors::tests[0m[36m::[0m[34;1mtest_allow_any_origin_with_credentials_rejected[0m
[32;1m        PASS[0m [   0.027s] [35;1mapollo-router[0m [36mconfiguration::cors::tests[0m[36m::[0m[34;1mtest_bad_allow_headers_cors_configuration[0m
[32;1m        PASS[0m [   0.294s] [35;1mapollo-router[0m [36mcache::redis::test[0m[36m::[0m[34;1mtest_get_multiple_is_ordered[0m
[32;1m        PASS[0m [   0.054s] [35;1mapollo-router[0m [36mconfiguration::cors::tests[0m[36m::[0m[34;1mtest_bad_allow_methods_cors_configuration[0m
[32;1m        PASS[0m [   0.177s] [35;1mapollo-router[0m [36mcompute_job::tests[0m[36m::[0m[34;1mtest_cancel[0m
[32;1m        PASS[0m [   0.047s] [35;1mapollo-router[0m [36mconfiguration::cors::tests[0m[36m::[0m[34;1mtest_bad_match_origins_cors_configuration[0m
[32;1m        PASS[0m [   1.670s] [35;1mapollo-router[0m [36maxum_factory::tests[0m[36m::[0m[34;1mmalformed_request[0m
[32;1m        PASS[0m [   0.027s] [35;1mapollo-router[0m [36mconfiguration::cors::tests[0m[36m::[0m[34;1mtest_bad_origins_cors_configuration[0m
[32;1m        PASS[0m [   0.029s] [35;1mapollo-router[0m [36mconfiguration::cors::tests[0m[36m::[0m[34;1mtest_bad_pna_access_id_cors_configuration[0m
[32;1m        PASS[0m [   1.588s] [35;1mapollo-router[0m [36maxum_factory::tests[0m[36m::[0m[34;1mmismatched_compression_header[0m
[32;1m        PASS[0m [   1.910s] [35;1mapollo-router[0m [36maxum_factory::tests[0m[36m::[0m[34;1mlistening_to_unix_socket[0m
[32;1m        PASS[0m [   0.366s] [35;1mapollo-router[0m [36mcache::redis::test[0m[36m::[0m[34;1mtest_redis_storage_avoids_common_cross_slot_errors[0m
[32;1m        PASS[0m [   0.209s] [35;1mapollo-router[0m [36mcompute_job::tests[0m[36m::[0m[34;1mtest_executes_on_different_thread[0m
[32;1m        PASS[0m [   0.040s] [35;1mapollo-router[0m [36mconfiguration::cors::tests[0m[36m::[0m[34;1mtest_case_sensitive_origin_matching[0m
[32;1m        PASS[0m [   0.028s] [35;1mapollo-router[0m [36mconfiguration::cors::tests[0m[36m::[0m[34;1mtest_cors_spec_comprehensive_wildcard_validation[0m
[32;1m        PASS[0m [   0.046s] [35;1mapollo-router[0m [36mconfiguration::cors::tests[0m[36m::[0m[34;1mtest_bad_pna_access_name_cors_configuration[0m
[32;1m        PASS[0m [   0.044s] [35;1mapollo-router[0m [36mconfiguration::cors::tests[0m[36m::[0m[34;1mtest_cors_spec_credentials_case_sensitivity_handled_by_serde[0m
[32;1m        PASS[0m [   0.040s] [35;1mapollo-router[0m [36mconfiguration::cors::tests[0m[36m::[0m[34;1mtest_cors_spec_empty_origin_handling[0m
[32;1m        PASS[0m [   0.035s] [35;1mapollo-router[0m [36mconfiguration::cors::tests[0m[36m::[0m[34;1mtest_cors_spec_include_credentials_specific_origin_accepted[0m
[32;1m        PASS[0m [   0.060s] [35;1mapollo-router[0m [36mconfiguration::cors::tests[0m[36m::[0m[34;1mtest_complex_regex_patterns[0m
[32;1m        PASS[0m [   0.031s] [35;1mapollo-router[0m [36mconfiguration::cors::tests[0m[36m::[0m[34;1mtest_cors_spec_multiple_trailing_slash_violations[0m
[32;1m        PASS[0m [   0.076s] [35;1mapollo-router[0m [36mconfiguration::cors::tests[0m[36m::[0m[34;1mtest_cors_spec_omit_credentials_wildcard_origin_no_credentials_header[0m
[32;1m        PASS[0m [   0.060s] [35;1mapollo-router[0m [36mconfiguration::cors::tests[0m[36m::[0m[34;1mtest_cors_spec_origin_with_trailing_slash_rejected[0m
[32;1m        PASS[0m [   1.653s] [35;1mapollo-router[0m [36maxum_factory::tests[0m[36m::[0m[34;1mresponse_failure[0m
[32;1m        PASS[0m [   0.071s] [35;1mapollo-router[0m [36mconfiguration::cors::tests[0m[36m::[0m[34;1mtest_cors_spec_omit_credentials_wildcard_origin_with_credentials_header[0m
[32;1m        PASS[0m [   0.039s] [35;1mapollo-router[0m [36mconfiguration::cors::tests[0m[36m::[0m[34;1mtest_cors_spec_policy_level_credentials_disabled_allows_wildcards[0m
[32;1m        PASS[0m [   0.045s] [35;1mapollo-router[0m [36mconfiguration::cors::tests[0m[36m::[0m[34;1mtest_cors_spec_origin_without_trailing_slash_accepted[0m
[32;1m        PASS[0m [   0.030s] [35;1mapollo-router[0m [36mconfiguration::cors::tests[0m[36m::[0m[34;1mtest_cors_spec_policy_level_credentials_override[0m
[32;1m        PASS[0m [   0.458s] [35;1mapollo-router[0m [36mcache::tests[0m[36m::[0m[34;1mit_should_enforce_cache_limits[0m
[32;1m        PASS[0m [   0.086s] [35;1mapollo-router[0m [36mconfiguration::cors::tests[0m[36m::[0m[34;1mtest_cors_spec_root_path_origin_allowed[0m
[32;1m        PASS[0m [   0.069s] [35;1mapollo-router[0m [36mconfiguration::cors::tests[0m[36m::[0m[34;1mtest_empty_allow_headers_valid[0m
[32;1m        PASS[0m [   0.062s] [35;1mapollo-router[0m [36mconfiguration::cors::tests[0m[36m::[0m[34;1mtest_empty_methods_falls_back_to_defaults[0m
[32;1m        PASS[0m [   1.746s] [35;1mapollo-router[0m [36maxum_factory::tests[0m[36m::[0m[34;1mmultipart_response_shape_with_one_chunk[0m
[32;1m        PASS[0m [   0.735s] [35;1mapollo-router[0m [36mbatching::tests[0m[36m::[0m[34;1mit_limits_the_number_of_mixed_sends[0m
[32;1m        PASS[0m [   0.054s] [35;1mapollo-router[0m [36mconfiguration::cors::tests[0m[36m::[0m[34;1mtest_empty_origins_list_valid[0m
[32;1m        PASS[0m [   0.679s] [35;1mapollo-router[0m [36mbatching::tests[0m[36m::[0m[34;1mit_limits_the_number_of_progressed_sends[0m
[32;1m        PASS[0m [   0.046s] [35;1mapollo-router[0m [36mconfiguration::cors::tests[0m[36m::[0m[34;1mtest_empty_pna_access_name_cors_configuration[0m
[32;1m        PASS[0m [   0.353s] [35;1mapollo-router[0m [36mcompute_job::tests[0m[36m::[0m[34;1mtest_observability[0m
[32;1m        PASS[0m [   0.072s] [35;1mapollo-router[0m [36mconfiguration::cors::tests[0m[36m::[0m[34;1mtest_expose_headers_validation[0m
[32;1m        PASS[0m [   1.659s] [35;1mapollo-router[0m [36maxum_factory::tests[0m[36m::[0m[34;1mresponse_shape[0m
[32;1m        PASS[0m [   0.063s] [35;1mapollo-router[0m [36mconfiguration::cors::tests[0m[36m::[0m[34;1mtest_good_cors_configuration[0m
[32;1m        PASS[0m [   0.053s] [35;1mapollo-router[0m [36mconfiguration::cors::tests[0m[36m::[0m[34;1mtest_long_pna_access_name_cors_configuration[0m
[32;1m        PASS[0m [   0.048s] [35;1mapollo-router[0m [36mconfiguration::cors::tests[0m[36m::[0m[34;1mtest_max_age_validation[0m
[32;1m        PASS[0m [   0.734s] [35;1mapollo-router[0m [36mbatching::tests[0m[36m::[0m[34;1mit_limits_the_number_of_mixed_sends_two_query_hashes[0m
[32;1m        PASS[0m [   0.039s] [35;1mapollo-router[0m [36mconfiguration::cors::tests[0m[36m::[0m[34;1mtest_multiple_origin_config_precedence[0m
[32;1m        PASS[0m [   0.035s] [35;1mapollo-router[0m [36mconfiguration::cors::tests[0m[36m::[0m[34;1mtest_multiple_regex_patterns_in_single_origin_config[0m
[32;1m        PASS[0m [   0.032s] [35;1mapollo-router[0m [36mconfiguration::cors::tests[0m[36m::[0m[34;1mtest_non_hex_pna_access_id_cors_configuration[0m
[32;1m        PASS[0m [   1.763s] [35;1mapollo-router[0m [36maxum_factory::tests[0m[36m::[0m[34;1mresponse[0m
[32;1m        PASS[0m [   0.028s] [35;1mapollo-router[0m [36mconfiguration::cors::tests[0m[36m::[0m[34;1mtest_origin_null_only_allowed_with_allow_any_origin[0m
[32;1m        PASS[0m [   0.060s] [35;1mapollo-router[0m [36mconfiguration::cors::tests[0m[36m::[0m[34;1mtest_origin_specific_allow_headers_validation[0m
[32;1m        PASS[0m [   0.056s] [35;1mapollo-router[0m [36mconfiguration::cors::tests[0m[36m::[0m[34;1mtest_origin_specific_expose_headers_validation[0m
[32;1m        PASS[0m [   0.053s] [35;1mapollo-router[0m [36mconfiguration::cors::tests[0m[36m::[0m[34;1mtest_origin_specific_methods_validation[0m
[32;1m        PASS[0m [   0.049s] [35;1mapollo-router[0m [36mconfiguration::cors::tests[0m[36m::[0m[34;1mtest_per_policy_wildcard_allowed_when_credentials_disabled[0m
[32;1m        PASS[0m [   0.045s] [35;1mapollo-router[0m [36mconfiguration::cors::tests[0m[36m::[0m[34;1mtest_per_policy_wildcard_expose_headers_with_credentials_rejected[0m
[32;1m        PASS[0m [   0.042s] [35;1mapollo-router[0m [36mconfiguration::cors::tests[0m[36m::[0m[34;1mtest_per_policy_wildcard_headers_with_credentials_rejected[0m
[32;1m        PASS[0m [   0.037s] [35;1mapollo-router[0m [36mconfiguration::cors::tests[0m[36m::[0m[34;1mtest_per_policy_wildcard_methods_with_credentials_rejected[0m
[32;1m        PASS[0m [   0.034s] [35;1mapollo-router[0m [36mconfiguration::cors::tests[0m[36m::[0m[34;1mtest_per_policy_wildcard_validation_with_multiple_policies[0m
[32;1m        PASS[0m [   0.031s] [35;1mapollo-router[0m [36mconfiguration::cors::tests[0m[36m::[0m[34;1mtest_policy_empty_methods_override_global[0m
[32;1m        PASS[0m [   0.028s] [35;1mapollo-router[0m [36mconfiguration::cors::tests[0m[36m::[0m[34;1mtest_policy_falls_back_to_global_methods[0m
[32;1m        PASS[0m [   0.025s] [35;1mapollo-router[0m [36mconfiguration::cors::tests[0m[36m::[0m[34;1mtest_policy_specific_methods_used[0m
[32;1m        PASS[0m [   0.055s] [35;1mapollo-router[0m [36mconfiguration::cors::tests[0m[36m::[0m[34;1mtest_short_pna_access_id_cors_configuration[0m
[32;1m        PASS[0m [   0.051s] [35;1mapollo-router[0m [36mconfiguration::cors::tests[0m[36m::[0m[34;1mtest_wildcard_expose_headers_with_credentials_rejected[0m
[32;1m        PASS[0m [   0.048s] [35;1mapollo-router[0m [36mconfiguration::cors::tests[0m[36m::[0m[34;1mtest_wildcard_headers_with_credentials_rejected[0m
[32;1m        PASS[0m [   0.058s] [35;1mapollo-router[0m [36mconfiguration::cors::tests[0m[36m::[0m[34;1mtest_regex_matching_edge_cases[0m
[32;1m        PASS[0m [   0.045s] [35;1mapollo-router[0m [36mconfiguration::cors::tests[0m[36m::[0m[34;1mtest_wildcard_methods_with_credentials_rejected[0m
[32;1m        PASS[0m [   0.042s] [35;1mapollo-router[0m [36mconfiguration::cors::tests[0m[36m::[0m[34;1mtest_wildcard_origin_in_origin_config_rejected[0m
[32;1m        PASS[0m [   0.033s] [35;1mapollo-router[0m [36mconfiguration::expansion::test[0m[36m::[0m[34;1mtest_override_precedence[0m
[32;1m        PASS[0m [   0.027s] [35;1mapollo-router[0m [36mconfiguration::expansion::test[0m[36m::[0m[34;1mtest_type_coercion[0m
[32;1m        PASS[0m [   0.021s] [35;1mapollo-router[0m [36mconfiguration::experimental::tests[0m[36m::[0m[34;1mtest_get_experimental_configurations[0m
[32;1m        PASS[0m [   0.043s] [35;1mapollo-router[0m [36mconfiguration::server::tests[0m[36m::[0m[34;1mit_builds_default_server_configuration[0m
[32;1m        PASS[0m [   0.039s] [35;1mapollo-router[0m [36mconfiguration::server::tests[0m[36m::[0m[34;1mit_json_parses_default_header_read_timeout_when_omitted[0m
[32;1m        PASS[0m [   0.035s] [35;1mapollo-router[0m [36mconfiguration::server::tests[0m[36m::[0m[34;1mit_json_parses_default_header_read_timeout_when_server_http_config_omitted[0m
[32;1m        PASS[0m [   0.047s] [35;1mapollo-router[0m [36mconfiguration::server::tests[0m[36m::[0m[34;1mit_json_parses_specified_server_config_minutes_correctly[0m
[32;1m        PASS[0m [   0.041s] [35;1mapollo-router[0m [36mconfiguration::server::tests[0m[36m::[0m[34;1mit_json_parses_specified_server_config_seconds_correctly[0m
[32;1m        PASS[0m [   0.030s] [35;1mapollo-router[0m [36mconfiguration::tests[0m[36m::[0m[34;1mbad_graphql_path_configuration_without_slash[0m
[32;1m        PASS[0m [   0.037s] [35;1mapollo-router[0m [36mconfiguration::tests[0m[36m::[0m[34;1mbad_graphql_path_configuration_with_wildcard_as_prefix[0m
[32;1m        PASS[0m [   0.027s] [35;1mapollo-router[0m [36mconfiguration::tests[0m[36m::[0m[34;1mcors_defaults[0m
[32;1m        PASS[0m [   1.764s] [35;1mapollo-router[0m [36maxum_factory::tests[0m[36m::[0m[34;1mresponse_with_custom_endpoint[0m
[32;1m        PASS[0m [   0.030s] [35;1mapollo-router[0m [36mconfiguration::tests[0m[36m::[0m[34;1mcors_single_origin_config[0m
[32;1m        PASS[0m [   0.148s] [35;1mapollo-router[0m [36mconfiguration::expansion::test[0m[36m::[0m[34;1mtest_dev_mode[0m
[32;1m        PASS[0m [   0.152s] [35;1mapollo-router[0m [36mconfiguration::expansion::test[0m[36m::[0m[34;1mtest_unprefixed[0m
[32;1m        PASS[0m [   0.026s] [35;1mapollo-router[0m [36mconfiguration::tests[0m[36m::[0m[34;1mit_adds_slash_to_custom_health_check_path_if_missing[0m
[32;1m        PASS[0m [   0.168s] [35;1mapollo-router[0m [36mconfiguration::expansion::test[0m[36m::[0m[34;1mtest_prefixed[0m
[32;1m        PASS[0m [   0.167s] [35;1mapollo-router[0m [36mconfiguration::metrics::test[0m[36m::[0m[34;1mtest_env_metrics[0m
[32;1m        PASS[0m [   0.164s] [35;1mapollo-router[0m [36mconfiguration::metrics::test[0m[36m::[0m[34;1mtest_license_warn[0m
[32;1m        PASS[0m [   0.174s] [35;1mapollo-router[0m [36mconfiguration::metrics::test[0m[36m::[0m[34;1mtest_license_halt[0m
[32;1m        PASS[0m [   0.027s] [35;1mapollo-router[0m [36mconfiguration::tests[0m[36m::[0m[34;1mit_includes_default_header_read_timeout_when_server_config_omitted[0m
[32;1m        PASS[0m [   0.030s] [35;1mapollo-router[0m [36mconfiguration::tests[0m[36m::[0m[34;1mit_prevents_enablement_of_both_subgraph_caching_plugins[0m
[32;1m        PASS[0m [   0.031s] [35;1mapollo-router[0m [36mconfiguration::tests[0m[36m::[0m[34;1mit_processes_batching_subgraph_accounts_disabled_correctly[0m
[32;1m        PASS[0m [   0.027s] [35;1mapollo-router[0m [36mconfiguration::tests[0m[36m::[0m[34;1mit_processes_batching_subgraph_accounts_enabled_correctly[0m
[32;1m        PASS[0m [   1.168s] [35;1mapollo-router[0m [36maxum_factory::tests[0m[36m::[0m[34;1mtest_supergraph_and_health_check_same_port_different_listener[0m
[32;1m        PASS[0m [   0.029s] [35;1mapollo-router[0m [36mconfiguration::tests[0m[36m::[0m[34;1mit_processes_batching_subgraph_accounts_override_disabled_correctly[0m
[32;1m        PASS[0m [   1.490s] [35;1mapollo-router[0m [36maxum_factory::tests[0m[36m::[0m[34;1mtest_previous_health_check_returns_four_oh_four[0m
[32;1m        PASS[0m [   0.043s] [35;1mapollo-router[0m [36mconfiguration::tests[0m[36m::[0m[34;1mit_processes_batching_subgraph_accounts_override_enabled_correctly[0m
[32;1m        PASS[0m [   0.030s] [35;1mapollo-router[0m [36mconfiguration::tests[0m[36m::[0m[34;1mit_processes_batching_subgraph_all_enabled_correctly[0m
[32;1m        PASS[0m [   0.041s] [35;1mapollo-router[0m [36mconfiguration::tests[0m[36m::[0m[34;1mit_processes_batching_subgraph_all_disabled_correctly[0m
[32;1m        PASS[0m [   0.032s] [35;1mapollo-router[0m [36mconfiguration::tests[0m[36m::[0m[34;1mit_processes_specified_maximum_batch_limit_correctly[0m
[32;1m        PASS[0m [   0.046s] [35;1mapollo-router[0m [36mconfiguration::tests[0m[36m::[0m[34;1mit_processes_specified_server_config_correctly[0m
[32;1m        PASS[0m [   0.040s] [35;1mapollo-router[0m [36mconfiguration::tests[0m[36m::[0m[34;1mit_sets_custom_health_check_path[0m
[32;1m        PASS[0m [   0.045s] [35;1mapollo-router[0m [36mconfiguration::tests[0m[36m::[0m[34;1mit_processes_unspecified_maximum_batch_limit_correctly[0m
[32;1m        PASS[0m [   1.330s] [35;1mapollo-router[0m [36maxum_factory::tests[0m[36m::[0m[34;1mtest_sneaky_supergraph_and_health_check_configuration[0m
[32;1m        PASS[0m [   1.700s] [35;1mapollo-router[0m [36maxum_factory::tests[0m[36m::[0m[34;1mtest_compressed_response[0m
[32;1m        PASS[0m [   1.753s] [35;1mapollo-router[0m [36maxum_factory::tests[0m[36m::[0m[34;1mresponse_with_custom_prefix_endpoint[0m
[32;1m        PASS[0m [   1.877s] [35;1mapollo-router[0m [36maxum_factory::tests[0m[36m::[0m[34;1mresponse_with_custom_endpoint_wildcard[0m
[32;1m        PASS[0m [   0.500s] [35;1mapollo-router[0m [36mconfiguration::metrics::test[0m[36m::[0m[34;1mtest_metrics[0m
[32;1m        PASS[0m [   1.836s] [35;1mapollo-router[0m [36maxum_factory::tests[0m[36m::[0m[34;1mresponse_with_root_wildcard[0m
[32;1m        PASS[0m [   1.630s] [35;1mapollo-router[0m [36maxum_factory::tests[0m[36m::[0m[34;1mtest_sneaky_supergraph_and_disabled_health_check_configuration[0m
[32;1m        PASS[0m [   0.538s] [35;1mapollo-router[0m [36mconfiguration::tests[0m[36m::[0m[34;1mcors_doesnt_allow_origins_wildcard[0m
[32;1m        PASS[0m [   1.580s] [35;1mapollo-router[0m [36maxum_factory::tests[0m[36m::[0m[34;1munsupported_compression[0m
[32;1m        PASS[0m [   0.607s] [35;1mapollo-router[0m [36mconfiguration::tests[0m[36m::[0m[34;1mcors_does_not_allow_invalid_cors_origins[0m
[32;1m        PASS[0m [   0.599s] [35;1mapollo-router[0m [36mconfiguration::tests[0m[36m::[0m[34;1mempty_config[0m
[32;1m        PASS[0m [   0.583s] [35;1mapollo-router[0m [36mconfiguration::tests[0m[36m::[0m[34;1mexpansion_prefixing[0m
[32;1m        PASS[0m [   0.603s] [35;1mapollo-router[0m [36mconfiguration::tests[0m[36m::[0m[34;1mexpansion_from_file[0m
[32;1m        PASS[0m [   0.046s] [35;1mapollo-router[0m [36mconfiguration::tests[0m[36m::[0m[34;1mtest_configuration_validate_and_sanitize[0m
[32;1m        PASS[0m [   0.731s] [35;1mapollo-router[0m [36mconfiguration::metrics::test[0m[36m::[0m[34;1mtest_custom_plugin[0m
[32;1m        PASS[0m [   0.590s] [35;1mapollo-router[0m [36mconfiguration::tests[0m[36m::[0m[34;1mit_defaults_health_check_configuration[0m
[32;1m        PASS[0m [   0.030s] [35;1mapollo-router[0m [36mconfiguration::tests[0m[36m::[0m[34;1mtest_subgraph_override_json[0m
[32;1m        PASS[0m [   0.605s] [35;1mapollo-router[0m [36mconfiguration::tests[0m[36m::[0m[34;1mit_does_not_allow_invalid_cors_headers[0m
[32;1m        PASS[0m [   0.765s] [35;1mapollo-router[0m [36mconfiguration::metrics::test[0m[36m::[0m[34;1mtest_ignore_cloud_router_plugins[0m
[32;1m        PASS[0m [   1.345s] [35;1mapollo-router[0m [36mcache::storage::test[0m[36m::[0m[34;1mtest_metrics_not_emitted_where_no_estimated_size[0m
[32;1m        PASS[0m [   0.703s] [35;1mapollo-router[0m [36mconfiguration::tests[0m[36m::[0m[34;1mdefault_config_has_defaults[0m
[32;1m        PASS[0m [   1.244s] [35;1mapollo-router[0m [36mcompute_job::tests[0m[36m::[0m[34;1mtest_parallelism[0m
[32;1m        PASS[0m [   2.038s] [35;1mapollo-router[0m [36maxum_factory::tests[0m[36m::[0m[34;1mtest_defer_is_not_buffered[0m
[32;1m        PASS[0m [   0.654s] [35;1mapollo-router[0m [36mconfiguration::tests[0m[36m::[0m[34;1mit_does_not_allow_invalid_cors_methods[0m
[32;1m        PASS[0m [   0.649s] [35;1mapollo-router[0m [36mconfiguration::tests[0m[36m::[0m[34;1mit_does_not_leak_env_variable_values[0m
[32;1m        PASS[0m [   0.734s] [35;1mapollo-router[0m [36mconfiguration::tests[0m[36m::[0m[34;1mexpansion_failure_missing_variable[0m
[32;1m        PASS[0m [   0.760s] [35;1mapollo-router[0m [36mconfiguration::tests[0m[36m::[0m[34;1mexpansion_failure_unknown_mode[0m
[32;1m        PASS[0m [   0.171s] [35;1mapollo-router[0m [36mconfiguration::tests[0m[36m::[0m[34;1mtest_subgraph_override[0m
[32;1m        PASS[0m [   0.175s] [35;1mapollo-router[0m [36mconfiguration::upgrade::test[0m[36m::[0m[34;1mchange_field[0m
[32;1m        PASS[0m [   0.377s] [35;1mapollo-router[0m [36mconfiguration::tests[0m[36m::[0m[34;1mschema_generation[0m
[32;1m        PASS[0m [   0.178s] [35;1mapollo-router[0m [36mconfiguration::upgrade::test[0m[36m::[0m[34;1mcopy_field[0m
[32;1m        PASS[0m [   0.205s] [35;1mapollo-router[0m [36mconfiguration::upgrade::test[0m[36m::[0m[34;1mcopy_array_element[0m
[32;1m        PASS[0m [   0.199s] [35;1mapollo-router[0m [36mconfiguration::upgrade::test[0m[36m::[0m[34;1mdelete_array_element[0m
[32;1m        PASS[0m [   0.191s] [35;1mapollo-router[0m [36mconfiguration::upgrade::test[0m[36m::[0m[34;1mdelete_field[0m
[32;1m        PASS[0m [   0.253s] [35;1mapollo-router[0m [36mconfiguration::upgrade::test[0m[36m::[0m[34;1madd_field[0m
[32;1m        PASS[0m [   0.189s] [35;1mapollo-router[0m [36mconfiguration::upgrade::test[0m[36m::[0m[34;1mdiff_upgrade_output[0m
[32;1m        PASS[0m [   0.038s] [35;1mapollo-router[0m [36mconfiguration::yaml::test[0m[36m::[0m[34;1mtest_duplicate_keys[0m
[32;1m        PASS[0m [   0.744s] [35;1mapollo-router[0m [36mconfiguration::tests[0m[36m::[0m[34;1mline_precise_config_errors_bad_type[0m
[32;1m        PASS[0m [   0.044s] [35;1mapollo-router[0m [36mcontext::extensions[0m[36m::[0m[34;1mtest_extensions[0m
[32;1m        PASS[0m [   0.028s] [35;1mapollo-router[0m [36mcontext::test[0m[36m::[0m[34;1mit_iterates_mutably_over_context[0m
[32;1m        PASS[0m [   0.737s] [35;1mapollo-router[0m [36mconfiguration::tests[0m[36m::[0m[34;1mline_precise_config_errors_with_errors_after_first_field_env_expansion[0m
[32;1m        PASS[0m [   0.056s] [35;1mapollo-router[0m [36mcontext::test[0m[36m::[0m[34;1mcontext_extensions[0m
[32;1m        PASS[0m [   0.225s] [35;1mapollo-router[0m [36mconfiguration::upgrade::test[0m[36m::[0m[34;1mmove_array_element[0m
[32;1m        PASS[0m [   0.583s] [35;1mapollo-router[0m [36mconfiguration::tests[0m[36m::[0m[34;1mload_tls[0m
[32;1m        PASS[0m [   0.037s] [35;1mapollo-router[0m [36mcontext::test[0m[36m::[0m[34;1mit_iterates_over_context[0m
[32;1m        PASS[0m [   0.701s] [35;1mapollo-router[0m [36mconfiguration::tests[0m[36m::[0m[34;1mline_precise_config_errors_with_inline_sequence[0m
[32;1m        PASS[0m [   0.432s] [35;1mapollo-router[0m [36mconfiguration::tests[0m[36m::[0m[34;1mschema_is_valid[0m
[32;1m        PASS[0m [   0.028s] [35;1mapollo-router[0m [36mcontext::test[0m[36m::[0m[34;1mtest_context_insert[0m
[32;1m        PASS[0m [   0.797s] [35;1mapollo-router[0m [36mconfiguration::tests[0m[36m::[0m[34;1mline_precise_config_errors_with_errors_after_first_field[0m
[32;1m        PASS[0m [   0.053s] [35;1mapollo-router[0m [36mcontext::test[0m[36m::[0m[34;1mtest_context_marshall_errors[0m
[32;1m        PASS[0m [   0.047s] [35;1mapollo-router[0m [36mcontext::test[0m[36m::[0m[34;1mtest_context_overwrite[0m
[32;1m        PASS[0m [   0.602s] [35;1mapollo-router[0m [36mconfiguration::tests[0m[36m::[0m[34;1mmissing_subgraph_url[0m
[32;1m        PASS[0m [   0.690s] [35;1mapollo-router[0m [36mconfiguration::tests[0m[36m::[0m[34;1mline_precise_config_errors_with_sequence[0m
[32;1m        PASS[0m [   0.043s] [35;1mapollo-router[0m [36mcontext::test[0m[36m::[0m[34;1mtest_context_upsert[0m
[32;1m        PASS[0m [   0.028s] [35;1mapollo-router[0m [36merror::tests[0m[36m::[0m[34;1mtest_into_graphql_error[0m
[32;1m        PASS[0m [   0.160s] [35;1mapollo-router[0m [36mconfiguration::upgrade::test[0m[36m::[0m[34;1mupgrade_output[0m
[32;1m        PASS[0m [   0.848s] [35;1mapollo-router[0m [36mconfiguration::tests[0m[36m::[0m[34;1mline_precise_config_errors[0m
[32;1m        PASS[0m [   0.166s] [35;1mapollo-router[0m [36mconfiguration::upgrade::test[0m[36m::[0m[34;1mmove_non_existent_field[0m
[32;1m        PASS[0m [   0.032s] [35;1mapollo-router[0m [36mgraphql::request::tests[0m[36m::[0m[34;1mfrom_urlencoded_query_with_variables_works[0m
[32;1m        PASS[0m [   0.028s] [35;1mapollo-router[0m [36mgraphql::request::tests[0m[36m::[0m[34;1mfrom_urlencoded_query_works[0m
[32;1m        PASS[0m [   0.050s] [35;1mapollo-router[0m [36mexecutable::tests[0m[36m::[0m[34;1msimplest_logging_modifications[0m
[32;1m        PASS[0m [   0.151s] [35;1mapollo-router[0m [36mconfiguration::yaml::test[0m[36m::[0m[34;1mtest[0m
[32;1m        PASS[0m [   0.191s] [35;1mapollo-router[0m [36mconfiguration::upgrade::test[0m[36m::[0m[34;1mmove_field[0m
[32;1m        PASS[0m [   0.611s] [35;1mapollo-router[0m [36mconfiguration::tests[0m[36m::[0m[34;1mrouting_url_in_schema[0m
[32;1m        PASS[0m [   0.042s] [35;1mapollo-router[0m [36mgraphql::request::tests[0m[36m::[0m[34;1mtest_no_variables[0m
[32;1m        PASS[0m [   0.039s] [35;1mapollo-router[0m [36mgraphql::request::tests[0m[36m::[0m[34;1mtest_request[0m
[32;1m        PASS[0m [   0.036s] [35;1mapollo-router[0m [36mgraphql::request::tests[0m[36m::[0m[34;1mtest_variables_is_null[0m
[32;1m        PASS[0m [   0.029s] [35;1mapollo-router[0m [36mgraphql::response::tests[0m[36m::[0m[34;1mtest_data_null[0m
[32;1m        PASS[0m [   0.026s] [35;1mapollo-router[0m [36mgraphql::response::tests[0m[36m::[0m[34;1mtest_no_data_and_no_errors[0m
[32;1m        PASS[0m [   0.043s] [35;1mapollo-router[0m [36mgraphql::response::tests[0m[36m::[0m[34;1mtest_response[0m
[32;1m        PASS[0m [   0.057s] [35;1mapollo-router[0m [36mgraphql::response::tests[0m[36m::[0m[34;1mtest_append_errors_path_fallback_and_override[0m
[32;1m        PASS[0m [   0.104s] [35;1mapollo-router[0m [36mexecutable::tests[0m[36m::[0m[34;1mcomplex_logging_modifications[0m
[32;1m        PASS[0m [   0.047s] [35;1mapollo-router[0m [36mgraphql::response::tests[0m[36m::[0m[34;1mtest_patch_response[0m
[32;1m        PASS[0m [   0.025s] [35;1mapollo-router[0m [36mhttp_ext::test[0m[36m::[0m[34;1mbuilder[0m
[32;1m        PASS[0m [   0.044s] [35;1mapollo-router[0m [36mhttp_ext::test[0m[36m::[0m[34;1mcloning_an_http_request_includes_extensions[0m
[32;1m        PASS[0m [   0.804s] [35;1mapollo-router[0m [36mconfiguration::tests[0m[36m::[0m[34;1mline_precise_config_errors_with_inline_sequence_env_expansion[0m
[32;1m        PASS[0m [   0.743s] [35;1mapollo-router[0m [36mconfiguration::tests[0m[36m::[0m[34;1mline_precise_config_errors_with_sequence_env_expansion[0m
[32;1m        PASS[0m [   0.040s] [35;1mapollo-router[0m [36mhttp_ext::test[0m[36m::[0m[34;1mcloning_an_http_response_includes_extensions[0m
[32;1m        PASS[0m [   0.035s] [35;1mapollo-router[0m [36mhttp_server_factory::tests[0m[36m::[0m[34;1msanity[0m
[32;1m        PASS[0m [   0.024s] [35;1mapollo-router[0m [36mjson_ext::tests[0m[36m::[0m[34;1meq_and_ordered[0m
[32;1m        PASS[0m [   0.051s] [35;1mapollo-router[0m [36mhttp_server_factory::tests[0m[36m::[0m[34;1msanity_unix[0m
[32;1m        PASS[0m [   0.028s] [35;1mapollo-router[0m [36mjson_ext::tests[0m[36m::[0m[34;1mtest_deep_merge[0m
[32;1m        PASS[0m [   0.040s] [35;1mapollo-router[0m [36mjson_ext::tests[0m[36m::[0m[34;1mpath_serde_json[0m
[32;1m        PASS[0m [   0.544s] [35;1mapollo-router[0m [36mconfiguration::tests[0m[36m::[0m[34;1munknown_fields[0m
[32;1m        PASS[0m [   0.033s] [35;1mapollo-router[0m [36mjson_ext::tests[0m[36m::[0m[34;1mtest_from_path[0m
[32;1m        PASS[0m [   0.150s] [35;1mapollo-router[0m [36mgraphql::request::tests[0m[36m::[0m[34;1mextensions[0m
[32;1m        PASS[0m [   0.138s] [35;1mapollo-router[0m [36mgraphql::request::tests[0m[36m::[0m[34;1mmissing_extensions[0m
[32;1m        PASS[0m [   0.041s] [35;1mapollo-router[0m [36mjson_ext::tests[0m[36m::[0m[34;1mtest_from_path_flatten[0m
[32;1m        PASS[0m [   0.037s] [35;1mapollo-router[0m [36mjson_ext::tests[0m[36m::[0m[34;1mtest_from_path_index[0m
[32;1m        PASS[0m [   0.033s] [35;1mapollo-router[0m [36mjson_ext::tests[0m[36m::[0m[34;1mtest_is_subset_array_lengths_differ[0m
[32;1m        PASS[0m [   0.550s] [35;1mapollo-router[0m [36mconfiguration::tests::unusual_configs_validate[0m[36m::[0m[34;1mcase_2[0m
[32;1m        PASS[0m [   0.152s] [35;1mapollo-router[0m [36mgraphql::request::tests[0m[36m::[0m[34;1mnull_extensions[0m
[32;1m        PASS[0m [   0.029s] [35;1mapollo-router[0m [36mjson_ext::tests[0m[36m::[0m[34;1mtest_is_subset_eq[0m
[32;1m        PASS[0m [   0.024s] [35;1mapollo-router[0m [36mjson_ext::tests[0m[36m::[0m[34;1mtest_is_subset_extra_prop[0m
[32;1m        PASS[0m [   0.038s] [35;1mapollo-router[0m [36mjson_ext::tests[0m[36m::[0m[34;1mtest_is_subset_missing_pop[0m
[32;1m        PASS[0m [   0.035s] [35;1mapollo-router[0m [36mlayers::async_checkpoint::async_checkpoint_tests[0m[36m::[0m[34;1mtest_continue[0m
[32;1m        PASS[0m [   0.578s] [35;1mapollo-router[0m [36mconfiguration::tests::unusual_configs_validate[0m[36m::[0m[34;1mcase_1[0m
[32;1m        PASS[0m [   0.031s] [35;1mapollo-router[0m [36mlayers::async_checkpoint::async_checkpoint_tests[0m[36m::[0m[34;1mtest_double_call_doesnt_panic[0m
[32;1m        PASS[0m [   0.028s] [35;1mapollo-router[0m [36mlayers::async_checkpoint::async_checkpoint_tests[0m[36m::[0m[34;1mtest_double_ready_doesnt_panic[0m
[32;1m        PASS[0m [   2.079s] [35;1mapollo-router[0m [36mbatching::tests[0m[36m::[0m[34;1mit_matches_subgraph_request_ids_to_responses[0m
[32;1m        PASS[0m [   0.025s] [35;1mapollo-router[0m [36mlayers::async_checkpoint::async_checkpoint_tests[0m[36m::[0m[34;1mtest_error[0m
[32;1m        PASS[0m [   0.141s] [35;1mapollo-router[0m [36mgraphql::visitor::tests[0m[36m::[0m[34;1mtest_visit_response[0m
[32;1m        PASS[0m [   0.043s] [35;1mapollo-router[0m [36mlayers::async_checkpoint::async_checkpoint_tests[0m[36m::[0m[34;1mtest_return[0m
[32;1m        PASS[0m [   0.040s] [35;1mapollo-router[0m [36mlayers::async_checkpoint::async_checkpoint_tests[0m[36m::[0m[34;1mtest_service_builder[0m
[32;1m        PASS[0m [   0.610s] [35;1mapollo-router[0m [36mconfiguration::tests[0m[36m::[0m[34;1munknown_fields_at_root[0m
[32;1m        PASS[0m [   0.160s] [35;1mapollo-router[0m [36mgraphql::visitor::tests[0m[36m::[0m[34;1mtest_visit_response_with_inline_fragments[0m
[32;1m        PASS[0m [   0.033s] [35;1mapollo-router[0m [36mlayers::async_checkpoint::async_checkpoint_tests[0m[36m::[0m[34;1mtest_service_builder_oneshot[0m
[32;1m        PASS[0m [   0.164s] [35;1mapollo-router[0m [36mgraphql::visitor::tests[0m[36m::[0m[34;1mtest_visit_response_with_fragments[0m
[32;1m        PASS[0m [   0.044s] [35;1mapollo-router[0m [36mlayers::map_future_with_request_data::test[0m[36m::[0m[34;1mtest_layer[0m
[32;1m        PASS[0m [   0.038s] [35;1mapollo-router[0m [36mlayers::sync_checkpoint::checkpoint_tests[0m[36m::[0m[34;1mtest_error[0m
[32;1m        PASS[0m [   0.042s] [35;1mapollo-router[0m [36mlayers::sync_checkpoint::checkpoint_tests[0m[36m::[0m[34;1mtest_continue[0m
[32;1m        PASS[0m [   0.036s] [35;1mapollo-router[0m [36mlayers::sync_checkpoint::checkpoint_tests[0m[36m::[0m[34;1mtest_return[0m
[32;1m        PASS[0m [   0.033s] [35;1mapollo-router[0m [36mlayers::sync_checkpoint::checkpoint_tests[0m[36m::[0m[34;1mtest_service_builder[0m
[32;1m        PASS[0m [   0.177s] [35;1mapollo-router[0m [36mgraphql::visitor::tests[0m[36m::[0m[34;1mtest_visit_response_with_named_operation[0m
[32;1m        PASS[0m [   0.051s] [35;1mapollo-router[0m [36mmetrics::aggregation::test[0m[36m::[0m[34;1mtest_i64_gauge_drop[0m
[32;1m        PASS[0m [   0.060s] [35;1mapollo-router[0m [36mmetrics::aggregation::test[0m[36m::[0m[34;1mtest_global_meter_provider[0m
[32;1m        PASS[0m [   0.044s] [35;1mapollo-router[0m [36mmetrics::filter::test[0m[36m::[0m[34;1mtest_description_and_unit[0m
[32;1m        PASS[0m [   0.055s] [35;1mapollo-router[0m [36mmetrics::aggregation::test[0m[36m::[0m[34;1mtest_i64_gauge_lifecycle[0m
[32;1m        PASS[0m [   0.027s] [35;1mapollo-router[0m [36mmetrics::test[0m[36m::[0m[34;1mparse_attributes_should_handle_multiple_input_types[0m
[32;1m        PASS[0m [   0.058s] [35;1mapollo-router[0m [36mmetrics::filter::test[0m[36m::[0m[34;1mtest_private_metrics[0m
[32;1m        PASS[0m [   0.055s] [35;1mapollo-router[0m [36mmetrics::filter::test[0m[36m::[0m[34;1mtest_private_realtime_metrics[0m
[32;1m        PASS[0m [   0.637s] [35;1mapollo-router[0m [36mconfiguration::tests[0m[36m::[0m[34;1mupgrade_old_minor_configuration[0m
[32;1m        PASS[0m [   0.052s] [35;1mapollo-router[0m [36mmetrics::filter::test[0m[36m::[0m[34;1mtest_public_metrics_using_global_meter_provider[0m
[32;1m        PASS[0m [   0.047s] [35;1mapollo-router[0m [36mmetrics::filter::test[0m[36m::[0m[34;1mtest_public_metrics_using_meter_provider[0m
[32;1m        PASS[0m [   0.057s] [35;1mapollo-router[0m [36mmetrics::test[0m[36m::[0m[34;1mtest_callsite_caching[0m
[32;1m        PASS[0m [   0.052s] [35;1mapollo-router[0m [36mmetrics::test[0m[36m::[0m[34;1mtest_dynamic_attributes[0m
[32;1m        PASS[0m [   0.076s] [35;1mapollo-router[0m [36mmetrics::test[0m[36m::[0m[34;1mtest_async_single[0m
[32;1m        PASS[0m [   0.114s] [35;1mapollo-router[0m [36mmetrics::aggregation::test[0m[36m::[0m[34;1mtest_shutdown_exporter_metrics[0m
[32;1m        PASS[0m [   0.095s] [35;1mapollo-router[0m [36mmetrics::test[0m[36m::[0m[34;1mtest_async_multi[0m
[32;1m        PASS[0m [   0.123s] [35;1mapollo-router[0m [36mmetrics::aggregation::test[0m[36m::[0m[34;1mtest_reload_exporter_metrics[0m
[32;1m        PASS[0m [   0.078s] [35;1mapollo-router[0m [36mmetrics::test[0m[36m::[0m[34;1mtest_f64_counter[0m
[32;1m        PASS[0m [   0.083s] [35;1mapollo-router[0m [36mmetrics::test[0m[36m::[0m[34;1mtest_f64_counter_with_unit[0m
[32;1m        PASS[0m [   0.080s] [35;1mapollo-router[0m [36mmetrics::test[0m[36m::[0m[34;1mtest_f64_histogram[0m
[32;1m        PASS[0m [   0.056s] [35;1mapollo-router[0m [36mmetrics::test[0m[36m::[0m[34;1mtest_gauge[0m
[32;1m        PASS[0m [   0.077s] [35;1mapollo-router[0m [36mmetrics::test[0m[36m::[0m[34;1mtest_f64_histogram_with_unit[0m
[32;1m        PASS[0m [   0.050s] [35;1mapollo-router[0m [36mmetrics::test[0m[36m::[0m[34;1mtest_gauge_record[0m
[32;1m        PASS[0m [   0.089s] [35;1mapollo-router[0m [36mmetrics::test[0m[36m::[0m[34;1mtest_f64_up_down_counter_guard_auto_decrement[0m
[32;1m        PASS[0m [   0.093s] [35;1mapollo-router[0m [36mmetrics::test[0m[36m::[0m[34;1mtest_f64_up_down_counter[0m
[32;1m        PASS[0m [   0.083s] [35;1mapollo-router[0m [36mmetrics::test[0m[36m::[0m[34;1mtest_f64_up_down_counter_with_unit[0m
[32;1m        PASS[0m [   0.078s] [35;1mapollo-router[0m [36mmetrics::test[0m[36m::[0m[34;1mtest_i64_up_down_counter[0m
[32;1m        PASS[0m [   0.074s] [35;1mapollo-router[0m [36mmetrics::test[0m[36m::[0m[34;1mtest_i64_up_down_counter_guard_auto_decrement[0m
[32;1m        PASS[0m [   0.071s] [35;1mapollo-router[0m [36mmetrics::test[0m[36m::[0m[34;1mtest_i64_up_down_counter_guard_different_attributes[0m
[32;1m        PASS[0m [   0.050s] [35;1mapollo-router[0m [36mmetrics::test[0m[36m::[0m[34;1mtest_no_attributes[0m
[32;1m        PASS[0m [   0.058s] [35;1mapollo-router[0m [36mmetrics::test[0m[36m::[0m[34;1mtest_multiple_calls[0m
[32;1m        PASS[0m [   0.078s] [35;1mapollo-router[0m [36mmetrics::test[0m[36m::[0m[34;1mtest_i64_up_down_counter_guard_multiple[0m
[32;1m        PASS[0m [   0.078s] [35;1mapollo-router[0m [36mmetrics::test[0m[36m::[0m[34;1mtest_i64_up_down_counter_with_unit[0m
[32;1m        PASS[0m [   0.060s] [35;1mapollo-router[0m [36mmetrics::test[0m[36m::[0m[34;1mtest_non_async[0m
[32;1m        PASS[0m [   0.082s] [35;1mapollo-router[0m [36mmetrics::test[0m[36m::[0m[34;1mtest_metrics_across_tasks[0m
[32;1m        PASS[0m [   0.025s] [35;1mapollo-router[0m [36mplugins::authentication::jwks::test[0m[36m::[0m[34;1mtest_exp_defaults_to_max_when_no_jwt_claims_present[0m
[32;1m        PASS[0m [   0.024s] [35;1mapollo-router[0m [36mplugins::authentication::jwks::test[0m[36m::[0m[34;1mtest_expiry_claim_is_valid[0m
[32;1m        PASS[0m [   0.077s] [35;1mapollo-router[0m [36mmetrics::test[0m[36m::[0m[34;1mtest_u64_counter[0m
[32;1m        PASS[0m [   0.078s] [35;1mapollo-router[0m [36mmetrics::test[0m[36m::[0m[34;1mtest_u64_histogram[0m
[32;1m        PASS[0m [   0.082s] [35;1mapollo-router[0m [36mmetrics::test[0m[36m::[0m[34;1mtest_u64_counter_with_unit[0m
[32;1m        PASS[0m [   0.027s] [35;1mapollo-router[0m [36mplugins::authentication::jwks::test[0m[36m::[0m[34;1mtest_expiry_claim_is_valid_but_expired[0m
[32;1m        PASS[0m [   0.085s] [35;1mapollo-router[0m [36mmetrics::test[0m[36m::[0m[34;1mtest_u64_histogram_with_unit[0m
[32;1m        PASS[0m [   0.032s] [35;1mapollo-router[0m [36mplugins::authentication::jwks::test[0m[36m::[0m[34;1mtest_expiry_claim_not_integer[0m
[32;1m        PASS[0m [   0.024s] [35;1mapollo-router[0m [36mplugins::authentication::subgraph::test[0m[36m::[0m[34;1mtest_all_aws_sig_v4_hardcoded_config[0m
[32;1m        PASS[0m [   0.038s] [35;1mapollo-router[0m [36mplugins::authentication::jwks::test[0m[36m::[0m[34;1mtest_jwt_claims_not_object[0m
[32;1m        PASS[0m [   0.025s] [35;1mapollo-router[0m [36mplugins::authentication::subgraph::test[0m[36m::[0m[34;1mtest_aws_sig_v4_default_chain_assume_role_config[0m
[32;1m        PASS[0m [   0.024s] [35;1mapollo-router[0m [36mplugins::authentication::subgraph::test[0m[36m::[0m[34;1mtest_subgraph_aws_sig_v4_hardcoded_config[0m
[32;1m        PASS[0m [   0.075s] [35;1mapollo-router[0m [36mplugins::authentication::subgraph::test[0m[36m::[0m[34;1mtest_credentials_provider_keeps_credentials_in_cache[0m
[32;1m        PASS[0m [   0.158s] [35;1mapollo-router[0m [36morbiter::test[0m[36m::[0m[34;1mtest_visit_args[0m
[32;1m        PASS[0m [   0.602s] [35;1mapollo-router[0m [36mcontext::test[0m[36m::[0m[34;1mtest_executable_document_access[0m
[32;1m        PASS[0m [   0.030s] [35;1mapollo-router[0m [36mplugins::authentication::tests[0m[36m::[0m[34;1mit_accepts_elliptic_curve_key_without_alg[0m
[32;1m        PASS[0m [   0.027s] [35;1mapollo-router[0m [36mplugins::authentication::tests[0m[36m::[0m[34;1mit_accepts_key_without_use_or_keyops[0m
[32;1m        PASS[0m [   0.030s] [35;1mapollo-router[0m [36mplugins::authentication::tests[0m[36m::[0m[34;1mit_accepts_rsa_key_without_alg[0m
[32;1m        PASS[0m [   0.573s] [35;1mapollo-router[0m [36mjson_ext::tests[0m[36m::[0m[34;1minterface_typename_merging[0m
[32;1m        PASS[0m [   0.567s] [35;1mapollo-router[0m [36mjson_ext::tests[0m[36m::[0m[34;1mtest_get_at_path_flatmap_nested[0m
[32;1m        PASS[0m [   0.579s] [35;1mapollo-router[0m [36mjson_ext::tests[0m[36m::[0m[34;1mtest_get_at_path[0m
[32;1m        PASS[0m [   0.184s] [35;1mapollo-router[0m [36mplugins::authentication::tests[0m[36m::[0m[34;1maudience_check[0m
[32;1m        PASS[0m [   0.588s] [35;1mapollo-router[0m [36mjson_ext::tests[0m[36m::[0m[34;1mtest_get_at_path_with_conditions[0m
[32;1m        PASS[0m [   0.602s] [35;1mapollo-router[0m [36mjson_ext::tests[0m[36m::[0m[34;1mtest_is_object_of_type[0m
[32;1m        PASS[0m [   0.210s] [35;1mapollo-router[0m [36mplugins::authentication::tests[0m[36m::[0m[34;1missuer_check[0m
[32;1m        PASS[0m [   0.029s] [35;1mapollo-router[0m [36mplugins::authentication::tests[0m[36m::[0m[34;1mit_fails_to_find_key_with_criteria_algorithm_not_in_set[0m
[32;1m        PASS[0m [   0.654s] [35;1mapollo-router[0m [36mjson_ext::tests[0m[36m::[0m[34;1mtest_get_at_path_flatmap[0m
[32;1m        PASS[0m [   0.031s] [35;1mapollo-router[0m [36mplugins::authentication::tests[0m[36m::[0m[34;1mit_finds_best_matching_key_with_criteria_algorithm[0m
[32;1m        PASS[0m [   0.027s] [35;1mapollo-router[0m [36mplugins::authentication::tests[0m[36m::[0m[34;1mit_finds_key_with_criteria_algorithm_ec[0m
[32;1m        PASS[0m [   0.026s] [35;1mapollo-router[0m [36mplugins::authentication::tests[0m[36m::[0m[34;1mit_finds_key_with_criteria_algorithm_rsa[0m
[32;1m        PASS[0m [   0.028s] [35;1mapollo-router[0m [36mplugins::authentication::tests[0m[36m::[0m[34;1mit_finds_key_with_criteria_kid_and_algorithm[0m
[32;1m        PASS[0m [   2.434s] [35;1mapollo-router[0m [36mcache::tests[0m[36m::[0m[34;1mit_should_only_delegate_once_per_key[0m
[32;1m        PASS[0m [   0.537s] [35;1mapollo-router[0m [36morbiter::test[0m[36m::[0m[34;1mtest_visit_config_that_needed_upgrade[0m
[32;1m        PASS[0m [   1.032s] [35;1mapollo-router[0m [36mfiles::tests[0m[36m::[0m[34;1mbasic_watch[0m
[32;1m        PASS[0m [   0.027s] [35;1mapollo-router[0m [36mplugins::authentication::tests[0m[36m::[0m[34;1mit_rejects_and_accepts_keys_with_restricted_algorithms_and_unknown_jwks_algorithm[0m
[32;1m        PASS[0m [   0.028s] [35;1mapollo-router[0m [36mplugins::authentication::tests[0m[36m::[0m[34;1mit_rejects_key_with_restricted_algorithm[0m
[32;1m        PASS[0m [   0.814s] [35;1mapollo-router[0m [36morbiter::test[0m[36m::[0m[34;1mtest_create_report_incorrect_type_validated_yaml[0m
[32;1m        PASS[0m [   1.585s] [35;1mapollo-router[0m [36mconfiguration::tests[0m[36m::[0m[34;1mupgrade_old_configuration[0m
[32;1m        PASS[0m [   0.872s] [35;1mapollo-router[0m [36morbiter::test[0m[36m::[0m[34;1mtest_create_report_invalid_validated_yaml[0m
[32;1m        PASS[0m [   0.869s] [35;1mapollo-router[0m [36morbiter::test[0m[36m::[0m[34;1mtest_visit_config[0m
[32;1m        PASS[0m [   0.896s] [35;1mapollo-router[0m [36morbiter::test[0m[36m::[0m[34;1mtest_create_report[0m
[32;1m        PASS[0m [   1.173s] [35;1mapollo-router[0m [36mlayers::map_first_graphql_response::tests[0m[36m::[0m[34;1mtest_map_first_graphql_response[0m
[32;1m        PASS[0m [   2.469s] [35;1mapollo-router[0m [36mconfiguration::tests[0m[36m::[0m[34;1mall_properties_are_documented[0m
[32;1m        PASS[0m [   0.107s] [35;1mapollo-router[0m [36mplugins::authentication::tests[0m[36m::[0m[34;1mjwks_send_headers[0m
[32;1m        PASS[0m [   1.150s] [35;1mapollo-router[0m [36mmetrics::test[0m[36m::[0m[34;1mtest_type_counter[0m
[32;1m        PASS[0m [   1.156s] [35;1mapollo-router[0m [36mmetrics::test[0m[36m::[0m[34;1mtest_type_gauge[0m
[32;1m        PASS[0m [   1.077s] [35;1mapollo-router[0m [36mplugins::authentication::subgraph::test[0m[36m::[0m[34;1mtest_credentials_provider_refresh_on_stale[0m
[32;1m        PASS[0m [   1.194s] [35;1mapollo-router[0m [36mmetrics::test[0m[36m::[0m[34;1mtest_type_up_down_counter[0m
[32;1m        PASS[0m [   1.238s] [35;1mapollo-router[0m [36mmetrics::test[0m[36m::[0m[34;1mtest_type_histogram[0m
[32;1m        PASS[0m [   1.443s] [35;1mapollo-router[0m [36mlayers::async_checkpoint::async_checkpoint_tests[0m[36m::[0m[34;1mtest_service_builder_buffered_oneshot[0m
[32;1m        PASS[0m [   1.164s] [35;1mapollo-router[0m [36mplugins::authentication::subgraph::test[0m[36m::[0m[34;1mtest_aws_sig_v4_headers[0m
[32;1m        PASS[0m [   1.154s] [35;1mapollo-router[0m [36mplugins::authentication::subgraph::test[0m[36m::[0m[34;1mtest_lattice_body_payload_should_be_unsigned[0m
[32;1m        PASS[0m [   0.133s] [35;1mapollo-router[0m [36mplugins::authentication::tests[0m[36m::[0m[34;1mtest_parse_failure_logs[0m
[32;1m        PASS[0m [   0.158s] [35;1mapollo-router[0m [36mplugins::authorization::authenticated::tests[0m[36m::[0m[34;1marray[0m
[32;1m        PASS[0m [   1.150s] [35;1mapollo-router[0m [36mplugins::authentication::tests[0m[36m::[0m[34;1mit_accepts_when_auth_prefix_does_not_match_config_and_is_ignored[0m
[32;1m        PASS[0m [   0.157s] [35;1mapollo-router[0m [36mplugins::authorization::authenticated::tests[0m[36m::[0m[34;1mdefer[0m
[32;1m        PASS[0m [   0.140s] [35;1mapollo-router[0m [36mplugins::authorization::authenticated::tests[0m[36m::[0m[34;1minterface_fragment[0m
[32;1m        PASS[0m [   0.166s] [35;1mapollo-router[0m [36mplugins::authorization::authenticated::tests[0m[36m::[0m[34;1mfragment_fields[0m
[32;1m        PASS[0m [   2.139s] [35;1mapollo-router[0m [36mconfiguration::tests[0m[36m::[0m[34;1mvalidate_project_config_files[0m
[32;1m        PASS[0m [   0.169s] [35;1mapollo-router[0m [36mplugins::authorization::authenticated::tests[0m[36m::[0m[34;1minterface_field[0m
[32;1m        PASS[0m [   1.192s] [35;1mapollo-router[0m [36mplugins::authentication::tests[0m[36m::[0m[34;1mit_accepts_when_auth_prefix_has_correct_format_and_valid_jwt[0m
[32;1m        PASS[0m [   0.171s] [35;1mapollo-router[0m [36mplugins::authorization::authenticated::tests[0m[36m::[0m[34;1minterface_inline_fragment[0m
[32;1m        PASS[0m [   0.172s] [35;1mapollo-router[0m [36mplugins::authorization::authenticated::tests[0m[36m::[0m[34;1minterface_type[0m
[32;1m        PASS[0m [   0.159s] [35;1mapollo-router[0m [36mplugins::authorization::authenticated::tests[0m[36m::[0m[34;1minterface_typename[0m
[32;1m        PASS[0m [   1.266s] [35;1mapollo-router[0m [36mplugins::authentication::tests[0m[36m::[0m[34;1mit_accepts_when_auth_prefix_has_correct_format_and_valid_jwt_custom_auth[0m
[32;1m        PASS[0m [   0.152s] [35;1mapollo-router[0m [36mplugins::authorization::authenticated::tests[0m[36m::[0m[34;1mmutation[0m
[32;1m        PASS[0m [   1.236s] [35;1mapollo-router[0m [36mplugins::authentication::tests[0m[36m::[0m[34;1mit_accepts_when_no_auth_prefix_and_valid_jwt_custom_prefix[0m
[32;1m        PASS[0m [   1.252s] [35;1mapollo-router[0m [36mplugins::authentication::tests[0m[36m::[0m[34;1mit_accepts_when_auth_prefix_has_correct_format_multiple_jwks_and_valid_jwt[0m
[32;1m        PASS[0m [   0.172s] [35;1mapollo-router[0m [36mplugins::authorization::authenticated::tests[0m[36m::[0m[34;1mnamed_fragment_nested_in_authenticated_type[0m
[32;1m        PASS[0m [   0.153s] [35;1mapollo-router[0m [36mplugins::authorization::authenticated::tests[0m[36m::[0m[34;1mquery_field[0m
[32;1m        PASS[0m [   1.271s] [35;1mapollo-router[0m [36mplugins::authentication::tests[0m[36m::[0m[34;1mit_accepts_when_auth_prefix_has_correct_format_and_valid_jwt_custom_prefix[0m
[32;1m        PASS[0m [   0.164s] [35;1mapollo-router[0m [36mplugins::authorization::authenticated::tests[0m[36m::[0m[34;1mnamed_fragment_nested_in_named_fragment_in_authenticated_type[0m
[32;1m        PASS[0m [   0.191s] [35;1mapollo-router[0m [36mplugins::authorization::authenticated::tests[0m[36m::[0m[34;1mquery_field_alias[0m
[32;1m        PASS[0m [   1.309s] [35;1mapollo-router[0m [36mplugins::authentication::tests[0m[36m::[0m[34;1mit_extracts_the_token_from_cookies[0m
[32;1m        PASS[0m [   0.156s] [35;1mapollo-router[0m [36mplugins::authorization::authenticated::tests[0m[36m::[0m[34;1mrenamed_directive[0m
[32;1m        PASS[0m [   1.244s] [35;1mapollo-router[0m [36mplugins::authentication::tests[0m[36m::[0m[34;1mit_moves_on_after_jwt_errors_when_configured[0m
[32;1m        PASS[0m [   0.154s] [35;1mapollo-router[0m [36mplugins::authorization::authenticated::tests[0m[36m::[0m[34;1mscalar[0m
[32;1m        PASS[0m [   1.281s] [35;1mapollo-router[0m [36mplugins::authentication::tests[0m[36m::[0m[34;1mit_inserts_success_jwt_status_into_context[0m
[32;1m        PASS[0m [   0.172s] [35;1mapollo-router[0m [36mplugins::authorization::authenticated::tests[0m[36m::[0m[34;1mtest[0m
[32;1m        PASS[0m [   0.169s] [35;1mapollo-router[0m [36mplugins::authorization::authenticated::tests[0m[36m::[0m[34;1munion[0m
[32;1m        PASS[0m [   0.163s] [35;1mapollo-router[0m [36mplugins::authorization::policy::tests[0m[36m::[0m[34;1marray[0m
[32;1m        PASS[0m [   2.139s] [35;1mapollo-router[0m [36mfiles::tests[0m[36m::[0m[34;1mclog_watch[0m
[32;1m        PASS[0m [   0.175s] [35;1mapollo-router[0m [36mplugins::authorization::policy::tests[0m[36m::[0m[34;1mextract_policies[0m
[32;1m        PASS[0m [   0.181s] [35;1mapollo-router[0m [36mplugins::authorization::policy::tests[0m[36m::[0m[34;1mfilter_basic_query[0m
[32;1m        PASS[0m [   0.651s] [35;1mapollo-router[0m [36mplugins::authorization::authenticated::tests[0m[36m::[0m[34;1malternative_directive[0m
[32;1m        PASS[0m [   0.184s] [35;1mapollo-router[0m [36mplugins::authorization::policy::tests[0m[36m::[0m[34;1mfragment_fields[0m
[32;1m        PASS[0m [   0.175s] [35;1mapollo-router[0m [36mplugins::authorization::policy::tests[0m[36m::[0m[34;1minterface_field[0m
[32;1m        PASS[0m [   0.160s] [35;1mapollo-router[0m [36mplugins::authorization::policy::tests[0m[36m::[0m[34;1minterface_fragment[0m
[32;1m        PASS[0m [   0.163s] [35;1mapollo-router[0m [36mplugins::authorization::policy::tests[0m[36m::[0m[34;1minterface_inline_fragment[0m
[32;1m        PASS[0m [   0.167s] [35;1mapollo-router[0m [36mplugins::authorization::policy::tests[0m[36m::[0m[34;1minterface_typename[0m
[32;1m        PASS[0m [   0.188s] [35;1mapollo-router[0m [36mplugins::authorization::policy::tests[0m[36m::[0m[34;1minterface_type[0m
[32;1m        PASS[0m [   0.195s] [35;1mapollo-router[0m [36mplugins::authorization::policy::tests[0m[36m::[0m[34;1minterface_with_implementor_not_defining_field_level_policy[0m
[32;1m        PASS[0m [   0.187s] [35;1mapollo-router[0m [36mplugins::authorization::policy::tests[0m[36m::[0m[34;1minterface_with_implementor_not_defining_field_level_policy_with_request_not_sending_policies[0m
[32;1m        PASS[0m [   0.157s] [35;1mapollo-router[0m [36mplugins::authorization::policy::tests[0m[36m::[0m[34;1mquery_field[0m
[32;1m        PASS[0m [   2.740s] [35;1mapollo-router[0m [36mconfiguration::tests[0m[36m::[0m[34;1mtest_deserialize_derive_default[0m
[32;1m        PASS[0m [   0.177s] [35;1mapollo-router[0m [36mplugins::authorization::policy::tests[0m[36m::[0m[34;1mmutation[0m
[32;1m        PASS[0m [   0.198s] [35;1mapollo-router[0m [36mplugins::authorization::policy::tests[0m[36m::[0m[34;1minterface_with_implementor_not_defining_type_level_policy[0m
[32;1m        PASS[0m [   0.191s] [35;1mapollo-router[0m [36mplugins::authorization::policy::tests[0m[36m::[0m[34;1mquery_field_alias[0m
[32;1m        PASS[0m [   0.217s] [35;1mapollo-router[0m [36mplugins::authorization::policy::tests[0m[36m::[0m[34;1mor_and[0m
[32;1m        PASS[0m [   0.150s] [35;1mapollo-router[0m [36mplugins::authorization::scopes::tests[0m[36m::[0m[34;1mextract_scopes[0m
[32;1m        PASS[0m [   0.188s] [35;1mapollo-router[0m [36mplugins::authorization::policy::tests[0m[36m::[0m[34;1mscalar[0m
[32;1m        PASS[0m [   0.185s] [35;1mapollo-router[0m [36mplugins::authorization::policy::tests[0m[36m::[0m[34;1munion[0m
[32;1m        PASS[0m [   0.186s] [35;1mapollo-router[0m [36mplugins::authorization::scopes::tests[0m[36m::[0m[34;1marray[0m
[32;1m        PASS[0m [   0.227s] [35;1mapollo-router[0m [36mplugins::authorization::policy::tests[0m[36m::[0m[34;1mrenamed_directive[0m
[32;1m        PASS[0m [   0.160s] [35;1mapollo-router[0m [36mplugins::authorization::scopes::tests[0m[36m::[0m[34;1mfragment_fields[0m
[32;1m        PASS[0m [   0.223s] [35;1mapollo-router[0m [36mplugins::authorization::scopes::tests[0m[36m::[0m[34;1mfilter_basic_query[0m
[32;1m        PASS[0m [   0.184s] [35;1mapollo-router[0m [36mplugins::authorization::scopes::tests[0m[36m::[0m[34;1minterface_field[0m
[32;1m        PASS[0m [   0.170s] [35;1mapollo-router[0m [36mplugins::authorization::scopes::tests[0m[36m::[0m[34;1minterface_inline_fragment[0m
[32;1m        PASS[0m [   0.169s] [35;1mapollo-router[0m [36mplugins::authorization::scopes::tests[0m[36m::[0m[34;1mmutation[0m
[32;1m        PASS[0m [   0.186s] [35;1mapollo-router[0m [36mplugins::authorization::scopes::tests[0m[36m::[0m[34;1minterface_typename[0m
[32;1m        PASS[0m [   0.203s] [35;1mapollo-router[0m [36mplugins::authorization::scopes::tests[0m[36m::[0m[34;1minterface_fragment[0m
[32;1m        PASS[0m [   0.198s] [35;1mapollo-router[0m [36mplugins::authorization::scopes::tests[0m[36m::[0m[34;1minterface_type[0m
[32;1m        PASS[0m [   1.222s] [35;1mapollo-router[0m [36mplugins::authentication::tests[0m[36m::[0m[34;1mit_rejects_when_there_is_no_auth_header[0m
[32;1m        PASS[0m [   0.163s] [35;1mapollo-router[0m [36mplugins::authorization::scopes::tests[0m[36m::[0m[34;1mrenamed_directive[0m
[32;1m        PASS[0m [   0.160s] [35;1mapollo-router[0m [36mplugins::authorization::scopes::tests[0m[36m::[0m[34;1munion[0m
[32;1m        PASS[0m [   0.165s] [35;1mapollo-router[0m [36mplugins::authorization::scopes::tests[0m[36m::[0m[34;1mscalar[0m
[32;1m        PASS[0m [   0.177s] [35;1mapollo-router[0m [36mplugins::authorization::scopes::tests[0m[36m::[0m[34;1mquery_field[0m
[32;1m        PASS[0m [   0.185s] [35;1mapollo-router[0m [36mplugins::authorization::scopes::tests[0m[36m::[0m[34;1mquery_field_alias[0m
[32;1m        PASS[0m [   0.033s] [35;1mapollo-router[0m [36mplugins::cache::entity::tests[0m[36m::[0m[34;1mtest_matches_selection_set_handles_arrays[0m
[32;1m        PASS[0m [   0.040s] [35;1mapollo-router[0m [36mplugins::cache::entity::tests[0m[36m::[0m[34;1mtest_take_selection_set_handles_arrays[0m
[32;1m        PASS[0m [   1.275s] [35;1mapollo-router[0m [36mplugins::authentication::tests[0m[36m::[0m[34;1mit_supports_multiple_sources[0m
[32;1m        PASS[0m [   1.885s] [35;1mapollo-router[0m [36mplugins::authentication::tests[0m[36m::[0m[34;1mit_panics_when_auth_prefix_has_correct_format_but_contains_trailing_whitespace[0m
[32;1m        PASS[0m [   0.183s] [35;1mapollo-router[0m [36mplugins::cache::entity::tests[0m[36m::[0m[34;1mtest_subgraph_ttl[0m
[32;1m        PASS[0m [   0.178s] [35;1mapollo-router[0m [36mplugins::cache::invalidation_endpoint::tests[0m[36m::[0m[34;1mtest_invalidation_service_bad_shared_key[0m
[32;1m        PASS[0m [   0.199s] [35;1mapollo-router[0m [36mplugins::cache::entity::tests[0m[36m::[0m[34;1mtest_subgraph_enabled[0m
[32;1m        PASS[0m [   0.186s] [35;1mapollo-router[0m [36mplugins::cache::invalidation_endpoint::tests[0m[36m::[0m[34;1mtest_invalidation_service_bad_shared_key_subgraph[0m
[32;1m        PASS[0m [   1.315s] [35;1mapollo-router[0m [36mplugins::authorization::authenticated::tests[0m[36m::[0m[34;1mauthenticated_request[0m
[32;1m        PASS[0m [   1.938s] [35;1mapollo-router[0m [36mplugins::authentication::tests[0m[36m::[0m[34;1mit_panics_when_auth_prefix_has_correct_format_but_contains_whitespace[0m
[32;1m        PASS[0m [   0.042s] [35;1mapollo-router[0m [36mplugins::chaos::reload::tests[0m[36m::[0m[34;1mtest_reload_source_default[0m
[32;1m        PASS[0m [   0.065s] [35;1mapollo-router[0m [36mplugins::chaos::reload::tests[0m[36m::[0m[34;1mtest_reloadable_event_stream_captures_schema_events[0m
[32;1m        PASS[0m [   0.055s] [35;1mapollo-router[0m [36mplugins::chaos::reload::tests[0m[36m::[0m[34;1mtest_reloadable_event_stream_ignores_other_events[0m
[32;1m        PASS[0m [   1.271s] [35;1mapollo-router[0m [36mplugins::authorization::authenticated::tests[0m[36m::[0m[34;1mintrospection_mixed_with_authenticated_fields[0m
[32;1m        PASS[0m [   0.077s] [35;1mapollo-router[0m [36mplugins::chaos::reload::tests[0m[36m::[0m[34;1mtest_reloadable_event_stream_merges_upstream_and_chaos_events[0m
[32;1m        PASS[0m [   0.025s] [35;1mapollo-router[0m [36mplugins::chaos::reload::tests[0m[36m::[0m[34;1mtest_set_periods_clears_existing_queue[0m
[32;1m        PASS[0m [   0.066s] [35;1mapollo-router[0m [36mplugins::chaos::reload::tests[0m[36m::[0m[34;1mtest_schema_reload_stream_generates_events[0m
[32;1m        PASS[0m [   0.029s] [35;1mapollo-router[0m [36mplugins::chaos::reload::tests[0m[36m::[0m[34;1mtest_set_periods_configures_reload_intervals[0m
[32;1m        PASS[0m [   0.025s] [35;1mapollo-router[0m [36mplugins::chaos::reload::tests[0m[36m::[0m[34;1mtest_set_periods_with_none_values[0m
[32;1m        PASS[0m [   1.407s] [35;1mapollo-router[0m [36mplugins::authorization::authenticated::tests[0m[36m::[0m[34;1mintrospection_fragment_with_authenticated_root_query[0m
[32;1m        PASS[0m [   0.089s] [35;1mapollo-router[0m [36mplugins::chaos::reload::tests[0m[36m::[0m[34;1mtest_stream_with_no_chaos_periods_is_empty[0m
[32;1m        PASS[0m [   0.111s] [35;1mapollo-router[0m [36mplugins::chaos::reload::tests[0m[36m::[0m[34;1mtest_stream_skips_events_when_no_data_available[0m
[32;1m        PASS[0m [   0.042s] [35;1mapollo-router[0m [36mplugins::chaos::reload::tests[0m[36m::[0m[34;1mtest_update_last_schema[0m
[32;1m        PASS[0m [   0.058s] [35;1mapollo-router[0m [36mplugins::connectors::handle_responses::tests[0m[36m::[0m[34;1mtest_handle_response_with_is_success[0m
[32;1m        PASS[0m [   1.401s] [35;1mapollo-router[0m [36mplugins::authorization::authenticated::tests[0m[36m::[0m[34;1munauthenticated_request[0m
[32;1m        PASS[0m [   1.397s] [35;1mapollo-router[0m [36mplugins::authorization::authenticated::tests[0m[36m::[0m[34;1munauthenticated_request_defer[0m
[32;1m        PASS[0m [   0.636s] [35;1mapollo-router[0m [36mplugins::chaos::reload::tests[0m[36m::[0m[34;1mtest_config_reload_stream_generates_events[0m
[32;1m        PASS[0m [   0.152s] [35;1mapollo-router[0m [36mplugins::connectors::handle_responses::tests[0m[36m::[0m[34;1mtest_handle_responses_batch[0m
[32;1m        PASS[0m [   0.151s] [35;1mapollo-router[0m [36mplugins::connectors::handle_responses::tests[0m[36m::[0m[34;1mtest_handle_responses_entities[0m
[32;1m        PASS[0m [   0.152s] [35;1mapollo-router[0m [36mplugins::connectors::handle_responses::tests[0m[36m::[0m[34;1mtest_handle_responses_entity_field[0m
[32;1m        PASS[0m [   0.180s] [35;1mapollo-router[0m [36mplugins::connectors::handle_responses::tests[0m[36m::[0m[34;1mtest_handle_responses_errors[0m
[32;1m        PASS[0m [   0.670s] [35;1mapollo-router[0m [36mplugins::chaos::reload::tests[0m[36m::[0m[34;1mtest_reloadable_event_stream_configures_and_captures_config_events[0m
[32;1m        PASS[0m [   0.147s] [35;1mapollo-router[0m [36mplugins::connectors::handle_responses::tests[0m[36m::[0m[34;1mtest_handle_responses_root_fields[0m
[32;1m        PASS[0m [   0.155s] [35;1mapollo-router[0m [36mplugins::connectors::make_requests::tests[0m[36m::[0m[34;1mbatch_entities_from_request[0m
[32;1m        PASS[0m [   0.151s] [35;1mapollo-router[0m [36mplugins::connectors::make_requests::tests[0m[36m::[0m[34;1mbatch_entities_from_request_above_max_size[0m
[32;1m        PASS[0m [   2.943s] [35;1mapollo-router[0m [36mplugins::authentication::tests[0m[36m::[0m[34;1mit_inserts_failure_jwt_status_into_context[0m
[32;1m        PASS[0m [   0.162s] [35;1mapollo-router[0m [36mplugins::connectors::make_requests::tests[0m[36m::[0m[34;1mbatch_entities_from_request_within_max_size[0m
[32;1m        PASS[0m [   0.591s] [35;1mapollo-router[0m [36mplugins::chaos::reload::tests[0m[36m::[0m[34;1mtest_update_last_configuration[0m
[32;1m        PASS[0m [   1.271s] [35;1mapollo-router[0m [36mplugins::authorization::tests[0m[36m::[0m[34;1munauthenticated_request[0m
[32;1m        PASS[0m [   0.292s] [35;1mapollo-router[0m [36mplugins::connectors::handle_responses::tests[0m[36m::[0m[34;1mtest_handle_responses_status[0m
[32;1m        PASS[0m [   0.187s] [35;1mapollo-router[0m [36mplugins::connectors::make_requests::tests[0m[36m::[0m[34;1mentities_from_request_entity[0m
[32;1m        PASS[0m [   0.169s] [35;1mapollo-router[0m [36mplugins::connectors::make_requests::tests[0m[36m::[0m[34;1mentities_from_request_entity_with_fragment[0m
[32;1m        PASS[0m [   0.174s] [35;1mapollo-router[0m [36mplugins::connectors::make_requests::tests[0m[36m::[0m[34;1mentities_from_request_on_type[0m
[32;1m        PASS[0m [   0.637s] [35;1mapollo-router[0m [36mplugins::chaos::reload::tests[0m[36m::[0m[34;1mtest_update_methods_replace_previous_values[0m
[32;1m        PASS[0m [   1.435s] [35;1mapollo-router[0m [36mplugins::authorization::tests[0m[36m::[0m[34;1mauthenticated_request[0m
[32;1m        PASS[0m [   0.166s] [35;1mapollo-router[0m [36mplugins::connectors::make_requests::tests[0m[36m::[0m[34;1mentities_from_request_root_field[0m
[32;1m        PASS[0m [   0.151s] [35;1mapollo-router[0m [36mplugins::connectors::make_requests::tests[0m[36m::[0m[34;1mentities_with_fields_from_request_interface_object[0m
[32;1m        PASS[0m [   0.176s] [35;1mapollo-router[0m [36mplugins::connectors::make_requests::tests[0m[36m::[0m[34;1mentities_with_fields_from_request[0m
[32;1m        PASS[0m [   0.153s] [35;1mapollo-router[0m [36mplugins::connectors::make_requests::tests[0m[36m::[0m[34;1mmake_requests[0m
[32;1m        PASS[0m [   0.168s] [35;1mapollo-router[0m [36mplugins::connectors::make_requests::tests[0m[36m::[0m[34;1mentities_with_fields_from_request_with_fragment[0m
[32;1m        PASS[0m [   1.458s] [35;1mapollo-router[0m [36mplugins::authorization::tests[0m[36m::[0m[34;1mscopes_directive_reject_unauthorized[0m
[32;1m        PASS[0m [   1.565s] [35;1mapollo-router[0m [36mplugins::authorization::tests[0m[36m::[0m[34;1mauthenticated_directive_reject_unauthorized[0m
[32;1m        PASS[0m [   0.170s] [35;1mapollo-router[0m [36mplugins::connectors::make_requests::tests[0m[36m::[0m[34;1mtest_root_fields_input_types[0m
[32;1m        PASS[0m [   1.596s] [35;1mapollo-router[0m [36mplugins::authorization::tests[0m[36m::[0m[34;1mauthenticated_directive_dry_run[0m
[32;1m        PASS[0m [   0.174s] [35;1mapollo-router[0m [36mplugins::connectors::make_requests::tests[0m[36m::[0m[34;1mtest_root_fields_inputs[0m
[32;1m        PASS[0m [   0.164s] [35;1mapollo-router[0m [36mplugins::connectors::make_requests::tests[0m[36m::[0m[34;1mtest_root_fields_simple[0m
[32;1m        PASS[0m [   1.605s] [35;1mapollo-router[0m [36mplugins::authorization::tests[0m[36m::[0m[34;1mscopes_directive_dry_run[0m
[32;1m        PASS[0m [   1.729s] [35;1mapollo-router[0m [36mplugins::authorization::tests[0m[36m::[0m[34;1mauthenticated_directive[0m
[32;1m        PASS[0m [   1.664s] [35;1mapollo-router[0m [36mplugins::authorization::tests[0m[36m::[0m[34;1merrors_in_extensions[0m
[32;1m        PASS[0m [   3.090s] [35;1mapollo-router[0m [36mplugins::authentication::tests[0m[36m::[0m[34;1mit_rejects_when_auth_prefix_has_correct_format_and_invalid_jwt[0m
[32;1m        PASS[0m [   2.983s] [35;1mapollo-router[0m [36mplugins::authentication::tests[0m[36m::[0m[34;1mit_rejects_when_auth_prefix_has_correct_format_but_invalid_jwt[0m
[32;1m        PASS[0m [   3.089s] [35;1mapollo-router[0m [36mplugins::authentication::tests[0m[36m::[0m[34;1mit_rejects_when_auth_prefix_has_invalid_format_jwt[0m
[32;1m        PASS[0m [   3.051s] [35;1mapollo-router[0m [36mplugins::authentication::tests[0m[36m::[0m[34;1mit_rejects_when_auth_prefix_has_no_jwt_token[0m
[32;1m        PASS[0m [   3.111s] [35;1mapollo-router[0m [36mplugins::authentication::tests[0m[36m::[0m[34;1mit_rejects_when_auth_prefix_is_missing[0m
[32;1m        PASS[0m [   2.893s] [35;1mapollo-router[0m [36mplugins::authentication::tests[0m[36m::[0m[34;1mload_plugin[0m
[32;1m        PASS[0m [   4.135s] [35;1mapollo-router[0m [36mplugins::authentication::subgraph::test[0m[36m::[0m[34;1mtest_get_signing_settings[0m
[32;1m        PASS[0m [   2.236s] [35;1mapollo-router[0m [36mplugins::authorization::tests[0m[36m::[0m[34;1mscopes_directive[0m
[32;1m        PASS[0m [   1.148s] [35;1mapollo-router[0m [36mplugins::connectors::tests[0m[36m::[0m[34;1mbasic_connection_errors[0m
[32;1m        PASS[0m [   1.221s] [35;1mapollo-router[0m [36mplugins::connectors::tests::connect_on_type[0m[36m::[0m[34;1mbasic_batch[0m
[32;1m        PASS[0m [   1.153s] [35;1mapollo-router[0m [36mplugins::connectors::tests::content_type[0m[36m::[0m[34;1mblank_body_maps_literal[0m
[32;1m        PASS[0m [   1.159s] [35;1mapollo-router[0m [36mplugins::connectors::tests::content_type[0m[36m::[0m[34;1mblank_body_raw_value_is_null[0m
[32;1m        PASS[0m [   1.288s] [35;1mapollo-router[0m [36mplugins::connectors::tests::connect_on_type[0m[36m::[0m[34;1mbasic_batch_query_params[0m
[32;1m        PASS[0m [   1.203s] [35;1mapollo-router[0m [36mplugins::connectors::tests::content_type[0m[36m::[0m[34;1mother_content_type_maps_literal[0m
[32;1m        PASS[0m [   1.289s] [35;1mapollo-router[0m [36mplugins::connectors::tests::connect_on_type[0m[36m::[0m[34;1mbatch_with_max_size_under_batch_size[0m
[32;1m        PASS[0m [   1.151s] [35;1mapollo-router[0m [36mplugins::connectors::tests::content_type[0m[36m::[0m[34;1mshould_error_on_invalid_with_json_like_content_type[0m
[32;1m        PASS[0m [   1.333s] [35;1mapollo-router[0m [36mplugins::connectors::tests::connect_on_type[0m[36m::[0m[34;1mbatch_missing_items[0m
[32;1m        PASS[0m [   1.238s] [35;1mapollo-router[0m [36mplugins::connectors::tests::content_type[0m[36m::[0m[34;1mother_content_type_maps_raw_value_as_null[0m
[32;1m        PASS[0m [   1.184s] [35;1mapollo-router[0m [36mplugins::connectors::tests::content_type[0m[36m::[0m[34;1mshould_error_on_invalid_with_json_content_type[0m
[32;1m        PASS[0m [   1.355s] [35;1mapollo-router[0m [36mplugins::connectors::tests::connect_on_type[0m[36m::[0m[34;1mbatch_with_max_size_over_batch_size[0m
[32;1m        PASS[0m [   1.188s] [35;1mapollo-router[0m [36mplugins::connectors::tests::content_type[0m[36m::[0m[34;1mshould_map_json_like_content_type[0m
[32;1m        PASS[0m [   1.234s] [35;1mapollo-router[0m [36mplugins::connectors::tests::content_type[0m[36m::[0m[34;1mshould_map_json_content_type[0m
[32;1m        PASS[0m [   1.461s] [35;1mapollo-router[0m [36mplugins::connectors::tests::connect_on_type[0m[36m::[0m[34;1mconnect_on_type[0m
[32;1m        PASS[0m [   1.506s] [35;1mapollo-router[0m [36mplugins::connectors::tests::connect_on_type[0m[36m::[0m[34;1mconnect_on_interface_object[0m
[32;1m        PASS[0m [   1.324s] [35;1mapollo-router[0m [36mplugins::connectors::tests::content_type[0m[36m::[0m[34;1mtext_body_errors_on_invalid_chars_in_charset[0m
[32;1m        PASS[0m [   1.633s] [35;1mapollo-router[0m [36mplugins::connectors::tests[0m[36m::[0m[34;1mbasic_errors[0m
[32;1m        PASS[0m [   1.143s] [35;1mapollo-router[0m [36mplugins::connectors::tests::content_type[0m[36m::[0m[34;1mtext_body_maps_with_non_utf8_charset_using_invalid_utf8_bytes[0m
[32;1m        PASS[0m [   1.229s] [35;1mapollo-router[0m [36mplugins::connectors::tests::content_type[0m[36m::[0m[34;1mtext_body_maps_raw_value[0m
[32;1m        PASS[0m [   1.248s] [35;1mapollo-router[0m [36mplugins::connectors::tests::content_type[0m[36m::[0m[34;1mtext_body_maps_literal[0m
[32;1m        PASS[0m [   2.851s] [35;1mapollo-router[0m [36mplugins::cache::tests[0m[36m::[0m[34;1mno_data[0m
[32;1m        PASS[0m [   3.044s] [35;1mapollo-router[0m [36mplugins::cache::tests[0m[36m::[0m[34;1minsert[0m
[32;1m        PASS[0m [   3.011s] [35;1mapollo-router[0m [36mplugins::cache::tests[0m[36m::[0m[34;1minsert_with_requires[0m
[32;1m        PASS[0m [   1.277s] [35;1mapollo-router[0m [36mplugins::connectors::tests::content_type[0m[36m::[0m[34;1mtext_body_maps_with_non_utf8_charset[0m
[32;1m        PASS[0m [   3.202s] [35;1mapollo-router[0m [36mplugins::authorization::tests[0m[36m::[0m[34;1mcache_key_metadata[0m
[32;1m        PASS[0m [   2.965s] [35;1mapollo-router[0m [36mplugins::cache::tests[0m[36m::[0m[34;1mmissing_entities[0m
[32;1m        PASS[0m [   3.103s] [35;1mapollo-router[0m [36mplugins::cache::tests[0m[36m::[0m[34;1minsert_with_nested_field_set[0m
[32;1m        PASS[0m [   3.095s] [35;1mapollo-router[0m [36mplugins::cache::tests[0m[36m::[0m[34;1mno_cache_control[0m
[32;1m        PASS[0m [   1.251s] [35;1mapollo-router[0m [36mplugins::connectors::tests[0m[36m::[0m[34;1mdoesnt_error_when_using_undefined_arguments[0m
[32;1m        PASS[0m [   3.258s] [35;1mapollo-router[0m [36mplugins::cache::tests[0m[36m::[0m[34;1mprivate[0m
[32;1m        PASS[0m [   1.337s] [35;1mapollo-router[0m [36mplugins::connectors::tests::error_handling[0m[36m::[0m[34;1mboth_source_and_connect_no_error[0m
[32;1m        PASS[0m [   1.277s] [35;1mapollo-router[0m [36mplugins::connectors::tests::error_handling[0m[36m::[0m[34;1monly_connect_no_error[0m
[32;1m        PASS[0m [   1.219s] [35;1mapollo-router[0m [36mplugins::connectors::tests::error_handling[0m[36m::[0m[34;1mpartial_source_and_partial_connect[0m
[32;1m        PASS[0m [   1.167s] [35;1mapollo-router[0m [36mplugins::connectors::tests::progressive_override[0m[36m::[0m[34;1mprogressive_override[0m
[32;1m        PASS[0m [   1.425s] [35;1mapollo-router[0m [36mplugins::connectors::tests::error_handling[0m[36m::[0m[34;1mboth_source_and_connect_with_error[0m
[32;1m        PASS[0m [   1.338s] [35;1mapollo-router[0m [36mplugins::connectors::tests::error_handling[0m[36m::[0m[34;1mdoes_not_redact_errors_when_include_subgraph_errors_enabled[0m
[32;1m        PASS[0m [   1.277s] [35;1mapollo-router[0m [36mplugins::connectors::tests::error_handling[0m[36m::[0m[34;1monly_source_no_error[0m
[32;1m        PASS[0m [   1.282s] [35;1mapollo-router[0m [36mplugins::connectors::tests::error_handling[0m[36m::[0m[34;1monly_source_with_error[0m
[32;1m        PASS[0m [   1.289s] [35;1mapollo-router[0m [36mplugins::connectors::tests::error_handling[0m[36m::[0m[34;1mredact_errors_when_include_subgraph_errors_disabled[0m
[32;1m        PASS[0m [   1.418s] [35;1mapollo-router[0m [36mplugins::connectors::tests::error_handling[0m[36m::[0m[34;1monly_connect_with_error[0m
[32;1m        PASS[0m [   1.354s] [35;1mapollo-router[0m [36mplugins::connectors::tests[0m[36m::[0m[34;1merror_redacted[0m
[32;1m        PASS[0m [   1.262s] [35;1mapollo-router[0m [36mplugins::connectors::tests::query_plan[0m[36m::[0m[34;1mbasic_batch[0m
[32;1m        PASS[0m [   1.438s] [35;1mapollo-router[0m [36mplugins::connectors::tests[0m[36m::[0m[34;1merror_not_redacted[0m
[32;1m        PASS[0m [   1.275s] [35;1mapollo-router[0m [36mplugins::connectors::tests::quickstart[0m[36m::[0m[34;1mquery_1[0m
[32;1m        PASS[0m [   1.278s] [35;1mapollo-router[0m [36mplugins::connectors::tests::quickstart[0m[36m::[0m[34;1mquery_2[0m
[32;1m        PASS[0m [   1.162s] [35;1mapollo-router[0m [36mplugins::connectors::tests[0m[36m::[0m[34;1mshould_only_send_matching_header_once_when_both_config_and_schema_propagate_header[0m
[32;1m        PASS[0m [   1.469s] [35;1mapollo-router[0m [36mplugins::connectors::tests[0m[36m::[0m[34;1mmax_requests[0m
[32;1m        PASS[0m [   1.205s] [35;1mapollo-router[0m [36mplugins::connectors::tests[0m[36m::[0m[34;1mshould_remove_header_when_sdl_has_insert_and_yaml_has_remove[0m
[32;1m        PASS[0m [   1.234s] [35;1mapollo-router[0m [36mplugins::connectors::tests[0m[36m::[0m[34;1mshould_only_send_named_header_once_when_both_config_and_schema_propagate_header[0m
[32;1m        PASS[0m [   1.349s] [35;1mapollo-router[0m [36mplugins::connectors::tests::quickstart_tests[0m[36m::[0m[34;1mquery_1[0m
[32;1m        PASS[0m [   0.030s] [35;1mapollo-router[0m [36mplugins::connectors::tracing::tests[0m[36m::[0m[34;1mtest_connect_spec_counts[0m
[32;1m        PASS[0m [   1.408s] [35;1mapollo-router[0m [36mplugins::connectors::tests::quickstart[0m[36m::[0m[34;1mquery_3[0m
[32;1m        PASS[0m [   1.284s] [35;1mapollo-router[0m [36mplugins::connectors::tests[0m[36m::[0m[34;1mshould_support_using_variable_in_nested_input_argument[0m
[32;1m        PASS[0m [   1.588s] [35;1mapollo-router[0m [36mplugins::connectors::tests::query_plan[0m[36m::[0m[34;1mconnect_on_type[0m
[32;1m        PASS[0m [   0.075s] [35;1mapollo-router[0m [36mplugins::coprocessor::execution::tests[0m[36m::[0m[34;1mexternal_plugin_execution_request[0m
[32;1m        PASS[0m [   0.082s] [35;1mapollo-router[0m [36mplugins::coprocessor::execution::tests[0m[36m::[0m[34;1mexternal_plugin_execution_request_controlflow_break[0m
[32;1m        PASS[0m [   1.463s] [35;1mapollo-router[0m [36mplugins::connectors::tests::quickstart_tests[0m[36m::[0m[34;1mquery_2[0m
[32;1m        PASS[0m [   1.342s] [35;1mapollo-router[0m [36mplugins::connectors::tests[0m[36m::[0m[34;1mtest_args_and_this_in_header[0m
[32;1m        PASS[0m [   1.463s] [35;1mapollo-router[0m [36mplugins::connectors::tests::quickstart_tests[0m[36m::[0m[34;1mquery_3[0m
[32;1m        PASS[0m [   0.075s] [35;1mapollo-router[0m [36mplugins::coprocessor::execution::tests[0m[36m::[0m[34;1mexternal_plugin_execution_request_validation_disabled_empty[0m
[32;1m        PASS[0m [   0.078s] [35;1mapollo-router[0m [36mplugins::coprocessor::execution::tests[0m[36m::[0m[34;1mexternal_plugin_execution_request_validation_disabled_invalid[0m
[32;1m        PASS[0m [   0.088s] [35;1mapollo-router[0m [36mplugins::coprocessor::execution::tests[0m[36m::[0m[34;1mexternal_plugin_execution_request_validation_disabled_valid[0m
[32;1m        PASS[0m [   0.083s] [35;1mapollo-router[0m [36mplugins::coprocessor::execution::tests[0m[36m::[0m[34;1mexternal_plugin_execution_request_validation_enabled_empty[0m
[32;1m        PASS[0m [   0.084s] [35;1mapollo-router[0m [36mplugins::coprocessor::execution::tests[0m[36m::[0m[34;1mexternal_plugin_execution_request_validation_enabled_invalid[0m
[32;1m        PASS[0m [   0.081s] [35;1mapollo-router[0m [36mplugins::coprocessor::execution::tests[0m[36m::[0m[34;1mexternal_plugin_execution_response[0m
[32;1m        PASS[0m [   0.085s] [35;1mapollo-router[0m [36mplugins::coprocessor::execution::tests[0m[36m::[0m[34;1mexternal_plugin_execution_request_validation_enabled_valid[0m
[32;1m        PASS[0m [   1.442s] [35;1mapollo-router[0m [36mplugins::connectors::tests[0m[36m::[0m[34;1msource_max_requests[0m
[32;1m        PASS[0m [   0.081s] [35;1mapollo-router[0m [36mplugins::coprocessor::execution::tests[0m[36m::[0m[34;1mexternal_plugin_execution_response_validation_disabled_invalid[0m
[32;1m        PASS[0m [   1.252s] [35;1mapollo-router[0m [36mplugins::connectors::tests[0m[36m::[0m[34;1mtest_default_argument_values[0m
[32;1m        PASS[0m [   1.313s] [35;1mapollo-router[0m [36mplugins::connectors::tests[0m[36m::[0m[34;1mtest_default_argument_overrides[0m
[32;1m        PASS[0m [   0.105s] [35;1mapollo-router[0m [36mplugins::coprocessor::execution::tests[0m[36m::[0m[34;1mexternal_plugin_execution_response_validation_disabled_empty[0m
[32;1m        PASS[0m [   0.077s] [35;1mapollo-router[0m [36mplugins::coprocessor::execution::tests[0m[36m::[0m[34;1mexternal_plugin_execution_response_validation_disabled_valid[0m
[32;1m        PASS[0m [   0.074s] [35;1mapollo-router[0m [36mplugins::coprocessor::execution::tests[0m[36m::[0m[34;1mexternal_plugin_execution_response_validation_enabled_empty[0m
[32;1m        PASS[0m [   1.651s] [35;1mapollo-router[0m [36mplugins::connectors::tests::quickstart[0m[36m::[0m[34;1mquery_4[0m
[32;1m        PASS[0m [   0.086s] [35;1mapollo-router[0m [36mplugins::coprocessor::execution::tests[0m[36m::[0m[34;1mexternal_plugin_execution_response_validation_enabled_valid[0m
[32;1m        PASS[0m [   0.101s] [35;1mapollo-router[0m [36mplugins::coprocessor::execution::tests[0m[36m::[0m[34;1mexternal_plugin_execution_response_validation_enabled_invalid[0m
[32;1m        PASS[0m [   0.080s] [35;1mapollo-router[0m [36mplugins::coprocessor::supergraph::tests[0m[36m::[0m[34;1mexternal_plugin_supergraph_request_validation_disabled_empty[0m
[32;1m        PASS[0m [   0.076s] [35;1mapollo-router[0m [36mplugins::coprocessor::supergraph::tests[0m[36m::[0m[34;1mexternal_plugin_supergraph_request_validation_disabled_invalid[0m
[32;1m        PASS[0m [   0.087s] [35;1mapollo-router[0m [36mplugins::coprocessor::supergraph::tests[0m[36m::[0m[34;1mexternal_plugin_supergraph_request_validation_disabled_valid[0m
[32;1m        PASS[0m [   1.653s] [35;1mapollo-router[0m [36mplugins::connectors::tests::quickstart_tests[0m[36m::[0m[34;1mquery_4[0m
[32;1m        PASS[0m [   0.106s] [35;1mapollo-router[0m [36mplugins::coprocessor::supergraph::tests[0m[36m::[0m[34;1mexternal_plugin_supergraph_request[0m
[32;1m        PASS[0m [   0.111s] [35;1mapollo-router[0m [36mplugins::coprocessor::execution::tests[0m[36m::[0m[34;1mmulti_part[0m
[32;1m        PASS[0m [   0.100s] [35;1mapollo-router[0m [36mplugins::coprocessor::supergraph::tests[0m[36m::[0m[34;1mexternal_plugin_supergraph_request_controlflow_break[0m
[32;1m        PASS[0m [   0.090s] [35;1mapollo-router[0m [36mplugins::coprocessor::supergraph::tests[0m[36m::[0m[34;1mexternal_plugin_supergraph_request_validation_enabled_empty[0m
[32;1m        PASS[0m [   0.085s] [35;1mapollo-router[0m [36mplugins::coprocessor::supergraph::tests[0m[36m::[0m[34;1mexternal_plugin_supergraph_request_validation_enabled_invalid[0m
[32;1m        PASS[0m [   0.763s] [35;1mapollo-router[0m [36mplugins::connectors::tests[0m[36m::[0m[34;1mtest_operation_counter[0m
[32;1m        PASS[0m [   0.091s] [35;1mapollo-router[0m [36mplugins::coprocessor::supergraph::tests[0m[36m::[0m[34;1mexternal_plugin_supergraph_request_validation_enabled_valid[0m
[32;1m        PASS[0m [   0.076s] [35;1mapollo-router[0m [36mplugins::coprocessor::supergraph::tests[0m[36m::[0m[34;1mexternal_plugin_supergraph_response_validation_disabled_empty[0m
[32;1m        PASS[0m [   0.076s] [35;1mapollo-router[0m [36mplugins::coprocessor::supergraph::tests[0m[36m::[0m[34;1mexternal_plugin_supergraph_response_validation_disabled_valid[0m
[32;1m        PASS[0m [   0.087s] [35;1mapollo-router[0m [36mplugins::coprocessor::supergraph::tests[0m[36m::[0m[34;1mexternal_plugin_supergraph_response_validation_disabled_invalid[0m
[32;1m        PASS[0m [   0.112s] [35;1mapollo-router[0m [36mplugins::coprocessor::supergraph::tests[0m[36m::[0m[34;1mexternal_plugin_supergraph_response[0m
[32;1m        PASS[0m [   0.082s] [35;1mapollo-router[0m [36mplugins::coprocessor::supergraph::tests[0m[36m::[0m[34;1mexternal_plugin_supergraph_response_validation_enabled_empty[0m
[32;1m        PASS[0m [   0.082s] [35;1mapollo-router[0m [36mplugins::coprocessor::supergraph::tests[0m[36m::[0m[34;1mexternal_plugin_supergraph_response_validation_enabled_valid[0m
[32;1m        PASS[0m [   0.085s] [35;1mapollo-router[0m [36mplugins::coprocessor::supergraph::tests[0m[36m::[0m[34;1mexternal_plugin_supergraph_response_validation_enabled_invalid[0m
[32;1m        PASS[0m [   0.079s] [35;1mapollo-router[0m [36mplugins::coprocessor::supergraph::tests[0m[36m::[0m[34;1mmulti_part[0m
[32;1m        PASS[0m [   0.082s] [35;1mapollo-router[0m [36mplugins::coprocessor::test::tests[0m[36m::[0m[34;1mcoprocessor_missing_request_control_should_fail[0m
[32;1m        PASS[0m [   0.082s] [35;1mapollo-router[0m [36mplugins::coprocessor::test::tests[0m[36m::[0m[34;1mcoprocessor_returning_the_wrong_stage_should_fail[0m
[32;1m        PASS[0m [   0.082s] [35;1mapollo-router[0m [36mplugins::coprocessor::test::tests[0m[36m::[0m[34;1mcoprocessor_returning_the_wrong_version_should_fail[0m
[32;1m        PASS[0m [   0.077s] [35;1mapollo-router[0m [36mplugins::coprocessor::test::tests[0m[36m::[0m[34;1mcoprocessor_subgraph_with_invalid_response_body_should_fail[0m
[32;1m        PASS[0m [   0.076s] [35;1mapollo-router[0m [36mplugins::coprocessor::test::tests[0m[36m::[0m[34;1mexternal_plugin_router_request_controlflow_break[0m
[32;1m        PASS[0m [   0.076s] [35;1mapollo-router[0m [36mplugins::coprocessor::test::tests[0m[36m::[0m[34;1mexternal_plugin_router_request_controlflow_break_with_message_string[0m
[32;1m        PASS[0m [   0.148s] [35;1mapollo-router[0m [36mplugins::coprocessor::supergraph::tests[0m[36m::[0m[34;1mmulti_part_only_primary[0m
[32;1m        PASS[0m [   1.443s] [35;1mapollo-router[0m [36mplugins::connectors::tests[0m[36m::[0m[34;1mtest_form_encoding[0m
[32;1m        PASS[0m [   1.603s] [35;1mapollo-router[0m [36mplugins::connectors::tests[0m[36m::[0m[34;1mtest_entity_references[0m
[32;1m        PASS[0m [   1.236s] [35;1mapollo-router[0m [36mplugins::connectors::tests[0m[36m::[0m[34;1mtest_headers[0m
[32;1m        PASS[0m [   1.188s] [35;1mapollo-router[0m [36mplugins::connectors::tests[0m[36m::[0m[34;1mtest_nullability[0m
[32;1m        PASS[0m [   0.093s] [35;1mapollo-router[0m [36mplugins::coprocessor::test::tests[0m[36m::[0m[34;1mexternal_plugin_subgraph_request[0m
[32;1m        PASS[0m [   0.790s] [35;1mapollo-router[0m [36mplugins::connectors::tracing::tests[0m[36m::[0m[34;1mtest_connect_spec_version_instrument[0m
[32;1m        PASS[0m [   1.222s] [35;1mapollo-router[0m [36mplugins::connectors::tests[0m[36m::[0m[34;1mtest_mutation_empty_body[0m
[32;1m        PASS[0m [   1.254s] [35;1mapollo-router[0m [36mplugins::connectors::tests[0m[36m::[0m[34;1mtest_mutation[0m
[32;1m        PASS[0m [   0.090s] [35;1mapollo-router[0m [36mplugins::coprocessor::test::tests[0m[36m::[0m[34;1mexternal_plugin_subgraph_request_controlflow_break[0m
[32;1m        PASS[0m [   1.203s] [35;1mapollo-router[0m [36mplugins::connectors::tests[0m[36m::[0m[34;1mtest_override_headers_with_config[0m
[32;1m        PASS[0m [   0.095s] [35;1mapollo-router[0m [36mplugins::coprocessor::test::tests[0m[36m::[0m[34;1mexternal_plugin_subgraph_request_controlflow_break_with_message_string[0m
[32;1m        PASS[0m [   1.293s] [35;1mapollo-router[0m [36mplugins::connectors::tests[0m[36m::[0m[34;1mtest_no_source[0m
[32;1m        PASS[0m [   0.082s] [35;1mapollo-router[0m [36mplugins::coprocessor::test::tests[0m[36m::[0m[34;1mexternal_plugin_subgraph_request_validation_disabled_invalid[0m
[32;1m        PASS[0m [   0.082s] [35;1mapollo-router[0m [36mplugins::coprocessor::test::tests[0m[36m::[0m[34;1mexternal_plugin_subgraph_request_validation_disabled_valid[0m
[32;1m        PASS[0m [   0.102s] [35;1mapollo-router[0m [36mplugins::coprocessor::test::tests[0m[36m::[0m[34;1mexternal_plugin_subgraph_request_validation_disabled_empty[0m
[32;1m        PASS[0m [   0.074s] [35;1mapollo-router[0m [36mplugins::coprocessor::test::tests[0m[36m::[0m[34;1mexternal_plugin_subgraph_request_validation_enabled_empty[0m
[32;1m        PASS[0m [   0.056s] [35;1mapollo-router[0m [36mplugins::coprocessor::test::tests[0m[36m::[0m[34;1mexternal_plugin_subgraph_request_with_condition[0m
[32;1m        PASS[0m [   0.070s] [35;1mapollo-router[0m [36mplugins::coprocessor::test::tests[0m[36m::[0m[34;1mexternal_plugin_subgraph_request_validation_enabled_valid[0m
[32;1m        PASS[0m [   0.085s] [35;1mapollo-router[0m [36mplugins::coprocessor::test::tests[0m[36m::[0m[34;1mexternal_plugin_subgraph_request_validation_enabled_invalid[0m
[32;1m        PASS[0m [   0.077s] [35;1mapollo-router[0m [36mplugins::coprocessor::test::tests[0m[36m::[0m[34;1mexternal_plugin_subgraph_request_with_deprecated_context[0m
[32;1m        PASS[0m [   0.080s] [35;1mapollo-router[0m [36mplugins::coprocessor::test::tests[0m[36m::[0m[34;1mexternal_plugin_subgraph_request_with_selective_context[0m
[32;1m        PASS[0m [   0.082s] [35;1mapollo-router[0m [36mplugins::coprocessor::test::tests[0m[36m::[0m[34;1mexternal_plugin_subgraph_response[0m
[32;1m        PASS[0m [   1.222s] [35;1mapollo-router[0m [36mplugins::connectors::tests[0m[36m::[0m[34;1mtest_selection_set[0m
[32;1m        PASS[0m [   0.094s] [35;1mapollo-router[0m [36mplugins::coprocessor::test::tests[0m[36m::[0m[34;1mexternal_plugin_subgraph_response_validation_disabled_empty[0m
[32;1m        PASS[0m [   0.084s] [35;1mapollo-router[0m [36mplugins::coprocessor::test::tests[0m[36m::[0m[34;1mexternal_plugin_subgraph_response_validation_disabled_invalid[0m
[32;1m        PASS[0m [   0.078s] [35;1mapollo-router[0m [36mplugins::coprocessor::test::tests[0m[36m::[0m[34;1mexternal_plugin_subgraph_response_validation_disabled_valid[0m
[32;1m        PASS[0m [   0.078s] [35;1mapollo-router[0m [36mplugins::coprocessor::test::tests[0m[36m::[0m[34;1mexternal_plugin_subgraph_response_validation_enabled_invalid[0m
[32;1m        PASS[0m [   0.097s] [35;1mapollo-router[0m [36mplugins::coprocessor::test::tests[0m[36m::[0m[34;1mexternal_plugin_subgraph_response_validation_enabled_empty[0m
[32;1m        PASS[0m [   0.082s] [35;1mapollo-router[0m [36mplugins::coprocessor::test::tests[0m[36m::[0m[34;1mexternal_plugin_subgraph_response_with_condition[0m
[32;1m        PASS[0m [   0.089s] [35;1mapollo-router[0m [36mplugins::coprocessor::test::tests[0m[36m::[0m[34;1mexternal_plugin_subgraph_response_validation_enabled_valid[0m
[32;1m        PASS[0m [   0.088s] [35;1mapollo-router[0m [36mplugins::coprocessor::test::tests[0m[36m::[0m[34;1mexternal_plugin_subgraph_response_with_deprecated_context[0m
[32;1m        PASS[0m [   0.085s] [35;1mapollo-router[0m [36mplugins::coprocessor::test::tests[0m[36m::[0m[34;1mexternal_plugin_subgraph_response_with_null_data[0m
[32;1m        PASS[0m [   0.083s] [35;1mapollo-router[0m [36mplugins::coprocessor::test::tests[0m[36m::[0m[34;1mexternal_plugin_subgraph_response_with_selective_context[0m
[32;1m        PASS[0m [   0.026s] [35;1mapollo-router[0m [36mplugins::coprocessor::test::tests[0m[36m::[0m[34;1mit_externalizes_headers[0m
[32;1m        PASS[0m [   0.033s] [35;1mapollo-router[0m [36mplugins::coprocessor::test::tests[0m[36m::[0m[34;1mit_internalizes_headers[0m
[32;1m        PASS[0m [   0.079s] [35;1mapollo-router[0m [36mplugins::coprocessor::test::tests[0m[36m::[0m[34;1mexternal_plugin_supergraph_response_with_deprecated_context[0m
[32;1m        PASS[0m [   0.024s] [35;1mapollo-router[0m [36mplugins::coprocessor::test::tests[0m[36m::[0m[34;1mtest_conditional_validation_logic[0m
[32;1m        PASS[0m [   0.023s] [35;1mapollo-router[0m [36mplugins::coprocessor::test::tests[0m[36m::[0m[34;1mtest_handle_graphql_response_validation_disabled[0m
[32;1m        PASS[0m [   1.282s] [35;1mapollo-router[0m [36mplugins::connectors::tests[0m[36m::[0m[34;1mtest_tracing_connect_span[0m
[32;1m        PASS[0m [   0.078s] [35;1mapollo-router[0m [36mplugins::coprocessor::test::tests[0m[36m::[0m[34;1mexternal_plugin_supergraph_response_with_selective_context[0m
[32;1m        PASS[0m [   0.037s] [35;1mapollo-router[0m [36mplugins::coprocessor::test::tests[0m[36m::[0m[34;1mtest_handle_graphql_response_validation_disabled_empty_response[0m
[32;1m        PASS[0m [   0.033s] [35;1mapollo-router[0m [36mplugins::coprocessor::test::tests[0m[36m::[0m[34;1mtest_handle_graphql_response_validation_enabled[0m
[32;1m        PASS[0m [   1.139s] [35;1mapollo-router[0m [36mplugins::connectors::tests::variables[0m[36m::[0m[34;1mtest_env_var[0m
[32;1m        PASS[0m [   0.141s] [35;1mapollo-router[0m [36mplugins::coprocessor::test::tests[0m[36m::[0m[34;1mexternal_plugin_supergraph_response[0m
[32;1m        PASS[0m [   0.040s] [35;1mapollo-router[0m [36mplugins::coprocessor::test::tests[0m[36m::[0m[34;1mtest_handle_graphql_response_validation_enabled_empty_response[0m
[32;1m        PASS[0m [   0.033s] [35;1mapollo-router[0m [36mplugins::coprocessor::test::tests[0m[36m::[0m[34;1mtest_minimal_graphql_validation[0m
[32;1m        PASS[0m [   1.319s] [35;1mapollo-router[0m [36mplugins::connectors::tests[0m[36m::[0m[34;1mtest_sources_in_context[0m
[32;1m        PASS[0m [   0.029s] [35;1mapollo-router[0m [36mplugins::coprocessor::test::tests[0m[36m::[0m[34;1mtest_was_incoming_payload_valid[0m
[32;1m        PASS[0m [   0.041s] [35;1mapollo-router[0m [36mplugins::cors::tests[0m[36m::[0m[34;1mpna_with_access_name[0m
[32;1m        PASS[0m [   0.033s] [35;1mapollo-router[0m [36mplugins::cors::tests[0m[36m::[0m[34;1mpna_without_other_headers[0m
[32;1m        PASS[0m [   0.037s] [35;1mapollo-router[0m [36mplugins::cors::tests[0m[36m::[0m[34;1mpna_with_access_name_and_id[0m
[32;1m        PASS[0m [   0.036s] [35;1mapollo-router[0m [36mplugins::cors::tests[0m[36m::[0m[34;1mtest_allow_any_origin[0m
[32;1m        PASS[0m [   0.027s] [35;1mapollo-router[0m [36mplugins::cors::tests[0m[36m::[0m[34;1mtest_allow_any_origin_nocors[0m
[32;1m        PASS[0m [   0.032s] [35;1mapollo-router[0m [36mplugins::cors::tests[0m[36m::[0m[34;1mtest_allow_any_origin_nocors_preflight[0m
[32;1m        PASS[0m [   0.030s] [35;1mapollo-router[0m [36mplugins::cors::tests[0m[36m::[0m[34;1mtest_allow_any_origin_preflight[0m
[32;1m        PASS[0m [   0.026s] [35;1mapollo-router[0m [36mplugins::cors::tests[0m[36m::[0m[34;1mtest_bad_allow_headers_cors_configuration[0m
[32;1m        PASS[0m [   0.029s] [35;1mapollo-router[0m [36mplugins::cors::tests[0m[36m::[0m[34;1mtest_bad_origins_cors_configuration[0m
[32;1m        PASS[0m [   0.033s] [35;1mapollo-router[0m [36mplugins::cors::tests[0m[36m::[0m[34;1mtest_bad_allow_methods_cors_configuration[0m
[32;1m        PASS[0m [   0.024s] [35;1mapollo-router[0m [36mplugins::cors::tests[0m[36m::[0m[34;1mtest_cors_methods_comma_separated_format[0m
[32;1m        PASS[0m [   0.037s] [35;1mapollo-router[0m [36mplugins::cors::tests[0m[36m::[0m[34;1mtest_cors_headers_comma_separated_format[0m
[32;1m        PASS[0m [   1.340s] [35;1mapollo-router[0m [36mplugins::connectors::tests::url_properties[0m[36m::[0m[34;1murl_properties[0m
[32;1m        PASS[0m [   0.028s] [35;1mapollo-router[0m [36mplugins::cors::tests[0m[36m::[0m[34;1mtest_expose_headers_non_preflight_not_set[0m
[32;1m        PASS[0m [   0.031s] [35;1mapollo-router[0m [36mplugins::cors::tests[0m[36m::[0m[34;1mtest_expose_headers_non_preflight_set[0m
[32;1m        PASS[0m [   0.027s] [35;1mapollo-router[0m [36mplugins::cors::tests[0m[36m::[0m[34;1mtest_good_cors_configuration[0m
[32;1m        PASS[0m [   0.028s] [35;1mapollo-router[0m [36mplugins::cors::tests[0m[36m::[0m[34;1mtest_no_mirror_request_headers_non_preflight[0m
[32;1m        PASS[0m [   0.024s] [35;1mapollo-router[0m [36mplugins::cors::tests[0m[36m::[0m[34;1mtest_non_preflight_cors_headers[0m
[32;1m        PASS[0m [   0.032s] [35;1mapollo-router[0m [36mplugins::cors::tests[0m[36m::[0m[34;1mtest_mirror_request_headers_preflight[0m
[32;1m        PASS[0m [   0.022s] [35;1mapollo-router[0m [36mplugins::cors::tests[0m[36m::[0m[34;1mtest_null_origin_allowed_with_allow_any_origin[0m
[32;1m        PASS[0m [   0.032s] [35;1mapollo-router[0m [36mplugins::cors::tests[0m[36m::[0m[34;1mtest_null_origin_preflight_allowed_with_allow_any_origin[0m
[32;1m        PASS[0m [   0.029s] [35;1mapollo-router[0m [36mplugins::cors::tests[0m[36m::[0m[34;1mtest_null_origin_preflight_request_rejected[0m
[32;1m        PASS[0m [   1.549s] [35;1mapollo-router[0m [36mplugins::connectors::tests[0m[36m::[0m[34;1mtest_root_field_plus_entity[0m
[32;1m        PASS[0m [   0.026s] [35;1mapollo-router[0m [36mplugins::cors::tests[0m[36m::[0m[34;1mtest_null_origin_rejected_with_catch_all_regex[0m
[32;1m        PASS[0m [   0.032s] [35;1mapollo-router[0m [36mplugins::cors::tests[0m[36m::[0m[34;1mtest_policy_empty_methods_runtime[0m
[32;1m        PASS[0m [   0.036s] [35;1mapollo-router[0m [36mplugins::cors::tests[0m[36m::[0m[34;1mtest_null_origin_rejected_with_specific_regex[0m
[32;1m        PASS[0m [   0.028s] [35;1mapollo-router[0m [36mplugins::cors::tests[0m[36m::[0m[34;1mtest_policy_methods_fallback_to_global[0m
[32;1m        PASS[0m [   0.025s] [35;1mapollo-router[0m [36mplugins::cors::tests[0m[36m::[0m[34;1mtest_policy_specific_methods_runtime[0m
[32;1m        PASS[0m [   0.036s] [35;1mapollo-router[0m [36mplugins::cors::tests[0m[36m::[0m[34;1mtest_regular_origins_still_work_with_null_guard[0m
[32;1m        PASS[0m [   0.033s] [35;1mapollo-router[0m [36mplugins::cors::tests[0m[36m::[0m[34;1mtest_vary_header_no_duplicates[0m
[32;1m        PASS[0m [   0.028s] [35;1mapollo-router[0m [36mplugins::cors::tests[0m[36m::[0m[34;1mtest_vary_header_no_duplicates_case_insensitive[0m
[32;1m        PASS[0m [   0.025s] [35;1mapollo-router[0m [36mplugins::cors::tests[0m[36m::[0m[34;1mtest_vary_header_non_preflight_only_origin[0m
[32;1m        PASS[0m [   0.031s] [35;1mapollo-router[0m [36mplugins::cors::tests[0m[36m::[0m[34;1mtest_vary_header_preflight_only_cors_headers[0m
[32;1m        PASS[0m [   0.034s] [35;1mapollo-router[0m [36mplugins::cors::tests[0m[36m::[0m[34;1mtest_vary_header_preflight_includes_request_headers[0m
[32;1m        PASS[0m [   0.027s] [35;1mapollo-router[0m [36mplugins::cors::tests[0m[36m::[0m[34;1mtest_vary_header_preserves_complex_existing_values_non_preflight[0m
[32;1m        PASS[0m [   0.024s] [35;1mapollo-router[0m [36mplugins::cors::tests[0m[36m::[0m[34;1mtest_vary_header_preserves_existing_values[0m
[32;1m        PASS[0m [   0.038s] [35;1mapollo-router[0m [36mplugins::cors::tests[0m[36m::[0m[34;1mtest_vary_header_set_for_cors_requests[0m
[32;1m        PASS[0m [   1.442s] [35;1mapollo-router[0m [36mplugins::connectors::tests[0m[36m::[0m[34;1mvalue_from_config[0m
[32;1m        PASS[0m [   0.030s] [35;1mapollo-router[0m [36mplugins::csrf::csrf_tests[0m[36m::[0m[34;1mplugin_registered[0m
[32;1m        PASS[0m [   1.757s] [35;1mapollo-router[0m [36mplugins::connectors::tests[0m[36m::[0m[34;1mtest_interface_object[0m
[32;1m        PASS[0m [   1.534s] [35;1mapollo-router[0m [36mplugins::connectors::tests[0m[36m::[0m[34;1mtest_variables[0m
[32;1m        PASS[0m [   1.150s] [35;1mapollo-router[0m [36mplugins::coprocessor::test::tests[0m[36m::[0m[34;1mexternal_plugin_router_request[0m
[32;1m        PASS[0m [   1.126s] [35;1mapollo-router[0m [36mplugins::coprocessor::test::tests[0m[36m::[0m[34;1mexternal_plugin_router_request_validation_disabled_empty[0m
[32;1m        PASS[0m [   1.122s] [35;1mapollo-router[0m [36mplugins::coprocessor::test::tests[0m[36m::[0m[34;1mexternal_plugin_router_request_validation_enabled_empty[0m
[32;1m        PASS[0m [   1.149s] [35;1mapollo-router[0m [36mplugins::coprocessor::test::tests[0m[36m::[0m[34;1mexternal_plugin_router_request_http_get[0m
[32;1m        PASS[0m [   0.536s] [35;1mapollo-router[0m [36mplugins::coprocessor::test::tests[0m[36m::[0m[34;1mfails_without_global_url[0m
[32;1m        PASS[0m [   1.853s] [35;1mapollo-router[0m [36mplugins::connectors::tests[0m[36m::[0m[34;1mtest_root_field_plus_entity_plus_requires[0m
[32;1m        PASS[0m [   1.147s] [35;1mapollo-router[0m [36mplugins::coprocessor::test::tests[0m[36m::[0m[34;1mexternal_plugin_router_response_validation_disabled_empty[0m
[32;1m        PASS[0m [   1.167s] [35;1mapollo-router[0m [36mplugins::coprocessor::test::tests[0m[36m::[0m[34;1mexternal_plugin_router_request_with_selective_context[0m
[32;1m        PASS[0m [   0.041s] [35;1mapollo-router[0m [36mplugins::demand_control::cost_calculator::static_cost::tests[0m[36m::[0m[34;1minclude_directive_excludes_cost[0m
[32;1m        PASS[0m [   0.544s] [35;1mapollo-router[0m [36mplugins::coprocessor::test::tests[0m[36m::[0m[34;1munknown_fields_are_denied[0m
[32;1m        PASS[0m [   1.171s] [35;1mapollo-router[0m [36mplugins::coprocessor::test::tests[0m[36m::[0m[34;1mexternal_plugin_router_response_validation_enabled_empty[0m
[32;1m        PASS[0m [   1.163s] [35;1mapollo-router[0m [36mplugins::coprocessor::test::tests[0m[36m::[0m[34;1mexternal_plugin_router_response_validation_enabled_invalid[0m
[32;1m        PASS[0m [   1.246s] [35;1mapollo-router[0m [36mplugins::coprocessor::test::tests[0m[36m::[0m[34;1mexternal_plugin_router_request_with_condition[0m
[32;1m        PASS[0m [   1.228s] [35;1mapollo-router[0m [36mplugins::coprocessor::test::tests[0m[36m::[0m[34;1mexternal_plugin_router_response_validation_disabled_invalid[0m
[32;1m        PASS[0m [   1.212s] [35;1mapollo-router[0m [36mplugins::coprocessor::test::tests[0m[36m::[0m[34;1mexternal_plugin_router_response_validation_disabled_valid[0m
[32;1m        PASS[0m [   0.050s] [35;1mapollo-router[0m [36mplugins::demand_control::cost_calculator::static_cost::tests[0m[36m::[0m[34;1minput_object_cost[0m
[32;1m        PASS[0m [   0.047s] [35;1mapollo-router[0m [36mplugins::demand_control::cost_calculator::static_cost::tests[0m[36m::[0m[34;1minterface_cost[0m
[32;1m        PASS[0m [   0.052s] [35;1mapollo-router[0m [36mplugins::demand_control::cost_calculator::static_cost::tests[0m[36m::[0m[34;1minput_object_cost_with_returned_objects[0m
[32;1m        PASS[0m [   0.051s] [35;1mapollo-router[0m [36mplugins::demand_control::cost_calculator::static_cost::tests[0m[36m::[0m[34;1mlist_cost[0m
[32;1m        PASS[0m [   1.277s] [35;1mapollo-router[0m [36mplugins::coprocessor::test::tests[0m[36m::[0m[34;1mexternal_plugin_router_response_validation_disabled_custom[0m
[32;1m        PASS[0m [   1.281s] [35;1mapollo-router[0m [36mplugins::coprocessor::test::tests[0m[36m::[0m[34;1mexternal_plugin_router_response[0m
[32;1m        PASS[0m [   0.059s] [35;1mapollo-router[0m [36mplugins::demand_control::cost_calculator::static_cost::tests[0m[36m::[0m[34;1mmutation_cost[0m
[32;1m        PASS[0m [   0.047s] [35;1mapollo-router[0m [36mplugins::demand_control::cost_calculator::static_cost::tests[0m[36m::[0m[34;1mnested_object_lists[0m
[32;1m        PASS[0m [   0.047s] [35;1mapollo-router[0m [36mplugins::demand_control::cost_calculator::static_cost::tests[0m[36m::[0m[34;1mquery_cost[0m
[32;1m        PASS[0m [   0.053s] [35;1mapollo-router[0m [36mplugins::demand_control::cost_calculator::static_cost::tests[0m[36m::[0m[34;1mobject_cost[0m
[32;1m        PASS[0m [   0.059s] [35;1mapollo-router[0m [36mplugins::demand_control::cost_calculator::static_cost::tests[0m[36m::[0m[34;1mscalar_list_cost[0m
[32;1m        PASS[0m [   0.043s] [35;1mapollo-router[0m [36mplugins::demand_control::cost_calculator::static_cost::tests[0m[36m::[0m[34;1munion_cost[0m
[32;1m        PASS[0m [   0.053s] [35;1mapollo-router[0m [36mplugins::demand_control::cost_calculator::static_cost::tests[0m[36m::[0m[34;1mskip_directive_excludes_cost[0m
[32;1m        PASS[0m [   1.165s] [35;1mapollo-router[0m [36mplugins::coprocessor::test::tests[0m[36m::[0m[34;1mexternal_plugin_router_response_validation_enabled_valid[0m
[32;1m        PASS[0m [   0.533s] [35;1mapollo-router[0m [36mplugins::csrf::csrf_tests[0m[36m::[0m[34;1mit_accepts_non_preflighted_headers_request_when_plugin_is_disabled[0m
[32;1m        PASS[0m [   0.539s] [35;1mapollo-router[0m [36mplugins::csrf::csrf_tests[0m[36m::[0m[34;1mit_rejects_preflighted_multipart_form_data[0m
[32;1m        PASS[0m [   0.573s] [35;1mapollo-router[0m [36mplugins::csrf::csrf_tests[0m[36m::[0m[34;1mit_accepts_non_preflighted_headers_request_when_required_headers_are_present[0m
[32;1m        PASS[0m [   0.051s] [35;1mapollo-router[0m [36mplugins::diagnostics::archive_utils::tests[0m[36m::[0m[34;1mtest_add_text_file[0m
[32;1m        PASS[0m [   0.033s] [35;1mapollo-router[0m [36mplugins::diagnostics::constants::tests[0m[36m::[0m[34;1mtest_all_resource_paths_are_unique[0m
[32;1m        PASS[0m [   0.582s] [35;1mapollo-router[0m [36mplugins::csrf::csrf_tests[0m[36m::[0m[34;1mit_rejects_non_preflighted_content_type_request[0m
[32;1m        PASS[0m [   0.585s] [35;1mapollo-router[0m [36mplugins::csrf::csrf_tests[0m[36m::[0m[34;1mit_lets_preflighted_request_pass_through[0m
[32;1m        PASS[0m [   0.035s] [35;1mapollo-router[0m [36mplugins::diagnostics::constants::tests[0m[36m::[0m[34;1mtest_default_listen_addr_is_localhost[0m
[32;1m        PASS[0m [   0.603s] [35;1mapollo-router[0m [36mplugins::csrf::csrf_tests[0m[36m::[0m[34;1mit_rejects_non_preflighted_headers_request[0m
[32;1m        PASS[0m [   0.023s] [35;1mapollo-router[0m [36mplugins::diagnostics::export::tests[0m[36m::[0m[34;1mtest_create_main_manifest[0m
[32;1m        PASS[0m [   0.024s] [35;1mapollo-router[0m [36mplugins::diagnostics::export::tests[0m[36m::[0m[34;1mtest_export_service_creation[0m
[32;1m        PASS[0m [   0.618s] [35;1mapollo-router[0m [36mplugins::demand_control::cost_calculator::static_cost::tests[0m[36m::[0m[34;1marbitrary_json_as_custom_scalar_in_variables[0m
[32;1m        PASS[0m [   0.663s] [35;1mapollo-router[0m [36mplugins::csrf::csrf_tests[0m[36m::[0m[34;1mit_rejects_non_preflighted_headers_request_when_required_headers_are_not_present[0m
[32;1m        PASS[0m [   0.649s] [35;1mapollo-router[0m [36mplugins::demand_control::cost_calculator::static_cost::tests[0m[36m::[0m[34;1mfederated_query_with_adjustable_list_cost[0m
[32;1m        PASS[0m [   0.665s] [35;1mapollo-router[0m [36mplugins::demand_control::cost_calculator::static_cost::tests[0m[36m::[0m[34;1mfederated_query_with_name[0m
[32;1m        PASS[0m [   1.205s] [35;1mapollo-router[0m [36mplugins::coprocessor::test::tests[0m[36m::[0m[34;1mload_plugin[0m
[32;1m        PASS[0m [   1.003s] [35;1mapollo-router[0m [36mplugins::demand_control::cost_calculator::static_cost::tests[0m[36m::[0m[34;1mcustom_cost_query_with_renamed_directives[0m
[32;1m        PASS[0m [   0.739s] [35;1mapollo-router[0m [36mplugins::demand_control::cost_calculator::static_cost::tests[0m[36m::[0m[34;1mfederated_query_with_typenames[0m
[32;1m        PASS[0m [   1.027s] [35;1mapollo-router[0m [36mplugins::demand_control::cost_calculator::static_cost::tests[0m[36m::[0m[34;1mcustom_cost_query_with_default_slicing_argument[0m
[32;1m        PASS[0m [   1.070s] [35;1mapollo-router[0m [36mplugins::demand_control::cost_calculator::static_cost::tests[0m[36m::[0m[34;1mcustom_cost_query[0m
[32;1m        PASS[0m [   0.654s] [35;1mapollo-router[0m [36mplugins::demand_control::test[0m[36m::[0m[34;1mtest_enforce_on_execution_request[0m
[32;1m        PASS[0m [   0.655s] [35;1mapollo-router[0m [36mplugins::demand_control::test[0m[36m::[0m[34;1mtest_enforce_on_subgraph_request[0m
[32;1m        PASS[0m [   0.668s] [35;1mapollo-router[0m [36mplugins::demand_control::test[0m[36m::[0m[34;1mtest_enforce_on_execution_response[0m
[32;1m        PASS[0m [   0.073s] [35;1mapollo-router[0m [36mplugins::diagnostics::html_generator::tests[0m[36m::[0m[34;1mtest_generate_complete_html_report_with_mock_data[0m
[32;1m        PASS[0m [   0.029s] [35;1mapollo-router[0m [36mplugins::diagnostics::html_generator::tests[0m[36m::[0m[34;1mtest_html_generator_creation[0m
[32;1m        PASS[0m [   1.098s] [35;1mapollo-router[0m [36mplugins::demand_control::cost_calculator::static_cost::tests[0m[36m::[0m[34;1mcustom_cost_query_with_variable_slicing_argument[0m
[32;1m        PASS[0m [   0.055s] [35;1mapollo-router[0m [36mplugins::diagnostics::html_generator::tests[0m[36m::[0m[34;1mtest_generate_report_basic[0m
[32;1m        PASS[0m [   0.026s] [35;1mapollo-router[0m [36mplugins::diagnostics::html_generator::tests[0m[36m::[0m[34;1mtest_process_empty_memory_directory[0m
[32;1m        PASS[0m [   0.029s] [35;1mapollo-router[0m [36mplugins::diagnostics::memory::tests[0m[36m::[0m[34;1mtest_add_to_archive_empty_directory[0m
[32;1m        PASS[0m [   0.661s] [35;1mapollo-router[0m [36mplugins::demand_control::test[0m[36m::[0m[34;1mtest_measure_on_subgraph_response[0m
[32;1m        PASS[0m [   0.029s] [35;1mapollo-router[0m [36mplugins::diagnostics::memory::tests[0m[36m::[0m[34;1mtest_add_to_archive_with_files[0m
[32;1m        PASS[0m [   0.700s] [35;1mapollo-router[0m [36mplugins::demand_control::test[0m[36m::[0m[34;1mtest_enforce_on_subgraph_response[0m
[32;1m        PASS[0m [   0.029s] [35;1mapollo-router[0m [36mplugins::diagnostics::memory::tests[0m[36m::[0m[34;1mtest_handle_start[0m
[32;1m        PASS[0m [   0.665s] [35;1mapollo-router[0m [36mplugins::demand_control::test[0m[36m::[0m[34;1mtest_operation_metrics[0m
[32;1m        PASS[0m [   0.680s] [35;1mapollo-router[0m [36mplugins::demand_control::test[0m[36m::[0m[34;1mtest_measure_on_subgraph_request[0m
[32;1m        PASS[0m [   0.865s] [35;1mapollo-router[0m [36mplugins::demand_control::cost_calculator::static_cost::tests[0m[36m::[0m[34;1mfragments_cost[0m
[32;1m        PASS[0m [   0.037s] [35;1mapollo-router[0m [36mplugins::diagnostics::memory::tests[0m[36m::[0m[34;1mtest_handle_status[0m
[32;1m        PASS[0m [   0.030s] [35;1mapollo-router[0m [36mplugins::diagnostics::memory::tests[0m[36m::[0m[34;1mtest_memory_service_clone[0m
[32;1m        PASS[0m [   0.696s] [35;1mapollo-router[0m [36mplugins::demand_control::test[0m[36m::[0m[34;1mtest_measure_on_execution_response[0m
[32;1m        PASS[0m [   0.033s] [35;1mapollo-router[0m [36mplugins::diagnostics::memory::tests[0m[36m::[0m[34;1mtest_handle_stop[0m
[32;1m        PASS[0m [   0.025s] [35;1mapollo-router[0m [36mplugins::diagnostics::memory::tests[0m[36m::[0m[34;1mtest_path_handling[0m
[32;1m        PASS[0m [   0.038s] [35;1mapollo-router[0m [36mplugins::diagnostics::response_builder::tests[0m[36m::[0m[34;1mtest_binary_response_body_content[0m
[32;1m        PASS[0m [   0.033s] [35;1mapollo-router[0m [36mplugins::diagnostics::response_builder::tests[0m[36m::[0m[34;1mtest_binary_response_empty_data[0m
[32;1m        PASS[0m [   0.029s] [35;1mapollo-router[0m [36mplugins::diagnostics::response_builder::tests[0m[36m::[0m[34;1mtest_binary_response_with_filename[0m
[32;1m        PASS[0m [   0.025s] [35;1mapollo-router[0m [36mplugins::diagnostics::response_builder::tests[0m[36m::[0m[34;1mtest_binary_response_without_filename[0m
[32;1m        PASS[0m [   0.022s] [35;1mapollo-router[0m [36mplugins::diagnostics::response_builder::tests[0m[36m::[0m[34;1mtest_json_response_body_content[0m
[32;1m        PASS[0m [   0.028s] [35;1mapollo-router[0m [36mplugins::diagnostics::security::tests[0m[36m::[0m[34;1mtest_security_error_types[0m
[32;1m        PASS[0m [   0.030s] [35;1mapollo-router[0m [36mplugins::diagnostics::response_builder::tests[0m[36m::[0m[34;1mtest_json_response_ok_status[0m
[32;1m        PASS[0m [   0.025s] [35;1mapollo-router[0m [36mplugins::diagnostics::security::tests[0m[36m::[0m[34;1mtest_validate_file_exists_and_is_file[0m
[32;1m        PASS[0m [   0.022s] [35;1mapollo-router[0m [36mplugins::diagnostics::security::tests[0m[36m::[0m[34;1mtest_validate_file_extension[0m
[32;1m        PASS[0m [   0.019s] [35;1mapollo-router[0m [36mplugins::diagnostics::security::tests[0m[36m::[0m[34;1mtest_validate_filename_path_traversal[0m
[32;1m        PASS[0m [   0.029s] [35;1mapollo-router[0m [36mplugins::diagnostics::security::tests[0m[36m::[0m[34;1mtest_validate_filename_safe[0m
[32;1m        PASS[0m [   0.025s] [35;1mapollo-router[0m [36mplugins::diagnostics::security::tests[0m[36m::[0m[34;1mtest_validate_memory_dump_filename[0m
[32;1m        PASS[0m [   0.023s] [35;1mapollo-router[0m [36mplugins::diagnostics::service::tests[0m[36m::[0m[34;1mtest_dashboard_endpoint_returns_html[0m
[32;1m        PASS[0m [   0.968s] [35;1mapollo-router[0m [36mplugins::demand_control::cost_calculator::static_cost::tests[0m[36m::[0m[34;1mfederated_query_with_fragments[0m
[32;1m        PASS[0m [   0.026s] [35;1mapollo-router[0m [36mplugins::diagnostics::service::tests[0m[36m::[0m[34;1mtest_fallback_returns_404_for_unknown_resources[0m
[32;1m        PASS[0m [   0.754s] [35;1mapollo-router[0m [36mplugins::demand_control::test[0m[36m::[0m[34;1mtest_measure_on_execution_request[0m
[32;1m        PASS[0m [   0.024s] [35;1mapollo-router[0m [36mplugins::diagnostics::service::tests[0m[36m::[0m[34;1mtest_fallback_serves_css_resources[0m
[32;1m        PASS[0m [   0.033s] [35;1mapollo-router[0m [36mplugins::diagnostics::service::tests[0m[36m::[0m[34;1mtest_fallback_serves_javascript_resources[0m
[32;1m        PASS[0m [   0.987s] [35;1mapollo-router[0m [36mplugins::demand_control::cost_calculator::static_cost::tests[0m[36m::[0m[34;1mfederated_query_with_defer[0m
[32;1m        PASS[0m [   0.031s] [35;1mapollo-router[0m [36mplugins::diagnostics::service::tests[0m[36m::[0m[34;1mtest_invalid_route_returns_404[0m
[32;1m        PASS[0m [   0.026s] [35;1mapollo-router[0m [36mplugins::diagnostics::service::tests[0m[36m::[0m[34;1mtest_memory_clear_dumps_endpoint[0m
[32;1m        PASS[0m [   0.024s] [35;1mapollo-router[0m [36mplugins::diagnostics::service::tests[0m[36m::[0m[34;1mtest_memory_delete_dump_invalid_filename[0m
[32;1m        PASS[0m [   0.034s] [35;1mapollo-router[0m [36mplugins::diagnostics::service::tests[0m[36m::[0m[34;1mtest_memory_download_dump_not_found[0m
[32;1m        PASS[0m [   0.036s] [35;1mapollo-router[0m [36mplugins::diagnostics::service::tests[0m[36m::[0m[34;1mtest_memory_download_dump_invalid_filename[0m
[32;1m        PASS[0m [   0.029s] [35;1mapollo-router[0m [36mplugins::diagnostics::service::tests[0m[36m::[0m[34;1mtest_memory_list_dumps_endpoint[0m
[32;1m        PASS[0m [   0.988s] [35;1mapollo-router[0m [36mplugins::demand_control::cost_calculator::static_cost::tests[0m[36m::[0m[34;1mfederated_query_with_inline_fragments[0m
[32;1m        PASS[0m [   0.026s] [35;1mapollo-router[0m [36mplugins::diagnostics::service::tests[0m[36m::[0m[34;1mtest_memory_start_endpoint[0m
[32;1m        PASS[0m [   0.039s] [35;1mapollo-router[0m [36mplugins::diagnostics::service::tests[0m[36m::[0m[34;1mtest_memory_status_endpoint_returns_json[0m
[32;1m        PASS[0m [   0.032s] [35;1mapollo-router[0m [36mplugins::diagnostics::service::tests[0m[36m::[0m[34;1mtest_not_found_response[0m
[32;1m        PASS[0m [   0.029s] [35;1mapollo-router[0m [36mplugins::diagnostics::service::tests[0m[36m::[0m[34;1mtest_result_to_response_error[0m
[32;1m        PASS[0m [   0.037s] [35;1mapollo-router[0m [36mplugins::diagnostics::service::tests[0m[36m::[0m[34;1mtest_memory_stop_endpoint[0m
[32;1m        PASS[0m [   0.026s] [35;1mapollo-router[0m [36mplugins::diagnostics::service::tests[0m[36m::[0m[34;1mtest_result_to_response_success[0m
[32;1m        PASS[0m [   0.043s] [35;1mapollo-router[0m [36mplugins::diagnostics::service::tests[0m[36m::[0m[34;1mtest_router_config_endpoint[0m
[32;1m        PASS[0m [   0.040s] [35;1mapollo-router[0m [36mplugins::diagnostics::service::tests[0m[36m::[0m[34;1mtest_router_with_empty_config[0m
[32;1m        PASS[0m [   0.036s] [35;1mapollo-router[0m [36mplugins::diagnostics::service::tests[0m[36m::[0m[34;1mtest_supergraph_schema_endpoint[0m
[32;1m        PASS[0m [   1.007s] [35;1mapollo-router[0m [36mplugins::demand_control::cost_calculator::static_cost::tests[0m[36m::[0m[34;1mfederated_query_with_requires[0m
[32;1m        PASS[0m [   0.031s] [35;1mapollo-router[0m [36mplugins::diagnostics::service::tests[0m[36m::[0m[34;1mtest_wrong_http_method_on_get_endpoint[0m
[32;1m        PASS[0m [   0.028s] [35;1mapollo-router[0m [36mplugins::diagnostics::service::tests[0m[36m::[0m[34;1mtest_wrong_http_method_on_post_endpoint[0m
[32;1m        PASS[0m [   0.025s] [35;1mapollo-router[0m [36mplugins::diagnostics::static_resources::tests[0m[36m::[0m[34;1mtest_all_resource_paths_defined[0m
[32;1m        PASS[0m [   0.880s] [35;1mapollo-router[0m [36mplugins::demand_control::cost_calculator::static_cost::tests[0m[36m::[0m[34;1msubscription_request[0m
[32;1m        PASS[0m [   0.040s] [35;1mapollo-router[0m [36mplugins::diagnostics::static_resources::tests[0m[36m::[0m[34;1mtest_get_invalid_resource[0m
[32;1m        PASS[0m [   0.037s] [35;1mapollo-router[0m [36mplugins::diagnostics::static_resources::tests[0m[36m::[0m[34;1mtest_get_valid_css_resource[0m
[32;1m        PASS[0m [   0.033s] [35;1mapollo-router[0m [36mplugins::diagnostics::static_resources::tests[0m[36m::[0m[34;1mtest_get_valid_js_resource[0m
[32;1m        PASS[0m [   0.027s] [35;1mapollo-router[0m [36mplugins::diagnostics::static_resources::tests[0m[36m::[0m[34;1mtest_static_resource_handler_creation[0m
[32;1m        PASS[0m [   0.025s] [35;1mapollo-router[0m [36mplugins::diagnostics::tests[0m[36m::[0m[34;1mtest_diagnostics[0m
[32;1m        PASS[0m [   0.026s] [35;1mapollo-router[0m [36mplugins::diagnostics::tests[0m[36m::[0m[34;1mtest_diagnostics_disabled[0m
[32;1m        PASS[0m [   0.034s] [35;1mapollo-router[0m [36mplugins::enhanced_client_awareness::tests[0m[36m::[0m[34;1mgiven_client_library_metadata_adds_values_to_context[0m
[32;1m        PASS[0m [   0.029s] [35;1mapollo-router[0m [36mplugins::enhanced_client_awareness::tests[0m[36m::[0m[34;1mwithout_client_library_metadata_does_not_add_values_to_context[0m
[32;1m        PASS[0m [   1.757s] [35;1mapollo-router[0m [36mplugins::coprocessor::test::tests[0m[36m::[0m[34;1msucceeds_with_stage_specific_url[0m
[32;1m        PASS[0m [   0.020s] [35;1mapollo-router[0m [36mplugins::file_uploads[0m[36m::[0m[34;1mit_works_with_one_segment[0m
[32;1m        PASS[0m [   0.020s] [35;1mapollo-router[0m [36mplugins::file_uploads::rearrange_query_plan::tests[0m[36m::[0m[34;1mtest_conditional_node_overlapping_with_external_node[0m
[32;1m        PASS[0m [   0.020s] [35;1mapollo-router[0m [36mplugins::file_uploads::rearrange_query_plan::tests[0m[36m::[0m[34;1mtest_convert_parallel_to_sequence[0m
[32;1m        PASS[0m [   0.020s] [35;1mapollo-router[0m [36mplugins::file_uploads::rearrange_query_plan::tests[0m[36m::[0m[34;1mtest_defer_node_overlapping_with_external_node[0m
[32;1m        PASS[0m [   0.018s] [35;1mapollo-router[0m [36mplugins::file_uploads::rearrange_query_plan::tests[0m[36m::[0m[34;1mtest_embedded_sequence_into_parallel[0m
[32;1m        PASS[0m [   0.019s] [35;1mapollo-router[0m [36mplugins::file_uploads::rearrange_query_plan::tests[0m[36m::[0m[34;1mtest_file_inside_of_deffered[0m
[32;1m        PASS[0m [   0.019s] [35;1mapollo-router[0m [36mplugins::file_uploads::rearrange_query_plan::tests[0m[36m::[0m[34;1mtest_fix_order_in_parallel[0m
[32;1m        PASS[0m [   0.019s] [35;1mapollo-router[0m [36mplugins::file_uploads::rearrange_query_plan::tests[0m[36m::[0m[34;1mtest_flatten_node_overlapping_with_external_node[0m
[32;1m        PASS[0m [   0.019s] [35;1mapollo-router[0m [36mplugins::file_uploads::rearrange_query_plan::tests[0m[36m::[0m[34;1mtest_inner_error_within_conditional_node[0m
[32;1m        PASS[0m [   0.400s] [35;1mapollo-router[0m [36mplugins::diagnostics::tests[0m[36m::[0m[34;1mtest_diagnostics_endpoints_accessible[0m
[32;1m        PASS[0m [   0.019s] [35;1mapollo-router[0m [36mplugins::file_uploads::rearrange_query_plan::tests[0m[36m::[0m[34;1mtest_inner_error_within_defer_node[0m
[32;1m        PASS[0m [   0.019s] [35;1mapollo-router[0m [36mplugins::file_uploads::rearrange_query_plan::tests[0m[36m::[0m[34;1mtest_inner_error_within_flatten_node[0m
[32;1m        PASS[0m [   0.424s] [35;1mapollo-router[0m [36mplugins::diagnostics::tests[0m[36m::[0m[34;1mtest_diagnostics_enabled_creates_endpoint[0m
[32;1m        PASS[0m [   0.020s] [35;1mapollo-router[0m [36mplugins::file_uploads::rearrange_query_plan::tests[0m[36m::[0m[34;1mtest_keep_nodes_in_parallel[0m
[32;1m        PASS[0m [   0.018s] [35;1mapollo-router[0m [36mplugins::file_uploads::rearrange_query_plan::tests[0m[36m::[0m[34;1mtest_missordered_sequence[0m
[32;1m        PASS[0m [   0.018s] [35;1mapollo-router[0m [36mplugins::file_uploads::rearrange_query_plan::tests[0m[36m::[0m[34;1mtest_parallel_with_duplicated_variables[0m
[32;1m        PASS[0m [   0.019s] [35;1mapollo-router[0m [36mplugins::file_uploads::rearrange_query_plan::tests[0m[36m::[0m[34;1mtest_parallel_with_overlapping_fetch_nodes[0m
[32;1m        PASS[0m [   0.019s] [35;1mapollo-router[0m [36mplugins::file_uploads::rearrange_query_plan::tests[0m[36m::[0m[34;1mtest_parallel_with_overlapping_variables[0m
[32;1m        PASS[0m [   0.019s] [35;1mapollo-router[0m [36mplugins::file_uploads::rearrange_query_plan::tests[0m[36m::[0m[34;1mtest_sequence_with_duplicated_variables[0m
[32;1m        PASS[0m [   0.471s] [35;1mapollo-router[0m [36mplugins::diagnostics::tests[0m[36m::[0m[34;1mtest_diagnostics_disabled_by_default[0m
[32;1m        PASS[0m [   0.021s] [35;1mapollo-router[0m [36mplugins::file_uploads::rearrange_query_plan::tests[0m[36m::[0m[34;1mtest_sequence_with_overlapping_variables[0m
[32;1m        PASS[0m [   0.019s] [35;1mapollo-router[0m [36mplugins::file_uploads::rearrange_query_plan::tests[0m[36m::[0m[34;1mtest_valid_conditional_node[0m
[32;1m        PASS[0m [   0.019s] [35;1mapollo-router[0m [36mplugins::file_uploads::rearrange_query_plan::tests[0m[36m::[0m[34;1mtest_valid_defer_node[0m
[32;1m        PASS[0m [   0.018s] [35;1mapollo-router[0m [36mplugins::file_uploads::rearrange_query_plan::tests[0m[36m::[0m[34;1mtest_valid_file_inside_of_subscription_rest[0m
[32;1m        PASS[0m [   0.018s] [35;1mapollo-router[0m [36mplugins::file_uploads::rearrange_query_plan::tests[0m[36m::[0m[34;1mtest_valid_flatten_node[0m
[32;1m        PASS[0m [   0.019s] [35;1mapollo-router[0m [36mplugins::file_uploads::rearrange_query_plan::tests[0m[36m::[0m[34;1mtest_valid_sequence[0m
[32;1m        PASS[0m [   0.018s] [35;1mapollo-router[0m [36mplugins::file_uploads::rearrange_query_plan::tests[0m[36m::[0m[34;1mtest_valid_subscription_node[0m
[32;1m        PASS[0m [   0.016s] [35;1mapollo-router[0m [36mplugins::fleet_detector::tests[0m[36m::[0m[34;1mtest_detect_cgroup_version_1[0m
[32;1m        PASS[0m [   0.015s] [35;1mapollo-router[0m [36mplugins::fleet_detector::tests[0m[36m::[0m[34;1mtest_detect_cgroup_version_2[0m
[32;1m        PASS[0m [   0.016s] [35;1mapollo-router[0m [36mplugins::fleet_detector::tests[0m[36m::[0m[34;1mtest_detect_cgroup_version_none[0m
[32;1m        PASS[0m [   0.016s] [35;1mapollo-router[0m [36mplugins::fleet_detector::tests[0m[36m::[0m[34;1mtest_get_deployment_type_custom[0m
[32;1m        PASS[0m [   0.019s] [35;1mapollo-router[0m [36mplugins::fleet_detector::tests[0m[36m::[0m[34;1mtest_get_deployment_type_custom_empty[0m
[32;1m        PASS[0m [   0.052s] [35;1mapollo-router[0m [36mplugins::fleet_detector::tests[0m[36m::[0m[34;1mtest_enabled_http_client_service_full[0m
[32;1m        PASS[0m [   0.054s] [35;1mapollo-router[0m [36mplugins::fleet_detector::tests[0m[36m::[0m[34;1mtest_enabled_http_client_service_stream[0m
[32;1m        PASS[0m [   0.056s] [35;1mapollo-router[0m [36mplugins::fleet_detector::tests[0m[36m::[0m[34;1mtest_enabled_router_service[0m
[32;1m        PASS[0m [   0.017s] [35;1mapollo-router[0m [36mplugins::fleet_detector::tests[0m[36m::[0m[34;1mtest_get_deployment_type_default[0m
[32;1m        PASS[0m [   0.017s] [35;1mapollo-router[0m [36mplugins::fleet_detector::tests[0m[36m::[0m[34;1mtest_get_deployment_type_official_helm_chart[0m
[32;1m        PASS[0m [   0.016s] [35;1mapollo-router[0m [36mplugins::fleet_detector::tests[0m[36m::[0m[34;1mtest_get_deployment_type_priority[0m
[32;1m        PASS[0m [   0.017s] [35;1mapollo-router[0m [36mplugins::fleet_detector::tests[0m[36m::[0m[34;1mtest_get_deployment_type_valid_values[0m
[32;1m        PASS[0m [   0.025s] [35;1mapollo-router[0m [36mplugins::forbid_mutations::forbid_http_get_mutations_tests[0m[36m::[0m[34;1mconfiguration_set_to_false_lets_mutations_pass_through[0m
[32;1m        PASS[0m [   0.025s] [35;1mapollo-router[0m [36mplugins::forbid_mutations::forbid_http_get_mutations_tests[0m[36m::[0m[34;1mit_doesnt_let_mutations_pass_through[0m
[32;1m        PASS[0m [   0.025s] [35;1mapollo-router[0m [36mplugins::forbid_mutations::forbid_http_get_mutations_tests[0m[36m::[0m[34;1mit_lets_queries_pass_through[0m
[32;1m        PASS[0m [   0.022s] [35;1mapollo-router[0m [36mplugins::headers::test[0m[36m::[0m[34;1mtest_connect_propagate_exact_rename[0m
[32;1m        PASS[0m [   0.020s] [35;1mapollo-router[0m [36mplugins::headers::test[0m[36m::[0m[34;1mtest_connector_insert_from_context[0m
[32;1m        PASS[0m [   0.023s] [35;1mapollo-router[0m [36mplugins::headers::test[0m[36m::[0m[34;1mtest_connector_insert_from_request_body[0m
[32;1m        PASS[0m [   0.022s] [35;1mapollo-router[0m [36mplugins::headers::test[0m[36m::[0m[34;1mtest_connector_insert_from_request_body_with_old_access_json_notation[0m
[32;1m        PASS[0m [   0.023s] [35;1mapollo-router[0m [36mplugins::headers::test[0m[36m::[0m[34;1mtest_connector_insert_static[0m
[32;1m        PASS[0m [   0.022s] [35;1mapollo-router[0m [36mplugins::headers::test[0m[36m::[0m[34;1mtest_connector_propagate_exact[0m
[32;1m        PASS[0m [   0.024s] [35;1mapollo-router[0m [36mplugins::headers::test[0m[36m::[0m[34;1mtest_connector_propagate_exact_default[0m
[32;1m        PASS[0m [   0.024s] [35;1mapollo-router[0m [36mplugins::headers::test[0m[36m::[0m[34;1mtest_connector_propagate_matching[0m
[32;1m        PASS[0m [   0.024s] [35;1mapollo-router[0m [36mplugins::headers::test[0m[36m::[0m[34;1mtest_connector_propagate_multiple[0m
[32;1m        PASS[0m [   0.025s] [35;1mapollo-router[0m [36mplugins::headers::test[0m[36m::[0m[34;1mtest_connector_remove_exact[0m
[32;1m        PASS[0m [   0.024s] [35;1mapollo-router[0m [36mplugins::headers::test[0m[36m::[0m[34;1mtest_connector_remove_matching[0m
[32;1m        PASS[0m [   0.023s] [35;1mapollo-router[0m [36mplugins::headers::test[0m[36m::[0m[34;1mtest_insert_config[0m
[32;1m        PASS[0m [   0.023s] [35;1mapollo-router[0m [36mplugins::headers::test[0m[36m::[0m[34;1mtest_insert_from_context[0m
[32;1m        PASS[0m [   0.021s] [35;1mapollo-router[0m [36mplugins::headers::test[0m[36m::[0m[34;1mtest_insert_from_request_body[0m
[32;1m        PASS[0m [   0.023s] [35;1mapollo-router[0m [36mplugins::headers::test[0m[36m::[0m[34;1mtest_insert_from_request_body_with_old_access_json_notation[0m
[32;1m        PASS[0m [   0.023s] [35;1mapollo-router[0m [36mplugins::headers::test[0m[36m::[0m[34;1mtest_insert_static[0m
[32;1m        PASS[0m [   0.022s] [35;1mapollo-router[0m [36mplugins::headers::test[0m[36m::[0m[34;1mtest_propagate_config[0m
[32;1m        PASS[0m [   0.021s] [35;1mapollo-router[0m [36mplugins::headers::test[0m[36m::[0m[34;1mtest_propagate_exact[0m
[32;1m        PASS[0m [   0.019s] [35;1mapollo-router[0m [36mplugins::headers::test[0m[36m::[0m[34;1mtest_propagate_exact_default[0m
[32;1m        PASS[0m [   0.020s] [35;1mapollo-router[0m [36mplugins::headers::test[0m[36m::[0m[34;1mtest_propagate_exact_rename[0m
[32;1m        PASS[0m [   0.021s] [35;1mapollo-router[0m [36mplugins::headers::test[0m[36m::[0m[34;1mtest_propagate_matching[0m
[32;1m        PASS[0m [   0.020s] [35;1mapollo-router[0m [36mplugins::headers::test[0m[36m::[0m[34;1mtest_propagate_multiple[0m
[32;1m        PASS[0m [   0.019s] [35;1mapollo-router[0m [36mplugins::headers::test[0m[36m::[0m[34;1mtest_propagate_multiple_matching_rules[0m
[32;1m        PASS[0m [   0.023s] [35;1mapollo-router[0m [36mplugins::headers::test[0m[36m::[0m[34;1mtest_propagate_reserved[0m
[32;1m        PASS[0m [   0.022s] [35;1mapollo-router[0m [36mplugins::headers::test[0m[36m::[0m[34;1mtest_remove_config[0m
[32;1m        PASS[0m [   0.020s] [35;1mapollo-router[0m [36mplugins::headers::test[0m[36m::[0m[34;1mtest_remove_exact[0m
[32;1m        PASS[0m [   0.019s] [35;1mapollo-router[0m [36mplugins::headers::test[0m[36m::[0m[34;1mtest_remove_exact_multiple[0m
[32;1m        PASS[0m [   0.020s] [35;1mapollo-router[0m [36mplugins::headers::test[0m[36m::[0m[34;1mtest_remove_matching[0m
[32;1m        PASS[0m [   0.019s] [35;1mapollo-router[0m [36mplugins::headers::test[0m[36m::[0m[34;1mtest_subgraph_config[0m
[32;1m        PASS[0m [   1.503s] [35;1mapollo-router[0m [36mplugins::diagnostics::export::tests[0m[36m::[0m[34;1mtest_system_info_collection[0m
[32;1m        PASS[0m [   0.819s] [35;1mapollo-router[0m [36mplugins::expose_query_plan::tests[0m[36m::[0m[34;1mit_expose_query_plan_without_executing[0m
[32;1m        PASS[0m [   0.848s] [35;1mapollo-router[0m [36mplugins::expose_query_plan::tests[0m[36m::[0m[34;1mit_expose_query_plan[0m
[32;1m        PASS[0m [   1.469s] [35;1mapollo-router[0m [36mplugins::diagnostics::export::tests[0m[36m::[0m[34;1mtest_system_info_cpu_count[0m
[32;1m        PASS[0m [   0.886s] [35;1mapollo-router[0m [36mplugins::expose_query_plan::tests[0m[36m::[0m[34;1mit_doesnt_expose_query_plan[0m
[32;1m        PASS[0m [   1.356s] [35;1mapollo-router[0m [36mplugins::diagnostics::export::tests[0m[36m::[0m[34;1mtest_system_info_environment_variables[0m
[32;1m        PASS[0m [   0.436s] [35;1mapollo-router[0m [36mplugins::headers::test[0m[36m::[0m[34;1mtest_propagate_passthrough[0m
[32;1m        PASS[0m [   1.224s] [35;1mapollo-router[0m [36mplugins::diagnostics::service::tests[0m[36m::[0m[34;1mtest_system_info_endpoint[0m
[32;1m        PASS[0m [   0.453s] [35;1mapollo-router[0m [36mplugins::headers::test[0m[36m::[0m[34;1mtest_propagate_passthrough_defaulted[0m
[32;1m        PASS[0m [   1.205s] [35;1mapollo-router[0m [36mplugins::diagnostics::system_info::tests[0m[36m::[0m[34;1mtest_system_info_collection[0m
[32;1m        PASS[0m [   1.215s] [35;1mapollo-router[0m [36mplugins::diagnostics::system_info::tests[0m[36m::[0m[34;1mtest_system_info_memory_details[0m
[32;1m        PASS[0m [   1.234s] [35;1mapollo-router[0m [36mplugins::diagnostics::system_info::tests[0m[36m::[0m[34;1mtest_system_info_container_detection[0m
[32;1m        PASS[0m [   1.228s] [35;1mapollo-router[0m [36mplugins::diagnostics::system_info::tests[0m[36m::[0m[34;1mtest_system_info_environment_variables[0m
[32;1m        PASS[0m [   1.231s] [35;1mapollo-router[0m [36mplugins::diagnostics::system_info::tests[0m[36m::[0m[34;1mtest_system_info_cpu_load_collection[0m
[32;1m        PASS[0m [   1.240s] [35;1mapollo-router[0m [36mplugins::diagnostics::system_info::tests[0m[36m::[0m[34;1mtest_system_info_cpu_count[0m
[32;1m        PASS[0m [   1.235s] [35;1mapollo-router[0m [36mplugins::diagnostics::system_info::tests[0m[36m::[0m[34;1mtest_system_info_in_archive_extraction[0m
[32;1m        PASS[0m [   0.405s] [35;1mapollo-router[0m [36mplugins::include_subgraph_errors::tests[0m[36m::[0m[34;1mit_allows_any_subgraph_config_type_when_global_is_object[0m
[32;1m        PASS[0m [   0.421s] [35;1mapollo-router[0m [36mplugins::include_subgraph_errors::tests[0m[36m::[0m[34;1mit_allows_subgraph_config_with_boolean_when_global_is_object[0m
[32;1m        PASS[0m [   0.475s] [35;1mapollo-router[0m [36mplugins::include_subgraph_errors::tests[0m[36m::[0m[34;1mit_allows_subgraph_allow_list_to_override_global_deny_list[0m
[32;1m        PASS[0m [   0.463s] [35;1mapollo-router[0m [36mplugins::include_subgraph_errors::tests[0m[36m::[0m[34;1mit_allows_subgraph_deny_list_to_override_global_allow_list[0m
[32;1m        PASS[0m [   0.519s] [35;1mapollo-router[0m [36mplugins::include_subgraph_errors::tests[0m[36m::[0m[34;1mit_allows_subgraph_bool_override_global_allow_config[0m
[32;1m        PASS[0m [   0.481s] [35;1mapollo-router[0m [36mplugins::include_subgraph_errors::tests[0m[36m::[0m[34;1mit_allows_subgraph_deny_list_to_extend_global_deny_list[0m
[32;1m        PASS[0m [   0.495s] [35;1mapollo-router[0m [36mplugins::include_subgraph_errors::tests[0m[36m::[0m[34;1mit_allows_subgraph_object_to_override_global_redaction[0m
[32;1m        PASS[0m [   0.541s] [35;1mapollo-router[0m [36mplugins::include_subgraph_errors::tests[0m[36m::[0m[34;1mit_allows_subgraph_to_exclude_key_from_global_allow_list[0m
[32;1m        PASS[0m [   0.388s] [35;1mapollo-router[0m [36mplugins::include_subgraph_errors::tests[0m[36m::[0m[34;1mit_does_not_allow_both_allow_and_deny_list_in_a_subgraph_config[0m
[32;1m        PASS[0m [   0.580s] [35;1mapollo-router[0m [36mplugins::include_subgraph_errors::tests[0m[36m::[0m[34;1mit_does_not_add_service_extension_for_non_subgraph_errors[0m
[32;1m        PASS[0m [   0.665s] [35;1mapollo-router[0m [36mplugins::include_subgraph_errors::tests[0m[36m::[0m[34;1mit_allows_subgraph_allow_list_to_extend_global_allow_list[0m
[32;1m        PASS[0m [   0.666s] [35;1mapollo-router[0m [36mplugins::include_subgraph_errors::tests[0m[36m::[0m[34;1mit_allows_subgraph_bool_override_global_deny_config[0m
[32;1m        PASS[0m [   2.619s] [35;1mapollo-router[0m [36mplugins::diagnostics::export::tests[0m[36m::[0m[34;1mtest_create_archive_sync[0m
[32;1m        PASS[0m [   2.649s] [35;1mapollo-router[0m [36mplugins::diagnostics::export::tests[0m[36m::[0m[34;1mtest_archive_format_with_system_tar[0m
[32;1m        PASS[0m [   2.606s] [35;1mapollo-router[0m [36mplugins::diagnostics::export::tests[0m[36m::[0m[34;1mtest_manual_archive_inspection[0m
[32;1m        PASS[0m [   2.662s] [35;1mapollo-router[0m [36mplugins::diagnostics::export::tests[0m[36m::[0m[34;1mtest_archive_with_empty_output_directory[0m
[32;1m        PASS[0m [   2.661s] [35;1mapollo-router[0m [36mplugins::diagnostics::export::tests[0m[36m::[0m[34;1mtest_create_archive[0m
[32;1m        PASS[0m [   2.653s] [35;1mapollo-router[0m [36mplugins::diagnostics::export::tests[0m[36m::[0m[34;1mtest_html_report_in_archive[0m
[32;1m        PASS[0m [   2.695s] [35;1mapollo-router[0m [36mplugins::diagnostics::export::tests[0m[36m::[0m[34;1mtest_non_unix_memory_handling[0m
[32;1m        PASS[0m [   0.390s] [35;1mapollo-router[0m [36mplugins::include_subgraph_errors::tests[0m[36m::[0m[34;1mit_does_not_allow_both_allow_and_deny_list_in_global_config[0m
[32;1m        PASS[0m [   2.233s] [35;1mapollo-router[0m [36mplugins::diagnostics::memory::tests[0m[36m::[0m[34;1mtest_handle_dump_creates_directory[0m
[32;1m        PASS[0m [   0.024s] [35;1mapollo-router[0m [36mplugins::limits::layer::test[0m[36m::[0m[34;1mtest_body_content_length_limit_exceeded[0m
[32;1m        PASS[0m [   0.443s] [35;1mapollo-router[0m [36mplugins::include_subgraph_errors::tests[0m[36m::[0m[34;1mit_does_not_allow_subgraph_config_with_object_when_global_is_boolean[0m
[32;1m        PASS[0m [   0.024s] [35;1mapollo-router[0m [36mplugins::limits::layer::test[0m[36m::[0m[34;1mtest_body_content_length_limit_ok[0m
[32;1m        PASS[0m [   0.020s] [35;1mapollo-router[0m [36mplugins::limits::layer::test[0m[36m::[0m[34;1mtest_body_content_length_service_reuse[0m
[32;1m        PASS[0m [   0.022s] [35;1mapollo-router[0m [36mplugins::limits::layer::test[0m[36m::[0m[34;1mtest_body_length_exceeds_content_length[0m
[32;1m        PASS[0m [   0.023s] [35;1mapollo-router[0m [36mplugins::limits::layer::test[0m[36m::[0m[34;1mtest_header_content_length_limit_exceeded[0m
[32;1m        PASS[0m [   0.022s] [35;1mapollo-router[0m [36mplugins::limits::layer::test[0m[36m::[0m[34;1mtest_header_content_length_limit_ok[0m
[32;1m        PASS[0m [   0.023s] [35;1mapollo-router[0m [36mplugins::limits::layer::test[0m[36m::[0m[34;1mtest_limits_dynamic_update[0m
[32;1m        PASS[0m [   0.020s] [35;1mapollo-router[0m [36mplugins::limits::limited::test[0m[36m::[0m[34;1mtest_completes[0m
[32;1m        PASS[0m [   0.017s] [35;1mapollo-router[0m [36mplugins::limits::limited::test[0m[36m::[0m[34;1mtest_limit_hit[0m
[32;1m        PASS[0m [   0.018s] [35;1mapollo-router[0m [36mplugins::limits::limited::test[0m[36m::[0m[34;1mtest_limit_hit_after_multiple[0m
[32;1m        PASS[0m [   2.290s] [35;1mapollo-router[0m [36mplugins::diagnostics::service::tests[0m[36m::[0m[34;1mtest_memory_dump_endpoint[0m
[32;1m        PASS[0m [   0.512s] [35;1mapollo-router[0m [36mplugins::include_subgraph_errors::tests[0m[36m::[0m[34;1mit_does_not_redact_all_implicit_redact_product_explicit_allow_for_product_query[0m
[32;1m        PASS[0m [   0.522s] [35;1mapollo-router[0m [36mplugins::include_subgraph_errors::tests[0m[36m::[0m[34;1mit_does_not_redact_all_explicit_allow_review_explicit_redact_for_product_query[0m
[32;1m        PASS[0m [   0.509s] [35;1mapollo-router[0m [36mplugins::include_subgraph_errors::tests[0m[36m::[0m[34;1mit_does_not_redact_all_subgraphs_explicit_allow[0m
[32;1m        PASS[0m [   0.543s] [35;1mapollo-router[0m [36mplugins::include_subgraph_errors::tests[0m[36m::[0m[34;1mit_does_not_redact_all_explicit_allow_account_explicit_redact_for_product_query[0m
[32;1m        PASS[0m [   2.578s] [35;1mapollo-router[0m [36mplugins::diagnostics::export::tests[0m[36m::[0m[34;1mtest_system_info_in_archive_extraction[0m
[32;1m        PASS[0m [   2.513s] [35;1mapollo-router[0m [36mplugins::diagnostics::export::tests[0m[36m::[0m[34;1mtest_tar_gz_structure_validation[0m
[32;1m        PASS[0m [   0.022s] [35;1mapollo-router[0m [36mplugins::mock_subgraphs::tests[0m[36m::[0m[34;1mtest_find_entities_complex_key_with_arrays[0m
[32;1m        PASS[0m [   2.537s] [35;1mapollo-router[0m [36mplugins::diagnostics::export::tests[0m[36m::[0m[34;1mtest_tar_gz_format_compatibility[0m
[32;1m        PASS[0m [   0.021s] [35;1mapollo-router[0m [36mplugins::mock_subgraphs::tests[0m[36m::[0m[34;1mtest_find_entities_simple_match[0m
[32;1m        PASS[0m [   0.020s] [35;1mapollo-router[0m [36mplugins::mock_subgraphs::tests[0m[36m::[0m[34;1mtest_find_entities_with_extra_fields_in_storage[0m
[32;1m        PASS[0m [   0.019s] [35;1mapollo-router[0m [36mplugins::mock_subgraphs::tests[0m[36m::[0m[34;1mtest_is_a_match_arrays_with_objects[0m
[32;1m        PASS[0m [   0.018s] [35;1mapollo-router[0m [36mplugins::mock_subgraphs::tests[0m[36m::[0m[34;1mtest_is_a_match_arrays_with_scalars[0m
[32;1m        PASS[0m [   0.021s] [35;1mapollo-router[0m [36mplugins::mock_subgraphs::tests[0m[36m::[0m[34;1mtest_is_a_match_complex_nested_structures[0m
[32;1m        PASS[0m [   0.021s] [35;1mapollo-router[0m [36mplugins::mock_subgraphs::tests[0m[36m::[0m[34;1mtest_is_a_match_nested_objects[0m
[32;1m        PASS[0m [   0.018s] [35;1mapollo-router[0m [36mplugins::mock_subgraphs::tests[0m[36m::[0m[34;1mtest_is_a_match_primitives[0m
[32;1m        PASS[0m [   0.018s] [35;1mapollo-router[0m [36mplugins::mock_subgraphs::tests[0m[36m::[0m[34;1mtest_is_a_match_simple_objects[0m
[32;1m        PASS[0m [   0.016s] [35;1mapollo-router[0m [36mplugins::mock_subgraphs::tests[0m[36m::[0m[34;1mtest_is_a_match_type_mismatches[0m
[32;1m        PASS[0m [   0.029s] [35;1mapollo-router[0m [36mplugins::override_url::tests[0m[36m::[0m[34;1mplugin_registered[0m
[32;1m        PASS[0m [   2.434s] [35;1mapollo-router[0m [36mplugins::diagnostics::service::tests[0m[36m::[0m[34;1mtest_export_endpoint_returns_archive[0m
[32;1m        PASS[0m [   0.034s] [35;1mapollo-router[0m [36mplugins::progressive_override::tests[0m[36m::[0m[34;1mplugin_disables_itself_with_no_progressive_override_usages[0m
[32;1m        PASS[0m [   0.534s] [35;1mapollo-router[0m [36mplugins::include_subgraph_errors::tests[0m[36m::[0m[34;1mit_does_redact_all_implicit_redact_product_explicit_allow_for_review_query[0m
[32;1m        PASS[0m [   0.036s] [35;1mapollo-router[0m [36mplugins::progressive_override::tests[0m[36m::[0m[34;1mplugin_enables_itself_with_progressive_override_usages[0m
[32;1m        PASS[0m [   0.034s] [35;1mapollo-router[0m [36mplugins::progressive_override::tests[0m[36m::[0m[34;1mplugin_router_service_adds_all_arbitrary_labels_to_context[0m
[32;1m        PASS[0m [   0.585s] [35;1mapollo-router[0m [36mplugins::include_subgraph_errors::tests[0m[36m::[0m[34;1mit_does_redact_all_explicit_allow_product_explicit_redact_for_product_query[0m
[32;1m        PASS[0m [   0.606s] [35;1mapollo-router[0m [36mplugins::include_subgraph_errors::tests[0m[36m::[0m[34;1mit_does_redact_all_explicit_allow_account_explicit_redact_for_account_query[0m
[32;1m        PASS[0m [   0.030s] [35;1mapollo-router[0m [36mplugins::progressive_override::tests[0m[36m::[0m[34;1mtest_progressive_overrides_are_recognised_vor_join_v0_4_and_above[0m
[32;1m        PASS[0m [   0.522s] [35;1mapollo-router[0m [36mplugins::include_subgraph_errors::tests[0m[36m::[0m[34;1mit_includes_service_extension_if_allowed[0m
[32;1m        PASS[0m [   0.563s] [35;1mapollo-router[0m [36mplugins::include_subgraph_errors::tests[0m[36m::[0m[34;1mit_filters_extensions_based_on_global_allow_list_keeps_message[0m
[32;1m        PASS[0m [   2.521s] [35;1mapollo-router[0m [36mplugins::diagnostics::service::tests[0m[36m::[0m[34;1mtest_json_responses_are_valid_json[0m
[32;1m        PASS[0m [   0.609s] [35;1mapollo-router[0m [36mplugins::include_subgraph_errors::tests[0m[36m::[0m[34;1mit_filters_extensions_based_on_global_allow_list_and_redacts_message[0m
[32;1m        PASS[0m [   0.022s] [35;1mapollo-router[0m [36mplugins::record_replay::replay::tests[0m[36m::[0m[34;1mreplay_recording[0m
[32;1m        PASS[0m [   0.037s] [35;1mapollo-router[0m [36mplugins::progressive_override::visitor::tests[0m[36m::[0m[34;1mcollects[0m
[32;1m        PASS[0m [   0.024s] [35;1mapollo-router[0m [36mplugins::response_cache::cache_control::tests[0m[36m::[0m[34;1mcreate_expired_cache_control[0m
[32;1m        PASS[0m [   0.037s] [35;1mapollo-router[0m [36mplugins::progressive_override::visitor::tests[0m[36m::[0m[34;1mcollects2[0m
[32;1m        PASS[0m [   0.024s] [35;1mapollo-router[0m [36mplugins::response_cache::cache_control::tests[0m[36m::[0m[34;1mmerge_nostore[0m
[32;1m        PASS[0m [   0.022s] [35;1mapollo-router[0m [36mplugins::response_cache::cache_control::tests[0m[36m::[0m[34;1mmerge_public_private[0m
[32;1m        PASS[0m [   0.022s] [35;1mapollo-router[0m [36mplugins::response_cache::cache_control::tests[0m[36m::[0m[34;1mmerge_ttl[0m
[32;1m        PASS[0m [   0.022s] [35;1mapollo-router[0m [36mplugins::response_cache::cache_control::tests[0m[36m::[0m[34;1mremove_conflicts[0m
[32;1m        PASS[0m [   0.563s] [35;1mapollo-router[0m [36mplugins::include_subgraph_errors::tests[0m[36m::[0m[34;1mit_redacts_all_subgraphs_explicit_redact[0m
[32;1m        PASS[0m [   0.031s] [35;1mapollo-router[0m [36mplugins::response_cache::plugin::tests[0m[36m::[0m[34;1mtest_matches_selection_set_handles_arrays[0m
[32;1m        PASS[0m [   0.044s] [35;1mapollo-router[0m [36mplugins::response_cache::plugin::tests[0m[36m::[0m[34;1mtest_get_invalidation_root_keys_from_schema[0m
[32;1m        PASS[0m [   0.628s] [35;1mapollo-router[0m [36mplugins::include_subgraph_errors::tests[0m[36m::[0m[34;1mit_processes_incremental_responses[0m
[32;1m        PASS[0m [   0.025s] [35;1mapollo-router[0m [36mplugins::response_cache::plugin::tests[0m[36m::[0m[34;1mtest_matches_selection_subset_handles_arrays[0m
[32;1m        PASS[0m [   0.612s] [35;1mapollo-router[0m [36mplugins::include_subgraph_errors::tests[0m[36m::[0m[34;1mit_redacts_service_extension_if_denied[0m
[32;1m        PASS[0m [   0.630s] [35;1mapollo-router[0m [36mplugins::include_subgraph_errors::tests[0m[36m::[0m[34;1mit_redacts_all_subgraphs_implicit_redact[0m
[32;1m        PASS[0m [   0.028s] [35;1mapollo-router[0m [36mplugins::response_cache::plugin::tests[0m[36m::[0m[34;1mtest_take_selection_set_handles_arrays[0m
[32;1m        PASS[0m [   0.031s] [35;1mapollo-router[0m [36mplugins::response_cache::plugin::tests[0m[36m::[0m[34;1mtest_take_selection_subset_handles_arrays[0m
[32;1m        PASS[0m [   0.659s] [35;1mapollo-router[0m [36mplugins::include_subgraph_errors::tests[0m[36m::[0m[34;1mit_returns_valid_response[0m
[32;1m        PASS[0m [   0.605s] [35;1mapollo-router[0m [36mplugins::license_enforcement::test[0m[36m::[0m[34;1mit_emits_metrics_when_tps_enforced[0m
[32;1m        PASS[0m [   0.196s] [35;1mapollo-router[0m [36mplugins::response_cache::invalidation_endpoint::tests[0m[36m::[0m[34;1mtest_invalidation_service_bad_shared_key[0m
[32;1m        PASS[0m [   0.191s] [35;1mapollo-router[0m [36mplugins::response_cache::invalidation_endpoint::tests[0m[36m::[0m[34;1mtest_invalidation_service_bad_shared_key_subgraphs[0m
[32;1m        PASS[0m [   0.196s] [35;1mapollo-router[0m [36mplugins::response_cache::invalidation_endpoint::tests[0m[36m::[0m[34;1mtest_invalidation_service_bad_shared_key_subgraph[0m
[32;1m        PASS[0m [   0.140s] [35;1mapollo-router[0m [36mplugins::response_cache::serde_blake3::tests[0m[36m::[0m[34;1mtest_bytestring_map[0m
[32;1m        PASS[0m [   0.489s] [35;1mapollo-router[0m [36mplugins::limits::test[0m[36m::[0m[34;1mtest_header_content_length_limit_ok[0m
[32;1m        PASS[0m [   0.530s] [35;1mapollo-router[0m [36mplugins::limits::test[0m[36m::[0m[34;1mtest_body_content_length_limit_exceeded[0m
[32;1m        PASS[0m [   0.509s] [35;1mapollo-router[0m [36mplugins::limits::test[0m[36m::[0m[34;1mtest_header_content_length_limit_exceeded[0m
[32;1m        PASS[0m [   0.207s] [35;1mapollo-router[0m [36mplugins::response_cache::plugin::tests[0m[36m::[0m[34;1mtest_subgraph_ttl[0m
[32;1m        PASS[0m [   0.557s] [35;1mapollo-router[0m [36mplugins::limits::test[0m[36m::[0m[34;1mtest_body_content_length_limit_ok[0m
[32;1m        PASS[0m [   0.524s] [35;1mapollo-router[0m [36mplugins::limits::test[0m[36m::[0m[34;1mtest_limits_dynamic_update[0m
[32;1m        PASS[0m [   0.257s] [35;1mapollo-router[0m [36mplugins::response_cache::plugin::tests[0m[36m::[0m[34;1mtest_subgraph_enabled[0m
[32;1m        PASS[0m [   0.563s] [35;1mapollo-router[0m [36mplugins::limits::test[0m[36m::[0m[34;1mtest_non_limit_error_passthrough[0m
[32;1m        PASS[0m [   0.362s] [35;1mapollo-router[0m [36mplugins::response_cache::invalidation_endpoint::tests[0m[36m::[0m[34;1mtest_invalidation_service_good_shared_key_subgraphs[0m
[32;1m        PASS[0m [   0.309s] [35;1mapollo-router[0m [36mplugins::response_cache::storage::redis::tests::cache_tag_insert_failure_should_abort_key_insertion::timeout_failure[0m[36m::[0m[34;1mclustered_1_true[0m
[32;1m        PASS[0m [   0.309s] [35;1mapollo-router[0m [36mplugins::response_cache::storage::redis::tests::cache_tag_insert_failure_should_abort_key_insertion::timeout_failure[0m[36m::[0m[34;1mclustered_2_false[0m
[32;1m        PASS[0m [   0.577s] [35;1mapollo-router[0m [36mplugins::progressive_override::tests[0m[36m::[0m[34;1mplugin_supergraph_service_adds_percent_labels_to_context[0m
[32;1m        PASS[0m [   0.620s] [35;1mapollo-router[0m [36mplugins::progressive_override::tests[0m[36m::[0m[34;1mplugin_supergraph_service_trims_extraneous_labels[0m
[32;1m        PASS[0m [   0.607s] [35;1mapollo-router[0m [36mplugins::progressive_override::tests[0m[36m::[0m[34;1mquery_with_overridden_labels_metrics[0m
[32;1m        PASS[0m [   0.632s] [35;1mapollo-router[0m [36mplugins::progressive_override::tests[0m[36m::[0m[34;1mplugin_supergraph_service_trims_0pc_label[0m
[32;1m        PASS[0m [   0.633s] [35;1mapollo-router[0m [36mplugins::progressive_override::tests[0m[36m::[0m[34;1mquery_with_externally_resolved_labels_metrics[0m
[32;1m        PASS[0m [   0.271s] [35;1mapollo-router[0m [36mplugins::response_cache::storage::redis::tests::test_invalidation_key_permutations::namespace_1_None[0m[36m::[0m[34;1minvalidation_keys_1_vec___[0m
[32;1m        PASS[0m [   0.325s] [35;1mapollo-router[0m [36mplugins::response_cache::storage::redis::tests::maintenance_removes_expired_data[0m[36m::[0m[34;1mclustered_2_false[0m
[32;1m        PASS[0m [   1.097s] [35;1mapollo-router[0m [36mplugins::license_enforcement::test[0m[36m::[0m[34;1mit_enforces_tps_limit_when_license[0m
[32;1m        PASS[0m [   0.438s] [35;1mapollo-router[0m [36mplugins::response_cache::storage::redis::tests::invalidation::invalidating_missing_invalidation_key_will_not_error[0m[36m::[0m[34;1mclustered_2_false[0m
[32;1m        PASS[0m [   0.479s] [35;1mapollo-router[0m [36mplugins::response_cache::storage::redis::tests::invalidation::invalidating_missing_invalidation_key_will_not_error[0m[36m::[0m[34;1mclustered_1_true[0m
[32;1m        PASS[0m [   0.439s] [35;1mapollo-router[0m [36mplugins::response_cache::storage::redis::tests::invalidation::invalidating_missing_subgraph_will_not_error[0m[36m::[0m[34;1mclustered_2_false[0m
[32;1m        PASS[0m [   0.287s] [35;1mapollo-router[0m [36mplugins::response_cache::storage::redis::tests::test_invalidation_key_permutations::namespace_1_None[0m[36m::[0m[34;1minvalidation_keys_2_vec____invalidation___[0m
[32;1m        PASS[0m [   0.301s] [35;1mapollo-router[0m [36mplugins::response_cache::storage::redis::tests::test_invalidation_key_permutations::namespace_1_None[0m[36m::[0m[34;1minvalidation_keys_3_vec____invalidation1_____invalidation2_____invalidation3___[0m
[32;1m        PASS[0m [   0.270s] [35;1mapollo-router[0m [36mplugins::response_cache::storage::redis::tests::test_invalidation_key_permutations::namespace_2_Some___test___[0m[36m::[0m[34;1minvalidation_keys_1_vec___[0m
[32;1m        PASS[0m [   0.416s] [35;1mapollo-router[0m [36mplugins::response_cache::storage::redis::tests::maintenance_removes_expired_data[0m[36m::[0m[34;1mclustered_1_true[0m
[32;1m        PASS[0m [   0.519s] [35;1mapollo-router[0m [36mplugins::response_cache::storage::redis::tests::invalidation::invalidating_missing_subgraph_will_not_error[0m[36m::[0m[34;1mclustered_1_true[0m
[32;1m        PASS[0m [   0.493s] [35;1mapollo-router[0m [36mplugins::response_cache::storage::redis::tests::invalidation::invalidation_is_idempotent[0m[36m::[0m[34;1mclustered_2_false[0m
[32;1m        PASS[0m [   0.272s] [35;1mapollo-router[0m [36mplugins::response_cache::storage::redis::tests::test_invalidation_key_permutations::namespace_2_Some___test___[0m[36m::[0m[34;1minvalidation_keys_3_vec____invalidation1_____invalidation2_____invalidation3___[0m
[32;1m        PASS[0m [   0.297s] [35;1mapollo-router[0m [36mplugins::response_cache::storage::redis::tests::test_invalidation_key_permutations::namespace_2_Some___test___[0m[36m::[0m[34;1minvalidation_keys_2_vec____invalidation___[0m
[32;1m        PASS[0m [   0.630s] [35;1mapollo-router[0m [36mplugins::response_cache::storage::redis::tests::invalidation::arguments_are_restrictive_rather_than_additive[0m[36m::[0m[34;1mclustered_2_false[0m
[32;1m        PASS[0m [   0.543s] [35;1mapollo-router[0m [36mplugins::response_cache::storage::redis::tests::invalidation::invalidation_is_idempotent[0m[36m::[0m[34;1mclustered_1_true[0m
[32;1m        PASS[0m [   0.644s] [35;1mapollo-router[0m [36mplugins::response_cache::storage::redis::tests::invalidation::arguments_are_restrictive_rather_than_additive[0m[36m::[0m[34;1mclustered_1_true[0m
[32;1m        PASS[0m [   0.804s] [35;1mapollo-router[0m [36mplugins::response_cache::storage::redis::tests::cache_tag_insert_failure_should_abort_key_insertion::type_failure[0m[36m::[0m[34;1mclustered_2_false[0m
[32;1m        PASS[0m [   0.704s] [35;1mapollo-router[0m [36mplugins::response_cache::storage::redis::tests::invalidation::invalidation_by_subgraph_removes_everything_associated_with_that_subgraph[0m[36m::[0m[34;1mclustered_2_false[0m
[32;1m        PASS[0m [   0.734s] [35;1mapollo-router[0m [36mplugins::response_cache::storage::redis::tests::invalidation::invalidation_by_subgraph_removes_everything_associated_with_that_subgraph[0m[36m::[0m[34;1mclustered_1_true[0m
[32;1m        PASS[0m [   0.500s] [35;1mapollo-router[0m [36mplugins::response_cache::storage::redis::tests::ttl_guarantees::cache_tag_score_will_increase[0m[36m::[0m[34;1mclustered_2_false[0m
[32;1m        PASS[0m [   0.888s] [35;1mapollo-router[0m [36mplugins::response_cache::storage::redis::tests::cache_tag_insert_failure_should_abort_key_insertion::type_failure[0m[36m::[0m[34;1mclustered_1_true[0m
[32;1m        PASS[0m [   0.358s] [35;1mapollo-router[0m [36mplugins::response_cache::storage::redis::tests::ttl_guarantees::single_document[0m[36m::[0m[34;1mclustered_2_false[0m
[32;1m        PASS[0m [   0.380s] [35;1mapollo-router[0m [36mplugins::response_cache::storage::redis::tests::ttl_guarantees::single_document[0m[36m::[0m[34;1mclustered_1_true[0m
[32;1m        PASS[0m [   1.255s] [35;1mapollo-router[0m [36mplugins::progressive_override::tests[0m[36m::[0m[34;1mnon_overridden_field_yields_expected_query_plan[0m
[32;1m        PASS[0m [   0.574s] [35;1mapollo-router[0m [36mplugins::response_cache::storage::redis::tests::ttl_guarantees::cache_tag_score_will_increase[0m[36m::[0m[34;1mclustered_1_true[0m
[32;1m        PASS[0m [   0.045s] [35;1mapollo-router[0m [36mplugins::rhai::tests[0m[36m::[0m[34;1mit_can_access_demand_control_context[0m
[32;1m        PASS[0m [   0.475s] [35;1mapollo-router[0m [36mplugins::response_cache::storage::redis::tests::ttl_guarantees::cache_tag_ttl_will_only_increase[0m[36m::[0m[34;1mclustered_2_false[0m
[32;1m        PASS[0m [   0.463s] [35;1mapollo-router[0m [36mplugins::response_cache::storage::redis::tests::ttl_guarantees::multiple_documents[0m[36m::[0m[34;1mclustered_2_false[0m
[32;1m        PASS[0m [   0.514s] [35;1mapollo-router[0m [36mplugins::response_cache::storage::redis::tests::ttl_guarantees::cache_tag_score_will_not_decrease[0m[36m::[0m[34;1mclustered_2_false[0m
[32;1m        PASS[0m [   0.030s] [35;1mapollo-router[0m [36mplugins::rhai::tests[0m[36m::[0m[34;1mit_can_base64decode_string[0m
[32;1m        PASS[0m [   0.041s] [35;1mapollo-router[0m [36mplugins::rhai::tests[0m[36m::[0m[34;1mit_can_access_sdl_constant[0m
[32;1m        PASS[0m [   0.034s] [35;1mapollo-router[0m [36mplugins::rhai::tests[0m[36m::[0m[34;1mit_can_base64decode_string_with_alphabet[0m
[32;1m        PASS[0m [   0.511s] [35;1mapollo-router[0m [36mplugins::response_cache::storage::redis::tests::ttl_guarantees::multiple_documents[0m[36m::[0m[34;1mclustered_1_true[0m
[32;1m        PASS[0m [   0.529s] [35;1mapollo-router[0m [36mplugins::response_cache::storage::redis::tests::ttl_guarantees::cache_tag_ttl_will_only_increase[0m[36m::[0m[34;1mclustered_1_true[0m
[32;1m        PASS[0m [   1.358s] [35;1mapollo-router[0m [36mplugins::progressive_override::tests[0m[36m::[0m[34;1moverridden_field_yields_expected_query_plan[0m
[32;1m        PASS[0m [   0.029s] [35;1mapollo-router[0m [36mplugins::rhai::tests[0m[36m::[0m[34;1mit_can_base64encode_string[0m
[32;1m        PASS[0m [   0.032s] [35;1mapollo-router[0m [36mplugins::rhai::tests[0m[36m::[0m[34;1mit_can_base64encode_string_with_alphabet[0m
[32;1m        PASS[0m [   0.032s] [35;1mapollo-router[0m [36mplugins::rhai::tests[0m[36m::[0m[34;1mit_can_compare_method_strings[0m
[32;1m        PASS[0m [   0.574s] [35;1mapollo-router[0m [36mplugins::response_cache::storage::redis::tests::ttl_guarantees::cache_tag_score_will_not_decrease[0m[36m::[0m[34;1mclustered_1_true[0m
[32;1m        PASS[0m [   0.041s] [35;1mapollo-router[0m [36mplugins::rhai::tests[0m[36m::[0m[34;1mit_can_create_unix_ms_now[0m
[32;1m        PASS[0m [   0.038s] [35;1mapollo-router[0m [36mplugins::rhai::tests[0m[36m::[0m[34;1mit_can_create_unix_now[0m
[32;1m        PASS[0m [   0.045s] [35;1mapollo-router[0m [36mplugins::rhai::tests[0m[36m::[0m[34;1mit_can_expand_environment_variable[0m
[32;1m        PASS[0m [   0.036s] [35;1mapollo-router[0m [36mplugins::rhai::tests[0m[36m::[0m[34;1mit_can_generate_uuid[0m
[32;1m        PASS[0m [   0.041s] [35;1mapollo-router[0m [36mplugins::rhai::tests[0m[36m::[0m[34;1mit_can_find_router_global_variables[0m
[32;1m        PASS[0m [   0.056s] [35;1mapollo-router[0m [36mplugins::rhai::tests[0m[36m::[0m[34;1mit_can_parse_request_uri[0m
[32;1m        PASS[0m [   0.059s] [35;1mapollo-router[0m [36mplugins::rhai::tests[0m[36m::[0m[34;1mit_can_process_execution_deferred_response[0m
[32;1m        PASS[0m [   0.047s] [35;1mapollo-router[0m [36mplugins::rhai::tests[0m[36m::[0m[34;1mit_can_process_ok_subgraph_forbidden[0m
[32;1m        PASS[0m [   0.060s] [35;1mapollo-router[0m [36mplugins::rhai::tests[0m[36m::[0m[34;1mit_can_process_execution_request[0m
[32;1m        PASS[0m [   0.060s] [35;1mapollo-router[0m [36mplugins::rhai::tests[0m[36m::[0m[34;1mit_can_process_execution_response[0m
[32;1m        PASS[0m [   0.054s] [35;1mapollo-router[0m [36mplugins::rhai::tests[0m[36m::[0m[34;1mit_can_process_om_subgraph_200_with_graphql_data[0m
[32;1m        PASS[0m [   0.052s] [35;1mapollo-router[0m [36mplugins::rhai::tests[0m[36m::[0m[34;1mit_can_process_om_subgraph_forbidden_with_graphql_payload[0m
[32;1m        PASS[0m [   0.060s] [35;1mapollo-router[0m [36mplugins::rhai::tests[0m[36m::[0m[34;1mit_can_process_om_subgraph_forbidden[0m
[32;1m        PASS[0m [   0.053s] [35;1mapollo-router[0m [36mplugins::rhai::tests[0m[36m::[0m[34;1mit_can_process_router_chunked_response[0m
[32;1m        PASS[0m [   0.052s] [35;1mapollo-router[0m [36mplugins::rhai::tests[0m[36m::[0m[34;1mit_can_process_router_request[0m
[32;1m        PASS[0m [   0.055s] [35;1mapollo-router[0m [36mplugins::rhai::tests[0m[36m::[0m[34;1mit_can_process_router_response[0m
[32;1m        PASS[0m [   0.055s] [35;1mapollo-router[0m [36mplugins::rhai::tests[0m[36m::[0m[34;1mit_can_process_string_subgraph_forbidden[0m
[32;1m        PASS[0m [   0.056s] [35;1mapollo-router[0m [36mplugins::rhai::tests[0m[36m::[0m[34;1mit_can_process_subgraph_request[0m
[32;1m        PASS[0m [   0.055s] [35;1mapollo-router[0m [36mplugins::rhai::tests[0m[36m::[0m[34;1mit_can_process_subgraph_response[0m
[32;1m        PASS[0m [   0.056s] [35;1mapollo-router[0m [36mplugins::rhai::tests[0m[36m::[0m[34;1mit_can_process_supergraph_deferred_response[0m
[32;1m        PASS[0m [   0.055s] [35;1mapollo-router[0m [36mplugins::rhai::tests[0m[36m::[0m[34;1mit_can_process_supergraph_request[0m
[32;1m        PASS[0m [   0.036s] [35;1mapollo-router[0m [36mplugins::rhai::tests[0m[36m::[0m[34;1mit_can_sha256_string[0m
[32;1m        PASS[0m [   0.032s] [35;1mapollo-router[0m [36mplugins::rhai::tests[0m[36m::[0m[34;1mit_can_urlencode_string[0m
[32;1m        PASS[0m [   0.040s] [35;1mapollo-router[0m [36mplugins::rhai::tests[0m[36m::[0m[34;1mit_can_urldecode_string[0m
[32;1m        PASS[0m [   0.060s] [35;1mapollo-router[0m [36mplugins::rhai::tests[0m[36m::[0m[34;1mit_can_process_supergraph_response[0m
[32;1m        PASS[0m [   0.035s] [35;1mapollo-router[0m [36mplugins::rhai::tests[0m[36m::[0m[34;1mit_logs_messages[0m
[32;1m        PASS[0m [   0.026s] [35;1mapollo-router[0m [36mplugins::rhai::tests[0m[36m::[0m[34;1mit_provides_helpful_headermap_errors[0m
[32;1m        PASS[0m [   0.054s] [35;1mapollo-router[0m [36mplugins::rhai::tests[0m[36m::[0m[34;1mit_cannot_process_om_subgraph_missing_message_and_body[0m
[32;1m        PASS[0m [   0.045s] [35;1mapollo-router[0m [36mplugins::rhai::tests[0m[36m::[0m[34;1mit_mentions_source_when_syntax_error_occurs[0m
[32;1m        PASS[0m [   0.041s] [35;1mapollo-router[0m [36mplugins::rhai::tests[0m[36m::[0m[34;1mtest_rhai_header_removal_with_non_utf8_header[0m
[32;1m        PASS[0m [   0.154s] [35;1mapollo-router[0m [36mplugins::rhai::tests[0m[36m::[0m[34;1mit_prints_messages_to_log[0m
[32;1m        PASS[0m [   0.145s] [35;1mapollo-router[0m [36mplugins::rhai::tests[0m[36m::[0m[34;1mrhai_plugin_execution_service_error[0m
[32;1m        PASS[0m [   0.136s] [35;1mapollo-router[0m [36mplugins::rhai::tests[0m[36m::[0m[34;1mtest_execution_error_logging_with_body[0m
[32;1m        PASS[0m [   0.148s] [35;1mapollo-router[0m [36mplugins::rhai::tests[0m[36m::[0m[34;1mrhai_plugin_supergraph_service[0m
[32;1m        PASS[0m [   0.131s] [35;1mapollo-router[0m [36mplugins::rhai::tests[0m[36m::[0m[34;1mtest_router_error_logging_with_body[0m
[32;1m        PASS[0m [   0.040s] [35;1mapollo-router[0m [36mplugins::rhai::tests[0m[36m::[0m[34;1mtest_router_service_adds_timestamp_header[0m
[32;1m        PASS[0m [   0.163s] [35;1mapollo-router[0m [36mplugins::rhai::tests[0m[36m::[0m[34;1mtest_execution_error_logging_without_body[0m
[32;1m        PASS[0m [   0.048s] [35;1mapollo-router[0m [36mplugins::subscription::notification::tests[0m[36m::[0m[34;1mit_subscribe_and_delete[0m
[32;1m        PASS[0m [   0.168s] [35;1mapollo-router[0m [36mplugins::rhai::tests[0m[36m::[0m[34;1mtest_router_error_logging_without_body[0m
[32;1m        PASS[0m [   0.077s] [35;1mapollo-router[0m [36mplugins::subscription::notification::tests[0m[36m::[0m[34;1mit_subscribe_and_delete_metrics[0m
[32;1m        PASS[0m [   0.042s] [35;1mapollo-router[0m [36mplugins::subscription::notification::tests[0m[36m::[0m[34;1msubscribe[0m
[32;1m        PASS[0m [   0.148s] [35;1mapollo-router[0m [36mplugins::rhai::tests[0m[36m::[0m[34;1mtest_subgraph_error_logging_without_body[0m
[32;1m        PASS[0m [   0.149s] [35;1mapollo-router[0m [36mplugins::rhai::tests[0m[36m::[0m[34;1mtest_supergraph_error_logging_with_body[0m
[32;1m        PASS[0m [   0.163s] [35;1mapollo-router[0m [36mplugins::rhai::tests[0m[36m::[0m[34;1mtest_subgraph_error_logging_with_body[0m
[32;1m        PASS[0m [   0.156s] [35;1mapollo-router[0m [36mplugins::rhai::tests[0m[36m::[0m[34;1mtest_supergraph_error_logging_without_body[0m
[32;1m        PASS[0m [   3.369s] [35;1mapollo-router[0m [36mplugins::healthcheck::test[0m[36m::[0m[34;1mtest_health_check[0m
[32;1m        PASS[0m [   0.024s] [35;1mapollo-router[0m [36mplugins::subscription::tests[0m[36m::[0m[34;1mit_test_subscription_config[0m
[32;1m        PASS[0m [   0.058s] [35;1mapollo-router[0m [36mplugins::subscription::tests[0m[36m::[0m[34;1mit_test_callback_endpoint_with_bad_verifier[0m
[32;1m        PASS[0m [   0.024s] [35;1mapollo-router[0m [36mplugins::telemetry::config::tests[0m[36m::[0m[34;1mtest_attribute_value_from_json[0m
[32;1m        PASS[0m [   0.047s] [35;1mapollo-router[0m [36mplugins::subscription::tests[0m[36m::[0m[34;1mit_test_subgraph_service_with_subscription_disabled[0m
[32;1m        PASS[0m [   0.026s] [35;1mapollo-router[0m [36mplugins::telemetry::config::tests[0m[36m::[0m[34;1mtest_metric_view_rename_deserialization[0m
[32;1m        PASS[0m [   0.021s] [35;1mapollo-router[0m [36mplugins::telemetry::config::tests[0m[36m::[0m[34;1mtest_metric_view_without_rename[0m
[32;1m        PASS[0m [   0.095s] [35;1mapollo-router[0m [36mplugins::subscription::tests[0m[36m::[0m[34;1mit_test_callback_endpoint[0m
[32;1m        PASS[0m [   0.025s] [35;1mapollo-router[0m [36mplugins::telemetry::config::tests[0m[36m::[0m[34;1mtest_metric_view_with_all_fields[0m
[32;1m        PASS[0m [   0.031s] [35;1mapollo-router[0m [36mplugins::telemetry::config_new::conditional::test[0m[36m::[0m[34;1mtest_deserialization[0m
[32;1m        PASS[0m [   0.027s] [35;1mapollo-router[0m [36mplugins::telemetry::config_new::conditional::test[0m[36m::[0m[34;1mtest_deserialization_invalid_condition[0m
[32;1m        PASS[0m [   0.026s] [35;1mapollo-router[0m [36mplugins::telemetry::config_new::conditional::test[0m[36m::[0m[34;1mtest_deserialization_invalid_selector[0m
[32;1m        PASS[0m [   0.022s] [35;1mapollo-router[0m [36mplugins::telemetry::config_new::conditional::test[0m[36m::[0m[34;1mtest_deserialization_missing_selector[0m
[32;1m        PASS[0m [   0.024s] [35;1mapollo-router[0m [36mplugins::telemetry::config_new::conditional::test[0m[36m::[0m[34;1mtest_request_condition_from_request_fail[0m
[32;1m        PASS[0m [   3.431s] [35;1mapollo-router[0m [36mplugins::healthcheck::test[0m[36m::[0m[34;1mtest_health_check_custom_listener[0m
[32;1m        PASS[0m [   0.027s] [35;1mapollo-router[0m [36mplugins::telemetry::config_new::conditional::test[0m[36m::[0m[34;1mtest_response_condition_from_request_fail[0m
[32;1m        PASS[0m [   0.032s] [35;1mapollo-router[0m [36mplugins::telemetry::config_new::conditional::test[0m[36m::[0m[34;1mtest_request_condition_from_response_fail[0m
[32;1m        PASS[0m [   0.026s] [35;1mapollo-router[0m [36mplugins::telemetry::config_new::conditional::test[0m[36m::[0m[34;1mtest_simple_value[0m
[32;1m        PASS[0m [   0.030s] [35;1mapollo-router[0m [36mplugins::telemetry::config_new::conditional::test[0m[36m::[0m[34;1mtest_response_condition_from_response_fail[0m
[32;1m        PASS[0m [   0.027s] [35;1mapollo-router[0m [36mplugins::telemetry::config_new::conditional::test[0m[36m::[0m[34;1mtest_value_from_request_condition_from_response[0m
[32;1m        PASS[0m [   0.031s] [35;1mapollo-router[0m [36mplugins::telemetry::config_new::conditional::test[0m[36m::[0m[34;1mtest_value_from_request_condition_from_request[0m
[32;1m        PASS[0m [   0.028s] [35;1mapollo-router[0m [36mplugins::telemetry::config_new::conditional::test[0m[36m::[0m[34;1mtest_value_from_response_condition_from_request[0m
[32;1m        PASS[0m [   0.023s] [35;1mapollo-router[0m [36mplugins::telemetry::config_new::conditions::test[0m[36m::[0m[34;1mtest_condition_all[0m
[32;1m        PASS[0m [   0.030s] [35;1mapollo-router[0m [36mplugins::telemetry::config_new::conditional::test[0m[36m::[0m[34;1mtest_value_from_response_condition_from_response[0m
[32;1m        PASS[0m [   0.132s] [35;1mapollo-router[0m [36mplugins::subscription::tests[0m[36m::[0m[34;1mit_test_callback_endpoint_with_complete_subscription[0m
[32;1m        PASS[0m [   0.026s] [35;1mapollo-router[0m [36mplugins::telemetry::config_new::conditions::test[0m[36m::[0m[34;1mtest_condition_eq[0m
[32;1m        PASS[0m [   0.030s] [35;1mapollo-router[0m [36mplugins::telemetry::config_new::conditions::test[0m[36m::[0m[34;1mtest_condition_any[0m
[32;1m        PASS[0m [   0.022s] [35;1mapollo-router[0m [36mplugins::telemetry::config_new::conditions::test[0m[36m::[0m[34;1mtest_condition_exist[0m
[32;1m        PASS[0m [   0.029s] [35;1mapollo-router[0m [36mplugins::telemetry::config_new::conditions::test[0m[36m::[0m[34;1mtest_condition_gt[0m
[32;1m        PASS[0m [   0.028s] [35;1mapollo-router[0m [36mplugins::telemetry::config_new::conditions::test[0m[36m::[0m[34;1mtest_condition_lt[0m
[32;1m        PASS[0m [   3.434s] [35;1mapollo-router[0m [36mplugins::healthcheck::test[0m[36m::[0m[34;1mtest_health_check_disabled[0m
[32;1m        PASS[0m [   0.024s] [35;1mapollo-router[0m [36mplugins::telemetry::config_new::conditions::test[0m[36m::[0m[34;1mtest_condition_not[0m
[32;1m        PASS[0m [   0.030s] [35;1mapollo-router[0m [36mplugins::telemetry::config_new::conditions::test[0m[36m::[0m[34;1mtest_condition_selector[0m
[32;1m        PASS[0m [   0.027s] [35;1mapollo-router[0m [36mplugins::telemetry::config_new::conditions::test[0m[36m::[0m[34;1mtest_condition_validate[0m
[32;1m        PASS[0m [   0.030s] [35;1mapollo-router[0m [36mplugins::telemetry::config_new::conditions::test[0m[36m::[0m[34;1mtest_rewrite[0m
[32;1m        PASS[0m [   0.033s] [35;1mapollo-router[0m [36mplugins::telemetry::config_new::conditions::test[0m[36m::[0m[34;1mtest_evaluate_drop[0m
[32;1m        PASS[0m [   0.028s] [35;1mapollo-router[0m [36mplugins::telemetry::config_new::connector::selectors::tests[0m[36m::[0m[34;1mconnector_on_drop_static_field[0m
[32;1m        PASS[0m [   0.025s] [35;1mapollo-router[0m [36mplugins::telemetry::config_new::connector::selectors::tests[0m[36m::[0m[34;1mconnector_on_request_connector_source[0m
[32;1m        PASS[0m [   0.032s] [35;1mapollo-router[0m [36mplugins::telemetry::config_new::connector::selectors::tests[0m[36m::[0m[34;1mconnector_on_request_header_defaulted[0m
[32;1m        PASS[0m [   0.028s] [35;1mapollo-router[0m [36mplugins::telemetry::config_new::connector::selectors::tests[0m[36m::[0m[34;1mconnector_on_request_header_with_value[0m
[32;1m        PASS[0m [   3.405s] [35;1mapollo-router[0m [36mplugins::healthcheck::test[0m[36m::[0m[34;1mtest_health_check_unavailable_unready[0m
[32;1m        PASS[0m [   0.032s] [35;1mapollo-router[0m [36mplugins::telemetry::config_new::connector::selectors::tests[0m[36m::[0m[34;1mconnector_on_request_mapping_problems_boolean[0m
[32;1m        PASS[0m [   0.039s] [35;1mapollo-router[0m [36mplugins::telemetry::config_new::connector::selectors::tests[0m[36m::[0m[34;1mconnector_on_request_mapping_problems[0m
[32;1m        PASS[0m [   3.461s] [35;1mapollo-router[0m [36mplugins::healthcheck::test[0m[36m::[0m[34;1mtest_health_check_timeout_ready[0m
[32;1m        PASS[0m [   0.029s] [35;1mapollo-router[0m [36mplugins::telemetry::config_new::connector::selectors::tests[0m[36m::[0m[34;1mconnector_on_request_mapping_problems_count[0m
[32;1m        PASS[0m [   0.046s] [35;1mapollo-router[0m [36mplugins::telemetry::config_new::connector::selectors::tests[0m[36m::[0m[34;1mconnector_on_request_mapping_problems_count_zero[0m
[32;1m        PASS[0m [   0.041s] [35;1mapollo-router[0m [36mplugins::telemetry::config_new::connector::selectors::tests[0m[36m::[0m[34;1mconnector_on_request_mapping_problems_none[0m
[32;1m        PASS[0m [   3.444s] [35;1mapollo-router[0m [36mplugins::healthcheck::test[0m[36m::[0m[34;1mtest_health_check_unavailable_ready[0m
[32;1m        PASS[0m [   0.035s] [35;1mapollo-router[0m [36mplugins::telemetry::config_new::connector::selectors::tests[0m[36m::[0m[34;1mconnector_on_request_static_field[0m
[32;1m        PASS[0m [   0.031s] [35;1mapollo-router[0m [36mplugins::telemetry::config_new::connector::selectors::tests[0m[36m::[0m[34;1mconnector_on_request_subgraph_name[0m
[32;1m        PASS[0m [   0.028s] [35;1mapollo-router[0m [36mplugins::telemetry::config_new::connector::selectors::tests[0m[36m::[0m[34;1mconnector_on_request_url_template[0m
[32;1m        PASS[0m [   0.053s] [35;1mapollo-router[0m [36mplugins::telemetry::config_new::connector::selectors::tests[0m[36m::[0m[34;1mconnector_on_response_error[0m
[32;1m        PASS[0m [   0.048s] [35;1mapollo-router[0m [36mplugins::telemetry::config_new::connector::selectors::tests[0m[36m::[0m[34;1mconnector_on_response_header_defaulted[0m
[32;1m        PASS[0m [   0.043s] [35;1mapollo-router[0m [36mplugins::telemetry::config_new::connector::selectors::tests[0m[36m::[0m[34;1mconnector_on_response_header_with_value[0m
[32;1m        PASS[0m [   3.493s] [35;1mapollo-router[0m [36mplugins::healthcheck::test[0m[36m::[0m[34;1mtest_health_check_timeout_unready[0m
[32;1m        PASS[0m [   0.037s] [35;1mapollo-router[0m [36mplugins::telemetry::config_new::connector::selectors::tests[0m[36m::[0m[34;1mconnector_on_response_mapping_problems[0m
[32;1m        PASS[0m [   0.032s] [35;1mapollo-router[0m [36mplugins::telemetry::config_new::connector::selectors::tests[0m[36m::[0m[34;1mconnector_on_response_mapping_problems_boolean[0m
[32;1m        PASS[0m [   0.029s] [35;1mapollo-router[0m [36mplugins::telemetry::config_new::connector::selectors::tests[0m[36m::[0m[34;1mconnector_on_response_mapping_problems_count[0m
[32;1m        PASS[0m [   0.059s] [35;1mapollo-router[0m [36mplugins::telemetry::config_new::connector::selectors::tests[0m[36m::[0m[34;1mconnector_on_response_mapping_problems_count_zero[0m
[32;1m        PASS[0m [   0.054s] [35;1mapollo-router[0m [36mplugins::telemetry::config_new::connector::selectors::tests[0m[36m::[0m[34;1mconnector_on_response_mapping_problems_none[0m
[32;1m        PASS[0m [   0.047s] [35;1mapollo-router[0m [36mplugins::telemetry::config_new::connector::selectors::tests[0m[36m::[0m[34;1mconnector_on_response_status_code[0m
[32;1m        PASS[0m [   0.043s] [35;1mapollo-router[0m [36mplugins::telemetry::config_new::connector::selectors::tests[0m[36m::[0m[34;1mconnector_on_response_status_code_not_found[0m
[32;1m        PASS[0m [   0.035s] [35;1mapollo-router[0m [36mplugins::telemetry::config_new::connector::selectors::tests[0m[36m::[0m[34;1mconnector_on_response_status_reason_ok[0m
[32;1m        PASS[0m [   0.029s] [35;1mapollo-router[0m [36mplugins::telemetry::config_new::connector::selectors::tests[0m[36m::[0m[34;1mconnector_request_context[0m
[32;1m        PASS[0m [   0.363s] [35;1mapollo-router[0m [36mplugins::subscription::notification::tests[0m[36m::[0m[34;1mit_test_ttl[0m
[32;1m        PASS[0m [   0.051s] [35;1mapollo-router[0m [36mplugins::telemetry::config_new::connector::selectors::tests[0m[36m::[0m[34;1mconnector_supergraph_operation_kind[0m
[32;1m        PASS[0m [   0.044s] [35;1mapollo-router[0m [36mplugins::telemetry::config_new::connector::selectors::tests[0m[36m::[0m[34;1mconnector_supergraph_operation_name_hash[0m
[32;1m        PASS[0m [   0.038s] [35;1mapollo-router[0m [36mplugins::telemetry::config_new::connector::selectors::tests[0m[36m::[0m[34;1mconnector_supergraph_operation_name_string[0m
[32;1m        PASS[0m [   0.033s] [35;1mapollo-router[0m [36mplugins::telemetry::config_new::connector::selectors::tests[0m[36m::[0m[34;1merror_reason[0m
[32;1m        PASS[0m [   0.024s] [35;1mapollo-router[0m [36mplugins::telemetry::config_new::extendable::test[0m[36m::[0m[34;1mtest_extendable_serde[0m
[32;1m        PASS[0m [   0.026s] [35;1mapollo-router[0m [36mplugins::telemetry::config_new::extendable::test[0m[36m::[0m[34;1mtest_extendable_serde_conditional[0m
[32;1m        PASS[0m [   0.052s] [35;1mapollo-router[0m [36mplugins::telemetry::config_new::cost::test[0m[36m::[0m[34;1mtest_default_actual[0m
[32;1m        PASS[0m [   0.055s] [35;1mapollo-router[0m [36mplugins::telemetry::config_new::cost::test[0m[36m::[0m[34;1mtest_default_actual_with_attributes[0m
[32;1m        PASS[0m [   0.030s] [35;1mapollo-router[0m [36mplugins::telemetry::config_new::extendable::test[0m[36m::[0m[34;1mtest_extendable_serde_fail[0m
[32;1m        PASS[0m [   0.026s] [35;1mapollo-router[0m [36mplugins::telemetry::config_new::graphql::attributes::test[0m[36m::[0m[34;1mtest_default_for_level[0m
[32;1m        PASS[0m [   0.062s] [35;1mapollo-router[0m [36mplugins::telemetry::config_new::cost::test[0m[36m::[0m[34;1mtest_default_delta[0m
[32;1m        PASS[0m [   0.034s] [35;1mapollo-router[0m [36mplugins::telemetry::config_new::graphql::attributes::test[0m[36m::[0m[34;1mtest_on_response_field_list[0m
[32;1m        PASS[0m [   0.054s] [35;1mapollo-router[0m [36mplugins::telemetry::config_new::cost::test[0m[36m::[0m[34;1mtest_default_estimated[0m
[32;1m        PASS[0m [   0.051s] [35;1mapollo-router[0m [36mplugins::telemetry::config_new::cost::test[0m[36m::[0m[34;1mtest_default_estimated_with_attributes[0m
[32;1m        PASS[0m [   0.023s] [35;1mapollo-router[0m [36mplugins::telemetry::config_new::graphql::selectors::tests[0m[36m::[0m[34;1marray_length[0m
[32;1m        PASS[0m [   0.048s] [35;1mapollo-router[0m [36mplugins::telemetry::config_new::graphql::attributes::test[0m[36m::[0m[34;1mtest_on_response_field_non_list[0m
[32;1m        PASS[0m [   0.077s] [35;1mapollo-router[0m [36mplugins::telemetry::config_new::cost::test[0m[36m::[0m[34;1mtest_default_delta_with_attributes[0m
[32;1m        PASS[0m [   0.037s] [35;1mapollo-router[0m [36mplugins::telemetry::config_new::graphql::selectors::tests[0m[36m::[0m[34;1mfield_name[0m
[32;1m        PASS[0m [   0.034s] [35;1mapollo-router[0m [36mplugins::telemetry::config_new::graphql::selectors::tests[0m[36m::[0m[34;1mfield_type[0m
[32;1m        PASS[0m [   0.030s] [35;1mapollo-router[0m [36mplugins::telemetry::config_new::graphql::selectors::tests[0m[36m::[0m[34;1mfield_type_list_type[0m
[32;1m        PASS[0m [   0.026s] [35;1mapollo-router[0m [36mplugins::telemetry::config_new::graphql::selectors::tests[0m[36m::[0m[34;1mfield_type_object_type[0m
[32;1m        PASS[0m [   0.023s] [35;1mapollo-router[0m [36mplugins::telemetry::config_new::graphql::selectors::tests[0m[36m::[0m[34;1mfield_type_scalar_type[0m
[32;1m        PASS[0m [   0.043s] [35;1mapollo-router[0m [36mplugins::telemetry::config_new::graphql::selectors::tests[0m[36m::[0m[34;1moperation_name[0m
[32;1m        PASS[0m [   0.040s] [35;1mapollo-router[0m [36mplugins::telemetry::config_new::graphql::selectors::tests[0m[36m::[0m[34;1moperation_name_defaulted[0m
[32;1m        PASS[0m [   0.038s] [35;1mapollo-router[0m [36mplugins::telemetry::config_new::graphql::selectors::tests[0m[36m::[0m[34;1moperation_name_hash[0m
[32;1m        PASS[0m [   0.033s] [35;1mapollo-router[0m [36mplugins::telemetry::config_new::graphql::selectors::tests[0m[36m::[0m[34;1mstatic_field[0m
[32;1m        PASS[0m [   0.029s] [35;1mapollo-router[0m [36mplugins::telemetry::config_new::graphql::selectors::tests[0m[36m::[0m[34;1mtype_name[0m
[32;1m        PASS[0m [   0.038s] [35;1mapollo-router[0m [36mplugins::telemetry::config_new::http_client::selectors::test[0m[36m::[0m[34;1mtest_http_client_request_header[0m
[32;1m        PASS[0m [   0.034s] [35;1mapollo-router[0m [36mplugins::telemetry::config_new::http_client::selectors::test[0m[36m::[0m[34;1mtest_http_client_response_header[0m
[32;1m        PASS[0m [   0.031s] [35;1mapollo-router[0m [36mplugins::telemetry::config_new::http_common::attributes::test[0m[36m::[0m[34;1mtest_http_common_error_type[0m
[32;1m        PASS[0m [   0.026s] [35;1mapollo-router[0m [36mplugins::telemetry::config_new::http_common::attributes::test[0m[36m::[0m[34;1mtest_http_common_network_protocol_name[0m
[32;1m        PASS[0m [   0.041s] [35;1mapollo-router[0m [36mplugins::telemetry::config_new::http_common::attributes::test[0m[36m::[0m[34;1mtest_http_common_network_protocol_version[0m
[32;1m        PASS[0m [   0.034s] [35;1mapollo-router[0m [36mplugins::telemetry::config_new::http_common::attributes::test[0m[36m::[0m[34;1mtest_http_common_network_transport[0m
[32;1m        PASS[0m [   0.030s] [35;1mapollo-router[0m [36mplugins::telemetry::config_new::http_common::attributes::test[0m[36m::[0m[34;1mtest_http_common_network_type[0m
[32;1m        PASS[0m [   0.780s] [35;1mapollo-router[0m [36mplugins::rhai::tests[0m[36m::[0m[34;1mit_cannot_expand_missing_environment_variable[0m
[32;1m        PASS[0m [   0.034s] [35;1mapollo-router[0m [36mplugins::telemetry::config_new::http_common::attributes::test[0m[36m::[0m[34;1mtest_http_common_request_method[0m
[32;1m        PASS[0m [   0.039s] [35;1mapollo-router[0m [36mplugins::telemetry::config_new::http_common::attributes::test[0m[36m::[0m[34;1mtest_http_common_request_body_size[0m
[32;1m        PASS[0m [   0.031s] [35;1mapollo-router[0m [36mplugins::telemetry::config_new::http_common::attributes::test[0m[36m::[0m[34;1mtest_http_common_response_body_size[0m
[32;1m        PASS[0m [   0.027s] [35;1mapollo-router[0m [36mplugins::telemetry::config_new::http_common::attributes::test[0m[36m::[0m[34;1mtest_http_common_response_status_code[0m
[32;1m        PASS[0m [   0.036s] [35;1mapollo-router[0m [36mplugins::telemetry::config_new::http_server::attributes::test[0m[36m::[0m[34;1mtest_http_common_network_type[0m
[32;1m        PASS[0m [   0.028s] [35;1mapollo-router[0m [36mplugins::telemetry::config_new::http_server::attributes::test[0m[36m::[0m[34;1mtest_http_server_client_address[0m
[32;1m        PASS[0m [   0.025s] [35;1mapollo-router[0m [36mplugins::telemetry::config_new::http_server::attributes::test[0m[36m::[0m[34;1mtest_http_server_client_port[0m
[32;1m        PASS[0m [   0.035s] [35;1mapollo-router[0m [36mplugins::telemetry::config_new::http_server::attributes::test[0m[36m::[0m[34;1mtest_http_server_http_route[0m
[32;1m        PASS[0m [   0.032s] [35;1mapollo-router[0m [36mplugins::telemetry::config_new::http_server::attributes::test[0m[36m::[0m[34;1mtest_http_server_network_local_address[0m
[32;1m        PASS[0m [   0.028s] [35;1mapollo-router[0m [36mplugins::telemetry::config_new::http_server::attributes::test[0m[36m::[0m[34;1mtest_http_server_network_local_port[0m
[32;1m        PASS[0m [   0.025s] [35;1mapollo-router[0m [36mplugins::telemetry::config_new::http_server::attributes::test[0m[36m::[0m[34;1mtest_http_server_network_peer_address[0m
[32;1m        PASS[0m [   0.034s] [35;1mapollo-router[0m [36mplugins::telemetry::config_new::http_server::attributes::test[0m[36m::[0m[34;1mtest_http_server_network_peer_port[0m
[32;1m        PASS[0m [   0.031s] [35;1mapollo-router[0m [36mplugins::telemetry::config_new::http_server::attributes::test[0m[36m::[0m[34;1mtest_http_server_query[0m
[32;1m        PASS[0m [   0.027s] [35;1mapollo-router[0m [36mplugins::telemetry::config_new::http_server::attributes::test[0m[36m::[0m[34;1mtest_http_server_scheme[0m
[32;1m        PASS[0m [   0.036s] [35;1mapollo-router[0m [36mplugins::telemetry::config_new::http_server::attributes::test[0m[36m::[0m[34;1mtest_http_server_server_address[0m
[32;1m        PASS[0m [   0.033s] [35;1mapollo-router[0m [36mplugins::telemetry::config_new::http_server::attributes::test[0m[36m::[0m[34;1mtest_http_server_server_port[0m
[32;1m        PASS[0m [   0.030s] [35;1mapollo-router[0m [36mplugins::telemetry::config_new::http_server::attributes::test[0m[36m::[0m[34;1mtest_http_server_url_path[0m
[32;1m        PASS[0m [   0.026s] [35;1mapollo-router[0m [36mplugins::telemetry::config_new::http_server::attributes::test[0m[36m::[0m[34;1mtest_http_server_user_agent_original[0m
[32;1m        PASS[0m [   0.023s] [35;1mapollo-router[0m [36mplugins::telemetry::config_new::instruments::tests[0m[36m::[0m[34;1mtest_duration_to_f64_fractional_milliseconds[0m
[32;1m        PASS[0m [   0.037s] [35;1mapollo-router[0m [36mplugins::telemetry::config_new::instruments::tests[0m[36m::[0m[34;1mtest_duration_to_f64_fractional_seconds[0m
[32;1m        PASS[0m [   0.034s] [35;1mapollo-router[0m [36mplugins::telemetry::config_new::instruments::tests[0m[36m::[0m[34;1mtest_duration_to_f64_microseconds[0m
[32;1m        PASS[0m [   0.025s] [35;1mapollo-router[0m [36mplugins::telemetry::config_new::instruments::tests[0m[36m::[0m[34;1mtest_duration_to_f64_milliseconds[0m
[32;1m        PASS[0m [   0.021s] [35;1mapollo-router[0m [36mplugins::telemetry::config_new::instruments::tests[0m[36m::[0m[34;1mtest_duration_to_f64_nanoseconds[0m
[32;1m        PASS[0m [   0.032s] [35;1mapollo-router[0m [36mplugins::telemetry::config_new::instruments::tests[0m[36m::[0m[34;1mtest_duration_to_f64_seconds[0m
[32;1m        PASS[0m [   0.022s] [35;1mapollo-router[0m [36mplugins::telemetry::config_new::logging::test[0m[36m::[0m[34;1mformat_de[0m
[32;1m        PASS[0m [   0.031s] [35;1mapollo-router[0m [36mplugins::telemetry::config_new::instruments::tests[0m[36m::[0m[34;1mwrite_schema[0m
[32;1m        PASS[0m [   0.029s] [35;1mapollo-router[0m [36mplugins::telemetry::config_new::router::attributes::test[0m[36m::[0m[34;1mtest_router_trace_attributes[0m
[32;1m        PASS[0m [   0.023s] [35;1mapollo-router[0m [36mplugins::telemetry::config_new::router::selectors::test[0m[36m::[0m[34;1mrouter_env[0m
[32;1m        PASS[0m [   0.035s] [35;1mapollo-router[0m [36mplugins::telemetry::config_new::router::selectors::test[0m[36m::[0m[34;1mrouter_baggage[0m
[32;1m        PASS[0m [   0.026s] [35;1mapollo-router[0m [36mplugins::telemetry::config_new::router::selectors::test[0m[36m::[0m[34;1mrouter_operation_name_string[0m
[32;1m        PASS[0m [   0.084s] [35;1mapollo-router[0m [36mplugins::telemetry::config_new::instruments::tests[0m[36m::[0m[34;1mtest_router_instruments[0m
[32;1m        PASS[0m [   0.081s] [35;1mapollo-router[0m [36mplugins::telemetry::config_new::instruments::tests[0m[36m::[0m[34;1mtest_supergraph_instruments[0m
[32;1m        PASS[0m [   0.036s] [35;1mapollo-router[0m [36mplugins::telemetry::config_new::router::selectors::test[0m[36m::[0m[34;1mrouter_request_context[0m
[32;1m        PASS[0m [   0.030s] [35;1mapollo-router[0m [36mplugins::telemetry::config_new::router::selectors::test[0m[36m::[0m[34;1mrouter_request_header[0m
[32;1m        PASS[0m [   0.032s] [35;1mapollo-router[0m [36mplugins::telemetry::config_new::router::selectors::test[0m[36m::[0m[34;1mrouter_response_body[0m
[32;1m        PASS[0m [   0.035s] [35;1mapollo-router[0m [36mplugins::telemetry::config_new::router::selectors::test[0m[36m::[0m[34;1mrouter_response_body_errors[0m
[32;1m        PASS[0m [   0.032s] [35;1mapollo-router[0m [36mplugins::telemetry::config_new::router::selectors::test[0m[36m::[0m[34;1mrouter_response_context[0m
[32;1m        PASS[0m [   0.036s] [35;1mapollo-router[0m [36mplugins::telemetry::config_new::router::selectors::test[0m[36m::[0m[34;1mrouter_response_header[0m
[32;1m        PASS[0m [   0.032s] [35;1mapollo-router[0m [36mplugins::telemetry::config_new::router::selectors::test[0m[36m::[0m[34;1mrouter_response_status_code[0m
[32;1m        PASS[0m [   0.027s] [35;1mapollo-router[0m [36mplugins::telemetry::config_new::router::selectors::test[0m[36m::[0m[34;1mrouter_response_status_reason[0m
[32;1m        PASS[0m [   0.034s] [35;1mapollo-router[0m [36mplugins::telemetry::config_new::router::selectors::test[0m[36m::[0m[34;1mrouter_static[0m
[32;1m        PASS[0m [   0.028s] [35;1mapollo-router[0m [36mplugins::telemetry::config_new::router::selectors::test[0m[36m::[0m[34;1mrouter_static_field[0m
[32;1m        PASS[0m [   0.025s] [35;1mapollo-router[0m [36mplugins::telemetry::config_new::router::selectors::test[0m[36m::[0m[34;1mtest_router_studio_trace_id[0m
[32;1m        PASS[0m [   0.035s] [35;1mapollo-router[0m [36mplugins::telemetry::config_new::router::selectors::test[0m[36m::[0m[34;1mrouter_trace_id[0m
[32;1m        PASS[0m [   1.643s] [35;1mapollo-router[0m [36mplugins::response_cache::tests[0m[36m::[0m[34;1mfailure_mode[0m
[32;1m        PASS[0m [   0.036s] [35;1mapollo-router[0m [36mplugins::telemetry::config_new::router::spans::test[0m[36m::[0m[34;1mtest_router_request_custom_attribute[0m
[32;1m        PASS[0m [   0.028s] [35;1mapollo-router[0m [36mplugins::telemetry::config_new::router::spans::test[0m[36m::[0m[34;1mtest_router_request_custom_attribute_condition_false[0m
[32;1m        PASS[0m [   0.030s] [35;1mapollo-router[0m [36mplugins::telemetry::config_new::router::spans::test[0m[36m::[0m[34;1mtest_router_request_custom_attribute_condition_true[0m
[32;1m        PASS[0m [   0.028s] [35;1mapollo-router[0m [36mplugins::telemetry::config_new::router::spans::test[0m[36m::[0m[34;1mtest_router_request_custom_attribute_not_on_graphql_error_context_false[0m
[32;1m        PASS[0m [   0.030s] [35;1mapollo-router[0m [36mplugins::telemetry::config_new::router::spans::test[0m[36m::[0m[34;1mtest_router_request_custom_attribute_not_on_graphql_error_context_missing[0m
[32;1m        PASS[0m [   0.027s] [35;1mapollo-router[0m [36mplugins::telemetry::config_new::router::spans::test[0m[36m::[0m[34;1mtest_router_request_custom_attribute_on_graphql_error[0m
[32;1m        PASS[0m [   0.024s] [35;1mapollo-router[0m [36mplugins::telemetry::config_new::router::spans::test[0m[36m::[0m[34;1mtest_router_response_custom_attribute[0m
[32;1m        PASS[0m [   0.037s] [35;1mapollo-router[0m [36mplugins::telemetry::config_new::router::spans::test[0m[36m::[0m[34;1mtest_router_request_standard_attribute_aliased[0m
[32;1m        PASS[0m [   0.034s] [35;1mapollo-router[0m [36mplugins::telemetry::config_new::router::spans::test[0m[36m::[0m[34;1mtest_router_request_static_custom_attribute_on_graphql_error[0m
[32;1m        PASS[0m [   0.046s] [35;1mapollo-router[0m [36mplugins::telemetry::config_new::router::spans::test[0m[36m::[0m[34;1mtest_router_spans_level_none[0m
[32;1m        PASS[0m [   0.040s] [35;1mapollo-router[0m [36mplugins::telemetry::config_new::router::spans::test[0m[36m::[0m[34;1mtest_router_spans_level_recommended[0m
[32;1m        PASS[0m [   0.036s] [35;1mapollo-router[0m [36mplugins::telemetry::config_new::router::spans::test[0m[36m::[0m[34;1mtest_router_spans_level_required[0m
[32;1m        PASS[0m [   0.035s] [35;1mapollo-router[0m [36mplugins::telemetry::config_new::router_overhead::layer::tests[0m[36m::[0m[34;1mtest_layer_works_without_tracker[0m
[32;1m        PASS[0m [   0.058s] [35;1mapollo-router[0m [36mplugins::telemetry::config_new::router_overhead::layer::tests[0m[36m::[0m[34;1mtest_layer_creates_guard_when_tracker_present[0m
[32;1m        PASS[0m [   0.061s] [35;1mapollo-router[0m [36mplugins::telemetry::config_new::router_overhead::tracker::tests[0m[36m::[0m[34;1mtest_active_subgraph_requests_flag[0m
[32;1m        PASS[0m [   0.029s] [35;1mapollo-router[0m [36mplugins::telemetry::config_new::router_overhead::tracker::tests[0m[36m::[0m[34;1mtest_thread_safety[0m
[32;1m        PASS[0m [   0.025s] [35;1mapollo-router[0m [36mplugins::telemetry::config_new::subgraph::attributes::test[0m[36m::[0m[34;1mtest_subgraph_graphql_document[0m
[32;1m        PASS[0m [   0.022s] [35;1mapollo-router[0m [36mplugins::telemetry::config_new::subgraph::attributes::test[0m[36m::[0m[34;1mtest_subgraph_graphql_operation_name[0m
[32;1m        PASS[0m [   0.130s] [35;1mapollo-router[0m [36mplugins::telemetry::config_new::router_overhead::tracker::tests[0m[36m::[0m[34;1mtest_no_subgraph_requests[0m
[32;1m        PASS[0m [   0.028s] [35;1mapollo-router[0m [36mplugins::telemetry::config_new::subgraph::attributes::test[0m[36m::[0m[34;1mtest_subgraph_graphql_operation_type[0m
[32;1m        PASS[0m [   0.141s] [35;1mapollo-router[0m [36mplugins::telemetry::config_new::router_overhead::tracker::tests[0m[36m::[0m[34;1mtest_sequential_subgraph_requests[0m
[32;1m        PASS[0m [   0.024s] [35;1mapollo-router[0m [36mplugins::telemetry::config_new::subgraph::attributes::test[0m[36m::[0m[34;1mtest_subgraph_name[0m
[32;1m        PASS[0m [   0.185s] [35;1mapollo-router[0m [36mplugins::telemetry::config_new::router_overhead::tracker::tests[0m[36m::[0m[34;1mtest_concurrent_subgraph_requests[0m
[32;1m        PASS[0m [   0.028s] [35;1mapollo-router[0m [36mplugins::telemetry::config_new::subgraph::selectors::test[0m[36m::[0m[34;1mentity_cache_hit_all_entities[0m
[32;1m        PASS[0m [   0.170s] [35;1mapollo-router[0m [36mplugins::telemetry::config_new::router_overhead::tracker::tests[0m[36m::[0m[34;1mtest_single_subgraph_request[0m
[32;1m        PASS[0m [   0.023s] [35;1mapollo-router[0m [36mplugins::telemetry::config_new::subgraph::selectors::test[0m[36m::[0m[34;1mresponse_cache_hit_one_entity[0m
[32;1m        PASS[0m [   0.034s] [35;1mapollo-router[0m [36mplugins::telemetry::config_new::subgraph::selectors::test[0m[36m::[0m[34;1mresponse_cache_hit_all_entities[0m
[32;1m        PASS[0m [   0.029s] [35;1mapollo-router[0m [36mplugins::telemetry::config_new::subgraph::selectors::test[0m[36m::[0m[34;1mresponse_cache_status_all[0m
[32;1m        PASS[0m [   0.625s] [35;1mapollo-router[0m [36mplugins::telemetry::config_new::graphql::test[0m[36m::[0m[34;1mbasic_metric_publishing[0m
[32;1m        PASS[0m [   0.030s] [35;1mapollo-router[0m [36mplugins::telemetry::config_new::subgraph::selectors::test[0m[36m::[0m[34;1mresponse_cache_status_type[0m
[32;1m        PASS[0m [   0.035s] [35;1mapollo-router[0m [36mplugins::telemetry::config_new::subgraph::selectors::test[0m[36m::[0m[34;1msubgraph_baggage[0m
[32;1m        PASS[0m [   0.032s] [35;1mapollo-router[0m [36mplugins::telemetry::config_new::subgraph::selectors::test[0m[36m::[0m[34;1msubgraph_env[0m
[32;1m        PASS[0m [   0.031s] [35;1mapollo-router[0m [36mplugins::telemetry::config_new::subgraph::selectors::test[0m[36m::[0m[34;1msubgraph_name[0m
[32;1m        PASS[0m [   0.032s] [35;1mapollo-router[0m [36mplugins::telemetry::config_new::subgraph::selectors::test[0m[36m::[0m[34;1msubgraph_on_graphql_error[0m
[32;1m        PASS[0m [   0.660s] [35;1mapollo-router[0m [36mplugins::telemetry::config_new::graphql::test[0m[36m::[0m[34;1mfiltered_metric_publishing[0m
[32;1m        PASS[0m [   0.672s] [35;1mapollo-router[0m [36mplugins::telemetry::config_new::graphql::test[0m[36m::[0m[34;1mmultiple_fields_metric_publishing[0m
[32;1m        PASS[0m [   0.036s] [35;1mapollo-router[0m [36mplugins::telemetry::config_new::subgraph::selectors::test[0m[36m::[0m[34;1msubgraph_operation_kind[0m
[32;1m        PASS[0m [   0.040s] [35;1mapollo-router[0m [36mplugins::telemetry::config_new::subgraph::selectors::test[0m[36m::[0m[34;1msubgraph_request_context[0m
[32;1m        PASS[0m [   0.034s] [35;1mapollo-router[0m [36mplugins::telemetry::config_new::subgraph::selectors::test[0m[36m::[0m[34;1msubgraph_resend_count[0m
[32;1m        PASS[0m [   0.688s] [35;1mapollo-router[0m [36mplugins::telemetry::config_new::graphql::test[0m[36m::[0m[34;1mdisabled_metric_publishing[0m
[32;1m        PASS[0m [   0.040s] [35;1mapollo-router[0m [36mplugins::telemetry::config_new::subgraph::selectors::test[0m[36m::[0m[34;1msubgraph_response_context[0m
[32;1m        PASS[0m [   1.670s] [35;1mapollo-router[0m [36mplugins::response_cache::tests[0m[36m::[0m[34;1mprivate_without_private_id[0m
[32;1m        PASS[0m [   0.035s] [35;1mapollo-router[0m [36mplugins::telemetry::config_new::subgraph::selectors::test[0m[36m::[0m[34;1msubgraph_static[0m
[32;1m        PASS[0m [   0.040s] [35;1mapollo-router[0m [36mplugins::telemetry::config_new::subgraph::selectors::test[0m[36m::[0m[34;1msubgraph_static_field[0m
[32;1m        PASS[0m [   0.037s] [35;1mapollo-router[0m [36mplugins::telemetry::config_new::subgraph::selectors::test[0m[36m::[0m[34;1msubgraph_subgraph_operation_name_hash[0m
[32;1m        PASS[0m [   0.031s] [35;1mapollo-router[0m [36mplugins::telemetry::config_new::subgraph::selectors::test[0m[36m::[0m[34;1msubgraph_subgraph_operation_name_string[0m
[32;1m        PASS[0m [   0.037s] [35;1mapollo-router[0m [36mplugins::telemetry::config_new::subgraph::selectors::test[0m[36m::[0m[34;1msubgraph_subgraph_query[0m
[32;1m        PASS[0m [   0.033s] [35;1mapollo-router[0m [36mplugins::telemetry::config_new::subgraph::selectors::test[0m[36m::[0m[34;1msubgraph_subgraph_query_variable[0m
[32;1m        PASS[0m [   0.028s] [35;1mapollo-router[0m [36mplugins::telemetry::config_new::subgraph::selectors::test[0m[36m::[0m[34;1msubgraph_subgraph_request_header[0m
[32;1m        PASS[0m [   0.038s] [35;1mapollo-router[0m [36mplugins::telemetry::config_new::subgraph::selectors::test[0m[36m::[0m[34;1msubgraph_subgraph_response_data[0m
[32;1m        PASS[0m [   0.035s] [35;1mapollo-router[0m [36mplugins::telemetry::config_new::subgraph::selectors::test[0m[36m::[0m[34;1msubgraph_subgraph_response_header[0m
[32;1m        PASS[0m [   0.028s] [35;1mapollo-router[0m [36mplugins::telemetry::config_new::subgraph::selectors::test[0m[36m::[0m[34;1msubgraph_subgraph_response_status_code[0m
[32;1m        PASS[0m [   0.036s] [35;1mapollo-router[0m [36mplugins::telemetry::config_new::subgraph::selectors::test[0m[36m::[0m[34;1msubgraph_subgraph_response_status_reason[0m
[32;1m        PASS[0m [   0.033s] [35;1mapollo-router[0m [36mplugins::telemetry::config_new::subgraph::selectors::test[0m[36m::[0m[34;1msubgraph_supergraph_operation_name_hash[0m
[32;1m        PASS[0m [   0.029s] [35;1mapollo-router[0m [36mplugins::telemetry::config_new::subgraph::selectors::test[0m[36m::[0m[34;1msubgraph_supergraph_operation_name_string[0m
[32;1m        PASS[0m [   0.025s] [35;1mapollo-router[0m [36mplugins::telemetry::config_new::subgraph::selectors::test[0m[36m::[0m[34;1msubgraph_supergraph_query[0m
[32;1m        PASS[0m [   0.040s] [35;1mapollo-router[0m [36mplugins::telemetry::config_new::subgraph::selectors::test[0m[36m::[0m[34;1msubgraph_supergraph_query_variable[0m
[32;1m        PASS[0m [   0.034s] [35;1mapollo-router[0m [36mplugins::telemetry::config_new::subgraph::selectors::test[0m[36m::[0m[34;1msubgraph_supergraph_request_header[0m
[32;1m        PASS[0m [   0.027s] [35;1mapollo-router[0m [36mplugins::telemetry::config_new::subgraph::spans::test[0m[36m::[0m[34;1mtest_subgraph_response_custom_attribute[0m
[32;1m        PASS[0m [   0.038s] [35;1mapollo-router[0m [36mplugins::telemetry::config_new::subgraph::spans::test[0m[36m::[0m[34;1mtest_subgraph_response_custom_attribute_bad_condition[0m
[32;1m        PASS[0m [   0.048s] [35;1mapollo-router[0m [36mplugins::telemetry::config_new::subgraph::spans::test[0m[36m::[0m[34;1mtest_subgraph_request_custom_attribute[0m
[32;1m        PASS[0m [   0.033s] [35;1mapollo-router[0m [36mplugins::telemetry::config_new::subgraph::spans::test[0m[36m::[0m[34;1mtest_subgraph_response_custom_attribute_good_condition[0m
[32;1m        PASS[0m [   0.030s] [35;1mapollo-router[0m [36mplugins::telemetry::config_new::subgraph::spans::test[0m[36m::[0m[34;1mtest_subgraph_spans_level_none[0m
[32;1m        PASS[0m [   1.055s] [35;1mapollo-router[0m [36mplugins::telemetry::config_new::connector::events::tests[0m[36m::[0m[34;1mtest_connector_events_request[0m
[32;1m        PASS[0m [   0.041s] [35;1mapollo-router[0m [36mplugins::telemetry::config_new::subgraph::spans::test[0m[36m::[0m[34;1mtest_subgraph_spans_level_recommended[0m
[32;1m        PASS[0m [   1.052s] [35;1mapollo-router[0m [36mplugins::telemetry::config_new::connector::events::tests[0m[36m::[0m[34;1mtest_connector_events_response[0m
[32;1m        PASS[0m [   0.030s] [35;1mapollo-router[0m [36mplugins::telemetry::config_new::supergraph::attributes::test[0m[36m::[0m[34;1mtest_supergraph_graphql_document[0m
[32;1m        PASS[0m [   0.036s] [35;1mapollo-router[0m [36mplugins::telemetry::config_new::subgraph::spans::test[0m[36m::[0m[34;1mtest_subgraph_spans_level_required[0m
[32;1m        PASS[0m [   0.045s] [35;1mapollo-router[0m [36mplugins::telemetry::config_new::supergraph::attributes::test[0m[36m::[0m[34;1mtest_supergraph_graphql_operation_name[0m
[32;1m        PASS[0m [   0.037s] [35;1mapollo-router[0m [36mplugins::telemetry::config_new::supergraph::attributes::test[0m[36m::[0m[34;1mtest_supergraph_graphql_operation_type[0m
[32;1m        PASS[0m [   0.025s] [35;1mapollo-router[0m [36mplugins::telemetry::config_new::supergraph::selectors::test[0m[36m::[0m[34;1msupergraph_env[0m
[32;1m        PASS[0m [   0.026s] [35;1mapollo-router[0m [36mplugins::telemetry::config_new::supergraph::selectors::test[0m[36m::[0m[34;1msupergraph_operation_kind[0m
[32;1m        PASS[0m [   0.029s] [35;1mapollo-router[0m [36mplugins::telemetry::config_new::supergraph::selectors::test[0m[36m::[0m[34;1msupergraph_is_primary[0m
[32;1m        PASS[0m [   0.036s] [35;1mapollo-router[0m [36mplugins::telemetry::config_new::supergraph::selectors::test[0m[36m::[0m[34;1msupergraph_operation_name_hash[0m
[32;1m        PASS[0m [   0.037s] [35;1mapollo-router[0m [36mplugins::telemetry::config_new::supergraph::selectors::test[0m[36m::[0m[34;1msupergraph_operation_name_string[0m
[32;1m        PASS[0m [   0.057s] [35;1mapollo-router[0m [36mplugins::telemetry::config_new::supergraph::selectors::test[0m[36m::[0m[34;1msupergraph_baggage[0m
[32;1m        PASS[0m [   0.028s] [35;1mapollo-router[0m [36mplugins::telemetry::config_new::supergraph::selectors::test[0m[36m::[0m[34;1msupergraph_query[0m
[32;1m        PASS[0m [   0.038s] [35;1mapollo-router[0m [36mplugins::telemetry::config_new::supergraph::selectors::test[0m[36m::[0m[34;1msupergraph_query_aliases[0m
[32;1m        PASS[0m [   0.028s] [35;1mapollo-router[0m [36mplugins::telemetry::config_new::supergraph::selectors::test[0m[36m::[0m[34;1msupergraph_query_depth[0m
[32;1m        PASS[0m [   0.031s] [35;1mapollo-router[0m [36mplugins::telemetry::config_new::supergraph::selectors::test[0m[36m::[0m[34;1msupergraph_query_height[0m
[32;1m        PASS[0m [   0.031s] [35;1mapollo-router[0m [36mplugins::telemetry::config_new::supergraph::selectors::test[0m[36m::[0m[34;1msupergraph_query_root_fields[0m
[32;1m        PASS[0m [   0.033s] [35;1mapollo-router[0m [36mplugins::telemetry::config_new::supergraph::selectors::test[0m[36m::[0m[34;1msupergraph_query_variable[0m
[32;1m        PASS[0m [   0.030s] [35;1mapollo-router[0m [36mplugins::telemetry::config_new::supergraph::selectors::test[0m[36m::[0m[34;1msupergraph_request_context[0m
[32;1m        PASS[0m [   0.023s] [35;1mapollo-router[0m [36mplugins::telemetry::config_new::supergraph::selectors::test[0m[36m::[0m[34;1msupergraph_response_context[0m
[32;1m        PASS[0m [   0.037s] [35;1mapollo-router[0m [36mplugins::telemetry::config_new::supergraph::selectors::test[0m[36m::[0m[34;1msupergraph_request_header[0m
[32;1m        PASS[0m [   0.027s] [35;1mapollo-router[0m [36mplugins::telemetry::config_new::supergraph::selectors::test[0m[36m::[0m[34;1msupergraph_static[0m
[32;1m        PASS[0m [   2.166s] [35;1mapollo-router[0m [36mplugins::response_cache::tests[0m[36m::[0m[34;1minvalidate_by_cache_tag[0m
[32;1m        PASS[0m [   0.033s] [35;1mapollo-router[0m [36mplugins::telemetry::config_new::supergraph::selectors::test[0m[36m::[0m[34;1msupergraph_response_header[0m
[32;1m        PASS[0m [   2.161s] [35;1mapollo-router[0m [36mplugins::response_cache::tests[0m[36m::[0m[34;1minvalidate_by_type[0m
[32;1m        PASS[0m [   0.034s] [35;1mapollo-router[0m [36mplugins::telemetry::config_new::supergraph::selectors::test[0m[36m::[0m[34;1msupergraph_static_field[0m
[32;1m        PASS[0m [   0.030s] [35;1mapollo-router[0m [36mplugins::telemetry::config_new::supergraph::spans::test[0m[36m::[0m[34;1mtest_supergraph_request_custom_attribute[0m
[32;1m        PASS[0m [   0.027s] [35;1mapollo-router[0m [36mplugins::telemetry::config_new::supergraph::spans::test[0m[36m::[0m[34;1mtest_supergraph_response_custom_attribute[0m
[32;1m        PASS[0m [   0.031s] [35;1mapollo-router[0m [36mplugins::telemetry::config_new::supergraph::spans::test[0m[36m::[0m[34;1mtest_supergraph_response_event_custom_attribute[0m
[32;1m        PASS[0m [   0.027s] [35;1mapollo-router[0m [36mplugins::telemetry::config_new::supergraph::spans::test[0m[36m::[0m[34;1mtest_supergraph_spans_level_none[0m
[32;1m        PASS[0m [   0.031s] [35;1mapollo-router[0m [36mplugins::telemetry::config_new::supergraph::spans::test[0m[36m::[0m[34;1mtest_supergraph_spans_level_recommended[0m
[32;1m        PASS[0m [   0.025s] [35;1mapollo-router[0m [36mplugins::telemetry::config_new::supergraph::spans::test[0m[36m::[0m[34;1mtest_supergraph_standard_attribute_aliased[0m
[32;1m        PASS[0m [   0.029s] [35;1mapollo-router[0m [36mplugins::telemetry::config_new::supergraph::spans::test[0m[36m::[0m[34;1mtest_supergraph_spans_level_required[0m
[32;1m        PASS[0m [   0.033s] [35;1mapollo-router[0m [36mplugins::telemetry::config_new::test[0m[36m::[0m[34;1mdd_convert[0m
[32;1m        PASS[0m [   0.030s] [35;1mapollo-router[0m [36mplugins::telemetry::config_new::test[0m[36m::[0m[34;1mmaybe_to_otel_value[0m
[32;1m        PASS[0m [   0.026s] [35;1mapollo-router[0m [36mplugins::telemetry::config_new::test[0m[36m::[0m[34;1mtest_baggage[0m
[32;1m        PASS[0m [   0.030s] [35;1mapollo-router[0m [36mplugins::telemetry::config_new::test[0m[36m::[0m[34;1mtest_trace_id[0m
[32;1m        PASS[0m [   0.025s] [35;1mapollo-router[0m [36mplugins::telemetry::endpoint::test[0m[36m::[0m[34;1mtest_parse_uri[0m
[32;1m        PASS[0m [   0.029s] [35;1mapollo-router[0m [36mplugins::telemetry::endpoint::test[0m[36m::[0m[34;1mtest_parse_uri_default[0m
[32;1m        PASS[0m [   0.026s] [35;1mapollo-router[0m [36mplugins::telemetry::endpoint::test[0m[36m::[0m[34;1mtest_parse_uri_error[0m
[32;1m        PASS[0m [   0.023s] [35;1mapollo-router[0m [36mplugins::telemetry::endpoint::test[0m[36m::[0m[34;1mtest_to_full_uri[0m
[32;1m        PASS[0m [   0.089s] [35;1mapollo-router[0m [36mplugins::telemetry::error_counter::tests[0m[36m::[0m[34;1mtest_count_execution_errors[0m
[32;1m        PASS[0m [   0.086s] [35;1mapollo-router[0m [36mplugins::telemetry::error_counter::tests[0m[36m::[0m[34;1mtest_count_operation_errors_with_extended_config_enabled[0m
[32;1m        PASS[0m [   0.100s] [35;1mapollo-router[0m [36mplugins::telemetry::error_counter::tests[0m[36m::[0m[34;1mtest_count_operation_errors_with_duplicate_errors_and_extended_config_enabled[0m
[32;1m        PASS[0m [   0.104s] [35;1mapollo-router[0m [36mplugins::telemetry::error_counter::tests[0m[36m::[0m[34;1mtest_count_operation_errors_with_all_json_types_and_extended_config_enabled[0m
[32;1m        PASS[0m [   0.093s] [35;1mapollo-router[0m [36mplugins::telemetry::error_counter::tests[0m[36m::[0m[34;1mtest_count_router_errors[0m
[32;1m        PASS[0m [   0.109s] [35;1mapollo-router[0m [36mplugins::telemetry::error_counter::tests[0m[36m::[0m[34;1mtest_count_subgraph_errors_with_include_subgraphs_disabled[0m
[32;1m        PASS[0m [   0.096s] [35;1mapollo-router[0m [36mplugins::telemetry::error_counter::tests[0m[36m::[0m[34;1mtest_count_supergraph_errors_with_no_previously_counted_errors[0m
[32;1m        PASS[0m [   0.106s] [35;1mapollo-router[0m [36mplugins::telemetry::error_counter::tests[0m[36m::[0m[34;1mtest_count_subgraph_errors_with_include_subgraphs_enabled[0m
[32;1m        PASS[0m [   2.483s] [35;1mapollo-router[0m [36mplugins::response_cache::tests[0m[36m::[0m[34;1malready_expired_cache_control[0m
[32;1m        PASS[0m [   0.086s] [35;1mapollo-router[0m [36mplugins::telemetry::error_counter::tests[0m[36m::[0m[34;1mtest_count_supergraph_errors_with_previously_counted_errors[0m
[32;1m        PASS[0m [   2.152s] [35;1mapollo-router[0m [36mplugins::response_cache::tests[0m[36m::[0m[34;1mprivate_only[0m
[32;1m        PASS[0m [   0.028s] [35;1mapollo-router[0m [36mplugins::telemetry::error_handler::tests[0m[36m::[0m[34;1mtest_named_metrics_exporter_adds_prefix[0m
[32;1m        PASS[0m [   0.031s] [35;1mapollo-router[0m [36mplugins::telemetry::error_handler::tests[0m[36m::[0m[34;1mtest_named_span_exporter_adds_prefix[0m
[32;1m        PASS[0m [   1.025s] [35;1mapollo-router[0m [36mplugins::telemetry::config_new::router::events::tests[0m[36m::[0m[34;1mtest_router_events_graphql_response[0m
[32;1m        PASS[0m [   0.087s] [35;1mapollo-router[0m [36mplugins::telemetry::error_handler::tests[0m[36m::[0m[34;1mtest_cardinality_overflow[0m
[32;1m        PASS[0m [   0.031s] [35;1mapollo-router[0m [36mplugins::telemetry::error_handler::tests[0m[36m::[0m[34;1mtest_prefix_metrics_error[0m
[32;1m        PASS[0m [   1.046s] [35;1mapollo-router[0m [36mplugins::telemetry::config_new::router::events::tests[0m[36m::[0m[34;1mtest_router_events_graphql_error[0m
[32;1m        PASS[0m [   2.505s] [35;1mapollo-router[0m [36mplugins::response_cache::tests[0m[36m::[0m[34;1mfailure_mode_reconnect[0m
[32;1m        PASS[0m [   1.061s] [35;1mapollo-router[0m [36mplugins::telemetry::config_new::router::events::tests[0m[36m::[0m[34;1mtest_router_events[0m
[32;1m        PASS[0m [   2.544s] [35;1mapollo-router[0m [36mplugins::response_cache::tests[0m[36m::[0m[34;1minsert_with_nested_field_set[0m
[32;1m        PASS[0m [   2.375s] [35;1mapollo-router[0m [36mplugins::response_cache::tests[0m[36m::[0m[34;1mno_cache_control[0m
[32;1m        PASS[0m [   2.590s] [35;1mapollo-router[0m [36mplugins::response_cache::tests[0m[36m::[0m[34;1minsert[0m
[32;1m        PASS[0m [   2.560s] [35;1mapollo-router[0m [36mplugins::response_cache::tests[0m[36m::[0m[34;1minsert_without_debug_header[0m
[32;1m        PASS[0m [   0.147s] [35;1mapollo-router[0m [36mplugins::telemetry::fmt_layer::tests[0m[36m::[0m[34;1mtest_json_logging_attributes[0m
[32;1m        PASS[0m [   0.149s] [35;1mapollo-router[0m [36mplugins::telemetry::fmt_layer::tests[0m[36m::[0m[34;1mtest_json_logging_attributes_nested_spans[0m
[32;1m        PASS[0m [   0.146s] [35;1mapollo-router[0m [36mplugins::telemetry::fmt_layer::tests[0m[36m::[0m[34;1mtest_json_logging_deduplicates_attributes[0m
[32;1m        PASS[0m [   0.147s] [35;1mapollo-router[0m [36mplugins::telemetry::fmt_layer::tests[0m[36m::[0m[34;1mtest_json_logging_with_custom_events[0m
[32;1m        PASS[0m [   0.025s] [35;1mapollo-router[0m [36mplugins::telemetry::formatters::json::test[0m[36m::[0m[34;1mtest_extract_dd_trace_id_dyn_attribute[0m
[32;1m        PASS[0m [   0.147s] [35;1mapollo-router[0m [36mplugins::telemetry::fmt_layer::tests[0m[36m::[0m[34;1mtest_json_logging_without_span_list[0m
[32;1m        PASS[0m [   0.143s] [35;1mapollo-router[0m [36mplugins::telemetry::fmt_layer::tests[0m[36m::[0m[34;1mtest_text_logging_attributes[0m
[32;1m        PASS[0m [   0.029s] [35;1mapollo-router[0m [36mplugins::telemetry::formatters::json::test[0m[36m::[0m[34;1mtest_extract_dd_trace_id_span_attribute[0m
[32;1m        PASS[0m [   0.250s] [35;1mapollo-router[0m [36mplugins::telemetry::error_handler::tests[0m[36m::[0m[34;1mtest_handle_error_throttling[0m
[32;1m        PASS[0m [   0.152s] [35;1mapollo-router[0m [36mplugins::telemetry::fmt_layer::tests[0m[36m::[0m[34;1mtest_text_logging_attributes_nested_spans[0m
[32;1m        PASS[0m [   0.166s] [35;1mapollo-router[0m [36mplugins::telemetry::fmt_layer::tests[0m[36m::[0m[34;1mtest_json_logging_with_custom_events_with_instrumented[0m
[32;1m        PASS[0m [   0.029s] [35;1mapollo-router[0m [36mplugins::telemetry::metrics::apollo::histogram::duration::test[0m[36m::[0m[34;1madd_assign[0m
[32;1m        PASS[0m [   0.023s] [35;1mapollo-router[0m [36mplugins::telemetry::metrics::apollo::histogram::duration::test[0m[36m::[0m[34;1mit_buckets_common_times[0m
[32;1m        PASS[0m [   0.026s] [35;1mapollo-router[0m [36mplugins::telemetry::metrics::apollo::histogram::duration::test[0m[36m::[0m[34;1mit_buckets_to_one_and_two[0m
[32;1m        PASS[0m [   0.027s] [35;1mapollo-router[0m [36mplugins::telemetry::metrics::apollo::histogram::duration::test[0m[36m::[0m[34;1mit_buckets_to_threshold[0m
[32;1m        PASS[0m [   0.023s] [35;1mapollo-router[0m [36mplugins::telemetry::metrics::apollo::histogram::duration::test[0m[36m::[0m[34;1mit_buckets_to_zero_and_one[0m
[32;1m        PASS[0m [   0.030s] [35;1mapollo-router[0m [36mplugins::telemetry::metrics::apollo::histogram::duration::test[0m[36m::[0m[34;1mit_generates_empty_histogram[0m
[32;1m        PASS[0m [   0.027s] [35;1mapollo-router[0m [36mplugins::telemetry::metrics::apollo::histogram::duration::test[0m[36m::[0m[34;1mit_limits_to_last_bucket[0m
[32;1m        PASS[0m [   0.147s] [35;1mapollo-router[0m [36mplugins::telemetry::fmt_layer::tests[0m[36m::[0m[34;1mtest_text_logging_with_custom_events[0m
[32;1m        PASS[0m [   0.036s] [35;1mapollo-router[0m [36mplugins::telemetry::metrics::apollo::histogram::duration::test[0m[36m::[0m[34;1mtrim[0m
[32;1m        PASS[0m [   0.032s] [35;1mapollo-router[0m [36mplugins::telemetry::metrics::apollo::histogram::list_length::test[0m[36m::[0m[34;1mit_generates_populated_histogram[0m
[32;1m        PASS[0m [   2.520s] [35;1mapollo-router[0m [36mplugins::response_cache::tests[0m[36m::[0m[34;1mno_data[0m
[32;1m        PASS[0m [   0.146s] [35;1mapollo-router[0m [36mplugins::telemetry::fmt_layer::tests[0m[36m::[0m[34;1mtest_text_logging_without_span_list[0m
[32;1m        PASS[0m [   0.039s] [35;1mapollo-router[0m [36mplugins::telemetry::metrics::apollo::histogram::list_length::test[0m[36m::[0m[34;1mlist_length_bucketing[0m
[32;1m        PASS[0m [   0.030s] [35;1mapollo-router[0m [36mplugins::telemetry::metrics::apollo::studio::test[0m[36m::[0m[34;1mtest_aggregation_grouping[0m
[32;1m        PASS[0m [   0.182s] [35;1mapollo-router[0m [36mplugins::telemetry::fmt_layer::tests[0m[36m::[0m[34;1mtest_text_logging_with_custom_events_with_instrumented[0m
[32;1m        PASS[0m [   1.150s] [35;1mapollo-router[0m [36mplugins::telemetry::config_new::router_overhead::tracker::tests[0m[36m::[0m[34;1mtest_guard_drop_on_panic[0m
[32;1m        PASS[0m [   2.794s] [35;1mapollo-router[0m [36mplugins::response_cache::tests[0m[36m::[0m[34;1minsert_with_requires[0m
[32;1m        PASS[0m [   1.037s] [35;1mapollo-router[0m [36mplugins::telemetry::config_new::subgraph::events::test[0m[36m::[0m[34;1mtest_subgraph_events[0m
[32;1m        PASS[0m [   2.612s] [35;1mapollo-router[0m [36mplugins::response_cache::tests[0m[36m::[0m[34;1mno_store_from_request[0m
[32;1m        PASS[0m [   0.162s] [35;1mapollo-router[0m [36mplugins::telemetry::metrics::apollo::studio::test[0m[36m::[0m[34;1mtest_aggregation[0m
[32;1m        PASS[0m [   1.060s] [35;1mapollo-router[0m [36mplugins::telemetry::config_new::subgraph::events::test[0m[36m::[0m[34;1mtest_subgraph_events_response[0m
[32;1m        PASS[0m [   0.273s] [35;1mapollo-router[0m [36mplugins::telemetry::metrics::apollo::histogram::cost::test[0m[36m::[0m[34;1mcost_bucketing[0m
[32;1m        PASS[0m [   2.771s] [35;1mapollo-router[0m [36mplugins::response_cache::tests[0m[36m::[0m[34;1mmissing_entities[0m
[32;1m        PASS[0m [   0.043s] [35;1mapollo-router[0m [36mplugins::telemetry::otel::layer::tests[0m[36m::[0m[34;1mdynamic_span_names[0m
[32;1m        PASS[0m [   0.314s] [35;1mapollo-router[0m [36mplugins::telemetry::metrics::apollo::test[0m[36m::[0m[34;1mapollo_metrics_disabled[0m
[32;1m        PASS[0m [   0.031s] [35;1mapollo-router[0m [36mplugins::telemetry::otel::layer::tests[0m[36m::[0m[34;1mexcludes_thread[0m
[32;1m        PASS[0m [   0.673s] [35;1mapollo-router[0m [36mplugins::telemetry::error_counter::tests[0m[36m::[0m[34;1mtest_execution_error_counting[0m
[32;1m        PASS[0m [   0.644s] [35;1mapollo-router[0m [36mplugins::telemetry::error_counter::tests[0m[36m::[0m[34;1mtest_supergraph_error_counting[0m
[32;1m        PASS[0m [   0.672s] [35;1mapollo-router[0m [36mplugins::telemetry::error_counter::tests[0m[36m::[0m[34;1mtest_subgraph_error_counting[0m
[32;1m        PASS[0m [   0.677s] [35;1mapollo-router[0m [36mplugins::telemetry::error_counter::tests[0m[36m::[0m[34;1mtest_router_error_counting[0m
[32;1m        PASS[0m [   0.038s] [35;1mapollo-router[0m [36mplugins::telemetry::otel::layer::tests[0m[36m::[0m[34;1mforced_dynamic_span_names[0m
[32;1m        PASS[0m [   0.033s] [35;1mapollo-router[0m [36mplugins::telemetry::otel::layer::tests[0m[36m::[0m[34;1mincludes_span_location[0m
[32;1m        PASS[0m [   0.697s] [35;1mapollo-router[0m [36mplugins::telemetry::error_counter::tests[0m[36m::[0m[34;1mtest_operation_errors_emitted_when_config_is_enabled[0m
[32;1m        PASS[0m [   0.041s] [35;1mapollo-router[0m [36mplugins::telemetry::otel::layer::tests[0m[36m::[0m[34;1mincludes_thread[0m
[32;1m        PASS[0m [   0.028s] [35;1mapollo-router[0m [36mplugins::telemetry::otel::layer::tests[0m[36m::[0m[34;1mpropagates_error_fields_from_event_to_span[0m
[32;1m        PASS[0m [   0.023s] [35;1mapollo-router[0m [36mplugins::telemetry::otel::layer::tests[0m[36m::[0m[34;1mrecords_error_fields[0m
[32;1m        PASS[0m [   0.043s] [35;1mapollo-router[0m [36mplugins::telemetry::otel::layer::tests[0m[36m::[0m[34;1mincludes_timings[0m
[32;1m        PASS[0m [   0.039s] [35;1mapollo-router[0m [36mplugins::telemetry::otel::layer::tests[0m[36m::[0m[34;1mspan_kind[0m
[32;1m        PASS[0m [   0.034s] [35;1mapollo-router[0m [36mplugins::telemetry::otel::layer::tests[0m[36m::[0m[34;1mspan_status_code[0m
[32;1m        PASS[0m [   1.010s] [35;1mapollo-router[0m [36mplugins::telemetry::config_new::supergraph::events::tests[0m[36m::[0m[34;1mtest_supergraph_events_with_exists_condition[0m
[32;1m        PASS[0m [   0.031s] [35;1mapollo-router[0m [36mplugins::telemetry::otel::layer::tests[0m[36m::[0m[34;1mspan_status_message[0m
[32;1m        PASS[0m [   0.026s] [35;1mapollo-router[0m [36mplugins::telemetry::otel::layer::tests[0m[36m::[0m[34;1mtrace_id_from_existing_context[0m
[32;1m        PASS[0m [   0.029s] [35;1mapollo-router[0m [36mplugins::telemetry::otel::tracer::tests[0m[36m::[0m[34;1massigns_default_trace_id_if_missing[0m
[32;1m        PASS[0m [   0.026s] [35;1mapollo-router[0m [36mplugins::telemetry::otel::tracer::tests[0m[36m::[0m[34;1msampled_context[0m
[32;1m        PASS[0m [   0.035s] [35;1mapollo-router[0m [36mplugins::telemetry::otlp::tests[0m[36m::[0m[34;1mendpoint_grpc_defaulting_no_scheme[0m
[32;1m        PASS[0m [   1.063s] [35;1mapollo-router[0m [36mplugins::telemetry::config_new::supergraph::events::tests[0m[36m::[0m[34;1mtest_supergraph_events_on_graphql_error[0m
[32;1m        PASS[0m [   0.037s] [35;1mapollo-router[0m [36mplugins::telemetry::otlp::tests[0m[36m::[0m[34;1mendpoint_grpc_explicit_domain[0m
[32;1m        PASS[0m [   1.081s] [35;1mapollo-router[0m [36mplugins::telemetry::config_new::supergraph::events::tests[0m[36m::[0m[34;1mtest_supergraph_events[0m
[32;1m        PASS[0m [   0.028s] [35;1mapollo-router[0m [36mplugins::telemetry::otlp::tests[0m[36m::[0m[34;1mtest_counter_temporality_respects_config[0m
[32;1m        PASS[0m [   0.057s] [35;1mapollo-router[0m [36mplugins::telemetry::otlp::tests[0m[36m::[0m[34;1mendpoint_grpc_defaulting_scheme[0m
[32;1m        PASS[0m [   0.090s] [35;1mapollo-router[0m [36mplugins::telemetry::otel::named_runtime_channel::tests[0m[36m::[0m[34;1mtest_channel_closed_error_metrics[0m
[32;1m        PASS[0m [   1.084s] [35;1mapollo-router[0m [36mplugins::telemetry::config_new::supergraph::events::tests[0m[36m::[0m[34;1mtest_supergraph_events_on_response[0m
[32;1m        PASS[0m [   0.035s] [35;1mapollo-router[0m [36mplugins::telemetry::otlp::tests[0m[36m::[0m[34;1mtest_gauge_temporality_respects_config[0m
[32;1m        PASS[0m [   0.074s] [35;1mapollo-router[0m [36mplugins::telemetry::otel::named_runtime_channel::tests[0m[36m::[0m[34;1mtest_successful_message_send[0m
[32;1m        PASS[0m [   0.045s] [35;1mapollo-router[0m [36mplugins::telemetry::otlp::tests[0m[36m::[0m[34;1mtest_histogram_temporality_respects_config[0m
[32;1m        PASS[0m [   0.036s] [35;1mapollo-router[0m [36mplugins::telemetry::otlp::tests[0m[36m::[0m[34;1mtest_process_endpoint[0m
[32;1m        PASS[0m [   0.099s] [35;1mapollo-router[0m [36mplugins::telemetry::otel::named_runtime_channel::tests[0m[36m::[0m[34;1mtest_channel_full_error_metrics[0m
[32;1m        PASS[0m [   0.031s] [35;1mapollo-router[0m [36mplugins::telemetry::otlp::tests[0m[36m::[0m[34;1mtest_updown_counter_temporality_override[0m
[32;1m        PASS[0m [   0.042s] [35;1mapollo-router[0m [36mplugins::telemetry::reload::builder::tests[0m[36m::[0m[34;1mtest_first_run_builds_everything[0m
[32;1m        PASS[0m [   0.051s] [35;1mapollo-router[0m [36mplugins::telemetry::reload::builder::tests[0m[36m::[0m[34;1mtest_metrics_common_buckets_change[0m
[32;1m        PASS[0m [   0.052s] [35;1mapollo-router[0m [36mplugins::telemetry::reload::builder::tests[0m[36m::[0m[34;1mtest_metrics_common_change_triggers_reload[0m
[32;1m        PASS[0m [   0.049s] [35;1mapollo-router[0m [36mplugins::telemetry::reload::builder::tests[0m[36m::[0m[34;1mtest_metrics_common_resource_change[0m
[32;1m        PASS[0m [   0.042s] [35;1mapollo-router[0m [36mplugins::telemetry::reload::builder::tests[0m[36m::[0m[34;1mtest_no_reload_when_configs_identical[0m
[32;1m        PASS[0m [   0.056s] [35;1mapollo-router[0m [36mplugins::telemetry::reload::builder::tests[0m[36m::[0m[34;1mtest_metrics_reload_on_otlp_change[0m
[32;1m        PASS[0m [   0.051s] [35;1mapollo-router[0m [36mplugins::telemetry::reload::builder::tests[0m[36m::[0m[34;1mtest_metrics_reload_on_prometheus_change[0m
[32;1m        PASS[0m [   0.073s] [35;1mapollo-router[0m [36mplugins::telemetry::reload::builder::tests[0m[36m::[0m[34;1mtest_metrics_common_service_namespace_change[0m
[32;1m        PASS[0m [   0.064s] [35;1mapollo-router[0m [36mplugins::telemetry::reload::builder::tests[0m[36m::[0m[34;1mtest_tracing_common_parent_based_sampler_change[0m
[32;1m        PASS[0m [   0.075s] [35;1mapollo-router[0m [36mplugins::telemetry::reload::builder::tests[0m[36m::[0m[34;1mtest_tracing_common_change_triggers_reload[0m
[32;1m        PASS[0m [   0.041s] [35;1mapollo-router[0m [36mplugins::telemetry::reload::tests[0m[36m::[0m[34;1mtest_prepare_no_reload_when_configs_identical[0m
[32;1m        PASS[0m [   0.064s] [35;1mapollo-router[0m [36mplugins::telemetry::reload::builder::tests[0m[36m::[0m[34;1mtest_tracing_common_span_limits_change[0m
[32;1m        PASS[0m [   0.052s] [35;1mapollo-router[0m [36mplugins::telemetry::reload::tests[0m[36m::[0m[34;1mtest_prepare_detects_config_changes[0m
[32;1m        PASS[0m [   0.084s] [35;1mapollo-router[0m [36mplugins::telemetry::reload::builder::tests[0m[36m::[0m[34;1mtest_tracing_common_service_namespace_change[0m
[32;1m        PASS[0m [   0.089s] [35;1mapollo-router[0m [36mplugins::telemetry::reload::builder::tests[0m[36m::[0m[34;1mtest_tracing_common_sampler_change[0m
[32;1m        PASS[0m [   0.072s] [35;1mapollo-router[0m [36mplugins::telemetry::reload::builder::tests[0m[36m::[0m[34;1mtest_tracing_reload_on_otlp_change[0m
[32;1m        PASS[0m [   0.050s] [35;1mapollo-router[0m [36mplugins::telemetry::reload::tests[0m[36m::[0m[34;1mtest_prepare_with_no_previous_config[0m
[32;1m        PASS[0m [   0.028s] [35;1mapollo-router[0m [36mplugins::telemetry::span_factory::tests[0m[36m::[0m[34;1mtest_specific_span[0m
[32;1m        PASS[0m [   0.041s] [35;1mapollo-router[0m [36mplugins::telemetry::span_factory::tests[0m[36m::[0m[34;1mtest_http_route_on_array_of_router_spans[0m
[32;1m        PASS[0m [   0.063s] [35;1mapollo-router[0m [36mplugins::telemetry::reload::tests[0m[36m::[0m[34;1mtest_prepare_with_prometheus_creates_endpoint[0m
[32;1m        PASS[0m [   0.640s] [35;1mapollo-router[0m [36mplugins::telemetry::metrics::apollo::test[0m[36m::[0m[34;1mapollo_metrics_enabled[0m
[32;1m        PASS[0m [   0.035s] [35;1mapollo-router[0m [36mplugins::telemetry::tests[0m[36m::[0m[34;1mit_test_send_headers_to_studio[0m
[32;1m        PASS[0m [   0.278s] [35;1mapollo-router[0m [36mplugins::telemetry::reload::builder::tests[0m[36m::[0m[34;1mtest_apollo_metrics_always_rebuild_when_enabled[0m
[32;1m        PASS[0m [   0.114s] [35;1mapollo-router[0m [36mplugins::telemetry::tests[0m[36m::[0m[34;1mit_test_prometheus_wrong_endpoint[0m
[32;1m        PASS[0m [   0.350s] [35;1mapollo-router[0m [36mplugins::telemetry::reload::builder::tests[0m[36m::[0m[34;1mtest_first_run_with_apollo_enabled[0m
[32;1m        PASS[0m [   3.252s] [35;1mapollo-router[0m [36mplugins::response_cache::tests[0m[36m::[0m[34;1mprivate_and_public[0m
[32;1m        PASS[0m [   0.248s] [35;1mapollo-router[0m [36mplugins::telemetry::tests[0m[36m::[0m[34;1mit_test_prometheus_metrics[0m
[32;1m        PASS[0m [   0.246s] [35;1mapollo-router[0m [36mplugins::telemetry::tests[0m[36m::[0m[34;1mit_test_prometheus_metrics_custom_buckets_for_specific_metrics[0m
[32;1m        PASS[0m [   0.965s] [35;1mapollo-router[0m [36mplugins::telemetry::logging::test[0m[36m::[0m[34;1mtest_router_service[0m
[32;1m        PASS[0m [   0.151s] [35;1mapollo-router[0m [36mplugins::telemetry::tests[0m[36m::[0m[34;1mtest_custom_router_instruments[0m
[32;1m        PASS[0m [   0.974s] [35;1mapollo-router[0m [36mplugins::telemetry::logging::test[0m[36m::[0m[34;1mtest_supergraph_service[0m
[32;1m        PASS[0m [   0.288s] [35;1mapollo-router[0m [36mplugins::telemetry::tests[0m[36m::[0m[34;1mit_test_prometheus_metrics_custom_buckets[0m
[32;1m        PASS[0m [   0.039s] [35;1mapollo-router[0m [36mplugins::telemetry::tests[0m[36m::[0m[34;1mtest_custom_trace_id_propagator_invalid_hex_characters[0m
[32;1m        PASS[0m [   0.040s] [35;1mapollo-router[0m [36mplugins::telemetry::tests[0m[36m::[0m[34;1mtest_custom_trace_id_propagator_strip_dashes_in_trace_id[0m
[32;1m        PASS[0m [   0.370s] [35;1mapollo-router[0m [36mplugins::telemetry::reload::tests[0m[36m::[0m[34;1mtest_prepare_multiple_config_changes[0m
[32;1m        PASS[0m [   0.287s] [35;1mapollo-router[0m [36mplugins::telemetry::tests[0m[36m::[0m[34;1mit_test_prometheus_metrics_custom_view_drop[0m
[32;1m        PASS[0m [   0.280s] [35;1mapollo-router[0m [36mplugins::telemetry::tests[0m[36m::[0m[34;1mit_test_prometheus_metrics_units_are_included[0m
[32;1m        PASS[0m [   0.168s] [35;1mapollo-router[0m [36mplugins::telemetry::tests[0m[36m::[0m[34;1mtest_custom_router_instruments_with_requirement_level[0m
[32;1m        PASS[0m [   0.371s] [35;1mapollo-router[0m [36mplugins::telemetry::reload::tests[0m[36m::[0m[34;1mtest_prepare_with_apollo_creates_apollo_metrics[0m
[32;1m        PASS[0m [   0.123s] [35;1mapollo-router[0m [36mplugins::telemetry::tests[0m[36m::[0m[34;1mtest_custom_subgraph_instruments[0m
[32;1m        PASS[0m [   1.018s] [35;1mapollo-router[0m [36mplugins::telemetry::logging::test[0m[36m::[0m[34;1mtest_subgraph_service[0m
[32;1m        PASS[0m [   0.040s] [35;1mapollo-router[0m [36mplugins::telemetry::tests[0m[36m::[0m[34;1mtest_header_propagation_format[0m
[32;1m        PASS[0m [   1.055s] [35;1mapollo-router[0m [36mplugins::telemetry::formatters::json::test[0m[36m::[0m[34;1mtest_missing_dd_attribute[0m
[32;1m        PASS[0m [   0.354s] [35;1mapollo-router[0m [36mplugins::telemetry::tests[0m[36m::[0m[34;1mconfig_serialization[0m
[32;1m        PASS[0m [   0.136s] [35;1mapollo-router[0m [36mplugins::telemetry::tests[0m[36m::[0m[34;1mtest_custom_subgraph_instruments_level[0m
[32;1m        PASS[0m [   0.023s] [35;1mapollo-router[0m [36mplugins::telemetry::tracing::apollo_telemetry::test[0m[36m::[0m[34;1mremove_first_defer_primary_node[0m
[32;1m        PASS[0m [   0.040s] [35;1mapollo-router[0m [36mplugins::telemetry::tracing::apollo_telemetry::test[0m[36m::[0m[34;1mremove_defer_deferred_nodes[0m
[32;1m        PASS[0m [   0.132s] [35;1mapollo-router[0m [36mplugins::telemetry::tests[0m[36m::[0m[34;1mtest_custom_supergraph_instruments[0m
[32;1m        PASS[0m [   0.032s] [35;1mapollo-router[0m [36mplugins::telemetry::tracing::apollo_telemetry::test[0m[36m::[0m[34;1mremove_first_query_plan_node[0m
[32;1m        PASS[0m [   0.025s] [35;1mapollo-router[0m [36mplugins::telemetry::tracing::apollo_telemetry::test[0m[36m::[0m[34;1mremove_query_plan_nodes[0m
[32;1m        PASS[0m [   0.044s] [35;1mapollo-router[0m [36mplugins::telemetry::tracing::apollo_telemetry::test[0m[36m::[0m[34;1mtest_delete_node_errors[0m
[32;1m        PASS[0m [   0.037s] [35;1mapollo-router[0m [36mplugins::telemetry::tracing::apollo_telemetry::test[0m[36m::[0m[34;1mtest_extract_cache_control[0m
[32;1m        PASS[0m [   0.031s] [35;1mapollo-router[0m [36mplugins::telemetry::tracing::apollo_telemetry::test[0m[36m::[0m[34;1mtest_extract_ftv1_trace[0m
[32;1m        PASS[0m [   0.142s] [35;1mapollo-router[0m [36mplugins::telemetry::tests[0m[36m::[0m[34;1mtest_demand_control_delta_filter[0m
[32;1m        PASS[0m [   0.035s] [35;1mapollo-router[0m [36mplugins::telemetry::tracing::apollo_telemetry::test[0m[36m::[0m[34;1mtest_extract_ftv1_trace_with_error_count[0m
[32;1m        PASS[0m [   0.332s] [35;1mapollo-router[0m [36mplugins::telemetry::tests[0m[36m::[0m[34;1mplugin_registered[0m
[32;1m        PASS[0m [   0.122s] [35;1mapollo-router[0m [36mplugins::telemetry::tests[0m[36m::[0m[34;1mtest_demand_control_result_filter[0m
[32;1m        PASS[0m [   0.131s] [35;1mapollo-router[0m [36mplugins::telemetry::tests[0m[36m::[0m[34;1mtest_demand_control_result_attributes[0m
[32;1m        PASS[0m [   0.027s] [35;1mapollo-router[0m [36mplugins::telemetry::tracing::apollo_telemetry::test[0m[36m::[0m[34;1mtest_extract_i64[0m
[32;1m        PASS[0m [   0.132s] [35;1mapollo-router[0m [36mplugins::telemetry::tests[0m[36m::[0m[34;1mtest_subgraph_metrics_http_error[0m
[32;1m        PASS[0m [   0.048s] [35;1mapollo-router[0m [36mplugins::telemetry::tracing::apollo_telemetry::test[0m[36m::[0m[34;1mtest_extract_json[0m
[32;1m        PASS[0m [   0.045s] [35;1mapollo-router[0m [36mplugins::telemetry::tracing::apollo_telemetry::test[0m[36m::[0m[34;1mtest_extract_limits[0m
[32;1m        PASS[0m [   0.126s] [35;1mapollo-router[0m [36mplugins::telemetry::tests[0m[36m::[0m[34;1mtest_subgraph_metrics_ok[0m
[32;1m        PASS[0m [   0.041s] [35;1mapollo-router[0m [36mplugins::telemetry::tracing::apollo_telemetry::test[0m[36m::[0m[34;1mtest_extract_path[0m
[32;1m        PASS[0m [   0.121s] [35;1mapollo-router[0m [36mplugins::telemetry::tests[0m[36m::[0m[34;1mtest_supergraph_metrics_bad_request[0m
[32;1m        PASS[0m [   0.037s] [35;1mapollo-router[0m [36mplugins::telemetry::tracing::apollo_telemetry::test[0m[36m::[0m[34;1mtest_extract_string[0m
[32;1m        PASS[0m [   0.034s] [35;1mapollo-router[0m [36mplugins::telemetry::tracing::apollo_telemetry::test[0m[36m::[0m[34;1mtest_preprocess_errors_with_extended_redaction_enabled[0m
[32;1m        PASS[0m [   0.029s] [35;1mapollo-router[0m [36mplugins::telemetry::tracing::apollo_telemetry::test[0m[36m::[0m[34;1mtest_preprocess_errors_with_redaction_disabled[0m
[32;1m        PASS[0m [   0.024s] [35;1mapollo-router[0m [36mplugins::telemetry::tracing::apollo_telemetry::test[0m[36m::[0m[34;1mtest_preprocess_errors_with_strict_redaction[0m
[32;1m        PASS[0m [   0.052s] [35;1mapollo-router[0m [36mplugins::telemetry::tracing::apollo_telemetry::test[0m[36m::[0m[34;1mtest_remove_first_condition_else_node[0m
[32;1m        PASS[0m [   0.049s] [35;1mapollo-router[0m [36mplugins::telemetry::tracing::apollo_telemetry::test[0m[36m::[0m[34;1mtest_remove_first_condition_if_node[0m
[32;1m        PASS[0m [   0.145s] [35;1mapollo-router[0m [36mplugins::telemetry::tests[0m[36m::[0m[34;1mtest_supergraph_metrics_ok[0m
[32;1m        PASS[0m [   0.038s] [35;1mapollo-router[0m [36mplugins::telemetry::tracing::datadog::agent_sampling::tests[0m[36m::[0m[34;1mtest_should_sample_record_and_sample[0m
[32;1m        PASS[0m [   0.043s] [35;1mapollo-router[0m [36mplugins::telemetry::tracing::datadog::agent_sampling::tests[0m[36m::[0m[34;1mtest_should_sample_drop[0m
[32;1m        PASS[0m [   0.032s] [35;1mapollo-router[0m [36mplugins::telemetry::tracing::datadog::agent_sampling::tests[0m[36m::[0m[34;1mtest_should_sample_record_only[0m
[32;1m        PASS[0m [   0.029s] [35;1mapollo-router[0m [36mplugins::telemetry::tracing::datadog::agent_sampling::tests[0m[36m::[0m[34;1mtest_should_sample_with_parent_based_sampler[0m
[32;1m        PASS[0m [   0.025s] [35;1mapollo-router[0m [36mplugins::telemetry::tracing::datadog::agent_sampling::tests[0m[36m::[0m[34;1mtest_trace_state_already_populated_record_and_sample[0m
[32;1m        PASS[0m [   0.022s] [35;1mapollo-router[0m [36mplugins::telemetry::tracing::datadog::agent_sampling::tests[0m[36m::[0m[34;1mtest_trace_state_already_populated_record_drop[0m
[32;1m        PASS[0m [   0.046s] [35;1mapollo-router[0m [36mplugins::telemetry::tracing::datadog::span_processor::tests[0m[36m::[0m[34;1mtest_on_end_updates_trace_flags[0m
[32;1m        PASS[0m [   0.043s] [35;1mapollo-router[0m [36mplugins::telemetry::tracing::datadog_exporter::exporter::intern::tests[0m[36m::[0m[34;1mtest_encode_boolean[0m
[32;1m        PASS[0m [   0.040s] [35;1mapollo-router[0m [36mplugins::telemetry::tracing::datadog_exporter::exporter::intern::tests[0m[36m::[0m[34;1mtest_encode_f64[0m
[32;1m        PASS[0m [   0.037s] [35;1mapollo-router[0m [36mplugins::telemetry::tracing::datadog_exporter::exporter::intern::tests[0m[36m::[0m[34;1mtest_encode_i64[0m
[32;1m        PASS[0m [   0.035s] [35;1mapollo-router[0m [36mplugins::telemetry::tracing::datadog_exporter::exporter::intern::tests[0m[36m::[0m[34;1mtest_intern[0m
[32;1m        PASS[0m [   0.032s] [35;1mapollo-router[0m [36mplugins::telemetry::tracing::datadog_exporter::exporter::intern::tests[0m[36m::[0m[34;1mtest_intern_array_of_booleans[0m
[32;1m        PASS[0m [   0.024s] [35;1mapollo-router[0m [36mplugins::telemetry::tracing::datadog_exporter::exporter::intern::tests[0m[36m::[0m[34;1mtest_intern_array_of_i64[0m
[32;1m        PASS[0m [   0.028s] [35;1mapollo-router[0m [36mplugins::telemetry::tracing::datadog_exporter::exporter::intern::tests[0m[36m::[0m[34;1mtest_intern_array_of_f64[0m
[32;1m        PASS[0m [   0.022s] [35;1mapollo-router[0m [36mplugins::telemetry::tracing::datadog_exporter::exporter::intern::tests[0m[36m::[0m[34;1mtest_intern_array_of_string[0m
[32;1m        PASS[0m [   0.051s] [35;1mapollo-router[0m [36mplugins::telemetry::tracing::datadog_exporter::exporter::intern::tests[0m[36m::[0m[34;1mtest_intern_bool[0m
[32;1m        PASS[0m [   0.048s] [35;1mapollo-router[0m [36mplugins::telemetry::tracing::datadog_exporter::exporter::intern::tests[0m[36m::[0m[34;1mtest_intern_f64[0m
[32;1m        PASS[0m [   0.046s] [35;1mapollo-router[0m [36mplugins::telemetry::tracing::datadog_exporter::exporter::intern::tests[0m[36m::[0m[34;1mtest_intern_i64[0m
[32;1m        PASS[0m [   0.043s] [35;1mapollo-router[0m [36mplugins::telemetry::tracing::datadog_exporter::exporter::intern::tests[0m[36m::[0m[34;1mtest_write_boolean_literal[0m
[32;1m        PASS[0m [   0.040s] [35;1mapollo-router[0m [36mplugins::telemetry::tracing::datadog_exporter::exporter::intern::tests[0m[36m::[0m[34;1mtest_write_f64_literal[0m
[32;1m        PASS[0m [   0.037s] [35;1mapollo-router[0m [36mplugins::telemetry::tracing::datadog_exporter::exporter::intern::tests[0m[36m::[0m[34;1mtest_write_i64_literal[0m
[32;1m        PASS[0m [   0.032s] [35;1mapollo-router[0m [36mplugins::telemetry::tracing::datadog_exporter::exporter::intern::tests[0m[36m::[0m[34;1mtest_write_string_literal[0m
[32;1m        PASS[0m [   0.029s] [35;1mapollo-router[0m [36mplugins::telemetry::tracing::datadog_exporter::exporter::model::tests[0m[36m::[0m[34;1mtest_encode_v03[0m
[32;1m        PASS[0m [   0.026s] [35;1mapollo-router[0m [36mplugins::telemetry::tracing::datadog_exporter::exporter::model::tests[0m[36m::[0m[34;1mtest_encode_v05[0m
[32;1m        PASS[0m [   0.049s] [35;1mapollo-router[0m [36mplugins::telemetry::tracing::datadog_exporter::exporter::tests[0m[36m::[0m[34;1mtest_custom_http_client[0m
[32;1m        PASS[0m [   0.053s] [35;1mapollo-router[0m [36mplugins::telemetry::tracing::datadog_exporter::exporter::tests[0m[36m::[0m[34;1mtest_agent_endpoint_with_api_version[0m
[32;1m        PASS[0m [   0.047s] [35;1mapollo-router[0m [36mplugins::telemetry::tracing::datadog_exporter::exporter::tests[0m[36m::[0m[34;1mtest_install_batch[0m
[32;1m        PASS[0m [   0.041s] [35;1mapollo-router[0m [36mplugins::telemetry::tracing::datadog_exporter::exporter::tests[0m[36m::[0m[34;1mtest_install_simple[0m
[32;1m        PASS[0m [   0.038s] [35;1mapollo-router[0m [36mplugins::telemetry::tracing::datadog_exporter::exporter::tests[0m[36m::[0m[34;1mtest_out_of_order_group[0m
[32;1m        PASS[0m [   0.035s] [35;1mapollo-router[0m [36mplugins::telemetry::tracing::datadog_exporter::propagator::tests[0m[36m::[0m[34;1mtest_extract[0m
[32;1m        PASS[0m [   0.030s] [35;1mapollo-router[0m [36mplugins::telemetry::tracing::datadog_exporter::propagator::tests[0m[36m::[0m[34;1mtest_extract_empty[0m
[32;1m        PASS[0m [   0.265s] [35;1mapollo-router[0m [36mplugins::telemetry::tests[0m[36m::[0m[34;1mtest_field_instrumentation_sampler_with_preview_datadog_agent_sampling[0m
[32;1m        PASS[0m [   0.027s] [35;1mapollo-router[0m [36mplugins::telemetry::tracing::datadog_exporter::propagator::tests[0m[36m::[0m[34;1mtest_extract_with_empty_remote_context[0m
[32;1m        PASS[0m [   0.024s] [35;1mapollo-router[0m [36mplugins::telemetry::tracing::datadog_exporter::propagator::tests[0m[36m::[0m[34;1mtest_inject[0m
[32;1m        PASS[0m [   3.948s] [35;1mapollo-router[0m [36mplugins::response_cache::tests[0m[36m::[0m[34;1mpolymorphic_private_and_public[0m
[32;1m        PASS[0m [   0.530s] [35;1mapollo-router[0m [36mplugins::test::test_for_harness[0m[36m::[0m[34;1mtest_canned_subgraph_request_response[0m
[32;1m        PASS[0m [   0.532s] [35;1mapollo-router[0m [36mplugins::test::test_for_harness[0m[36m::[0m[34;1mtest_canned_supergraph_request_response[0m
[32;1m        PASS[0m [   0.526s] [35;1mapollo-router[0m [36mplugins::test::test_for_harness[0m[36m::[0m[34;1mtest_http_client_service[0m
[32;1m        PASS[0m [   0.526s] [35;1mapollo-router[0m [36mplugins::test::test_for_harness[0m[36m::[0m[34;1mtest_router_service[0m
[32;1m        PASS[0m [   0.554s] [35;1mapollo-router[0m [36mplugins::test::test_for_harness[0m[36m::[0m[34;1mtest_canned_router_request_response[0m
[32;1m        PASS[0m [   0.548s] [35;1mapollo-router[0m [36mplugins::test::test_for_harness[0m[36m::[0m[34;1mtest_execution_service[0m
[32;1m        PASS[0m [   0.534s] [35;1mapollo-router[0m [36mplugins::test::test_for_harness[0m[36m::[0m[34;1mtest_router_service_assert_contains_error[0m
[32;1m        PASS[0m [   0.543s] [35;1mapollo-router[0m [36mplugins::test::test_for_harness[0m[36m::[0m[34;1mtest_router_service_assertions[0m
[32;1m        PASS[0m [   0.037s] [35;1mapollo-router[0m [36mplugins::traffic_shaping::test[0m[36m::[0m[34;1mit_add_correct_headers_for_compression[0m
[32;1m        PASS[0m [   0.033s] [35;1mapollo-router[0m [36mplugins::traffic_shaping::test[0m[36m::[0m[34;1mit_adds_correct_headers_for_compression_for_connector[0m
[32;1m        PASS[0m [   0.544s] [35;1mapollo-router[0m [36mplugins::test::test_for_harness[0m[36m::[0m[34;1mtest_subgraph_service[0m
[32;1m        PASS[0m [   0.541s] [35;1mapollo-router[0m [36mplugins::test::test_for_harness[0m[36m::[0m[34;1mtest_subgraph_service_assert_error_contains_error[0m
[32;1m        PASS[0m [   0.562s] [35;1mapollo-router[0m [36mplugins::test::test_for_harness[0m[36m::[0m[34;1mtest_router_service_metrics[0m
[32;1m        PASS[0m [   0.546s] [35;1mapollo-router[0m [36mplugins::test::test_for_harness[0m[36m::[0m[34;1mtest_supergraph_service[0m
[32;1m        PASS[0m [   0.025s] [35;1mapollo-router[0m [36mplugins::traffic_shaping::test[0m[36m::[0m[34;1mtest_merge_config[0m
[32;1m        PASS[0m [   0.025s] [35;1mapollo-router[0m [36mplugins::traffic_shaping::test[0m[36m::[0m[34;1mtest_merge_http2_all[0m
[32;1m        PASS[0m [   0.022s] [35;1mapollo-router[0m [36mprotocols::multipart::tests[0m[36m::[0m[34;1mtest_empty_stream[0m
[32;1m        PASS[0m [   0.029s] [35;1mapollo-router[0m [36mplugins::traffic_shaping::test[0m[36m::[0m[34;1mtest_subgraph_client_config[0m
[32;1m        PASS[0m [   0.041s] [35;1mapollo-router[0m [36mplugins::traffic_shaping::test[0m[36m::[0m[34;1mit_timeout_router_requests[0m
[32;1m        PASS[0m [   0.024s] [35;1mapollo-router[0m [36mprotocols::multipart::tests[0m[36m::[0m[34;1mtest_heartbeat_and_boundaries[0m
[32;1m        PASS[0m [   0.570s] [35;1mapollo-router[0m [36mplugins::test::test_for_harness[0m[36m::[0m[34;1mtest_subgraph_service_assertions[0m
[32;1m        PASS[0m [   0.569s] [35;1mapollo-router[0m [36mplugins::test::test_for_harness[0m[36m::[0m[34;1mtest_supergraph_service_assert_contains_error[0m
[32;1m        PASS[0m [   0.052s] [35;1mapollo-router[0m [36mprotocols::websocket::tests[0m[36m::[0m[34;1mtest_ws_connection_new_proto_error_on_init[0m
[32;1m        PASS[0m [   0.069s] [35;1mapollo-router[0m [36mprotocols::websocket::tests[0m[36m::[0m[34;1mtest_ws_connection_new_proto_with_heartbeat[0m
[32;1m        PASS[0m [   0.141s] [35;1mapollo-router[0m [36mplugins::traffic_shaping::deduplication::tests[0m[36m::[0m[34;1mtest_dedup_service[0m
[32;1m        PASS[0m [   0.114s] [35;1mapollo-router[0m [36mprotocols::websocket::tests[0m[36m::[0m[34;1mtest_ws_connection_new_proto_without_ping[0m
[32;1m        PASS[0m [   0.121s] [35;1mapollo-router[0m [36mprotocols::websocket::tests[0m[36m::[0m[34;1mtest_ws_connection_new_proto_with_ping[0m
[32;1m        PASS[0m [   0.122s] [35;1mapollo-router[0m [36mprotocols::websocket::tests[0m[36m::[0m[34;1mtest_ws_connection_old_proto_with_ping[0m
[32;1m        PASS[0m [   0.129s] [35;1mapollo-router[0m [36mprotocols::websocket::tests[0m[36m::[0m[34;1mtest_ws_connection_old_proto_without_ping[0m
[32;1m        PASS[0m [   0.128s] [35;1mapollo-router[0m [36mquery_planner::caching_query_planner::tests[0m[36m::[0m[34;1mtest_cooperative_cancellation_client_drop[0m
[32;1m        PASS[0m [   0.019s] [35;1mapollo-router[0m [36mquery_planner::plan::test[0m[36m::[0m[34;1mtest_estimated_size[0m
[32;1m        PASS[0m [   1.980s] [35;1mapollo-router[0m [36mplugins::telemetry::metrics::apollo::test[0m[36m::[0m[34;1mapollo_metrics_distributed_apq_cache_feature_disabled_with_partial_defaults[0m
[32;1m        PASS[0m [   1.979s] [35;1mapollo-router[0m [36mplugins::telemetry::metrics::apollo::test[0m[36m::[0m[34;1mapollo_metrics_distributed_apq_cache_feature_enabled_with_partial_defaults[0m
[32;1m        PASS[0m [   1.966s] [35;1mapollo-router[0m [36mplugins::telemetry::metrics::apollo::test[0m[36m::[0m[34;1mapollo_metrics_features_disabled_when_defaulted[0m
[32;1m        PASS[0m [   0.097s] [35;1mapollo-router[0m [36mquery_planner::labeler::tests[0m[36m::[0m[34;1mlarge_float_written_as_int[0m
[32;1m        PASS[0m [   0.501s] [35;1mapollo-router[0m [36mplugins::test::test_for_harness[0m[36m::[0m[34;1mtest_supergraph_service_assertions[0m
[32;1m        PASS[0m [   0.040s] [35;1mapollo-router[0m [36mquery_planner::query_planner_service::tests[0m[36m::[0m[34;1mtest_metric_query_planning_plan_duration[0m
[32;1m        PASS[0m [   2.005s] [35;1mapollo-router[0m [36mplugins::telemetry::metrics::apollo::test[0m[36m::[0m[34;1mapollo_metrics_features_explicitly_disabled[0m
[32;1m        PASS[0m [   0.344s] [35;1mapollo-router[0m [36mplugins::traffic_shaping::test[0m[36m::[0m[34;1mit_rate_limit_connector_requests[0m
[32;1m        PASS[0m [   0.049s] [35;1mapollo-router[0m [36mquery_planner::query_planner_service::tests[0m[36m::[0m[34;1mtest_metric_rust_qp_initialization[0m
[32;1m        PASS[0m [   0.344s] [35;1mapollo-router[0m [36mplugins::traffic_shaping::test[0m[36m::[0m[34;1mit_rate_limit_router_requests[0m
[32;1m        PASS[0m [   2.013s] [35;1mapollo-router[0m [36mplugins::telemetry::metrics::apollo::test[0m[36m::[0m[34;1mapollo_metrics_features_explicitly_enabled[0m
[32;1m        PASS[0m [   0.346s] [35;1mapollo-router[0m [36mplugins::traffic_shaping::test[0m[36m::[0m[34;1mit_rate_limit_subgraph_requests[0m
[32;1m        PASS[0m [   1.178s] [35;1mapollo-router[0m [36mplugins::telemetry::tests[0m[36m::[0m[34;1mtest_enabled_features[0m
[32;1m        PASS[0m [   0.513s] [35;1mapollo-router[0m [36mquery_planner::caching_query_planner::tests[0m[36m::[0m[34;1mtest_introspection_cache[0m
[32;1m        PASS[0m [   2.213s] [35;1mapollo-router[0m [36mplugins::telemetry::metrics::apollo::test[0m[36m::[0m[34;1mapollo_metrics_multiple_operations[0m
[32;1m        PASS[0m [   0.618s] [35;1mapollo-router[0m [36mquery_planner::caching_query_planner::tests[0m[36m::[0m[34;1mtest_cache_works[0m
[32;1m        PASS[0m [   2.376s] [35;1mapollo-router[0m [36mplugins::telemetry::metrics::apollo::test[0m[36m::[0m[34;1mapollo_metrics_exclude[0m
[32;1m        PASS[0m [   2.237s] [35;1mapollo-router[0m [36mplugins::telemetry::metrics::apollo::test[0m[36m::[0m[34;1mapollo_metrics_unknown_operation[0m
[32;1m        PASS[0m [   2.249s] [35;1mapollo-router[0m [36mplugins::telemetry::metrics::apollo::test[0m[36m::[0m[34;1mapollo_metrics_parse_failure[0m
[32;1m        PASS[0m [   2.212s] [35;1mapollo-router[0m [36mplugins::telemetry::metrics::apollo::test[0m[36m::[0m[34;1mapollo_metrics_validation_failure[0m
[32;1m        PASS[0m [   0.022s] [35;1mapollo-router[0m [36mquery_planner::subgraph_context::subgraph_context_unit_tests[0m[36m::[0m[34;1mtest_transform_selection_set[0m
[32;1m        PASS[0m [   0.034s] [35;1mapollo-router[0m [36mquery_planner::subgraph_context::subgraph_context_unit_tests[0m[36m::[0m[34;1mtest_merge_context_path[0m
[32;1m        PASS[0m [   0.035s] [35;1mapollo-router[0m [36mquery_planner::subgraph_context::subgraph_context_unit_tests[0m[36m::[0m[34;1mtest_merge_context_path_invalid[0m
[32;1m        PASS[0m [   0.674s] [35;1mapollo-router[0m [36mquery_planner::caching_query_planner::tests[0m[36m::[0m[34;1mtest_cache_warmup[0m
[32;1m        PASS[0m [   0.031s] [35;1mapollo-router[0m [36mquery_planner::tests[0m[36m::[0m[34;1mbroken_plan_does_not_panic[0m
[32;1m        PASS[0m [   0.596s] [35;1mapollo-router[0m [36mquery_planner::caching_query_planner::tests[0m[36m::[0m[34;1mtest_temporary_errors_arent_cached[0m
[32;1m        PASS[0m [   2.386s] [35;1mapollo-router[0m [36mplugins::telemetry::metrics::apollo::test[0m[36m::[0m[34;1mapollo_metrics_for_subscription[0m
[32;1m        PASS[0m [   2.398s] [35;1mapollo-router[0m [36mplugins::telemetry::metrics::apollo::test[0m[36m::[0m[34;1mapollo_metrics_for_subscription_error[0m
[32;1m        PASS[0m [   2.403s] [35;1mapollo-router[0m [36mplugins::telemetry::metrics::apollo::test[0m[36m::[0m[34;1mapollo_metrics_single_operation[0m
[32;1m        PASS[0m [   0.688s] [35;1mapollo-router[0m [36mquery_planner::caching_query_planner::tests[0m[36m::[0m[34;1mtest_usage_reporting[0m
[32;1m        PASS[0m [   0.527s] [35;1mapollo-router[0m [36mquery_planner::rewrites::tests[0m[36m::[0m[34;1mtest_key_renamer_object[0m
[32;1m        PASS[0m [   0.513s] [35;1mapollo-router[0m [36mquery_planner::selection::tests[0m[36m::[0m[34;1mtest_array[0m
[32;1m        PASS[0m [   0.742s] [35;1mapollo-router[0m [36mquery_planner::caching_query_planner::tests[0m[36m::[0m[34;1mtest_plan[0m
[32;1m        PASS[0m [   0.581s] [35;1mapollo-router[0m [36mquery_planner::rewrites::tests[0m[36m::[0m[34;1mtest_key_renamer_array[0m
[32;1m        PASS[0m [   0.671s] [35;1mapollo-router[0m [36mquery_planner::query_planner_service::tests[0m[36m::[0m[34;1mfederation_versions[0m
[32;1m        PASS[0m [   0.034s] [35;1mapollo-router[0m [36mquery_planner::tests[0m[36m::[0m[34;1mservice_usage[0m
[32;1m        PASS[0m [   0.692s] [35;1mapollo-router[0m [36mquery_planner::query_planner_service::tests[0m[36m::[0m[34;1mtest_evaluated_plans_histogram[0m
[32;1m        PASS[0m [   1.530s] [35;1mapollo-router[0m [36mplugins::test::test_for_harness[0m[36m::[0m[34;1mtest_router_service_multi_threaded[0m
[32;1m        PASS[0m [   1.577s] [35;1mapollo-router[0m [36mplugins::test::test_for_harness[0m[36m::[0m[34;1mtest_is_ready[0m
[32;1m        PASS[0m [   0.139s] [35;1mapollo-router[0m [36mquery_planner::tests[0m[36m::[0m[34;1mquery_plan_from_json[0m
[32;1m        PASS[0m [   0.762s] [35;1mapollo-router[0m [36mquery_planner::query_planner_service::tests[0m[36m::[0m[34;1mtest_plan_error[0m
[32;1m        PASS[0m [   0.879s] [35;1mapollo-router[0m [36mquery_planner::query_planner_service::tests[0m[36m::[0m[34;1mempty_query_plan_should_be_a_planner_error[0m
[32;1m        PASS[0m [   0.803s] [35;1mapollo-router[0m [36mquery_planner::query_planner_service::tests[0m[36m::[0m[34;1mtest_two_root_typenames[0m
[32;1m        PASS[0m [   0.814s] [35;1mapollo-router[0m [36mquery_planner::query_planner_service::tests[0m[36m::[0m[34;1mtest_single_aliased_root_typename[0m
[32;1m        PASS[0m [   1.153s] [35;1mapollo-router[0m [36mplugins::traffic_shaping::test[0m[36m::[0m[34;1mit_returns_valid_response_for_deduplicated_variables[0m
[32;1m        PASS[0m [   0.024s] [35;1mapollo-router[0m [36mregistry::tests[0m[36m::[0m[34;1mtest_infer_oci_protocol_127_0_0_1[0m
[32;1m        PASS[0m [   0.025s] [35;1mapollo-router[0m [36mregistry::tests[0m[36m::[0m[34;1mtest_infer_oci_protocol_127_0_0_1_with_port[0m
[32;1m        PASS[0m [   0.026s] [35;1mapollo-router[0m [36mregistry::tests[0m[36m::[0m[34;1mtest_infer_oci_protocol_apollo_registry[0m
[32;1m        PASS[0m [   0.028s] [35;1mapollo-router[0m [36mregistry::tests[0m[36m::[0m[34;1mtest_infer_oci_protocol_apollo_registry_with_port[0m
[32;1m        PASS[0m [   0.026s] [35;1mapollo-router[0m [36mregistry::tests[0m[36m::[0m[34;1mtest_infer_oci_protocol_custom_registry[0m
[32;1m        PASS[0m [   0.583s] [35;1mapollo-router[0m [36mquery_planner::selection::tests[0m[36m::[0m[34;1mtest_execute_selection_set_abstract_types[0m
[32;1m        PASS[0m [   0.032s] [35;1mapollo-router[0m [36mregistry::tests[0m[36m::[0m[34;1mtest_infer_oci_protocol_docker_io[0m
[32;1m        PASS[0m [   0.028s] [35;1mapollo-router[0m [36mregistry::tests[0m[36m::[0m[34;1mtest_infer_oci_protocol_docker_io_with_port[0m
[32;1m        PASS[0m [   0.589s] [35;1mapollo-router[0m [36mquery_planner::selection::tests[0m[36m::[0m[34;1mtest_selection[0m
[32;1m        PASS[0m [   0.032s] [35;1mapollo-router[0m [36mregistry::tests[0m[36m::[0m[34;1mtest_infer_oci_protocol_empty_string[0m
[32;1m        PASS[0m [   0.945s] [35;1mapollo-router[0m [36mquery_planner::query_planner_service::tests[0m[36m::[0m[34;1mtest_plan[0m
[32;1m        PASS[0m [   0.027s] [35;1mapollo-router[0m [36mregistry::tests[0m[36m::[0m[34;1mtest_infer_oci_protocol_localhost[0m
[32;1m        PASS[0m [   0.024s] [35;1mapollo-router[0m [36mregistry::tests[0m[36m::[0m[34;1mtest_infer_oci_protocol_localhost_with_port[0m
[32;1m        PASS[0m [   0.026s] [35;1mapollo-router[0m [36mregistry::tests[0m[36m::[0m[34;1mtest_infer_oci_protocol_port_only[0m
[32;1m        PASS[0m [   0.036s] [35;1mapollo-router[0m [36mrouter::event::configuration::tests[0m[36m::[0m[34;1mconfig_by_file_missing[0m
[32;1m        PASS[0m [   0.599s] [35;1mapollo-router[0m [36mquery_planner::selection::tests[0m[36m::[0m[34;1mtest_selection_subtype[0m
[32;1m        PASS[0m [   0.068s] [35;1mapollo-router[0m [36mregistry::tests[0m[36m::[0m[34;1mtest_validate_oci_reference_valid_cases[0m
[32;1m        PASS[0m [   0.029s] [35;1mapollo-router[0m [36mrouter::event::schema::tests[0m[36m::[0m[34;1mschema_by_file_missing[0m
[32;1m        PASS[0m [   0.077s] [35;1mapollo-router[0m [36mregistry::tests[0m[36m::[0m[34;1mtest_validate_oci_reference_invalid_cases[0m
[32;1m        PASS[0m [   0.624s] [35;1mapollo-router[0m [36mquery_planner::selection::tests[0m[36m::[0m[34;1mtest_selection_missing_field[0m
[32;1m        PASS[0m [   0.588s] [35;1mapollo-router[0m [36mquery_planner::tests[0m[36m::[0m[34;1mdefer[0m
[32;1m        PASS[0m [   0.588s] [35;1mapollo-router[0m [36mquery_planner::tests[0m[36m::[0m[34;1mdependent_mutations[0m
[32;1m        PASS[0m [   0.580s] [35;1mapollo-router[0m [36mquery_planner::tests[0m[36m::[0m[34;1mfetch_makes_post_requests[0m
[32;1m        PASS[0m [   0.612s] [35;1mapollo-router[0m [36mquery_planner::tests[0m[36m::[0m[34;1mfetch_includes_operation_name[0m
[32;1m        PASS[0m [   0.024s] [35;1mapollo-router[0m [36mrouter_factory::test[0m[36m::[0m[34;1mtest_inject_schema_id[0m
[32;1m        PASS[0m [   0.187s] [35;1mapollo-router[0m [36mrouter::event::schema::tests[0m[36m::[0m[34;1mschema_by_url[0m
[32;1m        PASS[0m [   0.773s] [35;1mapollo-router[0m [36mquery_planner::tests[0m[36m::[0m[34;1mdefer_if_condition[0m
[32;1m        PASS[0m [   0.212s] [35;1mapollo-router[0m [36mrouter::event::schema::tests[0m[36m::[0m[34;1mschema_by_url_all_fail[0m
[32;1m        PASS[0m [   0.222s] [35;1mapollo-router[0m [36mrouter::event::schema::tests[0m[36m::[0m[34;1mschema_by_url_fallback[0m
[32;1m        PASS[0m [   1.287s] [35;1mapollo-router[0m [36mquery_planner::query_planner_service::tests[0m[36m::[0m[34;1mtest_rust_mode_subgraph_operation_serialization[0m
[32;1m        PASS[0m [   0.588s] [35;1mapollo-router[0m [36mregistry::tests[0m[36m::[0m[34;1mtest_build_auth_non_apollo_registry[0m
[32;1m        PASS[0m [   0.641s] [35;1mapollo-router[0m [36mregistry::tests[0m[36m::[0m[34;1mtest_build_auth_apollo_registry[0m
[32;1m        PASS[0m [   0.730s] [35;1mapollo-router[0m [36mregistry::tests[0m[36m::[0m[34;1merror_layer_not_found[0m
[32;1m        PASS[0m [   0.527s] [35;1mapollo-router[0m [36mrouter::event::schema::tests[0m[36m::[0m[34;1mschema_by_file_no_watch[0m
[32;1m        PASS[0m [   0.794s] [35;1mapollo-router[0m [36mregistry::tests[0m[36m::[0m[34;1mfetch_blob[0m
[32;1m        PASS[0m [   0.830s] [35;1mapollo-router[0m [36mregistry::tests[0m[36m::[0m[34;1mhandle_extra_layers[0m
[32;1m        PASS[0m [   0.559s] [35;1mapollo-router[0m [36mrouter_factory::test::test_mandatory_plugins_added[0m[36m::[0m[34;1mcase_1_empty_allowed_features_set[0m
[32;1m        PASS[0m [   1.256s] [35;1mapollo-router[0m [36mquery_planner::tests[0m[36m::[0m[34;1malias_renaming[0m
[32;1m        PASS[0m [   1.212s] [35;1mapollo-router[0m [36mquery_planner::tests[0m[36m::[0m[34;1mmissing_fields_in_requires[0m
[32;1m        PASS[0m [   1.179s] [35;1mapollo-router[0m [36mquery_planner::tests[0m[36m::[0m[34;1mmissing_typename_and_fragments_in_requires[0m
[32;1m        PASS[0m [   0.538s] [35;1mapollo-router[0m [36mrouter_factory::test::test_mandatory_plugins_added[0m[36m::[0m[34;1mcase_2_nonempty_allowed_features_set[0m
[32;1m        PASS[0m [   0.519s] [35;1mapollo-router[0m [36mrouter_factory::test::test_optional_plugin_added_with_restricted_allowed_features[0m[36m::[0m[34;1mcase_2_authorization[0m
[32;1m        PASS[0m [   0.544s] [35;1mapollo-router[0m [36mrouter_factory::test::test_optional_plugin_added_with_restricted_allowed_features[0m[36m::[0m[34;1mcase_1_subscripions[0m
[32;1m        PASS[0m [   0.534s] [35;1mapollo-router[0m [36mrouter_factory::test::test_optional_plugin_added_with_restricted_allowed_features[0m[36m::[0m[34;1mcase_3_authentication[0m
[32;1m        PASS[0m [   1.213s] [35;1mapollo-router[0m [36mquery_planner::tests[0m[36m::[0m[34;1mnull_in_requires[0m
[32;1m        PASS[0m [   1.243s] [35;1mapollo-router[0m [36mquery_planner::tests[0m[36m::[0m[34;1mmissing_typename_and_fragments_in_requires2[0m
[32;1m        PASS[0m [   0.566s] [35;1mapollo-router[0m [36mrouter_factory::test::test_optional_plugin_added_with_restricted_allowed_features[0m[36m::[0m[34;1mcase_4_entity_caching[0m
[32;1m        PASS[0m [   1.231s] [35;1mapollo-router[0m [36mquery_planner::tests[0m[36m::[0m[34;1mtypename_propagation3[0m
[32;1m        PASS[0m [   2.113s] [35;1mapollo-router[0m [36mquery_planner::caching_query_planner::tests[0m[36m::[0m[34;1mtest_cooperative_cancellation_measurement_mode[0m
[32;1m        PASS[0m [   1.273s] [35;1mapollo-router[0m [36mquery_planner::tests[0m[36m::[0m[34;1mtypename_propagation[0m
[32;1m        PASS[0m [   1.259s] [35;1mapollo-router[0m [36mquery_planner::tests[0m[36m::[0m[34;1mtypename_propagation2[0m
[32;1m        PASS[0m [   0.576s] [35;1mapollo-router[0m [36mrouter_factory::test::test_optional_plugin_added_with_restricted_allowed_features[0m[36m::[0m[34;1mcase_5_response_cache[0m
[32;1m        PASS[0m [   1.055s] [35;1mapollo-router[0m [36mrouter::event::configuration::tests[0m[36m::[0m[34;1mconfig_by_file_no_watch[0m
[32;1m        PASS[0m [   0.579s] [35;1mapollo-router[0m [36mrouter_factory::test::test_optional_plugin_added_with_restricted_allowed_features[0m[36m::[0m[34;1mcase_6_authorization[0m
[32;1m        PASS[0m [   1.071s] [35;1mapollo-router[0m [36mrouter::event::configuration::tests[0m[36m::[0m[34;1mconfig_by_file_invalid[0m
[32;1m        PASS[0m [   0.587s] [35;1mapollo-router[0m [36mrouter_factory::test::test_optional_plugin_added_with_restricted_allowed_features[0m[36m::[0m[34;1mcase_7_coprocessor[0m
[32;1m        PASS[0m [   1.030s] [35;1mapollo-router[0m [36mrouter::event::schema::tests[0m[36m::[0m[34;1mschema_by_file_watching[0m
[32;1m        PASS[0m [   0.551s] [35;1mapollo-router[0m [36mrouter_factory::test::test_optional_plugin_not_added_with_restricted_allowed_features[0m[36m::[0m[34;1mcase_1_subscripions[0m
[32;1m        PASS[0m [   0.562s] [35;1mapollo-router[0m [36mrouter_factory::test::test_optional_plugin_not_added_with_restricted_allowed_features[0m[36m::[0m[34;1mcase_2_authorization[0m
[32;1m        PASS[0m [   0.555s] [35;1mapollo-router[0m [36mrouter_factory::test::test_optional_plugin_not_added_with_restricted_allowed_features[0m[36m::[0m[34;1mcase_3_authentication[0m
[32;1m        PASS[0m [   0.551s] [35;1mapollo-router[0m [36mrouter_factory::test::test_optional_plugin_not_added_with_restricted_allowed_features[0m[36m::[0m[34;1mcase_4_entity_caching[0m
[32;1m        PASS[0m [   0.580s] [35;1mapollo-router[0m [36mrouter_factory::test::test_optional_plugin_not_added_with_restricted_allowed_features[0m[36m::[0m[34;1mcase_5_response_cache[0m
[32;1m        PASS[0m [   0.555s] [35;1mapollo-router[0m [36mrouter_factory::test::test_optional_plugin_that_does_not_map_to_an_allowed_feature_is_added[0m[36m::[0m[34;1mcase_1_mock_subgraphs_non_empty_allowed_features[0m
[32;1m        PASS[0m [   0.590s] [35;1mapollo-router[0m [36mrouter_factory::test::test_optional_plugin_not_added_with_restricted_allowed_features[0m[36m::[0m[34;1mcase_6_authorization[0m
[32;1m        PASS[0m [   0.584s] [35;1mapollo-router[0m [36mrouter_factory::test::test_optional_plugin_not_added_with_restricted_allowed_features[0m[36m::[0m[34;1mcase_7_coprocessor[0m
[32;1m        PASS[0m [   0.591s] [35;1mapollo-router[0m [36mrouter_factory::test::test_optional_plugin_with_default_license_limits[0m[36m::[0m[34;1mcase_01_forbid_mutations[0m
[32;1m        PASS[0m [   0.627s] [35;1mapollo-router[0m [36mrouter_factory::test::test_optional_plugin_that_does_not_map_to_an_allowed_feature_is_added[0m[36m::[0m[34;1mcase_2_mock_subgraphs_empty_allowed_features[0m
[32;1m        PASS[0m [   0.564s] [35;1mapollo-router[0m [36mrouter_factory::test::test_optional_plugin_with_default_license_limits[0m[36m::[0m[34;1mcase_04_authorization[0m
[32;1m        PASS[0m [   0.615s] [35;1mapollo-router[0m [36mrouter_factory::test::test_optional_plugin_with_default_license_limits[0m[36m::[0m[34;1mcase_02_subscriptions[0m
[32;1m        PASS[0m [   0.604s] [35;1mapollo-router[0m [36mrouter_factory::test::test_optional_plugin_with_default_license_limits[0m[36m::[0m[34;1mcase_03_override_subgraph_url[0m
[32;1m        PASS[0m [   0.592s] [35;1mapollo-router[0m [36mrouter_factory::test::test_optional_plugin_with_default_license_limits[0m[36m::[0m[34;1mcase_06_file_upload[0m
[32;1m        PASS[0m [   0.620s] [35;1mapollo-router[0m [36mrouter_factory::test::test_optional_plugin_with_default_license_limits[0m[36m::[0m[34;1mcase_05_authentication[0m
[32;1m        PASS[0m [   0.615s] [35;1mapollo-router[0m [36mrouter_factory::test::test_optional_plugin_with_default_license_limits[0m[36m::[0m[34;1mcase_07_response_cache[0m
[32;1m        PASS[0m [   0.027s] [35;1mapollo-router[0m [36mservices::external::test[0m[36m::[0m[34;1mit_will_build_router_externalizable_correctly[0m
[32;1m        PASS[0m [   0.619s] [35;1mapollo-router[0m [36mrouter_factory::test::test_optional_plugin_with_default_license_limits[0m[36m::[0m[34;1mcase_09_connectors[0m
[32;1m        PASS[0m [   0.159s] [35;1mapollo-router[0m [36mrouter_factory::test[0m[36m::[0m[34;1mtest_yaml_plugins_always_fails_to_start[0m
[32;1m        PASS[0m [   0.028s] [35;1mapollo-router[0m [36mservices::external::test[0m[36m::[0m[34;1mit_will_build_subgraph_externalizable_correctly[0m
[32;1m        PASS[0m [   0.645s] [35;1mapollo-router[0m [36mrouter_factory::test::test_optional_plugin_with_default_license_limits[0m[36m::[0m[34;1mcase_08_demand_control[0m
[32;1m        PASS[0m [   0.586s] [35;1mapollo-router[0m [36mrouter_factory::test::test_optional_plugin_with_unrestricted_allowed_features[0m[36m::[0m[34;1mcase_01_forbid_mutations[0m
[32;1m        PASS[0m [   0.601s] [35;1mapollo-router[0m [36mrouter_factory::test::test_optional_plugin_with_default_license_limits[0m[36m::[0m[34;1mcase_11_mock_subgraphs[0m
[32;1m        PASS[0m [   0.580s] [35;1mapollo-router[0m [36mrouter_factory::test::test_optional_plugin_with_unrestricted_allowed_features[0m[36m::[0m[34;1mcase_04_authorization[0m
[32;1m        PASS[0m [   0.615s] [35;1mapollo-router[0m [36mrouter_factory::test::test_optional_plugin_with_unrestricted_allowed_features[0m[36m::[0m[34;1mcase_02_subscriptions[0m
[32;1m        PASS[0m [   0.565s] [35;1mapollo-router[0m [36mrouter_factory::test::test_optional_plugin_with_unrestricted_allowed_features[0m[36m::[0m[34;1mcase_05_authentication[0m
[32;1m        PASS[0m [   0.673s] [35;1mapollo-router[0m [36mrouter_factory::test::test_optional_plugin_with_default_license_limits[0m[36m::[0m[34;1mcase_10_coprocessor[0m
[32;1m        PASS[0m [   0.611s] [35;1mapollo-router[0m [36mrouter_factory::test::test_optional_plugin_with_unrestricted_allowed_features[0m[36m::[0m[34;1mcase_03_override_subgraph_url[0m
[32;1m        PASS[0m [   0.164s] [35;1mapollo-router[0m [36mrouter_factory::test[0m[36m::[0m[34;1mtest_yaml_plugins_combo_start_and_fail[0m
[32;1m        PASS[0m [   0.152s] [35;1mapollo-router[0m [36mservices::external::test[0m[36m::[0m[34;1mit_will_create_an_http_request_span[0m
[32;1m        PASS[0m [   0.126s] [35;1mapollo-router[0m [36mservices::http::tests[0m[36m::[0m[34;1mtest_compressed_request_response_body[0m
[32;1m        PASS[0m [   0.090s] [35;1mapollo-router[0m [36mservices::http::tests[0m[36m::[0m[34;1mtest_subgraph_h2c[0m
[32;1m        PASS[0m [   0.614s] [35;1mapollo-router[0m [36mrouter_factory::test::test_optional_plugin_with_unrestricted_allowed_features[0m[36m::[0m[34;1mcase_06_file_upload[0m
[32;1m        PASS[0m [   0.580s] [35;1mapollo-router[0m [36mrouter_factory::test::test_optional_plugin_with_unrestricted_allowed_features[0m[36m::[0m[34;1mcase_07_entity_cache[0m
[32;1m        PASS[0m [   0.036s] [35;1mapollo-router[0m [36mservices::layers::allow_only_http_post_mutations::forbid_http_get_mutations_tests[0m[36m::[0m[34;1mit_lets_http_get_queries_pass_through[0m
[32;1m        PASS[0m [   0.042s] [35;1mapollo-router[0m [36mservices::layers::allow_only_http_post_mutations::forbid_http_get_mutations_tests[0m[36m::[0m[34;1mit_doesnt_let_non_http_post_mutations_pass_through[0m
[32;1m        PASS[0m [   0.032s] [35;1mapollo-router[0m [36mservices::layers::allow_only_http_post_mutations::forbid_http_get_mutations_tests[0m[36m::[0m[34;1mit_lets_http_post_mutations_pass_through[0m
[32;1m        PASS[0m [   0.033s] [35;1mapollo-router[0m [36mservices::layers::allow_only_http_post_mutations::forbid_http_get_mutations_tests[0m[36m::[0m[34;1mit_lets_http_post_queries_pass_through[0m
[32;1m        PASS[0m [   0.025s] [35;1mapollo-router[0m [36mservices::layers::content_negotiation::tests[0m[36m::[0m[34;1mit_checks_accept_header[0m
[32;1m        PASS[0m [   0.035s] [35;1mapollo-router[0m [36mservices::layers::persisted_queries::freeform_graphql_behavior::tests[0m[36m::[0m[34;1msafelist_body_normalization[0m
[32;1m        PASS[0m [   0.601s] [35;1mapollo-router[0m [36mrouter_factory::test::test_optional_plugin_with_unrestricted_allowed_features[0m[36m::[0m[34;1mcase_08_response_cache[0m
[32;1m        PASS[0m [   0.039s] [35;1mapollo-router[0m [36mservices::layers::persisted_queries::freeform_graphql_behavior::tests[0m[36m::[0m[34;1mtest_get_freeform_graphql_behavior[0m
[32;1m        PASS[0m [   0.596s] [35;1mapollo-router[0m [36mrouter_factory::test::test_optional_plugin_with_unrestricted_allowed_features[0m[36m::[0m[34;1mcase_09_demand_control[0m
[32;1m        PASS[0m [   3.041s] [35;1mapollo-router[0m [36mquery_planner::caching_query_planner::tests[0m[36m::[0m[34;1mtest_cooperative_cancellation_timeout[0m
[32;1m        PASS[0m [   0.045s] [35;1mapollo-router[0m [36mservices::layers::persisted_queries::id_extractor::tests[0m[36m::[0m[34;1mit_can_extract_id_from_request_extensions_with_version[0m
[32;1m        PASS[0m [   0.025s] [35;1mapollo-router[0m [36mservices::layers::persisted_queries::id_extractor::tests[0m[36m::[0m[34;1mit_cannot_extract_id_from_request_extensions_without_version[0m
[32;1m        PASS[0m [   0.586s] [35;1mapollo-router[0m [36mrouter_factory::test::test_optional_plugin_with_unrestricted_allowed_features[0m[36m::[0m[34;1mcase_10_connectors[0m
[32;1m        PASS[0m [   0.580s] [35;1mapollo-router[0m [36mrouter_factory::test::test_optional_plugin_with_unrestricted_allowed_features[0m[36m::[0m[34;1mcase_12_mock_subgraphs[0m
[32;1m        PASS[0m [   0.044s] [35;1mapollo-router[0m [36mservices::layers::persisted_queries::manifest_poller::tests[0m[36m::[0m[34;1mhot_reload_config_enforcement[0m
[32;1m        PASS[0m [   0.045s] [35;1mapollo-router[0m [36mservices::layers::persisted_queries::manifest_poller::tests[0m[36m::[0m[34;1mhot_reload_stream_initial_load[0m
[32;1m        PASS[0m [   0.578s] [35;1mapollo-router[0m [36mrouter_factory::test::test_oss_plugins_added[0m[36m::[0m[34;1mcase_1_allowed_features_empty[0m
[32;1m        PASS[0m [   2.355s] [35;1mapollo-router[0m [36mquery_planner::tests[0m[36m::[0m[34;1mmock_subgraph_service_with_panics_should_be_reported_as_service_closed[0m
[32;1m        PASS[0m [   0.037s] [35;1mapollo-router[0m [36mservices::layers::persisted_queries::manifest_poller::tests[0m[36m::[0m[34;1muses_local_manifest[0m
[32;1m        PASS[0m [   0.578s] [35;1mapollo-router[0m [36mrouter_factory::test::test_oss_plugins_added[0m[36m::[0m[34;1mcase_2_allowed_features_nonempty[0m
[32;1m        PASS[0m [   0.650s] [35;1mapollo-router[0m [36mrouter_factory::test::test_optional_plugin_with_unrestricted_allowed_features[0m[36m::[0m[34;1mcase_11_coprocessor[0m
[32;1m        PASS[0m [   0.582s] [35;1mapollo-router[0m [36mrouter_factory::test[0m[36m::[0m[34;1mtest_yaml_no_extras[0m
[32;1m        PASS[0m [   1.940s] [35;1mapollo-router[0m [36mrouter::tests[0m[36m::[0m[34;1mbasic_event_stream_test[0m
[32;1m        PASS[0m [   0.058s] [35;1mapollo-router[0m [36mservices::layers::persisted_queries::tests[0m[36m::[0m[34;1mapq_and_pq_safelisting_is_invalid_config[0m
[32;1m        PASS[0m [   1.943s] [35;1mapollo-router[0m [36mrouter::tests[0m[36m::[0m[34;1mbasic_request[0m
[32;1m        PASS[0m [   0.589s] [35;1mapollo-router[0m [36mrouter_factory::test[0m[36m::[0m[34;1mtest_yaml_plugins_always_starts_and_stops[0m
[32;1m        PASS[0m [   2.960s] [35;1mapollo-router[0m [36mquery_planner::query_planner_service::tests[0m[36m::[0m[34;1mtest_subselections[0m
[32;1m        PASS[0m [   0.050s] [35;1mapollo-router[0m [36mservices::layers::persisted_queries::tests[0m[36m::[0m[34;1mdisabled_pq_layer_has_no_poller[0m
[32;1m        PASS[0m [   0.245s] [35;1mapollo-router[0m [36mservices::layers::persisted_queries::manifest_poller::tests[0m[36m::[0m[34;1mpoller_can_get_operation_bodies[0m
[32;1m        PASS[0m [   0.230s] [35;1mapollo-router[0m [36mservices::layers::persisted_queries::manifest_poller::tests[0m[36m::[0m[34;1mpoller_wont_start_without_uplink_connection[0m
[32;1m        PASS[0m [   0.288s] [35;1mapollo-router[0m [36mservices::layers::persisted_queries::manifest_poller::tests[0m[36m::[0m[34;1mhandles_empty_pq_manifest_from_uplink[0m
[32;1m        PASS[0m [   0.272s] [35;1mapollo-router[0m [36mservices::layers::persisted_queries::manifest_poller::tests[0m[36m::[0m[34;1mpoller_fails_over_on_gcs_failure[0m
[32;1m        PASS[0m [   0.238s] [35;1mapollo-router[0m [36mservices::layers::persisted_queries::tests[0m[36m::[0m[34;1mcan_pass_different_body_from_published_pq_id_with_apq_enabled[0m
[32;1m        PASS[0m [   0.199s] [35;1mapollo-router[0m [36mservices::layers::persisted_queries::tests[0m[36m::[0m[34;1menabled_pq_layer_has_poller[0m
[32;1m        PASS[0m [   0.251s] [35;1mapollo-router[0m [36mservices::layers::persisted_queries::tests[0m[36m::[0m[34;1mcannot_pass_same_body_as_published_pq_id_with_apq_disabled[0m
[32;1m        PASS[0m [   0.248s] [35;1mapollo-router[0m [36mservices::layers::persisted_queries::tests[0m[36m::[0m[34;1mdisabled_apq_configuration_tracked_in_pq_layer[0m
[32;1m        PASS[0m [   2.248s] [35;1mapollo-router[0m [36mrouter::event::configuration::tests[0m[36m::[0m[34;1mconfig_by_file_watching[0m
[32;1m        PASS[0m [   0.272s] [35;1mapollo-router[0m [36mservices::layers::persisted_queries::tests[0m[36m::[0m[34;1mcannot_pass_different_body_as_published_pq_id_with_apq_disabled[0m
[32;1m        PASS[0m [   0.584s] [35;1mapollo-router[0m [36mservices::http::tests[0m[36m::[0m[34;1mtls_client_auth_connector[0m
[32;1m        PASS[0m [   0.580s] [35;1mapollo-router[0m [36mservices::http::tests[0m[36m::[0m[34;1mtls_custom_root[0m
[32;1m        PASS[0m [   0.590s] [35;1mapollo-router[0m [36mservices::http::tests[0m[36m::[0m[34;1mtls_client_auth[0m
[32;1m        PASS[0m [   0.264s] [35;1mapollo-router[0m [36mservices::layers::persisted_queries::tests[0m[36m::[0m[34;1mdisabled_safelist_configuration_tracked_in_pq_layer[0m
[32;1m        PASS[0m [   0.249s] [35;1mapollo-router[0m [36mservices::layers::persisted_queries::tests[0m[36m::[0m[34;1menabled_apq_configuration_tracked_in_pq_layer[0m
[32;1m        PASS[0m [   0.262s] [35;1mapollo-router[0m [36mservices::layers::persisted_queries::tests[0m[36m::[0m[34;1menabled_pq_layer_can_run_pq[0m
[32;1m        PASS[0m [   0.027s] [35;1mapollo-router[0m [36mservices::router::test[0m[36m::[0m[34;1mtest_convert_from_http_body[0m
[32;1m        PASS[0m [   0.026s] [35;1mapollo-router[0m [36mservices::router::test[0m[36m::[0m[34;1mtest_convert_from_hyper_body[0m
[32;1m        PASS[0m [   0.610s] [35;1mapollo-router[0m [36mservices::http::tests[0m[36m::[0m[34;1mtls_self_signed[0m
[32;1m        PASS[0m [   0.632s] [35;1mapollo-router[0m [36mservices::http::tests[0m[36m::[0m[34;1mtls_custom_root_connector[0m
[32;1m        PASS[0m [   0.592s] [35;1mapollo-router[0m [36mservices::http::tests[0m[36m::[0m[34;1mtls_self_signed_connector[0m
[32;1m        PASS[0m [   0.270s] [35;1mapollo-router[0m [36mservices::layers::persisted_queries::tests[0m[36m::[0m[34;1menabled_safelist_configuration_tracked_in_pq_layer[0m
[32;1m        PASS[0m [   0.022s] [35;1mapollo-router[0m [36mservices::router::tests[0m[36m::[0m[34;1mit_adds_default_with_value_origin_if_no_vary_header[0m
[32;1m        PASS[0m [   0.070s] [35;1mapollo-router[0m [36mservices::router::pipeline_handle::tests[0m[36m::[0m[34;1mtest_pipeline_handle_increments_counter[0m
[32;1m        PASS[0m [   0.078s] [35;1mapollo-router[0m [36mservices::router::pipeline_handle::tests[0m[36m::[0m[34;1mtest_pipeline_handle_decrements_on_drop[0m
[32;1m        PASS[0m [   0.022s] [35;1mapollo-router[0m [36mservices::router::tests[0m[36m::[0m[34;1mit_leaves_vary_alone_if_set[0m
[32;1m        PASS[0m [   0.084s] [35;1mapollo-router[0m [36mservices::router::pipeline_handle::tests[0m[36m::[0m[34;1mtest_pipeline_handle_multiple_pipelines[0m
[32;1m        PASS[0m [   0.028s] [35;1mapollo-router[0m [36mservices::router::tests[0m[36m::[0m[34;1mit_leaves_varys_alone_if_there_are_more_than_one[0m
[32;1m        PASS[0m [   0.330s] [35;1mapollo-router[0m [36mservices::layers::persisted_queries::tests[0m[36m::[0m[34;1menabled_pq_layer_with_client_names[0m
[32;1m        PASS[0m [   0.801s] [35;1mapollo-router[0m [36mservices::external::test[0m[36m::[0m[34;1mit_will_not_build_router_externalizable_incorrectl_supergraph[0m
[32;1m        PASS[0m [   0.791s] [35;1mapollo-router[0m [36mservices::external::test[0m[36m::[0m[34;1mit_will_not_build_subgraph_externalizable_incorrectly[0m
[32;1m        PASS[0m [   0.827s] [35;1mapollo-router[0m [36mservices::external::test[0m[36m::[0m[34;1mit_will_not_build_router_externalizable_incorrectly[0m
[32;1m        PASS[0m [   0.213s] [35;1mapollo-router[0m [36mservices::layers::persisted_queries::tests[0m[36m::[0m[34;1mpq_layer_passes_on_to_apq_layer_when_id_not_found[0m
[32;1m        PASS[0m [   0.024s] [35;1mapollo-router[0m [36mservices::subgraph::tests[0m[36m::[0m[34;1mtest_subgraph_request_hash[0m
[32;1m        PASS[0m [   0.282s] [35;1mapollo-router[0m [36mservices::layers::persisted_queries::tests[0m[36m::[0m[34;1mpq_layer_errors_when_id_not_found_and_apq_disabled[0m
[32;1m        PASS[0m [   0.025s] [35;1mapollo-router[0m [36mservices::subgraph_service::tests[0m[36m::[0m[34;1mit_converts_error_http_to_graphql[0m
[32;1m        PASS[0m [   0.231s] [35;1mapollo-router[0m [36mservices::layers::persisted_queries::tests[0m[36m::[0m[34;1msafelisting_disabled_by_default_in_pq_layer[0m
[32;1m        PASS[0m [   0.237s] [35;1mapollo-router[0m [36mservices::layers::persisted_queries::tests[0m[36m::[0m[34;1mrequire_id_disabled_by_default_with_safelisting_enabled_in_pq_layer[0m
[32;1m        PASS[0m [   0.033s] [35;1mapollo-router[0m [36mservices::subgraph_service::tests[0m[36m::[0m[34;1mit_converts_error_http_with_graphql_errors_to_graphql[0m
[32;1m        PASS[0m [   0.241s] [35;1mapollo-router[0m [36mservices::layers::persisted_queries::tests[0m[36m::[0m[34;1msafelisting_require_id_can_be_enabled_in_pq_layer[0m
[32;1m        PASS[0m [   0.024s] [35;1mapollo-router[0m [36mservices::subgraph_service::tests[0m[36m::[0m[34;1mit_converts_http_with_body_to_graphql[0m
[32;1m        PASS[0m [   0.241s] [35;1mapollo-router[0m [36mservices::layers::persisted_queries::tests[0m[36m::[0m[34;1msafelisting_require_id_rejects_freeform_graphql_in_pq_layer[0m
[32;1m        PASS[0m [   0.027s] [35;1mapollo-router[0m [36mservices::subgraph_service::tests[0m[36m::[0m[34;1mit_converts_http_with_graphql_errors_to_graphql[0m
[32;1m        PASS[0m [   0.026s] [35;1mapollo-router[0m [36mservices::subgraph_service::tests[0m[36m::[0m[34;1mit_converts_ok_http_to_graphql[0m
[32;1m        PASS[0m [   0.027s] [35;1mapollo-router[0m [36mservices::subgraph_service::tests[0m[36m::[0m[34;1mit_gets_uri_details[0m
[32;1m        PASS[0m [   0.283s] [35;1mapollo-router[0m [36mservices::layers::persisted_queries::tests[0m[36m::[0m[34;1mpq_layer_rejects_invalid_ids_with_safelisting_enabled[0m
[32;1m        PASS[0m [   1.155s] [35;1mapollo-router[0m [36mservices::http::tests[0m[36m::[0m[34;1mtest_http_plugin_is_loaded[0m
[32;1m        PASS[0m [   1.305s] [35;1mapollo-router[0m [36mservices::http::tests[0m[36m::[0m[34;1mtest_unix_socket[0m
[32;1m        PASS[0m [   0.528s] [35;1mapollo-router[0m [36mservices::subgraph_service::tests[0m[36m::[0m[34;1mtest_apq_disabled_subgraph_configuration[0m
[32;1m        PASS[0m [   1.245s] [35;1mapollo-router[0m [36mservices::layers::apq::apq_tests[0m[36m::[0m[34;1mreturn_not_supported_when_disabled[0m
[32;1m        PASS[0m [   1.281s] [35;1mapollo-router[0m [36mservices::layers::apq::apq_tests[0m[36m::[0m[34;1mit_works[0m
[32;1m        PASS[0m [   0.567s] [35;1mapollo-router[0m [36mservices::subgraph_service::tests[0m[36m::[0m[34;1mtest_apq_enabled_subgraph_configuration[0m
[32;1m        PASS[0m [   0.574s] [35;1mapollo-router[0m [36mservices::subgraph_service::tests[0m[36m::[0m[34;1mtest_missing_content_type[0m
[32;1m        PASS[0m [   0.578s] [35;1mapollo-router[0m [36mservices::subgraph_service::tests[0m[36m::[0m[34;1mtest_persisted_query_not_found_extension_code[0m
[32;1m        PASS[0m [   0.595s] [35;1mapollo-router[0m [36mservices::subgraph_service::tests[0m[36m::[0m[34;1mtest_bad_status_code_should_not_fail[0m
[32;1m        PASS[0m [   0.585s] [35;1mapollo-router[0m [36mservices::subgraph_service::tests[0m[36m::[0m[34;1mtest_persisted_query_not_found_message[0m
[32;1m        PASS[0m [   0.604s] [35;1mapollo-router[0m [36mservices::subgraph_service::tests[0m[36m::[0m[34;1mtest_invalid_content_type[0m
[32;1m        PASS[0m [   1.346s] [35;1mapollo-router[0m [36mservices::layers::apq::apq_tests[0m[36m::[0m[34;1mit_doesnt_update_the_cache_if_the_hash_is_not_valid[0m
[32;1m        PASS[0m [   0.971s] [35;1mapollo-router[0m [36mservices::layers::persisted_queries::tests[0m[36m::[0m[34;1mpq_layer_freeform_graphql_with_safelist_log_unknown_false[0m
[32;1m        PASS[0m [   0.600s] [35;1mapollo-router[0m [36mservices::subgraph_service::tests[0m[36m::[0m[34;1mtest_persisted_query_not_supported_extension_code[0m
[32;1m        PASS[0m [   0.025s] [35;1mapollo-router[0m [36mservices::supergraph::test[0m[36m::[0m[34;1msupergraph_request_builder[0m
[32;1m        PASS[0m [   0.025s] [35;1mapollo-router[0m [36mservices::supergraph::test[0m[36m::[0m[34;1msupergraph_response_builder[0m
[32;1m        PASS[0m [   1.146s] [35;1mapollo-router[0m [36mservices::router::tests[0m[36m::[0m[34;1mit_fails_on_no_query[0m
[32;1m        PASS[0m [   1.165s] [35;1mapollo-router[0m [36mservices::router::tests[0m[36m::[0m[34;1mit_fails_on_empty_query[0m
[32;1m        PASS[0m [   1.160s] [35;1mapollo-router[0m [36mservices::router::tests[0m[36m::[0m[34;1mit_only_accepts_batch_http_link_mode_for_query_batch[0m
[32;1m        PASS[0m [   1.239s] [35;1mapollo-router[0m [36mservices::router::tests[0m[36m::[0m[34;1mit_extracts_query_and_operation_name[0m
[32;1m        PASS[0m [   1.204s] [35;1mapollo-router[0m [36mservices::router::tests[0m[36m::[0m[34;1mit_will_not_process_a_batch_that_exceeds_the_maximum_size[0m
[32;1m        PASS[0m [   1.181s] [35;1mapollo-router[0m [36mservices::router::tests[0m[36m::[0m[34;1mit_will_not_process_a_query_batch_without_enablement[0m
[32;1m        PASS[0m [   0.620s] [35;1mapollo-router[0m [36mservices::subgraph_service::tests[0m[36m::[0m[34;1mtest_persisted_query_not_supported_message[0m
[32;1m        PASS[0m [   1.210s] [35;1mapollo-router[0m [36mservices::router::tests[0m[36m::[0m[34;1mit_will_not_process_a_poorly_formatted_query_batch[0m
[32;1m        PASS[0m [   0.587s] [35;1mapollo-router[0m [36mservices::subgraph_service::tests[0m[36m::[0m[34;1mtest_subgraph_invalid_status_invalid_response_application_json[0m
[32;1m        PASS[0m [   1.331s] [35;1mapollo-router[0m [36mservices::router::tests[0m[36m::[0m[34;1mescaped_quotes_in_string_literal[0m
[32;1m        PASS[0m [   1.332s] [35;1mapollo-router[0m [36mservices::router::tests[0m[36m::[0m[34;1minvalid_input_enum[0m
[32;1m        PASS[0m [   0.623s] [35;1mapollo-router[0m [36mservices::subgraph_service::tests[0m[36m::[0m[34;1mtest_subgraph_invalid_status_invalid_response_application_graphql[0m
[32;1m        PASS[0m [   0.582s] [35;1mapollo-router[0m [36mservices::subgraph_service::tests[0m[36m::[0m[34;1mtest_subgraph_service_content_type_application_graphql[0m
[32;1m        PASS[0m [   1.321s] [35;1mapollo-router[0m [36mservices::router::tests[0m[36m::[0m[34;1mit_processes_a_valid_query_batch[0m
[32;1m        PASS[0m [   0.585s] [35;1mapollo-router[0m [36mservices::subgraph_service::tests[0m[36m::[0m[34;1mtest_subgraph_service_content_type_application_json[0m
[32;1m        PASS[0m [   0.593s] [35;1mapollo-router[0m [36mservices::subgraph_service::tests[0m[36m::[0m[34;1mtest_subgraph_service_invalid_response[0m
[32;1m        PASS[0m [   0.643s] [35;1mapollo-router[0m [36mservices::subgraph_service::tests[0m[36m::[0m[34;1mtest_subgraph_service_callback[0m
[32;1m        PASS[0m [   0.619s] [35;1mapollo-router[0m [36mservices::subgraph_service::tests[0m[36m::[0m[34;1mtest_unauthorized[0m
[32;1m        PASS[0m [   0.597s] [35;1mapollo-router[0m [36mservices::subgraph_service::tests[0m[36m::[0m[34;1mtest_unsupported_content_type[0m
[32;1m        PASS[0m [   0.647s] [35;1mapollo-router[0m [36mservices::subgraph_service::tests[0m[36m::[0m[34;1mtest_subgraph_service_websocket_with_error[0m
[32;1m        PASS[0m [   1.376s] [35;1mapollo-router[0m [36mservices::router::tests[0m[36m::[0m[34;1mit_will_process_a_non_batched_defered_query[0m
[32;1m        PASS[0m [   0.717s] [35;1mapollo-router[0m [36mservices::subgraph_service::tests[0m[36m::[0m[34;1mtest_subgraph_service_websocket[0m
[32;1m        PASS[0m [   1.512s] [35;1mapollo-router[0m [36mservices::router::tests[0m[36m::[0m[34;1mit_will_not_process_a_batched_deferred_query[0m
[32;1m        PASS[0m [   2.073s] [35;1mapollo-router[0m [36mservices::layers::persisted_queries::manifest_poller::tests[0m[36m::[0m[34;1mhot_reload_stream_reloads_on_file_change[0m
[32;1m        PASS[0m [   1.786s] [35;1mapollo-router[0m [36mservices::router::tests[0m[36m::[0m[34;1mit_processes_a_valid_query_batch_with_maximum_size[0m
[32;1m        PASS[0m [   2.219s] [35;1mapollo-router[0m [36mservices::layers::persisted_queries::tests[0m[36m::[0m[34;1mpoller_waits_to_start[0m
[32;1m        PASS[0m [   1.976s] [35;1mapollo-router[0m [36mservices::router::tests[0m[36m::[0m[34;1mtest_http_max_request_bytes[0m
[32;1m        PASS[0m [   1.165s] [35;1mapollo-router[0m [36mservices::supergraph::tests[0m[36m::[0m[34;1maliased_subgraph_data_rewrites_on_non_root_fetch[0m
[32;1m        PASS[0m [   1.161s] [35;1mapollo-router[0m [36mservices::supergraph::tests[0m[36m::[0m[34;1maliased_subgraph_data_rewrites_on_root_fetch[0m
[32;1m        PASS[0m [   1.324s] [35;1mapollo-router[0m [36mservices::supergraph::tests[0m[36m::[0m[34;1mabstract_types_in_requires[0m
[32;1m        PASS[0m [   1.156s] [35;1mapollo-router[0m [36mservices::supergraph::tests[0m[36m::[0m[34;1mid_scalar_can_overflow_i32[0m
[32;1m        PASS[0m [   1.140s] [35;1mapollo-router[0m [36mservices::supergraph::tests[0m[36m::[0m[34;1minterface_object_typename_rewrites[0m
[32;1m        PASS[0m [   1.315s] [35;1mapollo-router[0m [36mservices::supergraph::tests[0m[36m::[0m[34;1maliased_typename_on_fragments[0m
[32;1m        PASS[0m [   1.172s] [35;1mapollo-router[0m [36mservices::supergraph::tests[0m[36m::[0m[34;1minterface_object_response_processing[0m
[32;1m        PASS[0m [   1.161s] [35;1mapollo-router[0m [36mservices::supergraph::tests[0m[36m::[0m[34;1mmultiple_interface_types[0m
[32;1m        PASS[0m [   2.670s] [35;1mapollo-router[0m [36mservices::layers::persisted_queries::tests[0m[36m::[0m[34;1mpq_layer_freeform_graphql_with_safelist_log_unknown_true[0m
[32;1m        PASS[0m [   1.281s] [35;1mapollo-router[0m [36mservices::supergraph::tests[0m[36m::[0m[34;1merrors_with_invalid_paths_on_query_with_defer[0m
[32;1m        PASS[0m [   1.355s] [35;1mapollo-router[0m [36mservices::supergraph::tests[0m[36m::[0m[34;1mdeferred_fragment_bounds_nullability[0m
[32;1m        PASS[0m [   1.358s] [35;1mapollo-router[0m [36mservices::supergraph::tests[0m[36m::[0m[34;1merrors_on_deferred_responses[0m
[32;1m        PASS[0m [   1.338s] [35;1mapollo-router[0m [36mservices::supergraph::tests[0m[36m::[0m[34;1merrors_on_nullified_paths[0m
[32;1m        PASS[0m [   1.260s] [35;1mapollo-router[0m [36mservices::supergraph::tests[0m[36m::[0m[34;1minvalid_input_enum[0m
[32;1m        PASS[0m [   1.373s] [35;1mapollo-router[0m [36mservices::supergraph::tests[0m[36m::[0m[34;1merrors_from_primary_on_deferred_responses[0m
[32;1m        PASS[0m [   1.175s] [35;1mapollo-router[0m [36mservices::supergraph::tests[0m[36m::[0m[34;1monly_query_interface_object_subgraph[0m
[32;1m        PASS[0m [   1.359s] [35;1mapollo-router[0m [36mservices::supergraph::tests[0m[36m::[0m[34;1merrors_on_incremental_responses[0m
[32;1m        PASS[0m [   0.027s] [35;1mapollo-router[0m [36mspec::field_type[0m[36m::[0m[34;1mtest_field_type_serialization[0m
[32;1m        PASS[0m [   4.869s] [35;1mapollo-router[0m [36mrouter::tests[0m[36m::[0m[34;1mschema_update_test[0m
[32;1m        PASS[0m [   1.326s] [35;1mapollo-router[0m [36mservices::supergraph::tests[0m[36m::[0m[34;1minterface_object_typename[0m
[32;1m        PASS[0m [   1.302s] [35;1mapollo-router[0m [36mservices::supergraph::tests[0m[36m::[0m[34;1mmissing_entities[0m
[32;1m        PASS[0m [   1.405s] [35;1mapollo-router[0m [36mservices::supergraph::tests[0m[36m::[0m[34;1mfilter_nullified_deferred_responses[0m
[32;1m        PASS[0m [   1.301s] [35;1mapollo-router[0m [36mservices::supergraph::tests[0m[36m::[0m[34;1mnullability_formatting[0m
[32;1m        PASS[0m [   1.345s] [35;1mapollo-router[0m [36mservices::supergraph::tests[0m[36m::[0m[34;1mnullability_bubbling[0m
[32;1m        PASS[0m [   1.307s] [35;1mapollo-router[0m [36mservices::supergraph::tests[0m[36m::[0m[34;1mquery_reconstruction[0m
[32;1m        PASS[0m [   1.294s] [35;1mapollo-router[0m [36mservices::supergraph::tests[0m[36m::[0m[34;1mreconstruct_deferred_query_under_interface[0m
[32;1m        PASS[0m [   1.279s] [35;1mapollo-router[0m [36mservices::supergraph::tests[0m[36m::[0m[34;1mroot_selection_not_included[0m
[32;1m        PASS[0m [   1.604s] [35;1mapollo-router[0m [36mservices::supergraph::tests[0m[36m::[0m[34;1mno_typename_on_interface[0m
[32;1m        PASS[0m [   2.258s] [35;1mapollo-router[0m [36mservices::subgraph_service::tests[0m[36m::[0m[34;1mtest_subgraph_service_panic[0m
[32;1m        PASS[0m [   1.288s] [35;1mapollo-router[0m [36mservices::supergraph::tests[0m[36m::[0m[34;1mroot_selection_not_skipped[0m
[32;1m        PASS[0m [   1.200s] [35;1mapollo-router[0m [36mservices::supergraph::tests[0m[36m::[0m[34;1mroot_selection_set_statically_skipped[0m
[32;1m        PASS[0m [   0.700s] [35;1mapollo-router[0m [36mspec::query::tests[0m[36m::[0m[34;1mcheck_fragment_on_interface[0m
[32;1m        PASS[0m [   0.716s] [35;1mapollo-router[0m [36mspec::query::tests[0m[36m::[0m[34;1mfilter_enum_errors[0m
[32;1m        PASS[0m [   0.732s] [35;1mapollo-router[0m [36mspec::query::tests[0m[36m::[0m[34;1mfilter_alias_errors[0m
[32;1m        PASS[0m [   1.281s] [35;1mapollo-router[0m [36mservices::supergraph::tests[0m[36m::[0m[34;1mroot_selection_set_with_fragment_statically_skipped[0m
[32;1m        PASS[0m [   0.662s] [35;1mapollo-router[0m [36mspec::query::tests[0m[36m::[0m[34;1mfilter_root_errors[0m
[32;1m        PASS[0m [   0.757s] [35;1mapollo-router[0m [36mspec::query::tests[0m[36m::[0m[34;1mfilter_extended_interface_errors[0m
[32;1m        PASS[0m [   0.761s] [35;1mapollo-router[0m [36mspec::query::tests[0m[36m::[0m[34;1mfilter_interface_errors[0m
[32;1m        PASS[0m [   0.781s] [35;1mapollo-router[0m [36mspec::query::tests[0m[36m::[0m[34;1mfilter_errors_top_level_fragment[0m
[32;1m        PASS[0m [   0.851s] [35;1mapollo-router[0m [36mservices::supergraph::tests[0m[36m::[0m[34;1msubscription_with_callback[0m
[32;1m        PASS[0m [   0.831s] [35;1mapollo-router[0m [36mservices::supergraph::tests[0m[36m::[0m[34;1msubscription_without_header[0m
[32;1m        PASS[0m [   0.894s] [35;1mapollo-router[0m [36mservices::supergraph::tests[0m[36m::[0m[34;1msubscription_callback_schema_reload[0m
[32;1m        PASS[0m [   0.792s] [35;1mapollo-router[0m [36mspec::query::tests[0m[36m::[0m[34;1mfilter_list_errors[0m
[32;1m        PASS[0m [   0.614s] [35;1mapollo-router[0m [36mspec::query::tests[0m[36m::[0m[34;1mfragment_on_interface_on_query[0m
[32;1m        PASS[0m [   0.722s] [35;1mapollo-router[0m [36mspec::query::tests[0m[36m::[0m[34;1mfilter_scalar_errors[0m
[32;1m        PASS[0m [   0.802s] [35;1mapollo-router[0m [36mspec::query::tests[0m[36m::[0m[34;1mfilter_object_errors[0m
[32;1m        PASS[0m [   1.198s] [35;1mapollo-router[0m [36mservices::supergraph::tests[0m[36m::[0m[34;1mroot_selection_set_with_inline_fragment_statically_skipped[0m
[32;1m        PASS[0m [   0.701s] [35;1mapollo-router[0m [36mspec::query::tests[0m[36m::[0m[34;1mfragment_on_interface[0m
[32;1m        PASS[0m [   0.774s] [35;1mapollo-router[0m [36mspec::query::tests[0m[36m::[0m[34;1mfiltered_defer_fragment[0m
[32;1m        PASS[0m [   0.992s] [35;1mapollo-router[0m [36mservices::supergraph::tests[0m[36m::[0m[34;1msubscription_with_callback_with_limit[0m
[32;1m        PASS[0m [   0.656s] [35;1mapollo-router[0m [36mspec::query::tests[0m[36m::[0m[34;1mfragment_on_interface_without_typename[0m
[32;1m        PASS[0m [   0.647s] [35;1mapollo-router[0m [36mspec::query::tests[0m[36m::[0m[34;1mfragment_on_union[0m
[32;1m        PASS[0m [   1.357s] [35;1mapollo-router[0m [36mservices::supergraph::tests[0m[36m::[0m[34;1mroot_selection_skipped[0m
[32;1m        PASS[0m [   1.186s] [35;1mapollo-router[0m [36mservices::supergraph::tests[0m[36m::[0m[34;1mroot_typename_with_defer_in_defer[0m
[32;1m        PASS[0m [   0.664s] [35;1mapollo-router[0m [36mspec::query::tests[0m[36m::[0m[34;1minaccessible_on_interface[0m
[32;1m        PASS[0m [   1.242s] [35;1mapollo-router[0m [36mservices::supergraph::tests[0m[36m::[0m[34;1mroot_selection_with_several_fields_statically_skipped[0m
[32;1m        PASS[0m [   1.065s] [35;1mapollo-router[0m [36mspec::query::tests[0m[36m::[0m[34;1mfilter_nested_object_errors[0m
[32;1m        PASS[0m [   1.298s] [35;1mapollo-router[0m [36mservices::supergraph::tests[0m[36m::[0m[34;1mroot_selection_skipped_with_other_fields[0m
[32;1m        PASS[0m [   1.311s] [35;1mapollo-router[0m [36mservices::supergraph::tests[0m[36m::[0m[34;1mroot_typename_with_defer_and_empty_first_response[0m
[32;1m        PASS[0m [   1.373s] [35;1mapollo-router[0m [36mservices::supergraph::tests[0m[36m::[0m[34;1mroot_typename_with_defer[0m
[32;1m        PASS[0m [   0.645s] [35;1mapollo-router[0m [36mspec::query::tests[0m[36m::[0m[34;1minline_fragment_on_top_level_operation[0m
[32;1m        PASS[0m [   0.622s] [35;1mapollo-router[0m [36mspec::query::tests[0m[36m::[0m[34;1mit_parses_default_floats[0m
[32;1m        PASS[0m [   0.629s] [35;1mapollo-router[0m [36mspec::query::tests[0m[36m::[0m[34;1mit_should_fail_with_empty_selection_set[0m
[32;1m        PASS[0m [   0.649s] [35;1mapollo-router[0m [36mspec::query::tests[0m[36m::[0m[34;1mit_statically_includes[0m
[32;1m        PASS[0m [   0.902s] [35;1mapollo-router[0m [36mspec::query::tests[0m[36m::[0m[34;1minclude[0m
[32;1m        PASS[0m [   0.627s] [35;1mapollo-router[0m [36mspec::query::tests[0m[36m::[0m[34;1mmerge_selections[0m
[32;1m        PASS[0m [   0.617s] [35;1mapollo-router[0m [36mspec::query::tests[0m[36m::[0m[34;1mreformat_response_array_of_bool_duplicate[0m
[32;1m        PASS[0m [   0.678s] [35;1mapollo-router[0m [36mspec::query::tests[0m[36m::[0m[34;1mit_statically_skips[0m
[32;1m        PASS[0m [   0.639s] [35;1mapollo-router[0m [36mspec::query::tests[0m[36m::[0m[34;1mreformat_response_array_of_enum_alias[0m
[32;1m        PASS[0m [   0.645s] [35;1mapollo-router[0m [36mspec::query::tests[0m[36m::[0m[34;1mreformat_response_array_of_enum_duplicate[0m
[32;1m        PASS[0m [   0.650s] [35;1mapollo-router[0m [36mspec::query::tests[0m[36m::[0m[34;1mreformat_response_array_of_enum_duplicate_alias[0m
[32;1m        PASS[0m [   0.630s] [35;1mapollo-router[0m [36mspec::query::tests[0m[36m::[0m[34;1mreformat_response_array_of_float_duplicate[0m
[32;1m        PASS[0m [   0.642s] [35;1mapollo-router[0m [36mspec::query::tests[0m[36m::[0m[34;1mreformat_response_array_of_enum_simple[0m
[32;1m        PASS[0m [   0.623s] [35;1mapollo-router[0m [36mspec::query::tests[0m[36m::[0m[34;1mreformat_response_array_of_id_duplicate[0m
[32;1m        PASS[0m [   0.630s] [35;1mapollo-router[0m [36mspec::query::tests[0m[36m::[0m[34;1mreformat_response_array_of_int_duplicate[0m
[32;1m        PASS[0m [   0.655s] [35;1mapollo-router[0m [36mspec::query::tests[0m[36m::[0m[34;1mreformat_response_array_of_scalar_alias[0m
[32;1m        PASS[0m [   0.627s] [35;1mapollo-router[0m [36mspec::query::tests[0m[36m::[0m[34;1mreformat_response_array_of_scalar_duplicate_alias[0m
[32;1m        PASS[0m [   0.589s] [35;1mapollo-router[0m [36mspec::query::tests[0m[36m::[0m[34;1mreformat_response_array_of_scalar_simple[0m
[32;1m        PASS[0m [   0.630s] [35;1mapollo-router[0m [36mspec::query::tests[0m[36m::[0m[34;1mreformat_response_array_of_scalar_duplicate_key[0m
[32;1m        PASS[0m [   0.770s] [35;1mapollo-router[0m [36mspec::query::tests[0m[36m::[0m[34;1mquery_operation_nullification[0m
[32;1m        PASS[0m [   0.673s] [35;1mapollo-router[0m [36mspec::query::tests[0m[36m::[0m[34;1mreformat_response_array_of_string_duplicate[0m
[32;1m        PASS[0m [  10.854s] [35;1mapollo-router[0m [36mplugins::telemetry::config_new::instruments::tests[0m[36m::[0m[34;1mtest_instruments[0m
[32;1m        PASS[0m [   0.616s] [35;1mapollo-router[0m [36mspec::query::tests[0m[36m::[0m[34;1mreformat_response_array_of_type_duplicate[0m
[32;1m        PASS[0m [   0.632s] [35;1mapollo-router[0m [36mspec::query::tests[0m[36m::[0m[34;1mreformat_response_array_of_type_duplicate_alias[0m
[32;1m        PASS[0m [   0.711s] [35;1mapollo-router[0m [36mspec::query::tests[0m[36m::[0m[34;1mreformat_response_array_of_type_alias[0m
[32;1m        PASS[0m [   0.642s] [35;1mapollo-router[0m [36mspec::query::tests[0m[36m::[0m[34;1mreformat_response_array_of_type_simple[0m
[32;1m        PASS[0m [   0.627s] [35;1mapollo-router[0m [36mspec::query::tests[0m[36m::[0m[34;1mreformat_response_coercion_propagation_into_list[0m
[32;1m        PASS[0m [   0.690s] [35;1mapollo-router[0m [36mspec::query::tests[0m[36m::[0m[34;1mreformat_response_coercion_propagation_into_object[0m
[32;1m        PASS[0m [   0.666s] [35;1mapollo-router[0m [36mspec::query::tests[0m[36m::[0m[34;1mreformat_response_data_abstract_fragment_spread[0m
[32;1m        PASS[0m [   0.773s] [35;1mapollo-router[0m [36mspec::query::tests[0m[36m::[0m[34;1mreformat_response_coercion_propagation_into_interfaces[0m
[32;1m        PASS[0m [   0.657s] [35;1mapollo-router[0m [36mspec::query::tests[0m[36m::[0m[34;1mreformat_response_data_best_effort[0m
[32;1m        PASS[0m [   0.054s] [35;1mapollo-router[0m [36mspec::query::transform::tests[0m[36m::[0m[34;1mtest_add_directive_to_fields[0m
[32;1m        PASS[0m [   0.046s] [35;1mapollo-router[0m [36mspec::query::traverse[0m[36m::[0m[34;1mtest_count_fields[0m
[32;1m        PASS[0m [   0.623s] [35;1mapollo-router[0m [36mspec::query::tests[0m[36m::[0m[34;1mreformat_response_data_best_effort_relevant_query[0m
[32;1m        PASS[0m [   0.791s] [35;1mapollo-router[0m [36mspec::query::tests[0m[36m::[0m[34;1mreformat_response_coercion_propagation_into_union[0m
[32;1m        PASS[0m [   0.615s] [35;1mapollo-router[0m [36mspec::query::tests[0m[36m::[0m[34;1mreformat_response_data_field[0m
[32;1m        PASS[0m [   0.178s] [35;1mapollo-router[0m [36mspec::query::transform::tests[0m[36m::[0m[34;1mremove_directive[0m
[32;1m        PASS[0m [   0.653s] [35;1mapollo-router[0m [36mspec::query::tests[0m[36m::[0m[34;1mreformat_response_data_fragment_spread[0m
[32;1m        PASS[0m [   0.618s] [35;1mapollo-router[0m [36mspec::query::tests[0m[36m::[0m[34;1mreformat_response_expected_float[0m
[32;1m        PASS[0m [   0.616s] [35;1mapollo-router[0m [36mspec::query::tests[0m[36m::[0m[34;1mreformat_response_expected_id[0m
[32;1m        PASS[0m [   0.638s] [35;1mapollo-router[0m [36mspec::query::tests[0m[36m::[0m[34;1mreformat_response_data_inline_fragment[0m
[32;1m        PASS[0m [   0.586s] [35;1mapollo-router[0m [36mspec::query::tests[0m[36m::[0m[34;1mreformat_response_interface_typename_queried[0m
[32;1m        PASS[0m [   0.650s] [35;1mapollo-router[0m [36mspec::query::tests[0m[36m::[0m[34;1mreformat_response_expected_int[0m
[32;1m        PASS[0m [   0.622s] [35;1mapollo-router[0m [36mspec::query::tests[0m[36m::[0m[34;1mreformat_response_expected_types[0m
[32;1m        PASS[0m [   0.636s] [35;1mapollo-router[0m [36mspec::query::tests[0m[36m::[0m[34;1mreformat_response_expected_string[0m
[32;1m        PASS[0m [   0.034s] [35;1mapollo-router[0m [36mstate_machine::tests[0m[36m::[0m[34;1mlisten_addresses_are_locked[0m
[32;1m        PASS[0m [   0.698s] [35;1mapollo-router[0m [36mspec::query::tests[0m[36m::[0m[34;1mreformat_response_data_nested_abstract_fragment_spread[0m
[32;1m        PASS[0m [   0.615s] [35;1mapollo-router[0m [36mspec::query::tests[0m[36m::[0m[34;1mreformat_response_unknown_typename[0m
[32;1m        PASS[0m [   0.642s] [35;1mapollo-router[0m [36mspec::query::tests[0m[36m::[0m[34;1mreformat_response_interface_typename_not_queried[0m
[32;1m        PASS[0m [   0.672s] [35;1mapollo-router[0m [36mspec::query::tests[0m[36m::[0m[34;1mreformat_response_expected_int_range[0m
[32;1m        PASS[0m [   0.646s] [35;1mapollo-router[0m [36mspec::query::tests[0m[36m::[0m[34;1mreformat_response_query_with_root_typename[0m
[32;1m        PASS[0m [   0.053s] [35;1mapollo-router[0m [36mstate_machine::tests[0m[36m::[0m[34;1mno_configuration[0m
[32;1m        PASS[0m [   0.626s] [35;1mapollo-router[0m [36mspec::query::tests[0m[36m::[0m[34;1mreformat_typename_of_query_not_named_query[0m
[32;1m        PASS[0m [   0.063s] [35;1mapollo-router[0m [36mstate_machine::tests[0m[36m::[0m[34;1mno_schema[0m
[32;1m        PASS[0m [   0.069s] [35;1mapollo-router[0m [36mstate_machine::tests[0m[36m::[0m[34;1mno_license[0m
[32;1m        PASS[0m [   0.628s] [35;1mapollo-router[0m [36mspec::query::tests[0m[36m::[0m[34;1mskip_and_include[0m
[32;1m        PASS[0m [   0.628s] [35;1mapollo-router[0m [36mspec::query::tests[0m[36m::[0m[34;1msolve_query_with_aliased_typename[0m
[32;1m        PASS[0m [   0.179s] [35;1mapollo-router[0m [36mstate_machine::tests[0m[36m::[0m[34;1mextract_routing_urls[0m
[32;1m        PASS[0m [   0.669s] [35;1mapollo-router[0m [36mspec::query::tests[0m[36m::[0m[34;1mskip_and_include_multi_operation[0m
[32;1m        PASS[0m [   0.237s] [35;1mapollo-router[0m [36mstate_machine::tests[0m[36m::[0m[34;1mlicensed_with_feature_contained_in_allowed_features_reload_with_feature_set_not_containing_feature_used[0m
[32;1m        PASS[0m [   0.239s] [35;1mapollo-router[0m [36mstate_machine::tests[0m[36m::[0m[34;1mlicensed_with_feature_contained_in_allowed_features_reload_with_feature_set_still_containing_restricted_feature_in_use[0m
[32;1m        PASS[0m [   0.237s] [35;1mapollo-router[0m [36mstate_machine::tests[0m[36m::[0m[34;1mlicensed_with_feature_contained_in_allowed_features_reload_with_license_with_default_limits[0m
[32;1m        PASS[0m [   0.649s] [35;1mapollo-router[0m [36mspec::query::tests[0m[36m::[0m[34;1msolve_query_with_multiple_typenames[0m
[32;1m        PASS[0m [   0.627s] [35;1mapollo-router[0m [36mspec::query::tests[0m[36m::[0m[34;1msolve_query_with_single_typename[0m
[32;1m        PASS[0m [   0.625s] [35;1mapollo-router[0m [36mspec::query::tests[0m[36m::[0m[34;1mtest_error_path_works_across_inline_fragments[0m
[32;1m        PASS[0m [   0.181s] [35;1mapollo-router[0m [36mstate_machine::tests[0m[36m::[0m[34;1mrestricted_licensed_halted[0m
[32;1m        PASS[0m [   0.187s] [35;1mapollo-router[0m [36mstate_machine::tests[0m[36m::[0m[34;1mrestricted_licensed[0m
[32;1m        PASS[0m [   0.618s] [35;1mapollo-router[0m [36mspec::query::tests[0m[36m::[0m[34;1mtest_query_not_named_query[0m
[32;1m        PASS[0m [   0.177s] [35;1mapollo-router[0m [36mstate_machine::tests::restricted_licensed_halted_with_allowed_features_feature_contained_in_allowed_features_claim[0m[36m::[0m[34;1mcase_2_subscriptions[0m
[32;1m        PASS[0m [   0.190s] [35;1mapollo-router[0m [36mstate_machine::tests::restricted_licensed_halted_with_allowed_features_feature_contained_in_allowed_features_claim[0m[36m::[0m[34;1mcase_1_apq[0m
[32;1m        PASS[0m [   0.192s] [35;1mapollo-router[0m [36mstate_machine::tests::restricted_licensed_halted_with_allowed_features_feature_contained_in_allowed_features_claim[0m[36m::[0m[34;1mcase_3_demand_control[0m
[32;1m        PASS[0m [   0.202s] [35;1mapollo-router[0m [36mstate_machine::tests::restricted_licensed_halted_with_allowed_features_feature_contained_in_allowed_features_claim[0m[36m::[0m[34;1mcase_4_request_limits[0m
[32;1m        PASS[0m [   0.651s] [35;1mapollo-router[0m [36mspec::query::tests[0m[36m::[0m[34;1munion_with_typename[0m
[32;1m        PASS[0m [   0.181s] [35;1mapollo-router[0m [36mstate_machine::tests::restricted_licensed_halted_with_allowed_features_feature_not_contained_in_allowed_features_claim[0m[36m::[0m[34;1mcase_1_apq_empty_allowed_features[0m
[32;1m        PASS[0m [   0.675s] [35;1mapollo-router[0m [36mspec::query::tests[0m[36m::[0m[34;1mtypename_with_alias[0m
[32;1m        PASS[0m [   0.290s] [35;1mapollo-router[0m [36mstate_machine::tests::restricted_license_warn_reloaded_with_license_halted_with_allowed_features_feature_contained_in_allowed_features_claim[0m[36m::[0m[34;1mcase_2_subscriptions[0m
[32;1m        PASS[0m [   0.219s] [35;1mapollo-router[0m [36mstate_machine::tests::restricted_licensed_halted_with_allowed_features_feature_contained_in_allowed_features_claim[0m[36m::[0m[34;1mcase_5_auth[0m
[32;1m        PASS[0m [   0.302s] [35;1mapollo-router[0m [36mstate_machine::tests::restricted_license_warn_reloaded_with_license_halted_with_allowed_features_feature_contained_in_allowed_features_claim[0m[36m::[0m[34;1mcase_1_apq[0m
[32;1m        PASS[0m [   0.287s] [35;1mapollo-router[0m [36mstate_machine::tests::restricted_license_warn_reloaded_with_license_halted_with_allowed_features_feature_contained_in_allowed_features_claim[0m[36m::[0m[34;1mcase_4_request_limits[0m
[32;1m        PASS[0m [   0.308s] [35;1mapollo-router[0m [36mstate_machine::tests::restricted_license_warn_reloaded_with_license_halted_with_allowed_features_feature_contained_in_allowed_features_claim[0m[36m::[0m[34;1mcase_3_demand_control[0m
[32;1m        PASS[0m [   0.200s] [35;1mapollo-router[0m [36mstate_machine::tests::restricted_licensed_halted_with_allowed_features_feature_not_contained_in_allowed_features_claim[0m[36m::[0m[34;1mcase_2_subscriptions_not_in_allowed_features[0m
[32;1m        PASS[0m [   0.882s] [35;1mapollo-router[0m [36mspec::query::tests[0m[36m::[0m[34;1mskip[0m
[32;1m        PASS[0m [   0.317s] [35;1mapollo-router[0m [36mstate_machine::tests::restricted_license_warn_reloaded_with_license_halted_with_allowed_features_feature_contained_in_allowed_features_claim[0m[36m::[0m[34;1mcase_5_auth[0m
[32;1m        PASS[0m [   0.171s] [35;1mapollo-router[0m [36mstate_machine::tests::restricted_licensed_halted_with_allowed_features_feature_not_contained_in_allowed_features_claim[0m[36m::[0m[34;1mcase_4_request_limits_not_in_allowed_features[0m
[32;1m        PASS[0m [   0.146s] [35;1mapollo-router[0m [36mstate_machine::tests::restricted_licensed_unlicensed_with_feature_not_contained_in_allowed_features[0m[36m::[0m[34;1mcase_1_apq_empty_allowed_features[0m
[32;1m        PASS[0m [   0.197s] [35;1mapollo-router[0m [36mstate_machine::tests::restricted_licensed_halted_with_allowed_features_feature_not_contained_in_allowed_features_claim[0m[36m::[0m[34;1mcase_3_demand_control_not_in_allowed_features[0m
[32;1m        PASS[0m [   0.147s] [35;1mapollo-router[0m [36mstate_machine::tests::restricted_licensed_unlicensed_with_feature_not_contained_in_allowed_features[0m[36m::[0m[34;1mcase_3_demand_control_not_in_allowed_features[0m
[32;1m        PASS[0m [   0.159s] [35;1mapollo-router[0m [36mstate_machine::tests::restricted_licensed_unlicensed_with_feature_not_contained_in_allowed_features[0m[36m::[0m[34;1mcase_2_subscriptions_not_in_allowed_features[0m
[32;1m        PASS[0m [   0.157s] [35;1mapollo-router[0m [36mstate_machine::tests::restricted_licensed_unlicensed_with_feature_not_contained_in_allowed_features[0m[36m::[0m[34;1mcase_4_request_limits_not_in_allowed_features[0m
[32;1m        PASS[0m [   0.201s] [35;1mapollo-router[0m [36mstate_machine::tests::restricted_licensed_halted_with_allowed_features_feature_not_contained_in_allowed_features_claim[0m[36m::[0m[34;1mcase_5_auth_not_in_allowed_features[0m
[32;1m        PASS[0m [   0.179s] [35;1mapollo-router[0m [36mstate_machine::tests::restricted_licensed_unlicensed_with_feature_not_contained_in_allowed_features[0m[36m::[0m[34;1mcase_5_auth_not_in_allowed_features[0m
[32;1m        PASS[0m [   0.604s] [35;1mapollo-router[0m [36mspec::schema::tests[0m[36m::[0m[34;1mapi_schema[0m
[32;1m        PASS[0m [   0.170s] [35;1mapollo-router[0m [36mstate_machine::tests::restricted_licensed_warn_with_allowed_features_feature_contained_in_allowed_features_claim[0m[36m::[0m[34;1mcase_3_demand_control[0m
[32;1m        PASS[0m [   0.194s] [35;1mapollo-router[0m [36mstate_machine::tests[0m[36m::[0m[34;1mrestricted_licensed_warn[0m
[32;1m        PASS[0m [   0.181s] [35;1mapollo-router[0m [36mstate_machine::tests::restricted_licensed_warn_with_allowed_features_feature_contained_in_allowed_features_claim[0m[36m::[0m[34;1mcase_2_subscriptions[0m
[32;1m        PASS[0m [   0.622s] [35;1mapollo-router[0m [36mspec::schema::tests[0m[36m::[0m[34;1mfederation_version[0m
[32;1m        PASS[0m [   0.210s] [35;1mapollo-router[0m [36mstate_machine::tests::restricted_licensed_warn_with_allowed_features_feature_contained_in_allowed_features_claim[0m[36m::[0m[34;1mcase_1_apq[0m
[32;1m        PASS[0m [   0.173s] [35;1mapollo-router[0m [36mstate_machine::tests::restricted_licensed_warn_with_allowed_features_feature_contained_in_allowed_features_claim[0m[36m::[0m[34;1mcase_4_request_limits[0m
[32;1m        PASS[0m [   0.176s] [35;1mapollo-router[0m [36mstate_machine::tests::restricted_licensed_warn_with_allowed_features_feature_not_contained_in_allowed_features_claim[0m[36m::[0m[34;1mcase_1_apq_empty_allowed_features[0m
[32;1m        PASS[0m [   0.182s] [35;1mapollo-router[0m [36mstate_machine::tests::restricted_licensed_warn_with_allowed_features_feature_contained_in_allowed_features_claim[0m[36m::[0m[34;1mcase_5_auth[0m
[32;1m        PASS[0m [   0.179s] [35;1mapollo-router[0m [36mstate_machine::tests::restricted_licensed_warn_with_allowed_features_feature_not_contained_in_allowed_features_claim[0m[36m::[0m[34;1mcase_2_subscriptions_not_in_allowed_features[0m
[32;1m        PASS[0m [   0.642s] [35;1mapollo-router[0m [36mspec::schema::tests[0m[36m::[0m[34;1minaccessible_on_non_core[0m
[32;1m        PASS[0m [   0.623s] [35;1mapollo-router[0m [36mspec::schema::tests[0m[36m::[0m[34;1mschema_id[0m
[32;1m        PASS[0m [   0.187s] [35;1mapollo-router[0m [36mstate_machine::tests::restricted_licensed_warn_with_allowed_features_feature_not_contained_in_allowed_features_claim[0m[36m::[0m[34;1mcase_3_demand_control_not_in_allowed_features[0m
[32;1m        PASS[0m [   0.182s] [35;1mapollo-router[0m [36mstate_machine::tests::restricted_licensed_warn_with_allowed_features_feature_not_contained_in_allowed_features_claim[0m[36m::[0m[34;1mcase_4_request_limits_not_in_allowed_features[0m
[32;1m        PASS[0m [   0.177s] [35;1mapollo-router[0m [36mstate_machine::tests::restricted_licensed_warn_with_allowed_features_feature_not_contained_in_allowed_features_claim[0m[36m::[0m[34;1mcase_5_auth_not_in_allowed_features[0m
[32;1m        PASS[0m [   0.643s] [35;1mapollo-router[0m [36mspec::schema::tests[0m[36m::[0m[34;1mrouting_urls[0m
[32;1m        PASS[0m [   0.594s] [35;1mapollo-router[0m [36mspec::schema::tests[0m[36m::[0m[34;1munclosed_brace_error_does_not_panic[0m
[32;1m        PASS[0m [   0.168s] [35;1mapollo-router[0m [36mstate_machine::tests::restricted_licensed_with_allowed_features_feature_contained_in_allowed_features_claim[0m[36m::[0m[34;1mcase_1_apq[0m
[32;1m        PASS[0m [   0.067s] [35;1mapollo-router[0m [36mstate_machine::tests[0m[36m::[0m[34;1mshutdown_during_startup[0m
[32;1m        PASS[0m [   0.181s] [35;1mapollo-router[0m [36mstate_machine::tests::restricted_licensed_with_allowed_features_feature_contained_in_allowed_features_claim[0m[36m::[0m[34;1mcase_2_subscriptions[0m
[32;1m        PASS[0m [   0.177s] [35;1mapollo-router[0m [36mstate_machine::tests::restricted_licensed_with_allowed_features_feature_contained_in_allowed_features_claim[0m[36m::[0m[34;1mcase_3_demand_control[0m
[32;1m        PASS[0m [   0.144s] [35;1mapollo-router[0m [36mstate_machine::tests::restricted_licensed_with_allowed_features_feature_not_contained_in_allowed_features_claim[0m[36m::[0m[34;1mcase_3_demand_control_not_in_allowed_features[0m
[32;1m        PASS[0m [   0.149s] [35;1mapollo-router[0m [36mstate_machine::tests::restricted_licensed_with_allowed_features_feature_not_contained_in_allowed_features_claim[0m[36m::[0m[34;1mcase_2_subscriptions_not_in_allowed_features[0m
[32;1m        PASS[0m [   0.160s] [35;1mapollo-router[0m [36mstate_machine::tests::restricted_licensed_with_allowed_features_feature_not_contained_in_allowed_features_claim[0m[36m::[0m[34;1mcase_1_apq_empty_allowed_features[0m
[32;1m        PASS[0m [   0.169s] [35;1mapollo-router[0m [36mstate_machine::tests::restricted_licensed_with_allowed_features_feature_contained_in_allowed_features_claim[0m[36m::[0m[34;1mcase_4_request_limits[0m
[32;1m        PASS[0m [   0.167s] [35;1mapollo-router[0m [36mstate_machine::tests::restricted_licensed_with_allowed_features_feature_not_contained_in_allowed_features_claim[0m[36m::[0m[34;1mcase_4_request_limits_not_in_allowed_features[0m
[32;1m        PASS[0m [   0.700s] [35;1mapollo-router[0m [36mspec::schema::tests[0m[36m::[0m[34;1mis_subtype[0m
[32;1m        PASS[0m [   0.224s] [35;1mapollo-router[0m [36mstate_machine::tests[0m[36m::[0m[34;1mrestricted_licensed_with_allowed_features_containing_feature_reload_with_empty_feature_set[0m
[32;1m        PASS[0m [   0.192s] [35;1mapollo-router[0m [36mstate_machine::tests::restricted_licensed_with_allowed_features_feature_contained_in_allowed_features_claim[0m[36m::[0m[34;1mcase_5_request_limits[0m
[32;1m        PASS[0m [   0.162s] [35;1mapollo-router[0m [36mstate_machine::tests::restricted_licensed_with_allowed_features_feature_not_contained_in_allowed_features_claim[0m[36m::[0m[34;1mcase_5_auth_not_in_allowed_features[0m
[32;1m        PASS[0m [   0.189s] [35;1mapollo-router[0m [36mstate_machine::tests[0m[36m::[0m[34;1mrestricted_licensed_with_default_license_limits[0m
[32;1m        PASS[0m [   0.144s] [35;1mapollo-router[0m [36mstate_machine::tests[0m[36m::[0m[34;1mrouter_factory_error_startup[0m
[32;1m        PASS[0m [   0.047s] [35;1mapollo-router[0m [36mtracer::test[0m[36m::[0m[34;1mit_correctly_compares_invalid_and_invalid_trace_id[0m
[32;1m        PASS[0m [   0.044s] [35;1mapollo-router[0m [36mtracer::test[0m[36m::[0m[34;1mit_correctly_compares_valid_and_invalid_trace_id[0m
[32;1m        PASS[0m [   0.165s] [35;1mapollo-router[0m [36mstate_machine::tests[0m[36m::[0m[34;1mrestricted_unlicensed[0m
[32;1m        PASS[0m [   0.040s] [35;1mapollo-router[0m [36mtracer::test[0m[36m::[0m[34;1mit_correctly_compares_valid_and_valid_trace_id[0m
[32;1m        PASS[0m [   0.034s] [35;1mapollo-router[0m [36mtracer::test[0m[36m::[0m[34;1mit_returns_invalid_trace_id[0m
[32;1m        PASS[0m [   0.052s] [35;1mapollo-router[0m [36mtracer::test[0m[36m::[0m[34;1mit_returns_valid_trace_id[0m
[32;1m        PASS[0m [   0.125s] [35;1mapollo-router[0m [36mstate_machine::tests[0m[36m::[0m[34;1mstate_change_metrics[0m
[32;1m        PASS[0m [   0.028s] [35;1mapollo-router[0m [36muplink::license_enforcement::test[0m[36m::[0m[34;1mclaims_serde[0m
[32;1m        PASS[0m [   0.159s] [35;1mapollo-router[0m [36mstate_machine::tests[0m[36m::[0m[34;1mstartup_shutdown[0m
[32;1m        PASS[0m [   0.188s] [35;1mapollo-router[0m [36mstate_machine::tests[0m[36m::[0m[34;1mstartup_no_reload_schema[0m
[32;1m        PASS[0m [   0.227s] [35;1mapollo-router[0m [36mstate_machine::tests[0m[36m::[0m[34;1mrouter_factory_error_restart[0m
[32;1m        PASS[0m [   0.166s] [35;1mapollo-router[0m [36mstate_machine::tests[0m[36m::[0m[34;1munrestricted_licensed_halted[0m
[32;1m        PASS[0m [   0.040s] [35;1mapollo-router[0m [36muplink::license_enforcement::test[0m[36m::[0m[34;1mtest_license_parse[0m
[32;1m        PASS[0m [   0.226s] [35;1mapollo-router[0m [36mstate_machine::tests[0m[36m::[0m[34;1mstartup_reload_configuration[0m
[32;1m        PASS[0m [   0.036s] [35;1mapollo-router[0m [36muplink::license_enforcement::test[0m[36m::[0m[34;1mtest_license_parse_with_whitespace[0m
[32;1m        PASS[0m [   0.046s] [35;1mapollo-router[0m [36muplink::license_enforcement::test[0m[36m::[0m[34;1mtest_license_parse_fail[0m
[32;1m        PASS[0m [   0.233s] [35;1mapollo-router[0m [36mstate_machine::tests[0m[36m::[0m[34;1mstartup_reload_license[0m
[32;1m        PASS[0m [   0.244s] [35;1mapollo-router[0m [36mstate_machine::tests[0m[36m::[0m[34;1mstartup_reload_schema[0m
[32;1m        PASS[0m [   0.303s] [35;1mapollo-router[0m [36mstate_machine::tests[0m[36m::[0m[34;1mrouter_factory_ok_error_restart[0m
[32;1m        PASS[0m [   0.250s] [35;1mapollo-router[0m [36mstate_machine::tests[0m[36m::[0m[34;1munrestricted_unlicensed_reload_with_config_using_restricted_feature_still_unlicensed_router_fails_to_reload[0m
[32;1m        PASS[0m [   0.281s] [35;1mapollo-router[0m [36mstate_machine::tests[0m[36m::[0m[34;1munlicensed_reload_with_license_and_use_feature_enabled_by_that_license[0m
[32;1m        PASS[0m [   0.280s] [35;1mapollo-router[0m [36mstate_machine::tests[0m[36m::[0m[34;1munlicensed_reload_with_license_using_default_limits[0m
[32;1m        PASS[0m [   0.291s] [35;1mapollo-router[0m [36mstate_machine::tests[0m[36m::[0m[34;1munlicensed_reload_with_license_and_use_feature_not_enabled_by_that_license[0m
[32;1m        PASS[0m [   0.285s] [35;1mapollo-router[0m [36mstate_machine::tests::unrestricted_unlicensed_restricted_licensed_with_feature_not_contained_in_allowed_features[0m[36m::[0m[34;1mcase_1_apq_empty_allowed_features[0m
[32;1m        PASS[0m [   0.283s] [35;1mapollo-router[0m [36mstate_machine::tests::unrestricted_unlicensed_restricted_licensed_with_feature_not_contained_in_allowed_features[0m[36m::[0m[34;1mcase_2_subscriptions_not_in_allowed_features[0m
[32;1m        PASS[0m [   0.288s] [35;1mapollo-router[0m [36mstate_machine::tests[0m[36m::[0m[34;1munrestricted_unlicensed_reload_with_config_using_restricted_features_and_license[0m
[32;1m        PASS[0m [   0.295s] [35;1mapollo-router[0m [36mstate_machine::tests::unrestricted_unlicensed_restricted_licensed_with_feature_not_contained_in_allowed_features[0m[36m::[0m[34;1mcase_3_demand_control_not_in_allowed_features[0m
[32;1m        PASS[0m [   0.293s] [35;1mapollo-router[0m [36mstate_machine::tests::unrestricted_unlicensed_restricted_licensed_with_feature_not_contained_in_allowed_features[0m[36m::[0m[34;1mcase_5_auth_not_in_allowed_features[0m
[32;1m        PASS[0m [   0.027s] [35;1mapollo-router[0m [36muplink::license_stream::test[0m[36m::[0m[34;1mlicense_expander_halt_now[0m
[32;1m        PASS[0m [   0.306s] [35;1mapollo-router[0m [36mstate_machine::tests::unrestricted_unlicensed_restricted_licensed_with_feature_not_contained_in_allowed_features[0m[36m::[0m[34;1mcase_4_request_limits_not_in_allowed_features[0m
[32;1m        PASS[0m [   0.037s] [35;1mapollo-router[0m [36muplink::license_stream::test[0m[36m::[0m[34;1mlicense_expander_no_claim[0m
[32;1m        PASS[0m [   0.060s] [35;1mapollo-router[0m [36muplink::license_stream::test[0m[36m::[0m[34;1mlicense_expander_claim_no_claim[0m
[32;1m        PASS[0m [   0.067s] [35;1mapollo-router[0m [36muplink::license_stream::test[0m[36m::[0m[34;1mlicense_expander[0m
[32;1m        PASS[0m [   0.032s] [35;1mapollo-router[0m [36muplink::license_stream::test[0m[36m::[0m[34;1mtest_to_instant[0m
[32;1m        PASS[0m [   0.048s] [35;1mapollo-router[0m [36muplink::license_stream::test[0m[36m::[0m[34;1mlicense_expander_warn_now[0m
[32;1m        PASS[0m [   0.068s] [35;1mapollo-router[0m [36muplink::license_stream::test[0m[36m::[0m[34;1mlicense_expander_no_claim_claim[0m
[32;1m        PASS[0m [   0.157s] [35;1mapollo-router[0m [36muplink::license_stream::test[0m[36m::[0m[34;1mtest_validate_audience_multiple_filtered[0m
[32;1m        PASS[0m [   0.148s] [35;1mapollo-router[0m [36muplink::license_stream::test[0m[36m::[0m[34;1mtest_validate_audience_single_filtered[0m
[32;1m        PASS[0m [   0.147s] [35;1mapollo-router[0m [36muplink::license_stream::test[0m[36m::[0m[34;1mtest_validate_no_claim[0m
[32;1m        PASS[0m [   0.160s] [35;1mapollo-router[0m [36muplink::license_stream::test[0m[36m::[0m[34;1mtest_validate_audience_single[0m
[32;1m        PASS[0m [   0.175s] [35;1mapollo-router[0m [36muplink::license_stream::test[0m[36m::[0m[34;1mtest_validate_audience_multiple[0m
[32;1m        PASS[0m [   0.253s] [35;1mapollo-router[0m [36muplink::license_stream::test[0m[36m::[0m[34;1mintegration_test[0m
[32;1m        PASS[0m [   0.269s] [35;1mapollo-router[0m [36muplink::persisted_queries_manifest_stream::test[0m[36m::[0m[34;1mintegration_test[0m
[32;1m        PASS[0m [   0.631s] [35;1mapollo-router[0m [36muplink::feature_gate_enforcement::test[0m[36m::[0m[34;1mfeature_gate_connectors_v0_3[0m
[32;1m        PASS[0m [   0.611s] [35;1mapollo-router[0m [36muplink::license_enforcement::test[0m[36m::[0m[34;1mschema_enforcement_allows_context_directive_for_oss[0m
[32;1m        PASS[0m [   0.630s] [35;1mapollo-router[0m [36muplink::feature_gate_enforcement::test[0m[36m::[0m[34;1mfeature_gate_connectors_v0_3_enabled[0m
[32;1m        PASS[0m [   0.629s] [35;1mapollo-router[0m [36muplink::license_enforcement::test[0m[36m::[0m[34;1mprogressive_override_available_to_oss[0m
[32;1m        PASS[0m [   0.592s] [35;1mapollo-router[0m [36muplink::license_enforcement::test[0m[36m::[0m[34;1mset_context[0m
[32;1m        PASS[0m [   0.645s] [35;1mapollo-router[0m [36muplink::license_enforcement::test[0m[36m::[0m[34;1mprogressive_override_with_renamed_join_spec[0m
[32;1m        PASS[0m [   0.636s] [35;1mapollo-router[0m [36muplink::license_enforcement::test[0m[36m::[0m[34;1mschema_enforcement_connectors[0m
[32;1m        PASS[0m [   0.648s] [35;1mapollo-router[0m [36muplink::license_enforcement::test[0m[36m::[0m[34;1mschema_enforcement_directive_arg_version_out_of_range[0m
[32;1m        PASS[0m [   0.637s] [35;1mapollo-router[0m [36muplink::license_enforcement::test[0m[36m::[0m[34;1mschema_enforcement_spec_version_out_of_range[0m
[32;1m        PASS[0m [   0.706s] [35;1mapollo-router[0m [36muplink::feature_gate_enforcement::test[0m[36m::[0m[34;1mfeature_gate_connectors_v0_2_noop[0m
[32;1m        PASS[0m [   0.028s] [35;1mapollo-router[0m [36muplink::test[0m[36m::[0m[34;1mtest_fallback_endpoints[0m
[32;1m        PASS[0m [   0.673s] [35;1mapollo-router[0m [36muplink::license_enforcement::test[0m[36m::[0m[34;1mschema_enforcement_directive_arg_version_in_range[0m
[32;1m        PASS[0m [   0.032s] [35;1mapollo-router[0m [36muplink::test[0m[36m::[0m[34;1mtest_round_robin_endpoints[0m
[32;1m        PASS[0m [   0.619s] [35;1mapollo-router[0m [36muplink::license_enforcement::test[0m[36m::[0m[34;1mtest_oss[0m
[32;1m        PASS[0m [   0.710s] [35;1mapollo-router[0m [36muplink::license_enforcement::test[0m[36m::[0m[34;1mschema_enforcement_spec_version_in_range[0m
[32;1m        PASS[0m [   0.318s] [35;1mapollo-router[0m [36muplink::test[0m[36m::[0m[34;1mstream_from_uplink_error_no_retry[0m
[32;1m        PASS[0m [   0.550s] [35;1mapollo-router[0m [36muplink::license_stream::test[0m[36m::[0m[34;1mlicense_expander_claim_pause_claim[0m
[32;1m        PASS[0m [   0.602s] [35;1mapollo-router[0m [36muplink::license_enforcement::test[0m[36m::[0m[34;1munix_socket_available_to_oss[0m
[32;1m        PASS[0m [   0.677s] [35;1mapollo-router[0m [36muplink::license_enforcement::test[0m[36m::[0m[34;1mtest_restricted_authorization_directives_via_schema_with_default_license_limits[0m
[32;1m        PASS[0m [   0.343s] [35;1mapollo-router[0m [36muplink::test[0m[36m::[0m[34;1mstream_from_uplink_error_retry[0m
[32;1m        PASS[0m [   0.630s] [35;1mapollo-router[0m [36muplink::license_enforcement::test[0m[36m::[0m[34;1mtest_restricted_unix_socket_via_schema_when_allowed_features_empty[0m
[32;1m        PASS[0m [   0.715s] [35;1mapollo-router[0m [36muplink::license_enforcement::test[0m[36m::[0m[34;1mtest_restricted_authorization_directives_via_schema_unlicensed[0m
[32;1m        PASS[0m [   0.410s] [35;1mapollo-router[0m [36muplink::test[0m[36m::[0m[34;1mstream_from_uplink_empty_http_round_robin[0m
[32;1m        PASS[0m [   0.410s] [35;1mapollo-router[0m [36muplink::test[0m[36m::[0m[34;1mstream_from_uplink_error_http_fallback[0m
[32;1m        PASS[0m [   0.418s] [35;1mapollo-router[0m [36muplink::test[0m[36m::[0m[34;1mstream_from_uplink_empty_http_fallback[0m
[32;1m        PASS[0m [   0.406s] [35;1mapollo-router[0m [36muplink::test[0m[36m::[0m[34;1mstream_from_uplink_error_http_round_robin[0m
[32;1m        PASS[0m [   0.568s] [35;1mapollo-router[0m [36muplink::schema_stream::test[0m[36m::[0m[34;1mintegration_test[0m
[32;1m        PASS[0m [   0.751s] [35;1mapollo-router[0m [36muplink::license_enforcement::test[0m[36m::[0m[34;1mtest_restricted_features_via_config_unlicensed[0m
[32;1m        PASS[0m [   0.338s] [35;1mapollo-router[0m [36muplink::test[0m[36m::[0m[34;1mstream_from_uplink_failed_from_all[0m
[32;1m        PASS[0m [   0.797s] [35;1mapollo-router[0m [36muplink::license_enforcement::test[0m[36m::[0m[34;1mtest_restricted_authorization_directives_via_schema_with_restricted_allowed_features[0m
[32;1m        PASS[0m [   0.794s] [35;1mapollo-router[0m [36muplink::license_enforcement::test[0m[36m::[0m[34;1mtest_restricted_features_via_config_allowed_features_empty[0m
[32;1m        PASS[0m [   0.787s] [35;1mapollo-router[0m [36muplink::license_enforcement::test[0m[36m::[0m[34;1mtest_restricted_features_via_config_with_allowed_features[0m
[32;1m        PASS[0m [   0.308s] [35;1mapollo-router[0m [36muplink::test[0m[36m::[0m[34;1mstream_from_uplink_failed_from_single[0m
[32;1m        PASS[0m [   0.327s] [35;1mapollo-router[0m [36muplink::test[0m[36m::[0m[34;1mstream_from_uplink_transforming_new_response_first_response_transform_fails[0m
[32;1m        PASS[0m [   0.348s] [35;1mapollo-router[0m [36muplink::test[0m[36m::[0m[34;1mstream_from_uplink_invalid[0m
[32;1m        PASS[0m [   0.368s] [35;1mapollo-router[0m [36muplink::test[0m[36m::[0m[34;1mstream_from_uplink_fallback[0m
[32;1m        PASS[0m [   0.391s] [35;1mapollo-router[0m [36muplink::test[0m[36m::[0m[34;1mstream_from_uplink_round_robin[0m
[32;1m        PASS[0m [   0.562s] [35;1mapollo-router[0m [36muplink::test[0m[36m::[0m[34;1mstream_from_uplink_unchanged[0m
[32;1m        PASS[0m [   2.517s] [35;1mapollo-router[0m [36mspec::query::tests[0m[36m::[0m[34;1mvariable_validation[0m
[32;1m        PASS[0m [   1.656s] [35;1mapollo-router[0m [36mtest_harness[0m[36m::[0m[34;1mtest_intercept_subgraph_network_requests[0m
[32;1m        PASS[0m [   1.659s] [35;1mapollo-router::apollo_reports[0m [34;1mtest_persisted_query_by_id_logging_only_stats[0m
[32;1m        PASS[0m [   1.731s] [35;1mapollo-router::apollo_reports[0m [34;1mtest_features_disabled[0m
[32;1m        PASS[0m [   1.662s] [35;1mapollo-router::apollo_reports[0m [34;1mtest_persisted_query_by_id_stats[0m
[32;1m        PASS[0m [   1.808s] [35;1mapollo-router::apollo_reports[0m [34;1mtest_demand_control_stats[0m
[32;1m        PASS[0m [   1.721s] [35;1mapollo-router::apollo_reports[0m [34;1mtest_persisted_query_by_safelist_body_logging_pq_only_stats[0m
[32;1m        PASS[0m [   1.598s] [35;1mapollo-router::apollo_reports[0m [34;1mtest_persisted_query_by_safelist_body_stats[0m
[32;1m        PASS[0m [   1.911s] [35;1mapollo-router::apollo_reports[0m [34;1mtest_new_field_stats[0m
[32;1m        PASS[0m [   2.076s] [35;1mapollo-router::apollo_reports[0m [34;1mtest_batch_stats[0m
[32;1m        PASS[0m [   2.697s] [35;1mapollo-router::apollo_otel_traces[0m [34;1mtest_client_name[0m
[32;1m        PASS[0m [   2.666s] [35;1mapollo-router::apollo_otel_traces[0m [34;1mtest_condition_else[0m
[32;1m        PASS[0m [   2.652s] [35;1mapollo-router::apollo_otel_traces[0m [34;1mtest_send_variable_value[0m
[32;1m        PASS[0m [   2.703s] [35;1mapollo-router::apollo_otel_traces[0m [34;1mtest_client_version[0m
[32;1m        PASS[0m [   2.693s] [35;1mapollo-router::apollo_otel_traces[0m [34;1mtest_send_header[0m
[32;1m        PASS[0m [   2.783s] [35;1mapollo-router::apollo_otel_traces[0m [34;1mnon_defer[0m
[32;1m        PASS[0m [   2.652s] [35;1mapollo-router::apollo_reports[0m [34;1mtest_client_name[0m
[32;1m        PASS[0m [   2.719s] [35;1mapollo-router::apollo_reports[0m [34;1mnon_defer[0m
[32;1m        PASS[0m [   2.844s] [35;1mapollo-router::apollo_otel_traces[0m [34;1mconnector[0m
[32;1m        PASS[0m [   2.841s] [35;1mapollo-router::apollo_otel_traces[0m [34;1mtest_batch_send_header[0m
[32;1m        PASS[0m [   2.781s] [35;1mapollo-router::apollo_otel_traces[0m [34;1mtest_condition_if[0m
[32;1m        PASS[0m [   2.694s] [35;1mapollo-router::apollo_reports[0m [34;1mtest_condition_if[0m
[32;1m        PASS[0m [   2.688s] [35;1mapollo-router::apollo_reports[0m [34;1mtest_demand_control_trace[0m
[32;1m        PASS[0m [   2.833s] [35;1mapollo-router::apollo_otel_traces[0m [34;1mtest_trace_id[0m
[32;1m        PASS[0m [   2.785s] [35;1mapollo-router::apollo_reports[0m [34;1mtest_batch_trace_id[0m
[32;1m        PASS[0m [   2.819s] [35;1mapollo-router::apollo_reports[0m [34;1mtest_condition_else[0m
[32;1m        PASS[0m [   2.835s] [35;1mapollo-router::apollo_reports[0m [34;1mtest_client_version[0m
[32;1m        PASS[0m [   2.811s] [35;1mapollo-router::apollo_reports[0m [34;1mtest_demand_control_trace_batched[0m
[32;1m        PASS[0m [   2.928s] [35;1mapollo-router::apollo_reports[0m [34;1mtest_batch_send_header[0m
[32;1m        PASS[0m [   3.045s] [35;1mapollo-router::apollo_otel_traces[0m [34;1mtest_batch_trace_id[0m
[32;1m        PASS[0m [   0.947s] [35;1mapollo-router::integration_tests[0m [34;1mapi_schema_hides_field[0m
[32;1m        PASS[0m [   1.113s] [35;1mapollo-router::compute_backpressure[0m [34;1mtest_compute_backpressure_response[0m
[32;1m        PASS[0m [   1.104s] [35;1mapollo-router::integration_tests[0m [34;1mautomated_persisted_queries[0m
[32;1m        PASS[0m [   3.443s] [35;1mapollo-router::apollo_otel_traces[0m [34;1mconnector_error[0m
[32;1m        PASS[0m [   2.573s] [35;1mapollo-router::apollo_reports[0m [34;1mtest_send_variable_value[0m
[32;1m        PASS[0m [   2.643s] [35;1mapollo-router::apollo_reports[0m [34;1mtest_send_header[0m
[32;1m        PASS[0m [   3.310s] [35;1mapollo-router::apollo_reports[0m [34;1mtest_features_enabled[0m
[32;1m        PASS[0m [   1.584s] [35;1mapollo-router::apollo_reports[0m [34;1mtest_stats_mocked[0m
[32;1m        PASS[0m [   1.722s] [35;1mapollo-router::apollo_reports[0m [34;1mtest_stats[0m
[32;1m        PASS[0m [   0.976s] [35;1mapollo-router::integration_tests[0m [34;1mempty_posts_should_not_work[0m
[32;1m        PASS[0m [   1.567s] [35;1mapollo-router::integration_tests[0m [34;1mdefer_default_variable[0m
[32;1m        PASS[0m [   1.078s] [35;1mapollo-router::integration_tests[0m [34;1mdefer_path_with_disabled_config[0m
[32;1m        PASS[0m [   1.109s] [35;1mapollo-router::integration_tests[0m [34;1mdefer_path[0m
[32;1m        PASS[0m [   1.071s] [35;1mapollo-router::integration_tests[0m [34;1mdefer_query_without_accept[0m
[32;1m        PASS[0m [   1.049s] [35;1mapollo-router::integration_tests[0m [34;1minput_object_variable_validation[0m
[32;1m        PASS[0m [   1.219s] [35;1mapollo-router::integration_tests[0m [34;1mdefer_empty_primary_response[0m
[32;1m        PASS[0m [   1.199s] [35;1mapollo-router::integration_tests[0m [34;1mdefer_path_in_array[0m
[32;1m        PASS[0m [   1.148s] [35;1mapollo-router::integration_tests[0m [34;1minclude_if_works[0m
[32;1m        PASS[0m [   1.373s] [35;1mapollo-router::integration_tests[0m [36mintegration::allowed_features[0m[36m::[0m[34;1mdemand_control_enabledwhen_allowed_features_none[0m
[32;1m        PASS[0m [   1.432s] [35;1mapollo-router::integration_tests[0m [36mintegration::allowed_features[0m[36m::[0m[34;1mconnectors_with_entity_caching_enabled_when_allowed_features_contains_features[0m
[32;1m        PASS[0m [   1.319s] [35;1mapollo-router::integration_tests[0m [36mintegration::allowed_features[0m[36m::[0m[34;1moss_feature_apq_enabled_when_allowed_features_empty[0m
[32;1m        PASS[0m [   1.352s] [35;1mapollo-router::integration_tests[0m [36mintegration::allowed_features[0m[36m::[0m[34;1moss_feature_file_uploads_enabled_with_non_empty_allowed_features[0m
[32;1m        PASS[0m [   1.347s] [35;1mapollo-router::integration_tests[0m [36mintegration::allowed_features[0m[36m::[0m[34;1mrouter_starts_when_allowed_features_contains_feature_undefined_in_router[0m
[32;1m        PASS[0m [   1.400s] [35;1mapollo-router::integration_tests[0m [36mintegration::allowed_features[0m[36m::[0m[34;1mrouter_starts_when_license_past_warn_at_but_not_expired_allowed_features_contains_feature_entity_caching[0m
[32;1m        PASS[0m [   2.587s] [35;1mapollo-router::apollo_reports[0m [34;1mtest_trace_id[0m
[32;1m        PASS[0m [   1.364s] [35;1mapollo-router::integration_tests[0m [36mintegration::allowed_features[0m[36m::[0m[34;1mrouter_starts_when_license_past_warn_at_but_not_expired_allowed_features_contains_feature_subscriptions[0m
[32;1m        PASS[0m [   0.820s] [35;1mapollo-router::integration_tests[0m [36mintegration::connectors::apq[0m[36m::[0m[34;1mincompatible_warnings_on_all[0m
[32;1m        PASS[0m [   1.277s] [35;1mapollo-router::integration_tests[0m [36mintegration::allowed_features[0m[36m::[0m[34;1mtraffic_shaping_when_allowed_features_contains_feature[0m
[32;1m        PASS[0m [   1.338s] [35;1mapollo-router::integration_tests[0m [36mintegration::allowed_features[0m[36m::[0m[34;1msubscription_coprocessors_enabled_when_allowed_features_none[0m
[32;1m        PASS[0m [   1.388s] [35;1mapollo-router::integration_tests[0m [36mintegration::allowed_features[0m[36m::[0m[34;1msubscription_coprocessors_enabled_when_allowed_features_contains_both_features[0m
[32;1m        PASS[0m [   1.502s] [35;1mapollo-router::integration_tests[0m [36mintegration::batching[0m[36m::[0m[34;1mit_batches_with_errors_in_multi_graph[0m
[32;1m        PASS[0m [   0.782s] [35;1mapollo-router::integration_tests[0m [36mintegration::connectors::apq[0m[36m::[0m[34;1mincompatible_warnings_on_subgraph[0m
[32;1m        PASS[0m [   1.536s] [35;1mapollo-router::integration_tests[0m [36mintegration::batching[0m[36m::[0m[34;1mit_batches_with_errors_in_single_graph[0m
[32;1m        PASS[0m [   0.738s] [35;1mapollo-router::integration_tests[0m [36mintegration::connectors::authentication[0m[36m::[0m[34;1mincompatible_warnings_on_subgraph[0m
[32;1m        PASS[0m [   0.740s] [35;1mapollo-router::integration_tests[0m [36mintegration::connectors::authentication[0m[36m::[0m[34;1mincompatible_warnings_with_overrides[0m
[32;1m        PASS[0m [   0.789s] [35;1mapollo-router::integration_tests[0m [36mintegration::connectors::authentication[0m[36m::[0m[34;1mincompatible_warnings_on_all[0m
[32;1m        PASS[0m [   1.603s] [35;1mapollo-router::integration_tests[0m [36mintegration::batching[0m[36m::[0m[34;1mit_handles_cancelled_by_coprocessor[0m
[32;1m        PASS[0m [   1.557s] [35;1mapollo-router::integration_tests[0m [36mintegration::batching[0m[36m::[0m[34;1mit_handles_cancelled_by_rhai[0m
[32;1m        PASS[0m [   1.516s] [35;1mapollo-router::integration_tests[0m [36mintegration::batching[0m[36m::[0m[34;1mit_handles_single_request_cancelled_by_rhai[0m
[32;1m        PASS[0m [   1.581s] [35;1mapollo-router::integration_tests[0m [36mintegration::batching[0m[36m::[0m[34;1mit_handles_single_invalid_graphql[0m
[32;1m        PASS[0m [   0.782s] [35;1mapollo-router::integration_tests[0m [36mintegration::connectors::batching[0m[36m::[0m[34;1mincompatible_warnings_on_all[0m
[32;1m        PASS[0m [   1.562s] [35;1mapollo-router::integration_tests[0m [36mintegration::batching[0m[36m::[0m[34;1mit_supports_multi_subgraph_batching[0m
[32;1m        PASS[0m [   1.663s] [35;1mapollo-router::integration_tests[0m [36mintegration::batching[0m[36m::[0m[34;1mit_handles_single_request_cancelled_by_coprocessor[0m
[32;1m        PASS[0m [   1.573s] [35;1mapollo-router::integration_tests[0m [36mintegration::batching[0m[36m::[0m[34;1mit_supports_single_subgraph_batching[0m
[32;1m        PASS[0m [   0.765s] [35;1mapollo-router::integration_tests[0m [36mintegration::connectors::batching[0m[36m::[0m[34;1mincompatible_warnings_on_subgraph[0m
[32;1m        PASS[0m [   0.758s] [35;1mapollo-router::integration_tests[0m [36mintegration::connectors::coprocessor[0m[36m::[0m[34;1mincompatible_warnings_on_all[0m
[32;1m        PASS[0m [   0.735s] [35;1mapollo-router::integration_tests[0m [36mintegration::connectors::entity_cache[0m[36m::[0m[34;1mincompatible_warnings_on_all[0m
[32;1m        PASS[0m [   0.740s] [35;1mapollo-router::integration_tests[0m [36mintegration::connectors::entity_cache[0m[36m::[0m[34;1mincompatible_warnings_on_subgraph[0m
[32;1m        PASS[0m [   0.702s] [35;1mapollo-router::integration_tests[0m [36mintegration::connectors::rhai[0m[36m::[0m[34;1mincompatible_warnings_on_all[0m
[32;1m        PASS[0m [   0.758s] [35;1mapollo-router::integration_tests[0m [36mintegration::connectors::headers[0m[36m::[0m[34;1mincompatible_warnings_on_all[0m
[32;1m        PASS[0m [   0.759s] [35;1mapollo-router::integration_tests[0m [36mintegration::connectors::headers[0m[36m::[0m[34;1mincompatible_warnings_on_subgraph[0m
[32;1m        PASS[0m [   0.754s] [35;1mapollo-router::integration_tests[0m [36mintegration::connectors::telemetry[0m[36m::[0m[34;1mincompatible_warnings_on_all[0m
[32;1m        PASS[0m [   0.608s] [35;1mapollo-router::integration_tests[0m [36mintegration::connectors::tls[0m[36m::[0m[34;1mincompatible_warnings_on_subgraph[0m
[32;1m        PASS[0m [   0.746s] [35;1mapollo-router::integration_tests[0m [36mintegration::connectors::telemetry[0m[36m::[0m[34;1mincompatible_warnings_on_subgraph[0m
[32;1m        PASS[0m [   0.702s] [35;1mapollo-router::integration_tests[0m [36mintegration::connectors::traffic_shaping[0m[36m::[0m[34;1mincompatible_warnings_on_subgraph[0m
[32;1m        PASS[0m [   0.709s] [35;1mapollo-router::integration_tests[0m [36mintegration::connectors::url_override[0m[36m::[0m[34;1mincompatible_warnings_on_subgraph[0m
[32;1m        PASS[0m [   2.479s] [35;1mapollo-router::integration_tests[0m [36mintegration::batching[0m[36m::[0m[34;1mit_handles_short_timeouts[0m
[32;1m        PASS[0m [   2.530s] [35;1mapollo-router::integration_tests[0m [36mintegration::batching[0m[36m::[0m[34;1mit_handles_indefinite_timeouts[0m
[32;1m        PASS[0m [   0.022s] [35;1mapollo-router::integration_tests[0m [36mintegration::docs[0m[36m::[0m[34;1mcheck_config_json[0m
[32;1m        PASS[0m [   0.695s] [35;1mapollo-router::integration_tests[0m [36mintegration::directives::policy[0m[36m::[0m[34;1mpolicy_directive_interfaces_with_different_implementors_open_question[0m
[32;1m        PASS[0m [   0.775s] [35;1mapollo-router::integration_tests[0m [36mintegration::directives::policy[0m[36m::[0m[34;1mpolicy_directive_interfaces_with_different_implementors_disallowed[0m
[32;1m        PASS[0m [   1.287s] [35;1mapollo-router::integration_tests[0m [36mintegration::coprocessor::on_graphql_error_selector[0m[36m::[0m[34;1mtest_all_successful[0m
[32;1m        PASS[0m [   1.314s] [35;1mapollo-router::integration_tests[0m [36mintegration::coprocessor::on_graphql_error_selector[0m[36m::[0m[34;1mtest_first_response_failure[0m
[32;1m        PASS[0m [   1.343s] [35;1mapollo-router::integration_tests[0m [36mintegration::coprocessor::on_graphql_error_selector[0m[36m::[0m[34;1mtest_nested_response_failure[0m
[32;1m        PASS[0m [   0.900s] [35;1mapollo-router::integration_tests[0m [36mintegration::directives::policy[0m[36m::[0m[34;1mpolicy_directive_should_not_pass_if_coproc_disallowed[0m
[32;1m        PASS[0m [   0.913s] [35;1mapollo-router::integration_tests[0m [36mintegration::directives::policy[0m[36m::[0m[34;1mpolicy_directive_should_pass_if_coproc_allowed[0m
[32;1m        PASS[0m [   0.855s] [35;1mapollo-router::integration_tests[0m [36mintegration::entity_cache[0m[36m::[0m[34;1mbasic_cache_skips_subgraph_request[0m
[32;1m        PASS[0m [   1.257s] [35;1mapollo-router::integration_tests[0m [36mintegration::directives::policy[0m[36m::[0m[34;1mpolicy_directive_interfaces_with_different_implementors_without_policy_should_return_data[0m
[32;1m        PASS[0m [   0.706s] [35;1mapollo-router::integration_tests[0m [36mintegration::entity_cache[0m[36m::[0m[34;1mcomplex_entity_key_cache[0m
[32;1m        PASS[0m [   1.734s] [35;1mapollo-router::integration_tests[0m [36mintegration::coprocessor[0m[36m::[0m[34;1mtest_coprocessor_proxying_error_response[0m
[32;1m        PASS[0m [   1.883s] [35;1mapollo-router::integration_tests[0m [36mintegration::coprocessor[0m[36m::[0m[34;1mtest_coprocessor_limit_payload[0m
[32;1m        PASS[0m [   1.773s] [35;1mapollo-router::integration_tests[0m [36mintegration::coprocessor[0m[36m::[0m[34;1mtest_error_not_propagated_to_client[0m
[32;1m        PASS[0m [   0.859s] [35;1mapollo-router::integration_tests[0m [36mintegration::entity_cache[0m[36m::[0m[34;1mnot_cached_without_cache_control_header[0m
[32;1m        PASS[0m [   0.925s] [35;1mapollo-router::integration_tests[0m [36mintegration::entity_cache[0m[36m::[0m[34;1minvalidate_with_endpoint[0m
[32;1m        PASS[0m [   2.003s] [35;1mapollo-router::integration_tests[0m [36mintegration::coprocessor[0m[36m::[0m[34;1mtest_coprocessor_demand_control_access[0m
[32;1m        PASS[0m [   5.816s] [35;1mapollo-router::integration_tests[0m [34;1mall_stock_router_example_yamls_are_valid[0m
[32;1m        PASS[0m [   3.475s] [35;1mapollo-router::integration_tests[0m [36mintegration::connectors::authentication[0m[36m::[0m[34;1mtest_aws_sig_v4_signing[0m
[32;1m        PASS[0m [   1.102s] [35;1mapollo-router::integration_tests[0m [36mintegration::file_upload[0m[36m::[0m[34;1mit_fails_incompatible_query_order[0m
[32;1m        PASS[0m [   1.221s] [35;1mapollo-router::integration_tests[0m [36mintegration::file_upload[0m[36m::[0m[34;1mit_fails_invalid_file_order[0m
[32;1m        PASS[0m [   1.081s] [35;1mapollo-router::integration_tests[0m [36mintegration::file_upload[0m[36m::[0m[34;1mit_fails_invalid_multipart_order[0m
[32;1m        PASS[0m [   1.073s] [35;1mapollo-router::integration_tests[0m [36mintegration::file_upload[0m[36m::[0m[34;1mit_fails_upload_without_file[0m
[32;1m        PASS[0m [   1.092s] [35;1mapollo-router::integration_tests[0m [36mintegration::file_upload[0m[36m::[0m[34;1mit_fails_with_file_size_limit[0m
[32;1m        PASS[0m [   1.184s] [35;1mapollo-router::integration_tests[0m [36mintegration::file_upload[0m[36m::[0m[34;1mit_fails_with_file_count_limits[0m
[32;1m        PASS[0m [   1.122s] [35;1mapollo-router::integration_tests[0m [36mintegration::file_upload[0m[36m::[0m[34;1mit_fails_with_no_boundary_in_multipart[0m
[32;1m        PASS[0m [   1.110s] [35;1mapollo-router::integration_tests[0m [36mintegration::file_upload[0m[36m::[0m[34;1mit_supports_nested_file[0m
[32;1m        PASS[0m [   1.175s] [35;1mapollo-router::integration_tests[0m [36mintegration::file_upload[0m[36m::[0m[34;1mit_supports_compression[0m
[32;1m        PASS[0m [   1.127s] [35;1mapollo-router::integration_tests[0m [36mintegration::file_upload[0m[36m::[0m[34;1mit_supports_non_nullable_file[0m
[32;1m        PASS[0m [   1.221s] [35;1mapollo-router::integration_tests[0m [36mintegration::file_upload[0m[36m::[0m[34;1mit_supports_nested_file_list[0m
[32;1m        PASS[0m [   1.066s] [35;1mapollo-router::integration_tests[0m [36mintegration::file_upload[0m[36m::[0m[34;1mit_uploads_a_single_file[0m
[32;1m        PASS[0m [   2.897s] [35;1mapollo-router::integration_tests[0m [36mintegration::entity_cache[0m[36m::[0m[34;1mcache_control_merging_multi_fetch[0m
[32;1m        PASS[0m [   1.062s] [35;1mapollo-router::integration_tests[0m [36mintegration::file_upload[0m[36m::[0m[34;1mit_uploads_a_single_file_while_adding_a_header_from_rhai_script[0m
[32;1m        PASS[0m [   5.047s] [35;1mapollo-router::integration_tests[0m [36mintegration::connectors::apq[0m[36m::[0m[34;1mno_incompatible_warnings_with_overrides[0m
[32;1m        PASS[0m [   0.143s] [35;1mapollo-router::integration_tests[0m [36mintegration::lifecycle[0m[36m::[0m[34;1mtest_cli_config_experimental[0m
[32;1m        PASS[0m [   0.149s] [35;1mapollo-router::integration_tests[0m [36mintegration::lifecycle[0m[36m::[0m[34;1mtest_cli_config_preview[0m
[32;1m        PASS[0m [   1.120s] [35;1mapollo-router::integration_tests[0m [36mintegration::file_upload[0m[36m::[0m[34;1mit_uploads_multiple_files[0m
[32;1m        PASS[0m [   0.717s] [35;1mapollo-router::integration_tests[0m [36mintegration::introspection[0m[36m::[0m[34;1mjust_over_max_depth_with_check_disabled[0m
[32;1m        PASS[0m [   5.059s] [35;1mapollo-router::integration_tests[0m [36mintegration::connectors::authentication[0m[36m::[0m[34;1mno_incompatible_warnings_with_overrides[0m
[32;1m        PASS[0m [   2.903s] [35;1mapollo-router::integration_tests[0m [36mintegration::entity_cache[0m[36m::[0m[34;1mcache_control_merging_single_fetch[0m
[32;1m        PASS[0m [   0.826s] [35;1mapollo-router::integration_tests[0m [36mintegration::introspection[0m[36m::[0m[34;1mjust_under_max_depth[0m
[32;1m        PASS[0m [   0.918s] [35;1mapollo-router::integration_tests[0m [36mintegration::introspection[0m[36m::[0m[34;1mjust_over_max_depth[0m
[32;1m        PASS[0m [   1.335s] [35;1mapollo-router::integration_tests[0m [36mintegration::file_upload[0m[36m::[0m[34;1mit_uploads_file_to_subgraph[0m
[32;1m        PASS[0m [   1.186s] [35;1mapollo-router::integration_tests[0m [36mintegration::file_upload[0m[36m::[0m[34;1mit_uploads_to_multiple_subgraphs[0m
[32;1m        PASS[0m [   0.891s] [35;1mapollo-router::integration_tests[0m [36mintegration::introspection[0m[36m::[0m[34;1mmixed[0m
[32;1m        PASS[0m [   0.819s] [35;1mapollo-router::integration_tests[0m [36mintegration::introspection[0m[36m::[0m[34;1mtop_level_inline_fragment[0m
[32;1m        PASS[0m [   0.775s] [35;1mapollo-router::integration_tests[0m [36mintegration::introspection[0m[36m::[0m[34;1mtwo_operations[0m
[32;1m        PASS[0m [   5.066s] [35;1mapollo-router::integration_tests[0m [36mintegration::connectors::batching[0m[36m::[0m[34;1mno_incompatible_warnings_with_overrides[0m
[32;1m        PASS[0m [   5.082s] [35;1mapollo-router::integration_tests[0m [36mintegration::connectors::coprocessor[0m[36m::[0m[34;1mno_incompatible_warnings_for_supergraph[0m
[32;1m        PASS[0m [   0.919s] [35;1mapollo-router::integration_tests[0m [36mintegration::introspection[0m[36m::[0m[34;1msimple[0m
[32;1m        PASS[0m [   0.817s] [35;1mapollo-router::integration_tests[0m [36mintegration::introspection[0m[36m::[0m[34;1mvariable[0m
[32;1m        PASS[0m [   5.065s] [35;1mapollo-router::integration_tests[0m [36mintegration::connectors::entity_cache[0m[36m::[0m[34;1mno_incompatible_warnings_with_overrides[0m
[32;1m        PASS[0m [   0.150s] [35;1mapollo-router::integration_tests[0m [36mintegration::mock_subgraphs[0m[36m::[0m[34;1mtest_cache_tags[0m
[32;1m        PASS[0m [   0.702s] [35;1mapollo-router::integration_tests[0m [36mintegration::lifecycle[0m[36m::[0m[34;1mtest_invalid_config[0m
[32;1m        PASS[0m [   5.075s] [35;1mapollo-router::integration_tests[0m [36mintegration::connectors::telemetry[0m[36m::[0m[34;1mno_incompatible_warnings_with_flag_enabled[0m
[32;1m        PASS[0m [   5.067s] [35;1mapollo-router::integration_tests[0m [36mintegration::connectors::telemetry[0m[36m::[0m[34;1mno_incompatible_warnings_with_overrides[0m
[32;1m        PASS[0m [   1.254s] [35;1mapollo-router::integration_tests[0m [36mintegration::lifecycle[0m[36m::[0m[34;1mtest_experimental_notice[0m
[32;1m        PASS[0m [   2.434s] [35;1mapollo-router::integration_tests[0m [36mintegration::introspection[0m[36m::[0m[34;1mintegration[0m
[32;1m        PASS[0m [   1.770s] [35;1mapollo-router::integration_tests[0m [36mintegration::lifecycle[0m[36m::[0m[34;1mtest_force_config_reload_via_chaos[0m
[32;1m        PASS[0m [   1.631s] [35;1mapollo-router::integration_tests[0m [36mintegration::lifecycle[0m[36m::[0m[34;1mtest_multi_pipelines[0m
[32;1m        PASS[0m [   1.813s] [35;1mapollo-router::integration_tests[0m [36mintegration::lifecycle[0m[36m::[0m[34;1mtest_force_schema_reload_via_chaos[0m
[32;1m        PASS[0m [   1.161s] [35;1mapollo-router::integration_tests[0m [36mintegration::oci[0m[36m::[0m[34;1mtest_router_oci_cannot_fetch_schema[0m
[32;1m        PASS[0m [   0.873s] [35;1mapollo-router::integration_tests[0m [36mintegration::operation_limits[0m[36m::[0m[34;1mtest_response_errors[0m
[32;1m        PASS[0m [   1.531s] [35;1mapollo-router::integration_tests[0m [36mintegration::metrics[0m[36m::[0m[34;1mtest_jemalloc_metrics_are_emitted[0m
[32;1m        PASS[0m [   0.835s] [35;1mapollo-router::integration_tests[0m [36mintegration::operation_limits[0m[36m::[0m[34;1mtest_warn_only[0m
[32;1m        PASS[0m [   1.897s] [35;1mapollo-router::integration_tests[0m [36mintegration::lifecycle[0m[36m::[0m[34;1mtest_happy[0m
[32;1m        PASS[0m [   1.771s] [35;1mapollo-router::integration_tests[0m [36mintegration::lifecycle[0m[36m::[0m[34;1mtest_previous_configuration_propagation[0m
[32;1m        PASS[0m [   2.087s] [35;1mapollo-router::integration_tests[0m [36mintegration::lifecycle[0m[36m::[0m[34;1mtest_forced_connection_shutdown[0m
[32;1m        PASS[0m [   1.841s] [35;1mapollo-router::integration_tests[0m [36mintegration::lifecycle[0m[36m::[0m[34;1mtest_reload_config_valid[0m
[32;1m        PASS[0m [   1.804s] [35;1mapollo-router::integration_tests[0m [36mintegration::lifecycle[0m[36m::[0m[34;1mtest_reload_via_sighup[0m
[32;1m        PASS[0m [   1.823s] [35;1mapollo-router::integration_tests[0m [36mintegration::lifecycle[0m[36m::[0m[34;1mtest_shutdown_with_idle_connection[0m
[32;1m        PASS[0m [   0.851s] [35;1mapollo-router::integration_tests[0m [36mintegration::operation_name[0m[36m::[0m[34;1manonymous_operation[0m
[32;1m        PASS[0m [   0.863s] [35;1mapollo-router::integration_tests[0m [36mintegration::operation_name[0m[36m::[0m[34;1mempty_document[0m
[32;1m        PASS[0m [   1.803s] [35;1mapollo-router::integration_tests[0m [36mintegration::operation_limits[0m[36m::[0m[34;1mtest_request_bytes_limit[0m
[32;1m        PASS[0m [   0.836s] [35;1mapollo-router::integration_tests[0m [36mintegration::operation_name[0m[36m::[0m[34;1mmissing_operation_name[0m
[32;1m        PASS[0m [   0.842s] [35;1mapollo-router::integration_tests[0m [36mintegration::operation_name[0m[36m::[0m[34;1mincorrect_operation_name[0m
[32;1m        PASS[0m [   2.068s] [35;1mapollo-router::integration_tests[0m [36mintegration::oci[0m[36m::[0m[34;1mtest_router_boots_with_oci_config[0m
[32;1m        PASS[0m [   0.789s] [35;1mapollo-router::integration_tests[0m [36mintegration::operation_name[0m[36m::[0m[34;1mzero_operation[0m
[32;1m        PASS[0m [   0.887s] [35;1mapollo-router::integration_tests[0m [36mintegration::operation_name[0m[36m::[0m[34;1mnamed_operation[0m
[32;1m        PASS[0m [   0.966s] [35;1mapollo-router::integration_tests[0m [36mintegration::operation_name[0m[36m::[0m[34;1mtwo_named_operations[0m
[32;1m        PASS[0m [   1.997s] [35;1mapollo-router::integration_tests[0m [36mintegration::operation_limits[0m[36m::[0m[34;1mtest_request_bytes_limit_with_coprocessor[0m
[32;1m        PASS[0m [   1.258s] [35;1mapollo-router::integration_tests[0m [36mintegration::query_planner::error_paths[0m[36m::[0m[34;1mtest_multi_level_response_failure[0m
[32;1m        PASS[0m [   0.589s] [35;1mapollo-router::integration_tests[0m [36mintegration::query_planner[0m[36m::[0m[34;1minvalid_schema_with_new_qp_fails_startup[0m
[32;1m        PASS[0m [   0.657s] [35;1mapollo-router::integration_tests[0m [36mintegration::query_planner[0m[36m::[0m[34;1mfed1_schema_with_new_qp[0m
[32;1m        PASS[0m [   1.304s] [35;1mapollo-router::integration_tests[0m [36mintegration::query_planner::error_paths[0m[36m::[0m[34;1mtest_all_successful[0m
[32;1m        PASS[0m [   1.312s] [35;1mapollo-router::integration_tests[0m [36mintegration::query_planner::error_paths[0m[36m::[0m[34;1mtest_nested_response_failure_404[0m
[32;1m        PASS[0m [  10.103s] [35;1mapollo-router::integration_tests[0m [36mintegration::allowed_features[0m[36m::[0m[34;1mcanned_response_when_license_halted_with_valid_config_and_invalid_schema[0m
[32;1m        PASS[0m [   1.268s] [35;1mapollo-router::integration_tests[0m [36mintegration::query_planner::error_paths[0m[36m::[0m[34;1mtest_nested_response_failure_malformed[0m
[32;1m        PASS[0m [  10.126s] [35;1mapollo-router::integration_tests[0m [36mintegration::allowed_features[0m[36m::[0m[34;1mcanned_response_when_license_halted_with_restricted_config_and_valid_schema[0m
[32;1m        PASS[0m [  10.148s] [35;1mapollo-router::integration_tests[0m [36mintegration::allowed_features[0m[36m::[0m[34;1mcanned_response_when_license_halted_with_valid_config_and_schema[0m
[32;1m        PASS[0m [  10.068s] [35;1mapollo-router::integration_tests[0m [36mintegration::allowed_features[0m[36m::[0m[34;1mfeature_violation_when_allowed_features_empty_with_coprocessor_in_config[0m
[32;1m        PASS[0m [   1.415s] [35;1mapollo-router::integration_tests[0m [36mintegration::query_planner::error_paths[0m[36m::[0m[34;1mtest_nested_response_failure[0m
[32;1m        PASS[0m [  10.105s] [35;1mapollo-router::integration_tests[0m [36mintegration::allowed_features[0m[36m::[0m[34;1mfeature_violation_when_allowed_features_does_not_contain_feature_demand_control[0m
[32;1m        PASS[0m [  10.069s] [35;1mapollo-router::integration_tests[0m [36mintegration::allowed_features[0m[36m::[0m[34;1mfeature_violation_when_allowed_features_empty_with_subscripton_in_config[0m
[32;1m        PASS[0m [  10.073s] [35;1mapollo-router::integration_tests[0m [36mintegration::allowed_features[0m[36m::[0m[34;1mfeature_violation_when_allowed_features_with_coprocessor_only_with_subscripton_and_coprocessor_in_config[0m
[32;1m        PASS[0m [   3.531s] [35;1mapollo-router::integration_tests[0m [36mintegration::lifecycle[0m[36m::[0m[34;1mtest_graceful_shutdown[0m
[32;1m        PASS[0m [  10.086s] [35;1mapollo-router::integration_tests[0m [36mintegration::allowed_features[0m[36m::[0m[34;1mfeature_violation_when_license_past_warn_at_but_not_expired_allowed_features_does_not_contain_feature[0m
[32;1m        PASS[0m [   1.493s] [35;1mapollo-router::integration_tests[0m [36mintegration::query_planner::error_paths[0m[36m::[0m[34;1mtest_second_level_response_failure[0m
[32;1m        PASS[0m [   1.703s] [35;1mapollo-router::integration_tests[0m [36mintegration::query_planner[0m[36m::[0m[34;1mcontext_with_new_qp[0m
[32;1m        PASS[0m [   1.505s] [35;1mapollo-router::integration_tests[0m [36mintegration::query_planner::error_paths[0m[36m::[0m[34;1mtest_second_level_response_failure_empty_path[0m
[32;1m        PASS[0m [   1.411s] [35;1mapollo-router::integration_tests[0m [36mintegration::query_planner::error_paths[0m[36m::[0m[34;1mtest_top_level_response_failure_malformed[0m
[32;1m        PASS[0m [   1.495s] [35;1mapollo-router::integration_tests[0m [36mintegration::query_planner::error_paths[0m[36m::[0m[34;1mtest_second_level_response_failure_malformed[0m
[32;1m        PASS[0m [   1.491s] [35;1mapollo-router::integration_tests[0m [36mintegration::query_planner::error_paths[0m[36m::[0m[34;1mtest_top_level_response_failure[0m
[32;1m        PASS[0m [   1.116s] [35;1mapollo-router::integration_tests[0m [36mintegration::redis[0m[36m::[0m[34;1mconnection_failure_blocks_startup[0m
[32;1m        PASS[0m [   1.191s] [35;1mapollo-router::integration_tests[0m [36mintegration::redis[0m[36m::[0m[34;1mentity_cache_authorization[0m
[32;1m        PASS[0m [   1.899s] [35;1mapollo-router::integration_tests[0m [36mintegration::query_planner::max_evaluated_plans[0m[36m::[0m[34;1mdoes_not_exceed_max_evaluated_plans[0m
[32;1m        PASS[0m [   4.320s] [35;1mapollo-router::integration_tests[0m [36mintegration::lifecycle[0m[36m::[0m[34;1mtest_reload_config_with_broken_plugin[0m
[32;1m        PASS[0m [   1.111s] [35;1mapollo-router::integration_tests[0m [36mintegration::response_cache[0m[36m::[0m[34;1mcomplex_entity_key_response_cache[0m
[32;1m        PASS[0m [   1.465s] [35;1mapollo-router::integration_tests[0m [36mintegration::redis[0m[36m::[0m[34;1mapq[0m
[32;1m        PASS[0m [   1.984s] [35;1mapollo-router::integration_tests[0m [36mintegration::query_planner::max_evaluated_plans[0m[36m::[0m[34;1mdoes_not_exceed_max_evaluated_plans_legacy[0m
[32;1m        PASS[0m [   1.285s] [35;1mapollo-router::integration_tests[0m [36mintegration::response_cache[0m[36m::[0m[34;1mbasic_cache_skips_subgraph_request[0m
[32;1m        PASS[0m [   1.949s] [35;1mapollo-router::integration_tests[0m [36mintegration::query_planner::max_evaluated_plans[0m[36m::[0m[34;1mreports_evaluated_plans[0m
[32;1m        PASS[0m [   1.283s] [35;1mapollo-router::integration_tests[0m [36mintegration::response_cache[0m[36m::[0m[34;1minvalidate_with_endpoint_by_entity_cache_tag[0m
[32;1m        PASS[0m [   4.816s] [35;1mapollo-router::integration_tests[0m [36mintegration::lifecycle[0m[36m::[0m[34;1mtest_plugin_ordering[0m
[32;1m        PASS[0m [   1.779s] [35;1mapollo-router::integration_tests[0m [36mintegration::redis[0m[36m::[0m[34;1mentity_cache_with_nested_field_set[0m
[32;1m        PASS[0m [   1.866s] [35;1mapollo-router::integration_tests[0m [36mintegration::redis[0m[36m::[0m[34;1mentity_cache_basic[0m
[32;1m        PASS[0m [   1.259s] [35;1mapollo-router::integration_tests[0m [36mintegration::response_cache[0m[36m::[0m[34;1minvalidate_with_endpoint_by_type[0m
[32;1m        PASS[0m [   1.201s] [35;1mapollo-router::integration_tests[0m [36mintegration::response_cache[0m[36m::[0m[34;1mnot_cached_without_cache_control_header[0m
[32;1m        PASS[0m [   1.784s] [35;1mapollo-router::integration_tests[0m [36mintegration::response_cache[0m[36m::[0m[34;1mintegration_test_with_nested_field_set[0m
[32;1m        PASS[0m [   1.931s] [35;1mapollo-router::integration_tests[0m [36mintegration::response_cache[0m[36m::[0m[34;1mintegration_test_basic[0m
[32;1m        PASS[0m [   2.377s] [35;1mapollo-router::integration_tests[0m [36mintegration::redis[0m[36m::[0m[34;1mquery_planner_cache[0m
[32;1m        PASS[0m [   1.784s] [35;1mapollo-router::integration_tests[0m [36mintegration::response_cache[0m[36m::[0m[34;1mno_failure_when_storage_unavailable[0m
[35;1m  TRY 1 FAIL[0m [   2.523s] [35;1mapollo-router::integration_tests[0m [36mintegration::redis[0m[36m::[0m[34;1mquery_planner_redis_update_defer[0m

[35;1m--- [0m[35;1mTRY[0m [35;1m1[0m [35;1mSTDOUT:        [0m[35;1mapollo-router::integration_tests[0m [36mintegration::redis[0m[36m::[0m[34;1mquery_planner_redis_update_defer[0m[35;1m ---[0m

running 1 test
[2m2025-11-13T03:17:05.736651Z[0m [32m INFO[0m Loading supergraph from file
non-ignored keys in the same namespace in Redis:
[2m2025-11-13T03:17:08.186914Z[0m [32m INFO[0m Mock server shutting down
[2m2025-11-13T03:17:08.188000Z[0m [32m INFO[0m Mock server shutting down
test integration::redis::query_planner_redis_update_defer ... FAILED

failures:

failures:
    integration::redis::query_planner_redis_update_defer

test result: FAILED. 0 passed; 1 failed; 0 ignored; 0 measured; 338 filtered out; finished in 2.48s

[0m
[35;1m--- [0m[35;1mTRY[0m [35;1m1[0m [35;1mSTDERR:        [0m[35;1mapollo-router::integration_tests[0m [36mintegration::redis[0m[36m::[0m[34;1mquery_planner_redis_update_defer[0m[35;1m ---[0m

thread 'integration::redis::query_planner_redis_update_defer' panicked at apollo-router/tests/integration/../common.rs:1510:17:
key plan:router:2.8.0:14ece7260081620bb49f1f4934cf48510e5f16c3171181768bb46a5609d7dfb7:opname:3973e022e93220f9212c18d0d0c543ae7c309e46640da93a4a0314de999f5112:metadata:dc062fcc9cfd9582402d1e8b1fa3ee336ea1804d833443869e0b3744996716a2 not found: Parse Error: Could not convert to string.
 This may be caused by a number of things including federation version changes
stack backtrace:
   0:     0x5614ffcaa862 - std::backtrace_rs::backtrace::libunwind::trace::h2d45396358f41939
                               at /rustc/1159e78c4747b02ef996e55082b704c09b970588/library/std/src/../../backtrace/src/backtrace/libunwind.rs:117:9
   1:     0x5614ffcaa862 - std::backtrace_rs::backtrace::trace_unsynchronized::hffcefc0b67f1d6e2
                               at /rustc/1159e78c4747b02ef996e55082b704c09b970588/library/std/src/../../backtrace/src/backtrace/mod.rs:66:14
   2:     0x5614ffcaa862 - std::sys::backtrace::_print_fmt::hd72f71d23b436b92
                               at /rustc/1159e78c4747b02ef996e55082b704c09b970588/library/std/src/sys/backtrace.rs:66:9
   3:     0x5614ffcaa862 - <std::sys::backtrace::BacktraceLock::print::DisplayBacktrace as core::fmt::Display>::fmt::hdcfcb6d4c8489523
                               at /rustc/1159e78c4747b02ef996e55082b704c09b970588/library/std/src/sys/backtrace.rs:39:26
   4:     0x5614ffcda703 - core::fmt::rt::Argument::fmt::h2c56b3114963061a
                               at /rustc/1159e78c4747b02ef996e55082b704c09b970588/library/core/src/fmt/rt.rs:173:76
   5:     0x5614ffcda703 - core::fmt::write::h8a494366950f23bb
                               at /rustc/1159e78c4747b02ef996e55082b704c09b970588/library/core/src/fmt/mod.rs:1468:25
   6:     0x5614ffca5123 - std::io::default_write_fmt::ha27fbccbc65eb6fa
                               at /rustc/1159e78c4747b02ef996e55082b704c09b970588/library/std/src/io/mod.rs:639:11
   7:     0x5614ffca5123 - std::io::Write::write_fmt::h6556609fca33d0b1
                               at /rustc/1159e78c4747b02ef996e55082b704c09b970588/library/std/src/io/mod.rs:1954:13
   8:     0x5614ffcaa6b2 - std::sys::backtrace::BacktraceLock::print::hb2a626a81e06b2dc
                               at /rustc/1159e78c4747b02ef996e55082b704c09b970588/library/std/src/sys/backtrace.rs:42:9
   9:     0x5614ffcac6f9 - std::panicking::default_hook::{{closure}}::h4f78485264f12d10
                               at /rustc/1159e78c4747b02ef996e55082b704c09b970588/library/std/src/panicking.rs:300:27
  10:     0x5614ffcac4db - std::panicking::default_hook::h2c66fc99e962531d
                               at /rustc/1159e78c4747b02ef996e55082b704c09b970588/library/std/src/panicking.rs:327:9
  11:     0x5614ffcad105 - std::panicking::rust_panic_with_hook::h33ac55f64bbd807d
                               at /rustc/1159e78c4747b02ef996e55082b704c09b970588/library/std/src/panicking.rs:833:13
  12:     0x5614ffcace9a - std::panicking::begin_panic_handler::{{closure}}::h30e7cb89678a57fe
                               at /rustc/1159e78c4747b02ef996e55082b704c09b970588/library/std/src/panicking.rs:706:13
  13:     0x5614ffcaad69 - std::sys::backtrace::__rust_end_short_backtrace::hed60f27456c16ced
                               at /rustc/1159e78c4747b02ef996e55082b704c09b970588/library/std/src/sys/backtrace.rs:174:18
  14:     0x5614ffcacb2d - __rustc[de2ca18b4c54d5b8]::rust_begin_unwind
                               at /rustc/1159e78c4747b02ef996e55082b704c09b970588/library/std/src/panicking.rs:697:5
  15:     0x5614ffcd6d30 - core::panicking::panic_fmt::h62f63d096dd276af
                               at /rustc/1159e78c4747b02ef996e55082b704c09b970588/library/core/src/panicking.rs:75:14
  16:     0x5614f99a6cc7 - integration_tests::integration::common::IntegrationTest::assert_redis_cache_contains::{{closure}}::h4bb8f37a5ed928ba
                               at /root/project/apollo-router/tests/integration/../common.rs:1510:17
  17:     0x5614f9b5e414 - integration_tests::integration::redis::test_redis_query_plan_config_update::{{closure}}::h6b0b398a6971dea8
                               at /root/project/apollo-router/tests/integration/redis.rs:1511:10
  18:     0x5614f9c34e46 - integration_tests::integration::redis::query_planner_redis_update_defer::{{closure}}::h0256c060989eccbf
                               at /root/project/apollo-router/tests/integration/redis.rs:1443:6
  19:     0x5614f9586a32 - <core::pin::Pin<P> as core::future::future::Future>::poll::h59964df56356515a
                               at /rustc/1159e78c4747b02ef996e55082b704c09b970588/library/core/src/future/future.rs:133:9
  20:     0x5614f949198d - tokio::runtime::park::CachedParkThread::block_on::{{closure}}::h99a1c01384b0a79b
                               at /root/.cargo/registry/src/index.crates.io-1949cf8c6b5b557f/tokio-1.48.0/src/runtime/park.rs:285:71
  21:     0x5614f94900f6 - tokio::task::coop::with_budget::ha185223116166ce4
                               at /root/.cargo/registry/src/index.crates.io-1949cf8c6b5b557f/tokio-1.48.0/src/task/coop/mod.rs:167:5
  22:     0x5614f94900f6 - tokio::task::coop::budget::ha733ca61bde2edaf
                               at /root/.cargo/registry/src/index.crates.io-1949cf8c6b5b557f/tokio-1.48.0/src/task/coop/mod.rs:133:5
  23:     0x5614f94900f6 - tokio::runtime::park::CachedParkThread::block_on::hbd985400d5b3dc8c
                               at /root/.cargo/registry/src/index.crates.io-1949cf8c6b5b557f/tokio-1.48.0/src/runtime/park.rs:285:31
  24:     0x5614f9b1c574 - tokio::runtime::context::blocking::BlockingRegionGuard::block_on::h3cf29540820bb880
                               at /root/.cargo/registry/src/index.crates.io-1949cf8c6b5b557f/tokio-1.48.0/src/runtime/context/blocking.rs:66:14
  25:     0x5614f9729978 - tokio::runtime::scheduler::multi_thread::MultiThread::block_on::{{closure}}::h368bef83ee5af5d1
                               at /root/.cargo/registry/src/index.crates.io-1949cf8c6b5b557f/tokio-1.48.0/src/runtime/scheduler/multi_thread/mod.rs:87:22
  26:     0x5614f94bd046 - tokio::runtime::context::runtime::enter_runtime::hfb5131736755618d
                               at /root/.cargo/registry/src/index.crates.io-1949cf8c6b5b557f/tokio-1.48.0/src/runtime/context/runtime.rs:65:16
  27:     0x5614f9729904 - tokio::runtime::scheduler::multi_thread::MultiThread::block_on::hb60b7b74dc6d2c7f
                               at /root/.cargo/registry/src/index.crates.io-1949cf8c6b5b557f/tokio-1.48.0/src/runtime/scheduler/multi_thread/mod.rs:86:9
  28:     0x5614f93289d4 - tokio::runtime::runtime::Runtime::block_on_inner::hb2451b6dd4b09b66
                               at /root/.cargo/registry/src/index.crates.io-1949cf8c6b5b557f/tokio-1.48.0/src/runtime/runtime.rs:370:50
  29:     0x5614f93292ec - tokio::runtime::runtime::Runtime::block_on::h9206977fab45046e
                               at /root/.cargo/registry/src/index.crates.io-1949cf8c6b5b557f/tokio-1.48.0/src/runtime/runtime.rs:342:18
  30:     0x5614f9c34b83 - integration_tests::integration::redis::query_planner_redis_update_defer::h8c9e7c9235793aa0
                               at /root/project/apollo-router/tests/integration/redis.rs:1443:11
  31:     0x5614f9c349e7 - integration_tests::integration::redis::query_planner_redis_update_defer::{{closure}}::h7f59b560de6503f1
                               at /root/project/apollo-router/tests/integration/redis.rs:1424:44
  32:     0x5614f9100936 - core::ops::function::FnOnce::call_once::hdc90624b4ead63e2
                               at /rustc/1159e78c4747b02ef996e55082b704c09b970588/library/core/src/ops/function.rs:253:5
  33:     0x5614f9dfb32b - core::ops::function::FnOnce::call_once::h1f9474f1347fff52
                               at /rustc/1159e78c4747b02ef996e55082b704c09b970588/library/core/src/ops/function.rs:253:5
  34:     0x5614f9dfb32b - test::__rust_begin_short_backtrace::ha52ab26e77157f03
                               at /rustc/1159e78c4747b02ef996e55082b704c09b970588/library/test/src/lib.rs:648:18
  35:     0x5614f9dfa465 - test::run_test_in_process::{{closure}}::h229c1a11a50b261f
                               at /rustc/1159e78c4747b02ef996e55082b704c09b970588/library/test/src/lib.rs:671:74
  36:     0x5614f9dfa465 - <core::panic::unwind_safe::AssertUnwindSafe<F> as core::ops::function::FnOnce<()>>::call_once::h78821afbf97b39a9
                               at /rustc/1159e78c4747b02ef996e55082b704c09b970588/library/core/src/panic/unwind_safe.rs:272:9
  37:     0x5614f9dfa465 - std::panicking::catch_unwind::do_call::h53abf3ed5bd32ba3
                               at /rustc/1159e78c4747b02ef996e55082b704c09b970588/library/std/src/panicking.rs:589:40
  38:     0x5614f9dfa465 - std::panicking::catch_unwind::h6deb5fe1e91873c9
                               at /rustc/1159e78c4747b02ef996e55082b704c09b970588/library/std/src/panicking.rs:552:19
  39:     0x5614f9dfa465 - std::panic::catch_unwind::hea0829b6b565654b
                               at /rustc/1159e78c4747b02ef996e55082b704c09b970588/library/std/src/panic.rs:359:14
  40:     0x5614f9dfa465 - test::run_test_in_process::hdc44dfecea3db21b
                               at /rustc/1159e78c4747b02ef996e55082b704c09b970588/library/test/src/lib.rs:671:27
  41:     0x5614f9dfa465 - test::run_test::{{closure}}::h0364ba59bf23f652
                               at /rustc/1159e78c4747b02ef996e55082b704c09b970588/library/test/src/lib.rs:592:43
  42:     0x5614f9dbe064 - test::run_test::{{closure}}::h32730b304eec05da
                               at /rustc/1159e78c4747b02ef996e55082b704c09b970588/library/test/src/lib.rs:622:41
  43:     0x5614f9dbe064 - std::sys::backtrace::__rust_begin_short_backtrace::h177cb952fc54ad2c
                               at /rustc/1159e78c4747b02ef996e55082b704c09b970588/library/std/src/sys/backtrace.rs:158:18
  44:     0x5614f9dc1a3a - std::thread::Builder::spawn_unchecked_::{{closure}}::{{closure}}::h119d903520007597
                               at /rustc/1159e78c4747b02ef996e55082b704c09b970588/library/std/src/thread/mod.rs:559:17
  45:     0x5614f9dc1a3a - <core::panic::unwind_safe::AssertUnwindSafe<F> as core::ops::function::FnOnce<()>>::call_once::hab88401d606702a6
                               at /rustc/1159e78c4747b02ef996e55082b704c09b970588/library/core/src/panic/unwind_safe.rs:272:9
  46:     0x5614f9dc1a3a - std::panicking::catch_unwind::do_call::h163fe12cca9901c2
                               at /rustc/1159e78c4747b02ef996e55082b704c09b970588/library/std/src/panicking.rs:589:40
  47:     0x5614f9dc1a3a - std::panicking::catch_unwind::he81557d0e17cc1bc
                               at /rustc/1159e78c4747b02ef996e55082b704c09b970588/library/std/src/panicking.rs:552:19
  48:     0x5614f9dc1a3a - std::panic::catch_unwind::hc2b8e79c20593955
                               at /rustc/1159e78c4747b02ef996e55082b704c09b970588/library/std/src/panic.rs:359:14
  49:     0x5614f9dc1a3a - std::thread::Builder::spawn_unchecked_::{{closure}}::hfa6b4978e07815cc
                               at /rustc/1159e78c4747b02ef996e55082b704c09b970588/library/std/src/thread/mod.rs:557:30
  50:     0x5614f9dc1a3a - core::ops::function::FnOnce::call_once{{vtable.shim}}::hddcd7484a13fd793
                               at /rustc/1159e78c4747b02ef996e55082b704c09b970588/library/core/src/ops/function.rs:253:5
  51:     0x5614ffcb0aef - <alloc::boxed::Box<F,A> as core::ops::function::FnOnce<Args>>::call_once::h5924238c754de3b8
                               at /rustc/1159e78c4747b02ef996e55082b704c09b970588/library/alloc/src/boxed.rs:1971:9
  52:     0x5614ffcb0aef - std::sys::pal::unix::thread::Thread::new::thread_start::hb6e99e73da4d28f8
                               at /rustc/1159e78c4747b02ef996e55082b704c09b970588/library/std/src/sys/pal/unix/thread.rs:107:17
  53:     0x7f7822b3f1ca - start_thread
  54:     0x7f7822fa88d3 - __GI___clone
  55:                0x0 - <unknown>
[0m
[35;1m   RETRY 2/3[0m [         ] [35;1mapollo-router::integration_tests[0m [36mintegration::redis[0m[36m::[0m[34;1mquery_planner_redis_update_defer[0m
[35;1m  TRY 1 FAIL[0m [   2.486s] [35;1mapollo-router::integration_tests[0m [36mintegration::redis[0m[36m::[0m[34;1mquery_planner_redis_update_query_fragments[0m

[35;1m--- [0m[35;1mTRY[0m [35;1m1[0m [35;1mSTDOUT:        [0m[35;1mapollo-router::integration_tests[0m [36mintegration::redis[0m[36m::[0m[34;1mquery_planner_redis_update_query_fragments[0m[35;1m ---[0m

running 1 test
[2m2025-11-13T03:17:05.780665Z[0m [32m INFO[0m Loading supergraph from file
non-ignored keys in the same namespace in Redis:
[2m2025-11-13T03:17:08.195028Z[0m [32m INFO[0m Mock server shutting down
[2m2025-11-13T03:17:08.196023Z[0m [32m INFO[0m Mock server shutting down
test integration::redis::query_planner_redis_update_query_fragments ... FAILED

failures:

failures:
    integration::redis::query_planner_redis_update_query_fragments

test result: FAILED. 0 passed; 1 failed; 0 ignored; 0 measured; 338 filtered out; finished in 2.44s

[0m
[35;1m--- [0m[35;1mTRY[0m [35;1m1[0m [35;1mSTDERR:        [0m[35;1mapollo-router::integration_tests[0m [36mintegration::redis[0m[36m::[0m[34;1mquery_planner_redis_update_query_fragments[0m[35;1m ---[0m

thread 'integration::redis::query_planner_redis_update_query_fragments' panicked at apollo-router/tests/integration/../common.rs:1510:17:
key plan:router:2.8.0:14ece7260081620bb49f1f4934cf48510e5f16c3171181768bb46a5609d7dfb7:opname:3973e022e93220f9212c18d0d0c543ae7c309e46640da93a4a0314de999f5112:metadata:fb1a8e6e454ad6a1d0d48b24dc9c7c4dd6d9bf58b6fdaf43cd24eb77fbbb3a17 not found: Parse Error: Could not convert to string.
 This may be caused by a number of things including federation version changes
stack backtrace:
   0:     0x55eaeec71862 - std::backtrace_rs::backtrace::libunwind::trace::h2d45396358f41939
                               at /rustc/1159e78c4747b02ef996e55082b704c09b970588/library/std/src/../../backtrace/src/backtrace/libunwind.rs:117:9
   1:     0x55eaeec71862 - std::backtrace_rs::backtrace::trace_unsynchronized::hffcefc0b67f1d6e2
                               at /rustc/1159e78c4747b02ef996e55082b704c09b970588/library/std/src/../../backtrace/src/backtrace/mod.rs:66:14
   2:     0x55eaeec71862 - std::sys::backtrace::_print_fmt::hd72f71d23b436b92
                               at /rustc/1159e78c4747b02ef996e55082b704c09b970588/library/std/src/sys/backtrace.rs:66:9
   3:     0x55eaeec71862 - <std::sys::backtrace::BacktraceLock::print::DisplayBacktrace as core::fmt::Display>::fmt::hdcfcb6d4c8489523
                               at /rustc/1159e78c4747b02ef996e55082b704c09b970588/library/std/src/sys/backtrace.rs:39:26
   4:     0x55eaeeca1703 - core::fmt::rt::Argument::fmt::h2c56b3114963061a
                               at /rustc/1159e78c4747b02ef996e55082b704c09b970588/library/core/src/fmt/rt.rs:173:76
   5:     0x55eaeeca1703 - core::fmt::write::h8a494366950f23bb
                               at /rustc/1159e78c4747b02ef996e55082b704c09b970588/library/core/src/fmt/mod.rs:1468:25
   6:     0x55eaeec6c123 - std::io::default_write_fmt::ha27fbccbc65eb6fa
                               at /rustc/1159e78c4747b02ef996e55082b704c09b970588/library/std/src/io/mod.rs:639:11
   7:     0x55eaeec6c123 - std::io::Write::write_fmt::h6556609fca33d0b1
                               at /rustc/1159e78c4747b02ef996e55082b704c09b970588/library/std/src/io/mod.rs:1954:13
   8:     0x55eaeec716b2 - std::sys::backtrace::BacktraceLock::print::hb2a626a81e06b2dc
                               at /rustc/1159e78c4747b02ef996e55082b704c09b970588/library/std/src/sys/backtrace.rs:42:9
   9:     0x55eaeec736f9 - std::panicking::default_hook::{{closure}}::h4f78485264f12d10
                               at /rustc/1159e78c4747b02ef996e55082b704c09b970588/library/std/src/panicking.rs:300:27
  10:     0x55eaeec734db - std::panicking::default_hook::h2c66fc99e962531d
                               at /rustc/1159e78c4747b02ef996e55082b704c09b970588/library/std/src/panicking.rs:327:9
  11:     0x55eaeec74105 - std::panicking::rust_panic_with_hook::h33ac55f64bbd807d
                               at /rustc/1159e78c4747b02ef996e55082b704c09b970588/library/std/src/panicking.rs:833:13
  12:     0x55eaeec73e9a - std::panicking::begin_panic_handler::{{closure}}::h30e7cb89678a57fe
                               at /rustc/1159e78c4747b02ef996e55082b704c09b970588/library/std/src/panicking.rs:706:13
  13:     0x55eaeec71d69 - std::sys::backtrace::__rust_end_short_backtrace::hed60f27456c16ced
                               at /rustc/1159e78c4747b02ef996e55082b704c09b970588/library/std/src/sys/backtrace.rs:174:18
  14:     0x55eaeec73b2d - __rustc[de2ca18b4c54d5b8]::rust_begin_unwind
                               at /rustc/1159e78c4747b02ef996e55082b704c09b970588/library/std/src/panicking.rs:697:5
  15:     0x55eaeec9dd30 - core::panicking::panic_fmt::h62f63d096dd276af
                               at /rustc/1159e78c4747b02ef996e55082b704c09b970588/library/core/src/panicking.rs:75:14
  16:     0x55eae896dcc7 - integration_tests::integration::common::IntegrationTest::assert_redis_cache_contains::{{closure}}::h4bb8f37a5ed928ba
                               at /root/project/apollo-router/tests/integration/../common.rs:1510:17
  17:     0x55eae8b25414 - integration_tests::integration::redis::test_redis_query_plan_config_update::{{closure}}::h6b0b398a6971dea8
                               at /root/project/apollo-router/tests/integration/redis.rs:1511:10
  18:     0x55eae8bfb936 - integration_tests::integration::redis::query_planner_redis_update_query_fragments::{{closure}}::hc13a9713b573d46b
                               at /root/project/apollo-router/tests/integration/redis.rs:1420:6
  19:     0x55eae854da32 - <core::pin::Pin<P> as core::future::future::Future>::poll::h59964df56356515a
                               at /rustc/1159e78c4747b02ef996e55082b704c09b970588/library/core/src/future/future.rs:133:9
  20:     0x55eae845898d - tokio::runtime::park::CachedParkThread::block_on::{{closure}}::h99a1c01384b0a79b
                               at /root/.cargo/registry/src/index.crates.io-1949cf8c6b5b557f/tokio-1.48.0/src/runtime/park.rs:285:71
  21:     0x55eae84570f6 - tokio::task::coop::with_budget::ha185223116166ce4
                               at /root/.cargo/registry/src/index.crates.io-1949cf8c6b5b557f/tokio-1.48.0/src/task/coop/mod.rs:167:5
  22:     0x55eae84570f6 - tokio::task::coop::budget::ha733ca61bde2edaf
                               at /root/.cargo/registry/src/index.crates.io-1949cf8c6b5b557f/tokio-1.48.0/src/task/coop/mod.rs:133:5
  23:     0x55eae84570f6 - tokio::runtime::park::CachedParkThread::block_on::hbd985400d5b3dc8c
                               at /root/.cargo/registry/src/index.crates.io-1949cf8c6b5b557f/tokio-1.48.0/src/runtime/park.rs:285:31
  24:     0x55eae8ae3574 - tokio::runtime::context::blocking::BlockingRegionGuard::block_on::h3cf29540820bb880
                               at /root/.cargo/registry/src/index.crates.io-1949cf8c6b5b557f/tokio-1.48.0/src/runtime/context/blocking.rs:66:14
  25:     0x55eae86f0978 - tokio::runtime::scheduler::multi_thread::MultiThread::block_on::{{closure}}::h368bef83ee5af5d1
                               at /root/.cargo/registry/src/index.crates.io-1949cf8c6b5b557f/tokio-1.48.0/src/runtime/scheduler/multi_thread/mod.rs:87:22
  26:     0x55eae8484046 - tokio::runtime::context::runtime::enter_runtime::hfb5131736755618d
                               at /root/.cargo/registry/src/index.crates.io-1949cf8c6b5b557f/tokio-1.48.0/src/runtime/context/runtime.rs:65:16
  27:     0x55eae86f0904 - tokio::runtime::scheduler::multi_thread::MultiThread::block_on::hb60b7b74dc6d2c7f
                               at /root/.cargo/registry/src/index.crates.io-1949cf8c6b5b557f/tokio-1.48.0/src/runtime/scheduler/multi_thread/mod.rs:86:9
  28:     0x55eae82ef9d4 - tokio::runtime::runtime::Runtime::block_on_inner::hb2451b6dd4b09b66
                               at /root/.cargo/registry/src/index.crates.io-1949cf8c6b5b557f/tokio-1.48.0/src/runtime/runtime.rs:370:50
  29:     0x55eae82f02ec - tokio::runtime::runtime::Runtime::block_on::h9206977fab45046e
                               at /root/.cargo/registry/src/index.crates.io-1949cf8c6b5b557f/tokio-1.48.0/src/runtime/runtime.rs:342:18
  30:     0x55eae8bfb673 - integration_tests::integration::redis::query_planner_redis_update_query_fragments::hca4631a072e714fd
                               at /root/project/apollo-router/tests/integration/redis.rs:1420:11
  31:     0x55eae8bfb4d7 - integration_tests::integration::redis::query_planner_redis_update_query_fragments::{{closure}}::h04bad8daceabc90a
                               at /root/project/apollo-router/tests/integration/redis.rs:1400:54
  32:     0x55eae80bd8b6 - core::ops::function::FnOnce::call_once::h604e9895e90c155b
                               at /rustc/1159e78c4747b02ef996e55082b704c09b970588/library/core/src/ops/function.rs:253:5
  33:     0x55eae8dc232b - core::ops::function::FnOnce::call_once::h1f9474f1347fff52
                               at /rustc/1159e78c4747b02ef996e55082b704c09b970588/library/core/src/ops/function.rs:253:5
  34:     0x55eae8dc232b - test::__rust_begin_short_backtrace::ha52ab26e77157f03
                               at /rustc/1159e78c4747b02ef996e55082b704c09b970588/library/test/src/lib.rs:648:18
  35:     0x55eae8dc1465 - test::run_test_in_process::{{closure}}::h229c1a11a50b261f
                               at /rustc/1159e78c4747b02ef996e55082b704c09b970588/library/test/src/lib.rs:671:74
  36:     0x55eae8dc1465 - <core::panic::unwind_safe::AssertUnwindSafe<F> as core::ops::function::FnOnce<()>>::call_once::h78821afbf97b39a9
                               at /rustc/1159e78c4747b02ef996e55082b704c09b970588/library/core/src/panic/unwind_safe.rs:272:9
  37:     0x55eae8dc1465 - std::panicking::catch_unwind::do_call::h53abf3ed5bd32ba3
                               at /rustc/1159e78c4747b02ef996e55082b704c09b970588/library/std/src/panicking.rs:589:40
  38:     0x55eae8dc1465 - std::panicking::catch_unwind::h6deb5fe1e91873c9
                               at /rustc/1159e78c4747b02ef996e55082b704c09b970588/library/std/src/panicking.rs:552:19
  39:     0x55eae8dc1465 - std::panic::catch_unwind::hea0829b6b565654b
                               at /rustc/1159e78c4747b02ef996e55082b704c09b970588/library/std/src/panic.rs:359:14
  40:     0x55eae8dc1465 - test::run_test_in_process::hdc44dfecea3db21b
                               at /rustc/1159e78c4747b02ef996e55082b704c09b970588/library/test/src/lib.rs:671:27
  41:     0x55eae8dc1465 - test::run_test::{{closure}}::h0364ba59bf23f652
                               at /rustc/1159e78c4747b02ef996e55082b704c09b970588/library/test/src/lib.rs:592:43
  42:     0x55eae8d85064 - test::run_test::{{closure}}::h32730b304eec05da
                               at /rustc/1159e78c4747b02ef996e55082b704c09b970588/library/test/src/lib.rs:622:41
  43:     0x55eae8d85064 - std::sys::backtrace::__rust_begin_short_backtrace::h177cb952fc54ad2c
                               at /rustc/1159e78c4747b02ef996e55082b704c09b970588/library/std/src/sys/backtrace.rs:158:18
  44:     0x55eae8d88a3a - std::thread::Builder::spawn_unchecked_::{{closure}}::{{closure}}::h119d903520007597
                               at /rustc/1159e78c4747b02ef996e55082b704c09b970588/library/std/src/thread/mod.rs:559:17
  45:     0x55eae8d88a3a - <core::panic::unwind_safe::AssertUnwindSafe<F> as core::ops::function::FnOnce<()>>::call_once::hab88401d606702a6
                               at /rustc/1159e78c4747b02ef996e55082b704c09b970588/library/core/src/panic/unwind_safe.rs:272:9
  46:     0x55eae8d88a3a - std::panicking::catch_unwind::do_call::h163fe12cca9901c2
                               at /rustc/1159e78c4747b02ef996e55082b704c09b970588/library/std/src/panicking.rs:589:40
  47:     0x55eae8d88a3a - std::panicking::catch_unwind::he81557d0e17cc1bc
                               at /rustc/1159e78c4747b02ef996e55082b704c09b970588/library/std/src/panicking.rs:552:19
  48:     0x55eae8d88a3a - std::panic::catch_unwind::hc2b8e79c20593955
                               at /rustc/1159e78c4747b02ef996e55082b704c09b970588/library/std/src/panic.rs:359:14
  49:     0x55eae8d88a3a - std::thread::Builder::spawn_unchecked_::{{closure}}::hfa6b4978e07815cc
                               at /rustc/1159e78c4747b02ef996e55082b704c09b970588/library/std/src/thread/mod.rs:557:30
  50:     0x55eae8d88a3a - core::ops::function::FnOnce::call_once{{vtable.shim}}::hddcd7484a13fd793
                               at /rustc/1159e78c4747b02ef996e55082b704c09b970588/library/core/src/ops/function.rs:253:5
  51:     0x55eaeec77aef - <alloc::boxed::Box<F,A> as core::ops::function::FnOnce<Args>>::call_once::h5924238c754de3b8
                               at /rustc/1159e78c4747b02ef996e55082b704c09b970588/library/alloc/src/boxed.rs:1971:9
  52:     0x55eaeec77aef - std::sys::pal::unix::thread::Thread::new::thread_start::hb6e99e73da4d28f8
                               at /rustc/1159e78c4747b02ef996e55082b704c09b970588/library/std/src/sys/pal/unix/thread.rs:107:17
  53:     0x7f042b06c1ca - start_thread
  54:     0x7f042b4d58d3 - __GI___clone
  55:                0x0 - <unknown>
[0m
[35;1m   RETRY 2/3[0m [         ] [35;1mapollo-router::integration_tests[0m [36mintegration::redis[0m[36m::[0m[34;1mquery_planner_redis_update_query_fragments[0m
[32;1m        PASS[0m [   1.264s] [35;1mapollo-router::integration_tests[0m [36mintegration::subgraph_response[0m[36m::[0m[34;1mtest_subgraph_returning_data_null[0m
[32;1m        PASS[0m [   1.954s] [35;1mapollo-router::integration_tests[0m [36mintegration::rhai[0m[36m::[0m[34;1mall_rhai_callbacks_are_invoked[0m
[32;1m        PASS[0m [   0.612s] [35;1mapollo-router::integration_tests[0m [36mintegration::subscriptions::callback[0m[36m::[0m[34;1mtest_subscription_callback_error_scenarios[0m
[32;1m        PASS[0m [   1.259s] [35;1mapollo-router::integration_tests[0m [36mintegration::subgraph_response[0m[36m::[0m[34;1mtest_subgraph_returning_different_typename_on_query_root[0m
[32;1m        PASS[0m [   1.751s] [35;1mapollo-router::integration_tests[0m [36mintegration::subgraph_response[0m[36m::[0m[34;1mtest_invalid_error_locations[0m
[32;1m        PASS[0m [   1.911s] [35;1mapollo-router::integration_tests[0m [36mintegration::subgraph_response[0m[36m::[0m[34;1mtest_empty_error_locations[0m
[32;1m        PASS[0m [   1.823s] [35;1mapollo-router::integration_tests[0m [36mintegration::subgraph_response[0m[36m::[0m[34;1mtest_invalid_error_locations_contains_negative_one_location[0m
[32;1m        PASS[0m [   1.779s] [35;1mapollo-router::integration_tests[0m [36mintegration::subgraph_response[0m[36m::[0m[34;1mtest_invalid_error_locations_with_single_negative_one_location[0m
[32;1m        PASS[0m [   3.279s] [35;1mapollo-router::integration_tests[0m [36mintegration::query_planner[0m[36m::[0m[34;1mvalid_schema_with_new_qp_change_to_broken_schema_keeps_old_config[0m
[32;1m        PASS[0m [   1.797s] [35;1mapollo-router::integration_tests[0m [36mintegration::subgraph_response[0m[36m::[0m[34;1mtest_invalid_error_path[0m
[32;1m        PASS[0m [   1.804s] [35;1mapollo-router::integration_tests[0m [36mintegration::subgraph_response[0m[36m::[0m[34;1mtest_partially_valid_error_path[0m
[32;1m        PASS[0m [   3.152s] [35;1mapollo-router::integration_tests[0m [36mintegration::response_cache[0m[36m::[0m[34;1mcache_control_merging_single_fetch[0m
[32;1m        PASS[0m [   3.250s] [35;1mapollo-router::integration_tests[0m [36mintegration::response_cache[0m[36m::[0m[34;1mcache_control_merging_multi_fetch[0m
[32;1m        PASS[0m [   1.814s] [35;1mapollo-router::integration_tests[0m [36mintegration::subgraph_response[0m[36m::[0m[34;1mtest_valid_error_locations[0m
[32;1m        PASS[0m [   2.413s] [35;1mapollo-router::integration_tests[0m [36mintegration::rhai[0m[36m::[0m[34;1mtest_rhai_hot_reload_works[0m
[32;1m        PASS[0m [   1.839s] [35;1mapollo-router::integration_tests[0m [36mintegration::subgraph_response[0m[36m::[0m[34;1mtest_valid_error_path[0m
[32;1m        PASS[0m [   1.726s] [35;1mapollo-router::integration_tests[0m [36mintegration::subgraph_response[0m[36m::[0m[34;1mtest_valid_extensions_service_for_invalid_subgraph_response[0m
[32;1m        PASS[0m [   1.750s] [35;1mapollo-router::integration_tests[0m [36mintegration::subgraph_response[0m[36m::[0m[34;1mtest_valid_extensions_service_for_subgraph_error[0m
[32;1m        PASS[0m [   1.818s] [35;1mapollo-router::integration_tests[0m [36mintegration::subgraph_response[0m[36m::[0m[34;1mtest_valid_extensions_service_is_preserved_for_subgraph_error[0m
[32;1m        PASS[0m [   1.853s] [35;1mapollo-router::integration_tests[0m [36mintegration::subscriptions::ws_passthrough::test_subscription_ws_passthrough[0m[36m::[0m[34;1mconfig_1_SUBSCRIPTION_CONFIG_GRAPHQL_WS[0m
[32;1m        PASS[0m [   4.412s] [35;1mapollo-router::integration_tests[0m [36mintegration::redis[0m[36m::[0m[34;1mtest_redis_connections_are_closed_on_router_reload[0m
[32;1m        PASS[0m [   7.590s] [35;1mapollo-router::integration_tests[0m [36mintegration::lifecycle[0m[36m::[0m[34;1mtest_reload_config_with_broken_plugin_recovery[0m
[32;1m        PASS[0m [   1.963s] [35;1mapollo-router::integration_tests[0m [36mintegration::subscriptions::ws_passthrough::test_subscription_ws_passthrough[0m[36m::[0m[34;1mconfig_2_SUBSCRIPTION_CONFIG_SUBSCRIPTIONS_TRANSPORT_WS[0m
[32;1m        PASS[0m [   4.581s] [35;1mapollo-router::integration_tests[0m [36mintegration::redis[0m[36m::[0m[34;1mquery_planner_redis_update_type_conditional_fetching[0m
[32;1m        PASS[0m [   1.974s] [35;1mapollo-router::integration_tests[0m [36mintegration::subscriptions::ws_passthrough::test_subscription_ws_passthrough_error_payload[0m[36m::[0m[34;1mconfig_1_SUBSCRIPTION_CONFIG_GRAPHQL_WS[0m
[32;1m        PASS[0m [   1.456s] [35;1mapollo-router::integration_tests[0m [36mintegration::supergraph[0m[36m::[0m[34;1mtest_supergraph_allow_to_change_http1_max_buf_size[0m
[32;1m        PASS[0m [   1.381s] [35;1mapollo-router::integration_tests[0m [36mintegration::supergraph[0m[36m::[0m[34;1mtest_supergraph_allow_to_change_http1_max_headers[0m
[35;1m  TRY 2 FAIL[0m [   2.316s] [35;1mapollo-router::integration_tests[0m [36mintegration::redis[0m[36m::[0m[34;1mquery_planner_redis_update_defer[0m

[35;1m--- [0m[35;1mTRY[0m [35;1m2[0m [35;1mSTDOUT:        [0m[35;1mapollo-router::integration_tests[0m [36mintegration::redis[0m[36m::[0m[34;1mquery_planner_redis_update_defer[0m[35;1m ---[0m

running 1 test
[2m2025-11-13T03:17:08.262778Z[0m [32m INFO[0m Loading supergraph from file
non-ignored keys in the same namespace in Redis:
[2m2025-11-13T03:17:10.509258Z[0m [32m INFO[0m Mock server shutting down
[2m2025-11-13T03:17:10.510528Z[0m [32m INFO[0m Mock server shutting down
test integration::redis::query_planner_redis_update_defer ... FAILED

failures:

failures:
    integration::redis::query_planner_redis_update_defer

test result: FAILED. 0 passed; 1 failed; 0 ignored; 0 measured; 338 filtered out; finished in 2.27s

[0m
[35;1m--- [0m[35;1mTRY[0m [35;1m2[0m [35;1mSTDERR:        [0m[35;1mapollo-router::integration_tests[0m [36mintegration::redis[0m[36m::[0m[34;1mquery_planner_redis_update_defer[0m[35;1m ---[0m

thread 'integration::redis::query_planner_redis_update_defer' panicked at apollo-router/tests/integration/../common.rs:1510:17:
key plan:router:2.8.0:14ece7260081620bb49f1f4934cf48510e5f16c3171181768bb46a5609d7dfb7:opname:3973e022e93220f9212c18d0d0c543ae7c309e46640da93a4a0314de999f5112:metadata:dc062fcc9cfd9582402d1e8b1fa3ee336ea1804d833443869e0b3744996716a2 not found: Parse Error: Could not convert to string.
 This may be caused by a number of things including federation version changes
stack backtrace:
   0:     0x562610ee6862 - std::backtrace_rs::backtrace::libunwind::trace::h2d45396358f41939
                               at /rustc/1159e78c4747b02ef996e55082b704c09b970588/library/std/src/../../backtrace/src/backtrace/libunwind.rs:117:9
   1:     0x562610ee6862 - std::backtrace_rs::backtrace::trace_unsynchronized::hffcefc0b67f1d6e2
                               at /rustc/1159e78c4747b02ef996e55082b704c09b970588/library/std/src/../../backtrace/src/backtrace/mod.rs:66:14
   2:     0x562610ee6862 - std::sys::backtrace::_print_fmt::hd72f71d23b436b92
                               at /rustc/1159e78c4747b02ef996e55082b704c09b970588/library/std/src/sys/backtrace.rs:66:9
   3:     0x562610ee6862 - <std::sys::backtrace::BacktraceLock::print::DisplayBacktrace as core::fmt::Display>::fmt::hdcfcb6d4c8489523
                               at /rustc/1159e78c4747b02ef996e55082b704c09b970588/library/std/src/sys/backtrace.rs:39:26
   4:     0x562610f16703 - core::fmt::rt::Argument::fmt::h2c56b3114963061a
                               at /rustc/1159e78c4747b02ef996e55082b704c09b970588/library/core/src/fmt/rt.rs:173:76
   5:     0x562610f16703 - core::fmt::write::h8a494366950f23bb
                               at /rustc/1159e78c4747b02ef996e55082b704c09b970588/library/core/src/fmt/mod.rs:1468:25
   6:     0x562610ee1123 - std::io::default_write_fmt::ha27fbccbc65eb6fa
                               at /rustc/1159e78c4747b02ef996e55082b704c09b970588/library/std/src/io/mod.rs:639:11
   7:     0x562610ee1123 - std::io::Write::write_fmt::h6556609fca33d0b1
                               at /rustc/1159e78c4747b02ef996e55082b704c09b970588/library/std/src/io/mod.rs:1954:13
   8:     0x562610ee66b2 - std::sys::backtrace::BacktraceLock::print::hb2a626a81e06b2dc
                               at /rustc/1159e78c4747b02ef996e55082b704c09b970588/library/std/src/sys/backtrace.rs:42:9
   9:     0x562610ee86f9 - std::panicking::default_hook::{{closure}}::h4f78485264f12d10
                               at /rustc/1159e78c4747b02ef996e55082b704c09b970588/library/std/src/panicking.rs:300:27
  10:     0x562610ee84db - std::panicking::default_hook::h2c66fc99e962531d
                               at /rustc/1159e78c4747b02ef996e55082b704c09b970588/library/std/src/panicking.rs:327:9
  11:     0x562610ee9105 - std::panicking::rust_panic_with_hook::h33ac55f64bbd807d
                               at /rustc/1159e78c4747b02ef996e55082b704c09b970588/library/std/src/panicking.rs:833:13
  12:     0x562610ee8e9a - std::panicking::begin_panic_handler::{{closure}}::h30e7cb89678a57fe
                               at /rustc/1159e78c4747b02ef996e55082b704c09b970588/library/std/src/panicking.rs:706:13
  13:     0x562610ee6d69 - std::sys::backtrace::__rust_end_short_backtrace::hed60f27456c16ced
                               at /rustc/1159e78c4747b02ef996e55082b704c09b970588/library/std/src/sys/backtrace.rs:174:18
  14:     0x562610ee8b2d - __rustc[de2ca18b4c54d5b8]::rust_begin_unwind
                               at /rustc/1159e78c4747b02ef996e55082b704c09b970588/library/std/src/panicking.rs:697:5
  15:     0x562610f12d30 - core::panicking::panic_fmt::h62f63d096dd276af
                               at /rustc/1159e78c4747b02ef996e55082b704c09b970588/library/core/src/panicking.rs:75:14
  16:     0x56260abe2cc7 - integration_tests::integration::common::IntegrationTest::assert_redis_cache_contains::{{closure}}::h4bb8f37a5ed928ba
                               at /root/project/apollo-router/tests/integration/../common.rs:1510:17
  17:     0x56260ad9a414 - integration_tests::integration::redis::test_redis_query_plan_config_update::{{closure}}::h6b0b398a6971dea8
                               at /root/project/apollo-router/tests/integration/redis.rs:1511:10
  18:     0x56260ae70e46 - integration_tests::integration::redis::query_planner_redis_update_defer::{{closure}}::h0256c060989eccbf
                               at /root/project/apollo-router/tests/integration/redis.rs:1443:6
  19:     0x56260a7c2a32 - <core::pin::Pin<P> as core::future::future::Future>::poll::h59964df56356515a
                               at /rustc/1159e78c4747b02ef996e55082b704c09b970588/library/core/src/future/future.rs:133:9
  20:     0x56260a6cd98d - tokio::runtime::park::CachedParkThread::block_on::{{closure}}::h99a1c01384b0a79b
                               at /root/.cargo/registry/src/index.crates.io-1949cf8c6b5b557f/tokio-1.48.0/src/runtime/park.rs:285:71
  21:     0x56260a6cc0f6 - tokio::task::coop::with_budget::ha185223116166ce4
                               at /root/.cargo/registry/src/index.crates.io-1949cf8c6b5b557f/tokio-1.48.0/src/task/coop/mod.rs:167:5
  22:     0x56260a6cc0f6 - tokio::task::coop::budget::ha733ca61bde2edaf
                               at /root/.cargo/registry/src/index.crates.io-1949cf8c6b5b557f/tokio-1.48.0/src/task/coop/mod.rs:133:5
  23:     0x56260a6cc0f6 - tokio::runtime::park::CachedParkThread::block_on::hbd985400d5b3dc8c
                               at /root/.cargo/registry/src/index.crates.io-1949cf8c6b5b557f/tokio-1.48.0/src/runtime/park.rs:285:31
  24:     0x56260ad58574 - tokio::runtime::context::blocking::BlockingRegionGuard::block_on::h3cf29540820bb880
                               at /root/.cargo/registry/src/index.crates.io-1949cf8c6b5b557f/tokio-1.48.0/src/runtime/context/blocking.rs:66:14
  25:     0x56260a965978 - tokio::runtime::scheduler::multi_thread::MultiThread::block_on::{{closure}}::h368bef83ee5af5d1
                               at /root/.cargo/registry/src/index.crates.io-1949cf8c6b5b557f/tokio-1.48.0/src/runtime/scheduler/multi_thread/mod.rs:87:22
  26:     0x56260a6f9046 - tokio::runtime::context::runtime::enter_runtime::hfb5131736755618d
                               at /root/.cargo/registry/src/index.crates.io-1949cf8c6b5b557f/tokio-1.48.0/src/runtime/context/runtime.rs:65:16
  27:     0x56260a965904 - tokio::runtime::scheduler::multi_thread::MultiThread::block_on::hb60b7b74dc6d2c7f
                               at /root/.cargo/registry/src/index.crates.io-1949cf8c6b5b557f/tokio-1.48.0/src/runtime/scheduler/multi_thread/mod.rs:86:9
  28:     0x56260a5649d4 - tokio::runtime::runtime::Runtime::block_on_inner::hb2451b6dd4b09b66
                               at /root/.cargo/registry/src/index.crates.io-1949cf8c6b5b557f/tokio-1.48.0/src/runtime/runtime.rs:370:50
  29:     0x56260a5652ec - tokio::runtime::runtime::Runtime::block_on::h9206977fab45046e
                               at /root/.cargo/registry/src/index.crates.io-1949cf8c6b5b557f/tokio-1.48.0/src/runtime/runtime.rs:342:18
  30:     0x56260ae70b83 - integration_tests::integration::redis::query_planner_redis_update_defer::h8c9e7c9235793aa0
                               at /root/project/apollo-router/tests/integration/redis.rs:1443:11
  31:     0x56260ae709e7 - integration_tests::integration::redis::query_planner_redis_update_defer::{{closure}}::h7f59b560de6503f1
                               at /root/project/apollo-router/tests/integration/redis.rs:1424:44
  32:     0x56260a33c936 - core::ops::function::FnOnce::call_once::hdc90624b4ead63e2
                               at /rustc/1159e78c4747b02ef996e55082b704c09b970588/library/core/src/ops/function.rs:253:5
  33:     0x56260b03732b - core::ops::function::FnOnce::call_once::h1f9474f1347fff52
                               at /rustc/1159e78c4747b02ef996e55082b704c09b970588/library/core/src/ops/function.rs:253:5
  34:     0x56260b03732b - test::__rust_begin_short_backtrace::ha52ab26e77157f03
                               at /rustc/1159e78c4747b02ef996e55082b704c09b970588/library/test/src/lib.rs:648:18
  35:     0x56260b036465 - test::run_test_in_process::{{closure}}::h229c1a11a50b261f
                               at /rustc/1159e78c4747b02ef996e55082b704c09b970588/library/test/src/lib.rs:671:74
  36:     0x56260b036465 - <core::panic::unwind_safe::AssertUnwindSafe<F> as core::ops::function::FnOnce<()>>::call_once::h78821afbf97b39a9
                               at /rustc/1159e78c4747b02ef996e55082b704c09b970588/library/core/src/panic/unwind_safe.rs:272:9
  37:     0x56260b036465 - std::panicking::catch_unwind::do_call::h53abf3ed5bd32ba3
                               at /rustc/1159e78c4747b02ef996e55082b704c09b970588/library/std/src/panicking.rs:589:40
  38:     0x56260b036465 - std::panicking::catch_unwind::h6deb5fe1e91873c9
                               at /rustc/1159e78c4747b02ef996e55082b704c09b970588/library/std/src/panicking.rs:552:19
  39:     0x56260b036465 - std::panic::catch_unwind::hea0829b6b565654b
                               at /rustc/1159e78c4747b02ef996e55082b704c09b970588/library/std/src/panic.rs:359:14
  40:     0x56260b036465 - test::run_test_in_process::hdc44dfecea3db21b
                               at /rustc/1159e78c4747b02ef996e55082b704c09b970588/library/test/src/lib.rs:671:27
  41:     0x56260b036465 - test::run_test::{{closure}}::h0364ba59bf23f652
                               at /rustc/1159e78c4747b02ef996e55082b704c09b970588/library/test/src/lib.rs:592:43
  42:     0x56260affa064 - test::run_test::{{closure}}::h32730b304eec05da
                               at /rustc/1159e78c4747b02ef996e55082b704c09b970588/library/test/src/lib.rs:622:41
  43:     0x56260affa064 - std::sys::backtrace::__rust_begin_short_backtrace::h177cb952fc54ad2c
                               at /rustc/1159e78c4747b02ef996e55082b704c09b970588/library/std/src/sys/backtrace.rs:158:18
  44:     0x56260affda3a - std::thread::Builder::spawn_unchecked_::{{closure}}::{{closure}}::h119d903520007597
                               at /rustc/1159e78c4747b02ef996e55082b704c09b970588/library/std/src/thread/mod.rs:559:17
  45:     0x56260affda3a - <core::panic::unwind_safe::AssertUnwindSafe<F> as core::ops::function::FnOnce<()>>::call_once::hab88401d606702a6
                               at /rustc/1159e78c4747b02ef996e55082b704c09b970588/library/core/src/panic/unwind_safe.rs:272:9
  46:     0x56260affda3a - std::panicking::catch_unwind::do_call::h163fe12cca9901c2
                               at /rustc/1159e78c4747b02ef996e55082b704c09b970588/library/std/src/panicking.rs:589:40
  47:     0x56260affda3a - std::panicking::catch_unwind::he81557d0e17cc1bc
                               at /rustc/1159e78c4747b02ef996e55082b704c09b970588/library/std/src/panicking.rs:552:19
  48:     0x56260affda3a - std::panic::catch_unwind::hc2b8e79c20593955
                               at /rustc/1159e78c4747b02ef996e55082b704c09b970588/library/std/src/panic.rs:359:14
  49:     0x56260affda3a - std::thread::Builder::spawn_unchecked_::{{closure}}::hfa6b4978e07815cc
                               at /rustc/1159e78c4747b02ef996e55082b704c09b970588/library/std/src/thread/mod.rs:557:30
  50:     0x56260affda3a - core::ops::function::FnOnce::call_once{{vtable.shim}}::hddcd7484a13fd793
                               at /rustc/1159e78c4747b02ef996e55082b704c09b970588/library/core/src/ops/function.rs:253:5
  51:     0x562610eecaef - <alloc::boxed::Box<F,A> as core::ops::function::FnOnce<Args>>::call_once::h5924238c754de3b8
                               at /rustc/1159e78c4747b02ef996e55082b704c09b970588/library/alloc/src/boxed.rs:1971:9
  52:     0x562610eecaef - std::sys::pal::unix::thread::Thread::new::thread_start::hb6e99e73da4d28f8
                               at /rustc/1159e78c4747b02ef996e55082b704c09b970588/library/std/src/sys/pal/unix/thread.rs:107:17
  53:     0x7fd7503dd1ca - start_thread
  54:     0x7fd7508468d3 - __GI___clone
  55:                0x0 - <unknown>
[0m
[35;1m   RETRY 3/3[0m [         ] [35;1mapollo-router::integration_tests[0m [36mintegration::redis[0m[36m::[0m[34;1mquery_planner_redis_update_defer[0m
[32;1m        PASS[0m [   2.970s] [35;1mapollo-router::integration_tests[0m [36mintegration::subscriptions::callback[0m[36m::[0m[34;1mtest_subscription_callback[0m
[32;1m        PASS[0m [   1.471s] [35;1mapollo-router::integration_tests[0m [36mintegration::supergraph[0m[36m::[0m[34;1mtest_supergraph_errors_on_http1_max_headers[0m
[32;1m        PASS[0m [   2.861s] [35;1mapollo-router::integration_tests[0m [36mintegration::subscriptions::callback[0m[36m::[0m[34;1mtest_subscription_callback_error_payload[0m
[32;1m        PASS[0m [   2.034s] [35;1mapollo-router::integration_tests[0m [36mintegration::subscriptions::ws_passthrough::test_subscription_ws_passthrough_error_payload[0m[36m::[0m[34;1mconfig_2_SUBSCRIPTION_CONFIG_SUBSCRIPTIONS_TRANSPORT_WS[0m
[32;1m        PASS[0m [   1.619s] [35;1mapollo-router::integration_tests[0m [36mintegration::supergraph[0m[36m::[0m[34;1mtest_supergraph_errors_on_http1_header_that_does_not_fit_inside_buffer[0m
[35;1m  TRY 2 FAIL[0m [   2.517s] [35;1mapollo-router::integration_tests[0m [36mintegration::redis[0m[36m::[0m[34;1mquery_planner_redis_update_query_fragments[0m

[35;1m--- [0m[35;1mTRY[0m [35;1m2[0m [35;1mSTDOUT:        [0m[35;1mapollo-router::integration_tests[0m [36mintegration::redis[0m[36m::[0m[34;1mquery_planner_redis_update_query_fragments[0m[35;1m ---[0m

running 1 test
[2m2025-11-13T03:17:08.263380Z[0m [32m INFO[0m Loading supergraph from file
non-ignored keys in the same namespace in Redis:
[2m2025-11-13T03:17:10.690342Z[0m [32m INFO[0m Mock server shutting down
[2m2025-11-13T03:17:10.691250Z[0m [32m INFO[0m Mock server shutting down
test integration::redis::query_planner_redis_update_query_fragments ... FAILED

failures:

failures:
    integration::redis::query_planner_redis_update_query_fragments

test result: FAILED. 0 passed; 1 failed; 0 ignored; 0 measured; 338 filtered out; finished in 2.45s

[0m
[35;1m--- [0m[35;1mTRY[0m [35;1m2[0m [35;1mSTDERR:        [0m[35;1mapollo-router::integration_tests[0m [36mintegration::redis[0m[36m::[0m[34;1mquery_planner_redis_update_query_fragments[0m[35;1m ---[0m

thread 'integration::redis::query_planner_redis_update_query_fragments' panicked at apollo-router/tests/integration/../common.rs:1510:17:
key plan:router:2.8.0:14ece7260081620bb49f1f4934cf48510e5f16c3171181768bb46a5609d7dfb7:opname:3973e022e93220f9212c18d0d0c543ae7c309e46640da93a4a0314de999f5112:metadata:fb1a8e6e454ad6a1d0d48b24dc9c7c4dd6d9bf58b6fdaf43cd24eb77fbbb3a17 not found: Parse Error: Could not convert to string.
 This may be caused by a number of things including federation version changes
stack backtrace:
   0:     0x560806bf0862 - std::backtrace_rs::backtrace::libunwind::trace::h2d45396358f41939
                               at /rustc/1159e78c4747b02ef996e55082b704c09b970588/library/std/src/../../backtrace/src/backtrace/libunwind.rs:117:9
   1:     0x560806bf0862 - std::backtrace_rs::backtrace::trace_unsynchronized::hffcefc0b67f1d6e2
                               at /rustc/1159e78c4747b02ef996e55082b704c09b970588/library/std/src/../../backtrace/src/backtrace/mod.rs:66:14
   2:     0x560806bf0862 - std::sys::backtrace::_print_fmt::hd72f71d23b436b92
                               at /rustc/1159e78c4747b02ef996e55082b704c09b970588/library/std/src/sys/backtrace.rs:66:9
   3:     0x560806bf0862 - <std::sys::backtrace::BacktraceLock::print::DisplayBacktrace as core::fmt::Display>::fmt::hdcfcb6d4c8489523
                               at /rustc/1159e78c4747b02ef996e55082b704c09b970588/library/std/src/sys/backtrace.rs:39:26
   4:     0x560806c20703 - core::fmt::rt::Argument::fmt::h2c56b3114963061a
                               at /rustc/1159e78c4747b02ef996e55082b704c09b970588/library/core/src/fmt/rt.rs:173:76
   5:     0x560806c20703 - core::fmt::write::h8a494366950f23bb
                               at /rustc/1159e78c4747b02ef996e55082b704c09b970588/library/core/src/fmt/mod.rs:1468:25
   6:     0x560806beb123 - std::io::default_write_fmt::ha27fbccbc65eb6fa
                               at /rustc/1159e78c4747b02ef996e55082b704c09b970588/library/std/src/io/mod.rs:639:11
   7:     0x560806beb123 - std::io::Write::write_fmt::h6556609fca33d0b1
                               at /rustc/1159e78c4747b02ef996e55082b704c09b970588/library/std/src/io/mod.rs:1954:13
   8:     0x560806bf06b2 - std::sys::backtrace::BacktraceLock::print::hb2a626a81e06b2dc
                               at /rustc/1159e78c4747b02ef996e55082b704c09b970588/library/std/src/sys/backtrace.rs:42:9
   9:     0x560806bf26f9 - std::panicking::default_hook::{{closure}}::h4f78485264f12d10
                               at /rustc/1159e78c4747b02ef996e55082b704c09b970588/library/std/src/panicking.rs:300:27
  10:     0x560806bf24db - std::panicking::default_hook::h2c66fc99e962531d
                               at /rustc/1159e78c4747b02ef996e55082b704c09b970588/library/std/src/panicking.rs:327:9
  11:     0x560806bf3105 - std::panicking::rust_panic_with_hook::h33ac55f64bbd807d
                               at /rustc/1159e78c4747b02ef996e55082b704c09b970588/library/std/src/panicking.rs:833:13
  12:     0x560806bf2e9a - std::panicking::begin_panic_handler::{{closure}}::h30e7cb89678a57fe
                               at /rustc/1159e78c4747b02ef996e55082b704c09b970588/library/std/src/panicking.rs:706:13
  13:     0x560806bf0d69 - std::sys::backtrace::__rust_end_short_backtrace::hed60f27456c16ced
                               at /rustc/1159e78c4747b02ef996e55082b704c09b970588/library/std/src/sys/backtrace.rs:174:18
  14:     0x560806bf2b2d - __rustc[de2ca18b4c54d5b8]::rust_begin_unwind
                               at /rustc/1159e78c4747b02ef996e55082b704c09b970588/library/std/src/panicking.rs:697:5
  15:     0x560806c1cd30 - core::panicking::panic_fmt::h62f63d096dd276af
                               at /rustc/1159e78c4747b02ef996e55082b704c09b970588/library/core/src/panicking.rs:75:14
  16:     0x5608008eccc7 - integration_tests::integration::common::IntegrationTest::assert_redis_cache_contains::{{closure}}::h4bb8f37a5ed928ba
                               at /root/project/apollo-router/tests/integration/../common.rs:1510:17
  17:     0x560800aa4414 - integration_tests::integration::redis::test_redis_query_plan_config_update::{{closure}}::h6b0b398a6971dea8
                               at /root/project/apollo-router/tests/integration/redis.rs:1511:10
  18:     0x560800b7a936 - integration_tests::integration::redis::query_planner_redis_update_query_fragments::{{closure}}::hc13a9713b573d46b
                               at /root/project/apollo-router/tests/integration/redis.rs:1420:6
  19:     0x5608004cca32 - <core::pin::Pin<P> as core::future::future::Future>::poll::h59964df56356515a
                               at /rustc/1159e78c4747b02ef996e55082b704c09b970588/library/core/src/future/future.rs:133:9
  20:     0x5608003d798d - tokio::runtime::park::CachedParkThread::block_on::{{closure}}::h99a1c01384b0a79b
                               at /root/.cargo/registry/src/index.crates.io-1949cf8c6b5b557f/tokio-1.48.0/src/runtime/park.rs:285:71
  21:     0x5608003d60f6 - tokio::task::coop::with_budget::ha185223116166ce4
                               at /root/.cargo/registry/src/index.crates.io-1949cf8c6b5b557f/tokio-1.48.0/src/task/coop/mod.rs:167:5
  22:     0x5608003d60f6 - tokio::task::coop::budget::ha733ca61bde2edaf
                               at /root/.cargo/registry/src/index.crates.io-1949cf8c6b5b557f/tokio-1.48.0/src/task/coop/mod.rs:133:5
  23:     0x5608003d60f6 - tokio::runtime::park::CachedParkThread::block_on::hbd985400d5b3dc8c
                               at /root/.cargo/registry/src/index.crates.io-1949cf8c6b5b557f/tokio-1.48.0/src/runtime/park.rs:285:31
  24:     0x560800a62574 - tokio::runtime::context::blocking::BlockingRegionGuard::block_on::h3cf29540820bb880
                               at /root/.cargo/registry/src/index.crates.io-1949cf8c6b5b557f/tokio-1.48.0/src/runtime/context/blocking.rs:66:14
  25:     0x56080066f978 - tokio::runtime::scheduler::multi_thread::MultiThread::block_on::{{closure}}::h368bef83ee5af5d1
                               at /root/.cargo/registry/src/index.crates.io-1949cf8c6b5b557f/tokio-1.48.0/src/runtime/scheduler/multi_thread/mod.rs:87:22
  26:     0x560800403046 - tokio::runtime::context::runtime::enter_runtime::hfb5131736755618d
                               at /root/.cargo/registry/src/index.crates.io-1949cf8c6b5b557f/tokio-1.48.0/src/runtime/context/runtime.rs:65:16
  27:     0x56080066f904 - tokio::runtime::scheduler::multi_thread::MultiThread::block_on::hb60b7b74dc6d2c7f
                               at /root/.cargo/registry/src/index.crates.io-1949cf8c6b5b557f/tokio-1.48.0/src/runtime/scheduler/multi_thread/mod.rs:86:9
  28:     0x56080026e9d4 - tokio::runtime::runtime::Runtime::block_on_inner::hb2451b6dd4b09b66
                               at /root/.cargo/registry/src/index.crates.io-1949cf8c6b5b557f/tokio-1.48.0/src/runtime/runtime.rs:370:50
  29:     0x56080026f2ec - tokio::runtime::runtime::Runtime::block_on::h9206977fab45046e
                               at /root/.cargo/registry/src/index.crates.io-1949cf8c6b5b557f/tokio-1.48.0/src/runtime/runtime.rs:342:18
  30:     0x560800b7a673 - integration_tests::integration::redis::query_planner_redis_update_query_fragments::hca4631a072e714fd
                               at /root/project/apollo-router/tests/integration/redis.rs:1420:11
  31:     0x560800b7a4d7 - integration_tests::integration::redis::query_planner_redis_update_query_fragments::{{closure}}::h04bad8daceabc90a
                               at /root/project/apollo-router/tests/integration/redis.rs:1400:54
  32:     0x56080003c8b6 - core::ops::function::FnOnce::call_once::h604e9895e90c155b
                               at /rustc/1159e78c4747b02ef996e55082b704c09b970588/library/core/src/ops/function.rs:253:5
  33:     0x560800d4132b - core::ops::function::FnOnce::call_once::h1f9474f1347fff52
                               at /rustc/1159e78c4747b02ef996e55082b704c09b970588/library/core/src/ops/function.rs:253:5
  34:     0x560800d4132b - test::__rust_begin_short_backtrace::ha52ab26e77157f03
                               at /rustc/1159e78c4747b02ef996e55082b704c09b970588/library/test/src/lib.rs:648:18
  35:     0x560800d40465 - test::run_test_in_process::{{closure}}::h229c1a11a50b261f
                               at /rustc/1159e78c4747b02ef996e55082b704c09b970588/library/test/src/lib.rs:671:74
  36:     0x560800d40465 - <core::panic::unwind_safe::AssertUnwindSafe<F> as core::ops::function::FnOnce<()>>::call_once::h78821afbf97b39a9
                               at /rustc/1159e78c4747b02ef996e55082b704c09b970588/library/core/src/panic/unwind_safe.rs:272:9
  37:     0x560800d40465 - std::panicking::catch_unwind::do_call::h53abf3ed5bd32ba3
                               at /rustc/1159e78c4747b02ef996e55082b704c09b970588/library/std/src/panicking.rs:589:40
  38:     0x560800d40465 - std::panicking::catch_unwind::h6deb5fe1e91873c9
                               at /rustc/1159e78c4747b02ef996e55082b704c09b970588/library/std/src/panicking.rs:552:19
  39:     0x560800d40465 - std::panic::catch_unwind::hea0829b6b565654b
                               at /rustc/1159e78c4747b02ef996e55082b704c09b970588/library/std/src/panic.rs:359:14
  40:     0x560800d40465 - test::run_test_in_process::hdc44dfecea3db21b
                               at /rustc/1159e78c4747b02ef996e55082b704c09b970588/library/test/src/lib.rs:671:27
  41:     0x560800d40465 - test::run_test::{{closure}}::h0364ba59bf23f652
                               at /rustc/1159e78c4747b02ef996e55082b704c09b970588/library/test/src/lib.rs:592:43
  42:     0x560800d04064 - test::run_test::{{closure}}::h32730b304eec05da
                               at /rustc/1159e78c4747b02ef996e55082b704c09b970588/library/test/src/lib.rs:622:41
  43:     0x560800d04064 - std::sys::backtrace::__rust_begin_short_backtrace::h177cb952fc54ad2c
                               at /rustc/1159e78c4747b02ef996e55082b704c09b970588/library/std/src/sys/backtrace.rs:158:18
  44:     0x560800d07a3a - std::thread::Builder::spawn_unchecked_::{{closure}}::{{closure}}::h119d903520007597
                               at /rustc/1159e78c4747b02ef996e55082b704c09b970588/library/std/src/thread/mod.rs:559:17
  45:     0x560800d07a3a - <core::panic::unwind_safe::AssertUnwindSafe<F> as core::ops::function::FnOnce<()>>::call_once::hab88401d606702a6
                               at /rustc/1159e78c4747b02ef996e55082b704c09b970588/library/core/src/panic/unwind_safe.rs:272:9
  46:     0x560800d07a3a - std::panicking::catch_unwind::do_call::h163fe12cca9901c2
                               at /rustc/1159e78c4747b02ef996e55082b704c09b970588/library/std/src/panicking.rs:589:40
  47:     0x560800d07a3a - std::panicking::catch_unwind::he81557d0e17cc1bc
                               at /rustc/1159e78c4747b02ef996e55082b704c09b970588/library/std/src/panicking.rs:552:19
  48:     0x560800d07a3a - std::panic::catch_unwind::hc2b8e79c20593955
                               at /rustc/1159e78c4747b02ef996e55082b704c09b970588/library/std/src/panic.rs:359:14
  49:     0x560800d07a3a - std::thread::Builder::spawn_unchecked_::{{closure}}::hfa6b4978e07815cc
                               at /rustc/1159e78c4747b02ef996e55082b704c09b970588/library/std/src/thread/mod.rs:557:30
  50:     0x560800d07a3a - core::ops::function::FnOnce::call_once{{vtable.shim}}::hddcd7484a13fd793
                               at /rustc/1159e78c4747b02ef996e55082b704c09b970588/library/core/src/ops/function.rs:253:5
  51:     0x560806bf6aef - <alloc::boxed::Box<F,A> as core::ops::function::FnOnce<Args>>::call_once::h5924238c754de3b8
                               at /rustc/1159e78c4747b02ef996e55082b704c09b970588/library/alloc/src/boxed.rs:1971:9
  52:     0x560806bf6aef - std::sys::pal::unix::thread::Thread::new::thread_start::hb6e99e73da4d28f8
                               at /rustc/1159e78c4747b02ef996e55082b704c09b970588/library/std/src/sys/pal/unix/thread.rs:107:17
  53:     0x7fac16fca1ca - start_thread
  54:     0x7fac174338d3 - __GI___clone
  55:                0x0 - <unknown>
[0m
[35;1m   RETRY 3/3[0m [         ] [35;1mapollo-router::integration_tests[0m [36mintegration::redis[0m[36m::[0m[34;1mquery_planner_redis_update_query_fragments[0m
[32;1m        PASS[0m [   2.205s] [35;1mapollo-router::integration_tests[0m [36mintegration::subscriptions::ws_passthrough::test_subscription_ws_passthrough_pure_error_payload[0m[36m::[0m[34;1mconfig_1_SUBSCRIPTION_CONFIG_GRAPHQL_WS[0m
[32;1m        PASS[0m [   2.185s] [35;1mapollo-router::integration_tests[0m [36mintegration::subscriptions::ws_passthrough::test_subscription_ws_passthrough_pure_error_payload[0m[36m::[0m[34;1mconfig_2_SUBSCRIPTION_CONFIG_SUBSCRIPTIONS_TRANSPORT_WS[0m
[32;1m        PASS[0m [   2.978s] [35;1mapollo-router::integration_tests[0m [36mintegration::subscriptions::callback[0m[36m::[0m[34;1mtest_subscription_callback_pure_error_payload[0m
[32;1m        PASS[0m [   2.657s] [35;1mapollo-router::integration_tests[0m [36mintegration::subscriptions::ws_passthrough[0m[36m::[0m[34;1mtest_subscription_ws_passthrough_dedup_close_early[0m
[32;1m        PASS[0m [   2.276s] [35;1mapollo-router::integration_tests[0m [36mintegration::subscriptions::ws_passthrough[0m[36m::[0m[34;1mtest_subscription_ws_passthrough_pure_error_payload_with_coprocessor[0m
[32;1m        PASS[0m [   2.272s] [35;1mapollo-router::integration_tests[0m [36mintegration::subscriptions::ws_passthrough[0m[36m::[0m[34;1mtest_subscription_ws_passthrough_with_coprocessor[0m
[32;1m        PASS[0m [   2.033s] [35;1mapollo-router::integration_tests[0m [36mintegration::telemetry::apollo_otel_metrics[0m[36m::[0m[34;1mtest_apollo_studio_metrics_not_affected_by_rename[0m
[35;1m  TRY 1 FAIL[0m [   3.048s] [35;1mapollo-router::integration_tests[0m [36mintegration::subscriptions::ws_passthrough[0m[36m::[0m[34;1mtest_subscription_ws_passthrough_dedup[0m

[35;1m--- [0m[35;1mTRY[0m [35;1m1[0m [35;1mSTDOUT:        [0m[35;1mapollo-router::integration_tests[0m [36mintegration::subscriptions::ws_passthrough[0m[36m::[0m[34;1mtest_subscription_ws_passthrough_dedup[0m[35;1m ---[0m

running 1 test
[2m2025-11-13T03:17:08.386376Z[0m [32m INFO[0m Starting axum WebSocket server...
[2m2025-11-13T03:17:08.887148Z[0m [32m INFO[0m Axum server running on 127.0.0.1:37567
[2m2025-11-13T03:17:08.899069Z[0m [32m INFO[0m WebSocket server started at: ws://127.0.0.1:37567/ws
[2m2025-11-13T03:17:08.899135Z[0m [32m INFO[0m Loading supergraph from file
[2m2025-11-13T03:17:10.339727Z[0m [32m INFO[0m WebSocket connection established
[2m2025-11-13T03:17:10.347458Z[0m [32m INFO[0m Starting subscription with 2 events, interval 50ms (configured)
[2m2025-11-13T03:17:10.449818Z[0m [32m INFO[0m Sent 2 subscription events but did not send `complete` message
[2m2025-11-13T03:17:11.298575Z[0m [32m INFO[0m Mock server shutting down
[2m2025-11-13T03:17:11.299059Z[0m [32m INFO[0m Mock server shutting down
test integration::subscriptions::ws_passthrough::test_subscription_ws_passthrough_dedup ... FAILED

failures:

failures:
    integration::subscriptions::ws_passthrough::test_subscription_ws_passthrough_dedup

test result: FAILED. 0 passed; 1 failed; 0 ignored; 0 measured; 338 filtered out; finished in 2.94s

[0m
[35;1m--- [0m[35;1mTRY[0m [35;1m1[0m [35;1mSTDERR:        [0m[35;1mapollo-router::integration_tests[0m [36mintegration::subscriptions::ws_passthrough[0m[36m::[0m[34;1mtest_subscription_ws_passthrough_dedup[0m[35;1m ---[0m

thread 'integration::subscriptions::ws_passthrough::test_subscription_ws_passthrough_dedup' panicked at apollo-router/tests/integration/subscriptions/mod.rs:273:5:
assertion failed: `(left == right)`: Subscription events do not match expected events

[1mDiff[0m [31m< left[0m / [32mright >[0m :
 [
     Object {},
     Object {
         "payload": Object {
             "data": Object {
                 "userWasCreated": Object {
                     "name": String("User 1"),
                     "reviews": Array [
                         Object {
                             "body": String("Review 1 from user 1"),
                         },
                     ],
                 },
             },
         },
     },
     Object {
         "payload": Object {
             "data": Object {
                 "userWasCreated": Object {
                     "name": String("User 2"),
                     "reviews": Array [
                         Object {
                             "body": String("Review 2 from user 2"),
                         },
                     ],
                 },
             },
         },
     },
     Object {
         "payload": Null,
         "errors": Array [
             Object {
[31m<                "message": String("subscription has been closed due to a c[0m[1;48;5;52;31monfigur[0m[31ma[0m[1;48;5;52;31mtion[0m[31m reload"),[0m
[32m>                "message": String("subscription has been closed due to a [0m[1;48;5;22;32ms[0m[32mc[0m[1;48;5;22;32mhem[0m[32ma reload"),[0m
                 "extensions": Object {
[31m<                    "code": String("SUBSCRIPTION_C[0m[1;48;5;52;31mONFIG[0m[31m_RELOAD"),[0m
[32m>                    "code": String("SUBSCRIPTION_[0m[1;48;5;22;32mS[0m[32mC[0m[1;48;5;22;32mHEMA[0m[32m_RELOAD"),[0m
                 },
             },
         ],
     },
 ]


stack backtrace:
   0:     0x562ac43f7862 - std::backtrace_rs::backtrace::libunwind::trace::h2d45396358f41939
                               at /rustc/1159e78c4747b02ef996e55082b704c09b970588/library/std/src/../../backtrace/src/backtrace/libunwind.rs:117:9
   1:     0x562ac43f7862 - std::backtrace_rs::backtrace::trace_unsynchronized::hffcefc0b67f1d6e2
                               at /rustc/1159e78c4747b02ef996e55082b704c09b970588/library/std/src/../../backtrace/src/backtrace/mod.rs:66:14
   2:     0x562ac43f7862 - std::sys::backtrace::_print_fmt::hd72f71d23b436b92
                               at /rustc/1159e78c4747b02ef996e55082b704c09b970588/library/std/src/sys/backtrace.rs:66:9
   3:     0x562ac43f7862 - <std::sys::backtrace::BacktraceLock::print::DisplayBacktrace as core::fmt::Display>::fmt::hdcfcb6d4c8489523
                               at /rustc/1159e78c4747b02ef996e55082b704c09b970588/library/std/src/sys/backtrace.rs:39:26
   4:     0x562ac4427703 - core::fmt::rt::Argument::fmt::h2c56b3114963061a
                               at /rustc/1159e78c4747b02ef996e55082b704c09b970588/library/core/src/fmt/rt.rs:173:76
   5:     0x562ac4427703 - core::fmt::write::h8a494366950f23bb
                               at /rustc/1159e78c4747b02ef996e55082b704c09b970588/library/core/src/fmt/mod.rs:1468:25
   6:     0x562ac43f2123 - std::io::default_write_fmt::ha27fbccbc65eb6fa
                               at /rustc/1159e78c4747b02ef996e55082b704c09b970588/library/std/src/io/mod.rs:639:11
   7:     0x562ac43f2123 - std::io::Write::write_fmt::h6556609fca33d0b1
                               at /rustc/1159e78c4747b02ef996e55082b704c09b970588/library/std/src/io/mod.rs:1954:13
   8:     0x562ac43f76b2 - std::sys::backtrace::BacktraceLock::print::hb2a626a81e06b2dc
                               at /rustc/1159e78c4747b02ef996e55082b704c09b970588/library/std/src/sys/backtrace.rs:42:9
   9:     0x562ac43f96f9 - std::panicking::default_hook::{{closure}}::h4f78485264f12d10
                               at /rustc/1159e78c4747b02ef996e55082b704c09b970588/library/std/src/panicking.rs:300:27
  10:     0x562ac43f94db - std::panicking::default_hook::h2c66fc99e962531d
                               at /rustc/1159e78c4747b02ef996e55082b704c09b970588/library/std/src/panicking.rs:327:9
  11:     0x562ac43fa105 - std::panicking::rust_panic_with_hook::h33ac55f64bbd807d
                               at /rustc/1159e78c4747b02ef996e55082b704c09b970588/library/std/src/panicking.rs:833:13
  12:     0x562ac43f9e9a - std::panicking::begin_panic_handler::{{closure}}::h30e7cb89678a57fe
                               at /rustc/1159e78c4747b02ef996e55082b704c09b970588/library/std/src/panicking.rs:706:13
  13:     0x562ac43f7d69 - std::sys::backtrace::__rust_end_short_backtrace::hed60f27456c16ced
                               at /rustc/1159e78c4747b02ef996e55082b704c09b970588/library/std/src/sys/backtrace.rs:174:18
  14:     0x562ac43f9b2d - __rustc[de2ca18b4c54d5b8]::rust_begin_unwind
                               at /rustc/1159e78c4747b02ef996e55082b704c09b970588/library/std/src/panicking.rs:697:5
  15:     0x562ac4423d30 - core::panicking::panic_fmt::h62f63d096dd276af
                               at /rustc/1159e78c4747b02ef996e55082b704c09b970588/library/core/src/panicking.rs:75:14
  16:     0x562abe0bb1be - integration_tests::integration::subscriptions::verify_subscription_events::{{closure}}::h49df6f8bed1614cb
                               at /root/project/apollo-router/tests/integration/subscriptions/mod.rs:273:5
  17:     0x562abe155c9e - integration_tests::integration::subscriptions::ws_passthrough::test_subscription_ws_passthrough_dedup::{{closure}}::hff86b65bf89dc40c
                               at /root/project/apollo-router/tests/integration/subscriptions/ws_passthrough.rs:909:63
  18:     0x562abdcd45ef - <core::pin::Pin<P> as core::future::future::Future>::poll::hcb765372bf9a9be0
                               at /rustc/1159e78c4747b02ef996e55082b704c09b970588/library/core/src/future/future.rs:133:9
  19:     0x562abdbde9eb - tokio::runtime::park::CachedParkThread::block_on::{{closure}}::had9e378af5849f11
                               at /root/.cargo/registry/src/index.crates.io-1949cf8c6b5b557f/tokio-1.48.0/src/runtime/park.rs:285:71
  20:     0x562abdbdd950 - tokio::task::coop::with_budget::h6c5486694f22ca15
                               at /root/.cargo/registry/src/index.crates.io-1949cf8c6b5b557f/tokio-1.48.0/src/task/coop/mod.rs:167:5
  21:     0x562abdbdd950 - tokio::task::coop::budget::he0a8db83177c8314
                               at /root/.cargo/registry/src/index.crates.io-1949cf8c6b5b557f/tokio-1.48.0/src/task/coop/mod.rs:133:5
  22:     0x562abdbdd950 - tokio::runtime::park::CachedParkThread::block_on::hc4e90ffab65caeec
                               at /root/.cargo/registry/src/index.crates.io-1949cf8c6b5b557f/tokio-1.48.0/src/runtime/park.rs:285:31
  23:     0x562abe2698a1 - tokio::runtime::context::blocking::BlockingRegionGuard::block_on::h812dc1a24efcf821
                               at /root/.cargo/registry/src/index.crates.io-1949cf8c6b5b557f/tokio-1.48.0/src/runtime/context/blocking.rs:66:14
  24:     0x562abde76ac2 - tokio::runtime::scheduler::multi_thread::MultiThread::block_on::{{closure}}::hc61f289df102a339
                               at /root/.cargo/registry/src/index.crates.io-1949cf8c6b5b557f/tokio-1.48.0/src/runtime/scheduler/multi_thread/mod.rs:87:22
  25:     0x562abdc0937a - tokio::runtime::context::runtime::enter_runtime::h045d20e3b3e0b850
                               at /root/.cargo/registry/src/index.crates.io-1949cf8c6b5b557f/tokio-1.48.0/src/runtime/context/runtime.rs:65:16
  26:     0x562abde76944 - tokio::runtime::scheduler::multi_thread::MultiThread::block_on::hcf63dde5626233d0
                               at /root/.cargo/registry/src/index.crates.io-1949cf8c6b5b557f/tokio-1.48.0/src/runtime/scheduler/multi_thread/mod.rs:86:9
  27:     0x562abda75c80 - tokio::runtime::runtime::Runtime::block_on_inner::hd795c11ae310e0f0
                               at /root/.cargo/registry/src/index.crates.io-1949cf8c6b5b557f/tokio-1.48.0/src/runtime/runtime.rs:370:50
  28:     0x562abda76094 - tokio::runtime::runtime::Runtime::block_on::h2090ac62d0c850e9
                               at /root/.cargo/registry/src/index.crates.io-1949cf8c6b5b557f/tokio-1.48.0/src/runtime/runtime.rs:342:18
  29:     0x562abe1522f5 - integration_tests::integration::subscriptions::ws_passthrough::test_subscription_ws_passthrough_dedup::h79e79b2503ee4b28
                               at /root/project/apollo-router/tests/integration/subscriptions/ws_passthrough.rs:929:7
  30:     0x562abe152177 - integration_tests::integration::subscriptions::ws_passthrough::test_subscription_ws_passthrough_dedup::{{closure}}::h5f6cfb4d21700673
                               at /root/project/apollo-router/tests/integration/subscriptions/ws_passthrough.rs:819:54
  31:     0x562abd845fa6 - core::ops::function::FnOnce::call_once::h7dd3a2fb1d861536
                               at /rustc/1159e78c4747b02ef996e55082b704c09b970588/library/core/src/ops/function.rs:253:5
  32:     0x562abe54832b - core::ops::function::FnOnce::call_once::h1f9474f1347fff52
                               at /rustc/1159e78c4747b02ef996e55082b704c09b970588/library/core/src/ops/function.rs:253:5
  33:     0x562abe54832b - test::__rust_begin_short_backtrace::ha52ab26e77157f03
                               at /rustc/1159e78c4747b02ef996e55082b704c09b970588/library/test/src/lib.rs:648:18
  34:     0x562abe547465 - test::run_test_in_process::{{closure}}::h229c1a11a50b261f
                               at /rustc/1159e78c4747b02ef996e55082b704c09b970588/library/test/src/lib.rs:671:74
  35:     0x562abe547465 - <core::panic::unwind_safe::AssertUnwindSafe<F> as core::ops::function::FnOnce<()>>::call_once::h78821afbf97b39a9
                               at /rustc/1159e78c4747b02ef996e55082b704c09b970588/library/core/src/panic/unwind_safe.rs:272:9
  36:     0x562abe547465 - std::panicking::catch_unwind::do_call::h53abf3ed5bd32ba3
                               at /rustc/1159e78c4747b02ef996e55082b704c09b970588/library/std/src/panicking.rs:589:40
  37:     0x562abe547465 - std::panicking::catch_unwind::h6deb5fe1e91873c9
                               at /rustc/1159e78c4747b02ef996e55082b704c09b970588/library/std/src/panicking.rs:552:19
  38:     0x562abe547465 - std::panic::catch_unwind::hea0829b6b565654b
                               at /rustc/1159e78c4747b02ef996e55082b704c09b970588/library/std/src/panic.rs:359:14
  39:     0x562abe547465 - test::run_test_in_process::hdc44dfecea3db21b
                               at /rustc/1159e78c4747b02ef996e55082b704c09b970588/library/test/src/lib.rs:671:27
  40:     0x562abe547465 - test::run_test::{{closure}}::h0364ba59bf23f652
                               at /rustc/1159e78c4747b02ef996e55082b704c09b970588/library/test/src/lib.rs:592:43
  41:     0x562abe50b064 - test::run_test::{{closure}}::h32730b304eec05da
                               at /rustc/1159e78c4747b02ef996e55082b704c09b970588/library/test/src/lib.rs:622:41
  42:     0x562abe50b064 - std::sys::backtrace::__rust_begin_short_backtrace::h177cb952fc54ad2c
                               at /rustc/1159e78c4747b02ef996e55082b704c09b970588/library/std/src/sys/backtrace.rs:158:18
  43:     0x562abe50ea3a - std::thread::Builder::spawn_unchecked_::{{closure}}::{{closure}}::h119d903520007597
                               at /rustc/1159e78c4747b02ef996e55082b704c09b970588/library/std/src/thread/mod.rs:559:17
  44:     0x562abe50ea3a - <core::panic::unwind_safe::AssertUnwindSafe<F> as core::ops::function::FnOnce<()>>::call_once::hab88401d606702a6
                               at /rustc/1159e78c4747b02ef996e55082b704c09b970588/library/core/src/panic/unwind_safe.rs:272:9
  45:     0x562abe50ea3a - std::panicking::catch_unwind::do_call::h163fe12cca9901c2
                               at /rustc/1159e78c4747b02ef996e55082b704c09b970588/library/std/src/panicking.rs:589:40
  46:     0x562abe50ea3a - std::panicking::catch_unwind::he81557d0e17cc1bc
                               at /rustc/1159e78c4747b02ef996e55082b704c09b970588/library/std/src/panicking.rs:552:19
  47:     0x562abe50ea3a - std::panic::catch_unwind::hc2b8e79c20593955
                               at /rustc/1159e78c4747b02ef996e55082b704c09b970588/library/std/src/panic.rs:359:14
  48:     0x562abe50ea3a - std::thread::Builder::spawn_unchecked_::{{closure}}::hfa6b4978e07815cc
                               at /rustc/1159e78c4747b02ef996e55082b704c09b970588/library/std/src/thread/mod.rs:557:30
  49:     0x562abe50ea3a - core::ops::function::FnOnce::call_once{{vtable.shim}}::hddcd7484a13fd793
                               at /rustc/1159e78c4747b02ef996e55082b704c09b970588/library/core/src/ops/function.rs:253:5
  50:     0x562ac43fdaef - <alloc::boxed::Box<F,A> as core::ops::function::FnOnce<Args>>::call_once::h5924238c754de3b8
                               at /rustc/1159e78c4747b02ef996e55082b704c09b970588/library/alloc/src/boxed.rs:1971:9
  51:     0x562ac43fdaef - std::sys::pal::unix::thread::Thread::new::thread_start::hb6e99e73da4d28f8
                               at /rustc/1159e78c4747b02ef996e55082b704c09b970588/library/std/src/sys/pal/unix/thread.rs:107:17
  52:     0x7fc73f6981ca - start_thread
  53:     0x7fc73fb018d3 - __GI___clone
  54:                0x0 - <unknown>
[0m
[35;1m   RETRY 2/3[0m [         ] [35;1mapollo-router::integration_tests[0m [36mintegration::subscriptions::ws_passthrough[0m[36m::[0m[34;1mtest_subscription_ws_passthrough_dedup[0m
[32;1m        PASS[0m [   2.350s] [35;1mapollo-router::integration_tests[0m [36mintegration::telemetry::apollo_otel_metrics[0m[36m::[0m[34;1mtest_connector_request_emits_histogram[0m
[32;1m        PASS[0m [   2.295s] [35;1mapollo-router::integration_tests[0m [36mintegration::telemetry::apollo_otel_metrics[0m[36m::[0m[34;1mtest_execution_layer_error_emits_metric[0m
[32;1m        PASS[0m [   2.409s] [35;1mapollo-router::integration_tests[0m [36mintegration::telemetry::apollo_otel_metrics[0m[36m::[0m[34;1mtest_failed_connector_request_emits_histogram[0m
[32;1m        PASS[0m [   1.662s] [35;1mapollo-router::integration_tests[0m [36mintegration::telemetry::apollo_otel_metrics[0m[36m::[0m[34;1mtest_router_layer_error_emits_metric[0m
[32;1m        PASS[0m [   1.719s] [35;1mapollo-router::integration_tests[0m [36mintegration::telemetry::apollo_otel_metrics[0m[36m::[0m[34;1mtest_include_subgraph_error_disabled_does_not_redact_error_metrics[0m
[35;1m  TRY 1 FAIL[0m [   3.262s] [35;1mapollo-router::integration_tests[0m [36mintegration::subscriptions::ws_passthrough[0m[36m::[0m[34;1mtest_subscription_ws_passthrough_on_schema_reload[0m

[35;1m--- [0m[35;1mTRY[0m [35;1m1[0m [35;1mSTDOUT:        [0m[35;1mapollo-router::integration_tests[0m [36mintegration::subscriptions::ws_passthrough[0m[36m::[0m[34;1mtest_subscription_ws_passthrough_on_schema_reload[0m[35;1m ---[0m

running 1 test
[2m2025-11-13T03:17:08.740304Z[0m [32m INFO[0m Starting axum WebSocket server...
[2m2025-11-13T03:17:09.241212Z[0m [32m INFO[0m Axum server running on 127.0.0.1:35611
[2m2025-11-13T03:17:09.254704Z[0m [32m INFO[0m WebSocket server started at: ws://127.0.0.1:35611/ws
[2m2025-11-13T03:17:09.254791Z[0m [32m INFO[0m Loading supergraph from file
[2m2025-11-13T03:17:10.667792Z[0m [32m INFO[0m WebSocket connection established
[2m2025-11-13T03:17:10.676528Z[0m [32m INFO[0m Starting subscription with 2 events, interval 10ms (configured)
[2m2025-11-13T03:17:10.700083Z[0m [32m INFO[0m Sent 2 subscription events but did not send `complete` message
[2m2025-11-13T03:17:11.917654Z[0m [32m INFO[0m Mock server shutting down
[2m2025-11-13T03:17:11.918592Z[0m [32m INFO[0m Mock server shutting down
test integration::subscriptions::ws_passthrough::test_subscription_ws_passthrough_on_schema_reload ... FAILED

failures:

failures:
    integration::subscriptions::ws_passthrough::test_subscription_ws_passthrough_on_schema_reload

test result: FAILED. 0 passed; 1 failed; 0 ignored; 0 measured; 338 filtered out; finished in 3.19s

[0m
[35;1m--- [0m[35;1mTRY[0m [35;1m1[0m [35;1mSTDERR:        [0m[35;1mapollo-router::integration_tests[0m [36mintegration::subscriptions::ws_passthrough[0m[36m::[0m[34;1mtest_subscription_ws_passthrough_on_schema_reload[0m[35;1m ---[0m

thread 'integration::subscriptions::ws_passthrough::test_subscription_ws_passthrough_on_schema_reload' panicked at apollo-router/tests/integration/subscriptions/mod.rs:273:5:
assertion failed: `(left == right)`: Subscription events do not match expected events

[1mDiff[0m [31m< left[0m / [32mright >[0m :
 [
     Object {},
     Object {
         "payload": Object {
             "data": Object {
                 "userWasCreated": Object {
                     "name": String("User 1"),
                     "reviews": Array [
                         Object {
                             "body": String("Review 1 from user 1"),
                         },
                     ],
                 },
             },
         },
     },
     Object {
         "payload": Object {
             "data": Object {
                 "userWasCreated": Object {
                     "name": String("User 2"),
                     "reviews": Array [
                         Object {
                             "body": String("Review 2 from user 2"),
                         },
                     ],
                 },
             },
         },
     },
     Object {
         "payload": Null,
         "errors": Array [
             Object {
[31m<                "message": String("subscription has been closed due to a c[0m[1;48;5;52;31monfigur[0m[31ma[0m[1;48;5;52;31mtion[0m[31m reload"),[0m
[32m>                "message": String("subscription has been closed due to a [0m[1;48;5;22;32ms[0m[32mc[0m[1;48;5;22;32mhem[0m[32ma reload"),[0m
                 "extensions": Object {
[31m<                    "code": String("SUBSCRIPTION_C[0m[1;48;5;52;31mONFIG[0m[31m_RELOAD"),[0m
[32m>                    "code": String("SUBSCRIPTION_[0m[1;48;5;22;32mS[0m[32mC[0m[1;48;5;22;32mHEMA[0m[32m_RELOAD"),[0m
                 },
             },
         ],
     },
 ]


stack backtrace:
   0:     0x560fa04ad862 - std::backtrace_rs::backtrace::libunwind::trace::h2d45396358f41939
                               at /rustc/1159e78c4747b02ef996e55082b704c09b970588/library/std/src/../../backtrace/src/backtrace/libunwind.rs:117:9
   1:     0x560fa04ad862 - std::backtrace_rs::backtrace::trace_unsynchronized::hffcefc0b67f1d6e2
                               at /rustc/1159e78c4747b02ef996e55082b704c09b970588/library/std/src/../../backtrace/src/backtrace/mod.rs:66:14
   2:     0x560fa04ad862 - std::sys::backtrace::_print_fmt::hd72f71d23b436b92
                               at /rustc/1159e78c4747b02ef996e55082b704c09b970588/library/std/src/sys/backtrace.rs:66:9
   3:     0x560fa04ad862 - <std::sys::backtrace::BacktraceLock::print::DisplayBacktrace as core::fmt::Display>::fmt::hdcfcb6d4c8489523
                               at /rustc/1159e78c4747b02ef996e55082b704c09b970588/library/std/src/sys/backtrace.rs:39:26
   4:     0x560fa04dd703 - core::fmt::rt::Argument::fmt::h2c56b3114963061a
                               at /rustc/1159e78c4747b02ef996e55082b704c09b970588/library/core/src/fmt/rt.rs:173:76
   5:     0x560fa04dd703 - core::fmt::write::h8a494366950f23bb
                               at /rustc/1159e78c4747b02ef996e55082b704c09b970588/library/core/src/fmt/mod.rs:1468:25
   6:     0x560fa04a8123 - std::io::default_write_fmt::ha27fbccbc65eb6fa
                               at /rustc/1159e78c4747b02ef996e55082b704c09b970588/library/std/src/io/mod.rs:639:11
   7:     0x560fa04a8123 - std::io::Write::write_fmt::h6556609fca33d0b1
                               at /rustc/1159e78c4747b02ef996e55082b704c09b970588/library/std/src/io/mod.rs:1954:13
   8:     0x560fa04ad6b2 - std::sys::backtrace::BacktraceLock::print::hb2a626a81e06b2dc
                               at /rustc/1159e78c4747b02ef996e55082b704c09b970588/library/std/src/sys/backtrace.rs:42:9
   9:     0x560fa04af6f9 - std::panicking::default_hook::{{closure}}::h4f78485264f12d10
                               at /rustc/1159e78c4747b02ef996e55082b704c09b970588/library/std/src/panicking.rs:300:27
  10:     0x560fa04af4db - std::panicking::default_hook::h2c66fc99e962531d
                               at /rustc/1159e78c4747b02ef996e55082b704c09b970588/library/std/src/panicking.rs:327:9
  11:     0x560fa04b0105 - std::panicking::rust_panic_with_hook::h33ac55f64bbd807d
                               at /rustc/1159e78c4747b02ef996e55082b704c09b970588/library/std/src/panicking.rs:833:13
  12:     0x560fa04afe9a - std::panicking::begin_panic_handler::{{closure}}::h30e7cb89678a57fe
                               at /rustc/1159e78c4747b02ef996e55082b704c09b970588/library/std/src/panicking.rs:706:13
  13:     0x560fa04add69 - std::sys::backtrace::__rust_end_short_backtrace::hed60f27456c16ced
                               at /rustc/1159e78c4747b02ef996e55082b704c09b970588/library/std/src/sys/backtrace.rs:174:18
  14:     0x560fa04afb2d - __rustc[de2ca18b4c54d5b8]::rust_begin_unwind
                               at /rustc/1159e78c4747b02ef996e55082b704c09b970588/library/std/src/panicking.rs:697:5
  15:     0x560fa04d9d30 - core::panicking::panic_fmt::h62f63d096dd276af
                               at /rustc/1159e78c4747b02ef996e55082b704c09b970588/library/core/src/panicking.rs:75:14
  16:     0x560f9a1711be - integration_tests::integration::subscriptions::verify_subscription_events::{{closure}}::h49df6f8bed1614cb
                               at /root/project/apollo-router/tests/integration/subscriptions/mod.rs:273:5
  17:     0x560f9a206f99 - integration_tests::integration::subscriptions::ws_passthrough::test_subscription_ws_passthrough_on_schema_reload::{{closure}}::hc89643c188ed6530
                               at /root/project/apollo-router/tests/integration/subscriptions/ws_passthrough.rs:801:63
  18:     0x560f99d8a5ef - <core::pin::Pin<P> as core::future::future::Future>::poll::hcb765372bf9a9be0
                               at /rustc/1159e78c4747b02ef996e55082b704c09b970588/library/core/src/future/future.rs:133:9
  19:     0x560f99c949eb - tokio::runtime::park::CachedParkThread::block_on::{{closure}}::had9e378af5849f11
                               at /root/.cargo/registry/src/index.crates.io-1949cf8c6b5b557f/tokio-1.48.0/src/runtime/park.rs:285:71
  20:     0x560f99c93950 - tokio::task::coop::with_budget::h6c5486694f22ca15
                               at /root/.cargo/registry/src/index.crates.io-1949cf8c6b5b557f/tokio-1.48.0/src/task/coop/mod.rs:167:5
  21:     0x560f99c93950 - tokio::task::coop::budget::he0a8db83177c8314
                               at /root/.cargo/registry/src/index.crates.io-1949cf8c6b5b557f/tokio-1.48.0/src/task/coop/mod.rs:133:5
  22:     0x560f99c93950 - tokio::runtime::park::CachedParkThread::block_on::hc4e90ffab65caeec
                               at /root/.cargo/registry/src/index.crates.io-1949cf8c6b5b557f/tokio-1.48.0/src/runtime/park.rs:285:31
  23:     0x560f9a31f8a1 - tokio::runtime::context::blocking::BlockingRegionGuard::block_on::h812dc1a24efcf821
                               at /root/.cargo/registry/src/index.crates.io-1949cf8c6b5b557f/tokio-1.48.0/src/runtime/context/blocking.rs:66:14
  24:     0x560f99f2cac2 - tokio::runtime::scheduler::multi_thread::MultiThread::block_on::{{closure}}::hc61f289df102a339
                               at /root/.cargo/registry/src/index.crates.io-1949cf8c6b5b557f/tokio-1.48.0/src/runtime/scheduler/multi_thread/mod.rs:87:22
  25:     0x560f99cbf37a - tokio::runtime::context::runtime::enter_runtime::h045d20e3b3e0b850
                               at /root/.cargo/registry/src/index.crates.io-1949cf8c6b5b557f/tokio-1.48.0/src/runtime/context/runtime.rs:65:16
  26:     0x560f99f2c944 - tokio::runtime::scheduler::multi_thread::MultiThread::block_on::hcf63dde5626233d0
                               at /root/.cargo/registry/src/index.crates.io-1949cf8c6b5b557f/tokio-1.48.0/src/runtime/scheduler/multi_thread/mod.rs:86:9
  27:     0x560f99b2bc80 - tokio::runtime::runtime::Runtime::block_on_inner::hd795c11ae310e0f0
                               at /root/.cargo/registry/src/index.crates.io-1949cf8c6b5b557f/tokio-1.48.0/src/runtime/runtime.rs:370:50
  28:     0x560f99b2c094 - tokio::runtime::runtime::Runtime::block_on::h2090ac62d0c850e9
                               at /root/.cargo/registry/src/index.crates.io-1949cf8c6b5b557f/tokio-1.48.0/src/runtime/runtime.rs:342:18
  29:     0x560f9a203805 - integration_tests::integration::subscriptions::ws_passthrough::test_subscription_ws_passthrough_on_schema_reload::h3f3d28c4f3c09b48
                               at /root/project/apollo-router/tests/integration/subscriptions/ws_passthrough.rs:815:7
  30:     0x560f9a203687 - integration_tests::integration::subscriptions::ws_passthrough::test_subscription_ws_passthrough_on_schema_reload::{{closure}}::hae6ae10258adaf99
                               at /root/project/apollo-router/tests/integration/subscriptions/ws_passthrough.rs:720:65
  31:     0x560f99901fe6 - core::ops::function::FnOnce::call_once::hcaae4fbc1d88b992
                               at /rustc/1159e78c4747b02ef996e55082b704c09b970588/library/core/src/ops/function.rs:253:5
  32:     0x560f9a5fe32b - core::ops::function::FnOnce::call_once::h1f9474f1347fff52
                               at /rustc/1159e78c4747b02ef996e55082b704c09b970588/library/core/src/ops/function.rs:253:5
  33:     0x560f9a5fe32b - test::__rust_begin_short_backtrace::ha52ab26e77157f03
                               at /rustc/1159e78c4747b02ef996e55082b704c09b970588/library/test/src/lib.rs:648:18
  34:     0x560f9a5fd465 - test::run_test_in_process::{{closure}}::h229c1a11a50b261f
                               at /rustc/1159e78c4747b02ef996e55082b704c09b970588/library/test/src/lib.rs:671:74
  35:     0x560f9a5fd465 - <core::panic::unwind_safe::AssertUnwindSafe<F> as core::ops::function::FnOnce<()>>::call_once::h78821afbf97b39a9
                               at /rustc/1159e78c4747b02ef996e55082b704c09b970588/library/core/src/panic/unwind_safe.rs:272:9
  36:     0x560f9a5fd465 - std::panicking::catch_unwind::do_call::h53abf3ed5bd32ba3
                               at /rustc/1159e78c4747b02ef996e55082b704c09b970588/library/std/src/panicking.rs:589:40
  37:     0x560f9a5fd465 - std::panicking::catch_unwind::h6deb5fe1e91873c9
                               at /rustc/1159e78c4747b02ef996e55082b704c09b970588/library/std/src/panicking.rs:552:19
  38:     0x560f9a5fd465 - std::panic::catch_unwind::hea0829b6b565654b
                               at /rustc/1159e78c4747b02ef996e55082b704c09b970588/library/std/src/panic.rs:359:14
  39:     0x560f9a5fd465 - test::run_test_in_process::hdc44dfecea3db21b
                               at /rustc/1159e78c4747b02ef996e55082b704c09b970588/library/test/src/lib.rs:671:27
  40:     0x560f9a5fd465 - test::run_test::{{closure}}::h0364ba59bf23f652
                               at /rustc/1159e78c4747b02ef996e55082b704c09b970588/library/test/src/lib.rs:592:43
  41:     0x560f9a5c1064 - test::run_test::{{closure}}::h32730b304eec05da
                               at /rustc/1159e78c4747b02ef996e55082b704c09b970588/library/test/src/lib.rs:622:41
  42:     0x560f9a5c1064 - std::sys::backtrace::__rust_begin_short_backtrace::h177cb952fc54ad2c
                               at /rustc/1159e78c4747b02ef996e55082b704c09b970588/library/std/src/sys/backtrace.rs:158:18
  43:     0x560f9a5c4a3a - std::thread::Builder::spawn_unchecked_::{{closure}}::{{closure}}::h119d903520007597
                               at /rustc/1159e78c4747b02ef996e55082b704c09b970588/library/std/src/thread/mod.rs:559:17
  44:     0x560f9a5c4a3a - <core::panic::unwind_safe::AssertUnwindSafe<F> as core::ops::function::FnOnce<()>>::call_once::hab88401d606702a6
                               at /rustc/1159e78c4747b02ef996e55082b704c09b970588/library/core/src/panic/unwind_safe.rs:272:9
  45:     0x560f9a5c4a3a - std::panicking::catch_unwind::do_call::h163fe12cca9901c2
                               at /rustc/1159e78c4747b02ef996e55082b704c09b970588/library/std/src/panicking.rs:589:40
  46:     0x560f9a5c4a3a - std::panicking::catch_unwind::he81557d0e17cc1bc
                               at /rustc/1159e78c4747b02ef996e55082b704c09b970588/library/std/src/panicking.rs:552:19
  47:     0x560f9a5c4a3a - std::panic::catch_unwind::hc2b8e79c20593955
                               at /rustc/1159e78c4747b02ef996e55082b704c09b970588/library/std/src/panic.rs:359:14
  48:     0x560f9a5c4a3a - std::thread::Builder::spawn_unchecked_::{{closure}}::hfa6b4978e07815cc
                               at /rustc/1159e78c4747b02ef996e55082b704c09b970588/library/std/src/thread/mod.rs:557:30
  49:     0x560f9a5c4a3a - core::ops::function::FnOnce::call_once{{vtable.shim}}::hddcd7484a13fd793
                               at /rustc/1159e78c4747b02ef996e55082b704c09b970588/library/core/src/ops/function.rs:253:5
  50:     0x560fa04b3aef - <alloc::boxed::Box<F,A> as core::ops::function::FnOnce<Args>>::call_once::h5924238c754de3b8
                               at /rustc/1159e78c4747b02ef996e55082b704c09b970588/library/alloc/src/boxed.rs:1971:9
  51:     0x560fa04b3aef - std::sys::pal::unix::thread::Thread::new::thread_start::hb6e99e73da4d28f8
                               at /rustc/1159e78c4747b02ef996e55082b704c09b970588/library/std/src/sys/pal/unix/thread.rs:107:17
  52:     0x7f97763241ca - start_thread
  53:     0x7f977678d8d3 - __GI___clone
  54:                0x0 - <unknown>
[0m
[35;1m   RETRY 2/3[0m [         ] [35;1mapollo-router::integration_tests[0m [36mintegration::subscriptions::ws_passthrough[0m[36m::[0m[34;1mtest_subscription_ws_passthrough_on_schema_reload[0m
[32;1m        PASS[0m [   1.720s] [35;1mapollo-router::integration_tests[0m [36mintegration::telemetry::apollo_otel_metrics[0m[36m::[0m[34;1mtest_validation_error_emits_metric[0m
[32;1m        PASS[0m [   2.325s] [35;1mapollo-router::integration_tests[0m [36mintegration::telemetry::apollo_otel_metrics[0m[36m::[0m[34;1mtest_failed_subgraph_request_emits_histogram[0m
[32;1m        PASS[0m [   3.666s] [35;1mapollo-router::integration_tests[0m [36mintegration::subscriptions::ws_passthrough[0m[36m::[0m[34;1mtest_subscription_ws_passthrough_on_config_reload[0m
[32;1m        PASS[0m [   2.228s] [35;1mapollo-router::integration_tests[0m [36mintegration::telemetry::apollo_otel_metrics[0m[36m::[0m[34;1mtest_subgraph_http_error_emits_metric[0m
[32;1m        PASS[0m [   2.268s] [35;1mapollo-router::integration_tests[0m [36mintegration::telemetry::apollo_otel_metrics[0m[36m::[0m[34;1mtest_subgraph_layer_entities_error_emits_metric[0m
[32;1m        PASS[0m [   2.384s] [35;1mapollo-router::integration_tests[0m [36mintegration::telemetry::apollo_otel_metrics[0m[36m::[0m[34;1mtest_subgraph_request_emits_histogram[0m
[32;1m        PASS[0m [  12.996s] [35;1mapollo-router::integration_tests[0m [36mintegration::entity_cache[0m[36m::[0m[34;1mtest_cache_metrics[0m
[32;1m        PASS[0m [   2.464s] [35;1mapollo-router::integration_tests[0m [36mintegration::telemetry::apollo_otel_metrics[0m[36m::[0m[34;1mtest_supergraph_layer_error_emits_metric[0m
[32;1m        PASS[0m [   2.547s] [35;1mapollo-router::integration_tests[0m [36mintegration::telemetry::apollo_otel_metrics[0m[36m::[0m[34;1mtest_subgraph_layer_error_emits_metric[0m
[32;1m        PASS[0m [   2.691s] [35;1mapollo-router::integration_tests[0m [36mintegration::telemetry::datadog[0m[36m::[0m[34;1mtest_basic[0m
[32;1m        PASS[0m [   2.752s] [35;1mapollo-router::integration_tests[0m [36mintegration::telemetry::datadog[0m[36m::[0m[34;1mtest_attributes[0m
[32;1m        PASS[0m [   2.672s] [35;1mapollo-router::integration_tests[0m [36mintegration::telemetry::datadog[0m[36m::[0m[34;1mtest_header_propagator_override[0m
[32;1m        PASS[0m [   2.704s] [35;1mapollo-router::integration_tests[0m [36mintegration::telemetry::datadog[0m[36m::[0m[34;1mtest_default_span_names[0m
[32;1m        PASS[0m [   2.463s] [35;1mapollo-router::integration_tests[0m [36mintegration::telemetry::datadog[0m[36m::[0m[34;1mtest_no_sample[0m
[32;1m        PASS[0m [   2.660s] [35;1mapollo-router::integration_tests[0m [36mintegration::telemetry::datadog[0m[36m::[0m[34;1mtest_override_span_names[0m
[32;1m        PASS[0m [   2.706s] [35;1mapollo-router::integration_tests[0m [36mintegration::telemetry::datadog[0m[36m::[0m[34;1mtest_override_span_names_late[0m
[31;1m        FAIL[0m [   2.778s] [35;1mapollo-router::integration_tests[0m [36mintegration::telemetry::datadog[0m[36m::[0m[34;1mtest_priority_sampling_parent_sampler_very_small_no_parent_no_agent_sampling[0m

[35;1m--- [0m[35;1mSTDOUT:              [0m[35;1mapollo-router::integration_tests[0m [36mintegration::telemetry::datadog[0m[36m::[0m[34;1mtest_priority_sampling_parent_sampler_very_small_no_parent_no_agent_sampling[0m[35;1m ---[0m

running 1 test
[2m2025-11-13T03:17:11.345316Z[0m [32m INFO[0m Loading supergraph from file
url: http://localhost:8126/test/traces?trace_ids=2096578447218890663
trace: cbcd18a3dd9b43b31d188afd5638d7a7
services verified
spans present verified
measured spans verified
operation name verified
priority sampled verified
version verified
span kinds verified
span attributes verified
span attributes verified
url: http://localhost:8126/test/traces?trace_ids=2096578447218890663
trace: cbcd18a3dd9b43b31d188afd5638d7a7
services verified
spans present verified
measured spans verified
operation name verified
priority sampled verified
version verified
span kinds verified
span attributes verified
span attributes verified
url: http://localhost:8126/test/traces?trace_ids=993618595628818782
trace: 235d36ab364538090dca0ad92aada15e
services verified
spans present verified
measured spans verified
operation name verified
priority sampled verified
version verified
span kinds verified
span attributes verified
span attributes verified
url: http://localhost:8126/test/traces?trace_ids=993618595628818782
trace: 235d36ab364538090dca0ad92aada15e
services verified
spans present verified
measured spans verified
operation name verified
priority sampled verified
version verified
span kinds verified
span attributes verified
span attributes verified
[2m2025-11-13T03:17:13.896539Z[0m [32m INFO[0m Mock server shutting down
[2m2025-11-13T03:17:13.898590Z[0m [32m INFO[0m Mock server shutting down
test integration::telemetry::datadog::test_priority_sampling_parent_sampler_very_small_no_parent_no_agent_sampling ... FAILED

failures:

failures:
    integration::telemetry::datadog::test_priority_sampling_parent_sampler_very_small_no_parent_no_agent_sampling

test result: FAILED. 0 passed; 1 failed; 0 ignored; 0 measured; 338 filtered out; finished in 2.72s

[0m
[35;1m--- [0m[35;1mSTDERR:              [0m[35;1mapollo-router::integration_tests[0m [36mintegration::telemetry::datadog[0m[36m::[0m[34;1mtest_priority_sampling_parent_sampler_very_small_no_parent_no_agent_sampling[0m[35;1m ---[0m

thread 'integration::telemetry::datadog::test_priority_sampling_parent_sampler_very_small_no_parent_no_agent_sampling' panicked at apollo-router/tests/integration/../common.rs:950:25:
unable to send successful request to router, error sending request for url (http://127.0.0.1:35373/)
stack backtrace:
   0:     0x55a37caec862 - std::backtrace_rs::backtrace::libunwind::trace::h2d45396358f41939
                               at /rustc/1159e78c4747b02ef996e55082b704c09b970588/library/std/src/../../backtrace/src/backtrace/libunwind.rs:117:9
   1:     0x55a37caec862 - std::backtrace_rs::backtrace::trace_unsynchronized::hffcefc0b67f1d6e2
                               at /rustc/1159e78c4747b02ef996e55082b704c09b970588/library/std/src/../../backtrace/src/backtrace/mod.rs:66:14
   2:     0x55a37caec862 - std::sys::backtrace::_print_fmt::hd72f71d23b436b92
                               at /rustc/1159e78c4747b02ef996e55082b704c09b970588/library/std/src/sys/backtrace.rs:66:9
   3:     0x55a37caec862 - <std::sys::backtrace::BacktraceLock::print::DisplayBacktrace as core::fmt::Display>::fmt::hdcfcb6d4c8489523
                               at /rustc/1159e78c4747b02ef996e55082b704c09b970588/library/std/src/sys/backtrace.rs:39:26
   4:     0x55a37cb1c703 - core::fmt::rt::Argument::fmt::h2c56b3114963061a
                               at /rustc/1159e78c4747b02ef996e55082b704c09b970588/library/core/src/fmt/rt.rs:173:76
   5:     0x55a37cb1c703 - core::fmt::write::h8a494366950f23bb
                               at /rustc/1159e78c4747b02ef996e55082b704c09b970588/library/core/src/fmt/mod.rs:1468:25
   6:     0x55a37cae7123 - std::io::default_write_fmt::ha27fbccbc65eb6fa
                               at /rustc/1159e78c4747b02ef996e55082b704c09b970588/library/std/src/io/mod.rs:639:11
   7:     0x55a37cae7123 - std::io::Write::write_fmt::h6556609fca33d0b1
                               at /rustc/1159e78c4747b02ef996e55082b704c09b970588/library/std/src/io/mod.rs:1954:13
   8:     0x55a37caec6b2 - std::sys::backtrace::BacktraceLock::print::hb2a626a81e06b2dc
                               at /rustc/1159e78c4747b02ef996e55082b704c09b970588/library/std/src/sys/backtrace.rs:42:9
   9:     0x55a37caee6f9 - std::panicking::default_hook::{{closure}}::h4f78485264f12d10
                               at /rustc/1159e78c4747b02ef996e55082b704c09b970588/library/std/src/panicking.rs:300:27
  10:     0x55a37caee4db - std::panicking::default_hook::h2c66fc99e962531d
                               at /rustc/1159e78c4747b02ef996e55082b704c09b970588/library/std/src/panicking.rs:327:9
  11:     0x55a37caef105 - std::panicking::rust_panic_with_hook::h33ac55f64bbd807d
                               at /rustc/1159e78c4747b02ef996e55082b704c09b970588/library/std/src/panicking.rs:833:13
  12:     0x55a37caeee9a - std::panicking::begin_panic_handler::{{closure}}::h30e7cb89678a57fe
                               at /rustc/1159e78c4747b02ef996e55082b704c09b970588/library/std/src/panicking.rs:706:13
  13:     0x55a37caecd69 - std::sys::backtrace::__rust_end_short_backtrace::hed60f27456c16ced
                               at /rustc/1159e78c4747b02ef996e55082b704c09b970588/library/std/src/sys/backtrace.rs:174:18
  14:     0x55a37caeeb2d - __rustc[de2ca18b4c54d5b8]::rust_begin_unwind
                               at /rustc/1159e78c4747b02ef996e55082b704c09b970588/library/std/src/panicking.rs:697:5
  15:     0x55a37cb18d30 - core::panicking::panic_fmt::h62f63d096dd276af
                               at /rustc/1159e78c4747b02ef996e55082b704c09b970588/library/core/src/panicking.rs:75:14
  16:     0x55a3767ddc37 - integration_tests::integration::common::IntegrationTest::execute_query::{{closure}}::{{closure}}::h4d085f6cd6156b05
                               at /root/project/apollo-router/tests/integration/../common.rs:950:25
  17:     0x55a37679470e - <tracing_futures::Instrumented<T> as core::future::future::Future>::poll::h1105381b388b8898
                               at /root/.cargo/registry/src/index.crates.io-1949cf8c6b5b557f/tracing-futures-0.2.5/src/lib.rs:283:20
  18:     0x55a3767dccaf - integration_tests::integration::common::IntegrationTest::execute_query::{{closure}}::h7b0aa09fa141b36c
                               at /root/project/apollo-router/tests/integration/../common.rs:955:14
  19:     0x55a376794a8d - <tracing_futures::WithDispatch<T> as core::future::future::Future>::poll::{{closure}}::hfdb6261be1c5115b
                               at /root/.cargo/registry/src/index.crates.io-1949cf8c6b5b557f/tracing-futures-0.2.5/src/lib.rs:455:54
  20:     0x55a376288b41 - tracing_core::dispatcher::with_default::h39ef5ab5337363e5
                               at /root/.cargo/registry/src/index.crates.io-1949cf8c6b5b557f/tracing-core-0.1.34/src/dispatcher.rs:262:5
  21:     0x55a376794a2a - <tracing_futures::WithDispatch<T> as core::future::future::Future>::poll::h63f620e3e3cbb415
                               at /root/.cargo/registry/src/index.crates.io-1949cf8c6b5b557f/tracing-futures-0.2.5/src/lib.rs:455:9
  22:     0x55a376aca673 - integration_tests::integration::telemetry::verifier::Verifier::validate_trace::{{closure}}::h1a7383c650a57bb7
                               at /root/project/apollo-router/tests/integration/telemetry/verifier.rs:20:58
  23:     0x55a3763ee8f9 - integration_tests::integration::telemetry::datadog::<impl integration_tests::integration::telemetry::TraceSpec>::validate_datadog_trace::{{closure}}::h4e0a1bbb7bafc948
                               at /root/project/apollo-router/tests/integration/telemetry/datadog.rs:1251:14
  24:     0x55a376445e7b - integration_tests::integration::telemetry::datadog::test_priority_sampling_parent_sampler_very_small_no_parent_no_agent_sampling::{{closure}}::h3e78bf1e5bdfd2f9
                               at /root/project/apollo-router/tests/integration/telemetry/datadog.rs:462:10
  25:     0x55a3763c95ef - <core::pin::Pin<P> as core::future::future::Future>::poll::hcb765372bf9a9be0
                               at /rustc/1159e78c4747b02ef996e55082b704c09b970588/library/core/src/future/future.rs:133:9
  26:     0x55a3762d39eb - tokio::runtime::park::CachedParkThread::block_on::{{closure}}::had9e378af5849f11
                               at /root/.cargo/registry/src/index.crates.io-1949cf8c6b5b557f/tokio-1.48.0/src/runtime/park.rs:285:71
  27:     0x55a3762d2950 - tokio::task::coop::with_budget::h6c5486694f22ca15
                               at /root/.cargo/registry/src/index.crates.io-1949cf8c6b5b557f/tokio-1.48.0/src/task/coop/mod.rs:167:5
  28:     0x55a3762d2950 - tokio::task::coop::budget::he0a8db83177c8314
                               at /root/.cargo/registry/src/index.crates.io-1949cf8c6b5b557f/tokio-1.48.0/src/task/coop/mod.rs:133:5
  29:     0x55a3762d2950 - tokio::runtime::park::CachedParkThread::block_on::hc4e90ffab65caeec
                               at /root/.cargo/registry/src/index.crates.io-1949cf8c6b5b557f/tokio-1.48.0/src/runtime/park.rs:285:31
  30:     0x55a37695e8a1 - tokio::runtime::context::blocking::BlockingRegionGuard::block_on::h812dc1a24efcf821
                               at /root/.cargo/registry/src/index.crates.io-1949cf8c6b5b557f/tokio-1.48.0/src/runtime/context/blocking.rs:66:14
  31:     0x55a37656bac2 - tokio::runtime::scheduler::multi_thread::MultiThread::block_on::{{closure}}::hc61f289df102a339
                               at /root/.cargo/registry/src/index.crates.io-1949cf8c6b5b557f/tokio-1.48.0/src/runtime/scheduler/multi_thread/mod.rs:87:22
  32:     0x55a3762fe37a - tokio::runtime::context::runtime::enter_runtime::h045d20e3b3e0b850
                               at /root/.cargo/registry/src/index.crates.io-1949cf8c6b5b557f/tokio-1.48.0/src/runtime/context/runtime.rs:65:16
  33:     0x55a37656b944 - tokio::runtime::scheduler::multi_thread::MultiThread::block_on::hcf63dde5626233d0
                               at /root/.cargo/registry/src/index.crates.io-1949cf8c6b5b557f/tokio-1.48.0/src/runtime/scheduler/multi_thread/mod.rs:86:9
  34:     0x55a37616ac80 - tokio::runtime::runtime::Runtime::block_on_inner::hd795c11ae310e0f0
                               at /root/.cargo/registry/src/index.crates.io-1949cf8c6b5b557f/tokio-1.48.0/src/runtime/runtime.rs:370:50
  35:     0x55a37616b094 - tokio::runtime::runtime::Runtime::block_on::h2090ac62d0c850e9
                               at /root/.cargo/registry/src/index.crates.io-1949cf8c6b5b557f/tokio-1.48.0/src/runtime/runtime.rs:342:18
  36:     0x55a37643f396 - integration_tests::integration::telemetry::datadog::test_priority_sampling_parent_sampler_very_small_no_parent_no_agent_sampling::h7ea0aee4ecd5d31e
                               at /root/project/apollo-router/tests/integration/telemetry/datadog.rs:480:7
  37:     0x55a37643f227 - integration_tests::integration::telemetry::datadog::test_priority_sampling_parent_sampler_very_small_no_parent_no_agent_sampling::{{closure}}::hfe0413248d5b1a2b
                               at /root/project/apollo-router/tests/integration/telemetry/datadog.rs:426:4
  38:     0x55a375f368c6 - core::ops::function::FnOnce::call_once::h46777b61acf4e38e
                               at /rustc/1159e78c4747b02ef996e55082b704c09b970588/library/core/src/ops/function.rs:253:5
  39:     0x55a376c3d32b - core::ops::function::FnOnce::call_once::h1f9474f1347fff52
                               at /rustc/1159e78c4747b02ef996e55082b704c09b970588/library/core/src/ops/function.rs:253:5
  40:     0x55a376c3d32b - test::__rust_begin_short_backtrace::ha52ab26e77157f03
                               at /rustc/1159e78c4747b02ef996e55082b704c09b970588/library/test/src/lib.rs:648:18
  41:     0x55a376c3c465 - test::run_test_in_process::{{closure}}::h229c1a11a50b261f
                               at /rustc/1159e78c4747b02ef996e55082b704c09b970588/library/test/src/lib.rs:671:74
  42:     0x55a376c3c465 - <core::panic::unwind_safe::AssertUnwindSafe<F> as core::ops::function::FnOnce<()>>::call_once::h78821afbf97b39a9
                               at /rustc/1159e78c4747b02ef996e55082b704c09b970588/library/core/src/panic/unwind_safe.rs:272:9
  43:     0x55a376c3c465 - std::panicking::catch_unwind::do_call::h53abf3ed5bd32ba3
                               at /rustc/1159e78c4747b02ef996e55082b704c09b970588/library/std/src/panicking.rs:589:40
  44:     0x55a376c3c465 - std::panicking::catch_unwind::h6deb5fe1e91873c9
                               at /rustc/1159e78c4747b02ef996e55082b704c09b970588/library/std/src/panicking.rs:552:19
  45:     0x55a376c3c465 - std::panic::catch_unwind::hea0829b6b565654b
                               at /rustc/1159e78c4747b02ef996e55082b704c09b970588/library/std/src/panic.rs:359:14
  46:     0x55a376c3c465 - test::run_test_in_process::hdc44dfecea3db21b
                               at /rustc/1159e78c4747b02ef996e55082b704c09b970588/library/test/src/lib.rs:671:27
  47:     0x55a376c3c465 - test::run_test::{{closure}}::h0364ba59bf23f652
                               at /rustc/1159e78c4747b02ef996e55082b704c09b970588/library/test/src/lib.rs:592:43
  48:     0x55a376c00064 - test::run_test::{{closure}}::h32730b304eec05da
                               at /rustc/1159e78c4747b02ef996e55082b704c09b970588/library/test/src/lib.rs:622:41
  49:     0x55a376c00064 - std::sys::backtrace::__rust_begin_short_backtrace::h177cb952fc54ad2c
                               at /rustc/1159e78c4747b02ef996e55082b704c09b970588/library/std/src/sys/backtrace.rs:158:18
  50:     0x55a376c03a3a - std::thread::Builder::spawn_unchecked_::{{closure}}::{{closure}}::h119d903520007597
                               at /rustc/1159e78c4747b02ef996e55082b704c09b970588/library/std/src/thread/mod.rs:559:17
  51:     0x55a376c03a3a - <core::panic::unwind_safe::AssertUnwindSafe<F> as core::ops::function::FnOnce<()>>::call_once::hab88401d606702a6
                               at /rustc/1159e78c4747b02ef996e55082b704c09b970588/library/core/src/panic/unwind_safe.rs:272:9
  52:     0x55a376c03a3a - std::panicking::catch_unwind::do_call::h163fe12cca9901c2
                               at /rustc/1159e78c4747b02ef996e55082b704c09b970588/library/std/src/panicking.rs:589:40
  53:     0x55a376c03a3a - std::panicking::catch_unwind::he81557d0e17cc1bc
                               at /rustc/1159e78c4747b02ef996e55082b704c09b970588/library/std/src/panicking.rs:552:19
  54:     0x55a376c03a3a - std::panic::catch_unwind::hc2b8e79c20593955
                               at /rustc/1159e78c4747b02ef996e55082b704c09b970588/library/std/src/panic.rs:359:14
  55:     0x55a376c03a3a - std::thread::Builder::spawn_unchecked_::{{closure}}::hfa6b4978e07815cc
                               at /rustc/1159e78c4747b02ef996e55082b704c09b970588/library/std/src/thread/mod.rs:557:30
  56:     0x55a376c03a3a - core::ops::function::FnOnce::call_once{{vtable.shim}}::hddcd7484a13fd793
                               at /rustc/1159e78c4747b02ef996e55082b704c09b970588/library/core/src/ops/function.rs:253:5
  57:     0x55a37caf2aef - <alloc::boxed::Box<F,A> as core::ops::function::FnOnce<Args>>::call_once::h5924238c754de3b8
                               at /rustc/1159e78c4747b02ef996e55082b704c09b970588/library/alloc/src/boxed.rs:1971:9
  58:     0x55a37caf2aef - std::sys::pal::unix::thread::Thread::new::thread_start::hb6e99e73da4d28f8
                               at /rustc/1159e78c4747b02ef996e55082b704c09b970588/library/std/src/sys/pal/unix/thread.rs:107:17
  59:     0x7ff676b321ca - start_thread
  60:     0x7ff676f9b8d3 - __GI___clone
  61:                0x0 - <unknown>
[0m
[32;1m        PASS[0m [   2.500s] [35;1mapollo-router::integration_tests[0m [36mintegration::telemetry::datadog[0m[36m::[0m[34;1mtest_priority_sampling_propagated_otel_request[0m
[32;1m        PASS[0m [   2.141s] [35;1mapollo-router::integration_tests[0m [36mintegration::telemetry::datadog[0m[36m::[0m[34;1mtest_sampling_datadog_agent_disabled[0m
[32;1m        PASS[0m [   2.592s] [35;1mapollo-router::integration_tests[0m [36mintegration::telemetry::datadog[0m[36m::[0m[34;1mtest_resource_mapping_override[0m
[32;1m        PASS[0m [   2.767s] [35;1mapollo-router::integration_tests[0m [36mintegration::telemetry::datadog[0m[36m::[0m[34;1mtest_resource_mapping_default[0m
[35;1m  TRY 2 FAIL[0m [   3.521s] [35;1mapollo-router::integration_tests[0m [36mintegration::subscriptions::ws_passthrough[0m[36m::[0m[34;1mtest_subscription_ws_passthrough_dedup[0m

[35;1m--- [0m[35;1mTRY[0m [35;1m2[0m [35;1mSTDOUT:        [0m[35;1mapollo-router::integration_tests[0m [36mintegration::subscriptions::ws_passthrough[0m[36m::[0m[34;1mtest_subscription_ws_passthrough_dedup[0m[35;1m ---[0m

running 1 test
[2m2025-11-13T03:17:11.446006Z[0m [32m INFO[0m Starting axum WebSocket server...
[2m2025-11-13T03:17:11.949053Z[0m [32m INFO[0m Axum server running on 127.0.0.1:40259
[2m2025-11-13T03:17:11.967207Z[0m [32m INFO[0m WebSocket server started at: ws://127.0.0.1:40259/ws
[2m2025-11-13T03:17:11.967337Z[0m [32m INFO[0m Loading supergraph from file
[2m2025-11-13T03:17:13.850024Z[0m [32m INFO[0m WebSocket connection established
[2m2025-11-13T03:17:13.867419Z[0m [32m INFO[0m Starting subscription with 2 events, interval 50ms (configured)
[2m2025-11-13T03:17:13.970928Z[0m [32m INFO[0m Sent 2 subscription events but did not send `complete` message
[2m2025-11-13T03:17:14.882038Z[0m [32m INFO[0m Mock server shutting down
[2m2025-11-13T03:17:14.882198Z[0m [32m INFO[0m Mock server shutting down
test integration::subscriptions::ws_passthrough::test_subscription_ws_passthrough_dedup ... FAILED

failures:

failures:
    integration::subscriptions::ws_passthrough::test_subscription_ws_passthrough_dedup

test result: FAILED. 0 passed; 1 failed; 0 ignored; 0 measured; 338 filtered out; finished in 3.46s

[0m
[35;1m--- [0m[35;1mTRY[0m [35;1m2[0m [35;1mSTDERR:        [0m[35;1mapollo-router::integration_tests[0m [36mintegration::subscriptions::ws_passthrough[0m[36m::[0m[34;1mtest_subscription_ws_passthrough_dedup[0m[35;1m ---[0m

thread 'integration::subscriptions::ws_passthrough::test_subscription_ws_passthrough_dedup' panicked at apollo-router/tests/integration/subscriptions/mod.rs:273:5:
assertion failed: `(left == right)`: Subscription events do not match expected events

[1mDiff[0m [31m< left[0m / [32mright >[0m :
 [
     Object {},
     Object {
         "payload": Object {
             "data": Object {
                 "userWasCreated": Object {
                     "name": String("User 1"),
                     "reviews": Array [
                         Object {
                             "body": String("Review 1 from user 1"),
                         },
                     ],
                 },
             },
         },
     },
     Object {
         "payload": Object {
             "data": Object {
                 "userWasCreated": Object {
                     "name": String("User 2"),
                     "reviews": Array [
                         Object {
                             "body": String("Review 2 from user 2"),
                         },
                     ],
                 },
             },
         },
     },
     Object {
         "payload": Null,
         "errors": Array [
             Object {
[31m<                "message": String("subscription has been closed due to a c[0m[1;48;5;52;31monfigur[0m[31ma[0m[1;48;5;52;31mtion[0m[31m reload"),[0m
[32m>                "message": String("subscription has been closed due to a [0m[1;48;5;22;32ms[0m[32mc[0m[1;48;5;22;32mhem[0m[32ma reload"),[0m
                 "extensions": Object {
[31m<                    "code": String("SUBSCRIPTION_C[0m[1;48;5;52;31mONFIG[0m[31m_RELOAD"),[0m
[32m>                    "code": String("SUBSCRIPTION_[0m[1;48;5;22;32mS[0m[32mC[0m[1;48;5;22;32mHEMA[0m[32m_RELOAD"),[0m
                 },
             },
         ],
     },
 ]


stack backtrace:
   0:     0x561c84a51862 - std::backtrace_rs::backtrace::libunwind::trace::h2d45396358f41939
                               at /rustc/1159e78c4747b02ef996e55082b704c09b970588/library/std/src/../../backtrace/src/backtrace/libunwind.rs:117:9
   1:     0x561c84a51862 - std::backtrace_rs::backtrace::trace_unsynchronized::hffcefc0b67f1d6e2
                               at /rustc/1159e78c4747b02ef996e55082b704c09b970588/library/std/src/../../backtrace/src/backtrace/mod.rs:66:14
   2:     0x561c84a51862 - std::sys::backtrace::_print_fmt::hd72f71d23b436b92
                               at /rustc/1159e78c4747b02ef996e55082b704c09b970588/library/std/src/sys/backtrace.rs:66:9
   3:     0x561c84a51862 - <std::sys::backtrace::BacktraceLock::print::DisplayBacktrace as core::fmt::Display>::fmt::hdcfcb6d4c8489523
                               at /rustc/1159e78c4747b02ef996e55082b704c09b970588/library/std/src/sys/backtrace.rs:39:26
   4:     0x561c84a81703 - core::fmt::rt::Argument::fmt::h2c56b3114963061a
                               at /rustc/1159e78c4747b02ef996e55082b704c09b970588/library/core/src/fmt/rt.rs:173:76
   5:     0x561c84a81703 - core::fmt::write::h8a494366950f23bb
                               at /rustc/1159e78c4747b02ef996e55082b704c09b970588/library/core/src/fmt/mod.rs:1468:25
   6:     0x561c84a4c123 - std::io::default_write_fmt::ha27fbccbc65eb6fa
                               at /rustc/1159e78c4747b02ef996e55082b704c09b970588/library/std/src/io/mod.rs:639:11
   7:     0x561c84a4c123 - std::io::Write::write_fmt::h6556609fca33d0b1
                               at /rustc/1159e78c4747b02ef996e55082b704c09b970588/library/std/src/io/mod.rs:1954:13
   8:     0x561c84a516b2 - std::sys::backtrace::BacktraceLock::print::hb2a626a81e06b2dc
                               at /rustc/1159e78c4747b02ef996e55082b704c09b970588/library/std/src/sys/backtrace.rs:42:9
   9:     0x561c84a536f9 - std::panicking::default_hook::{{closure}}::h4f78485264f12d10
                               at /rustc/1159e78c4747b02ef996e55082b704c09b970588/library/std/src/panicking.rs:300:27
  10:     0x561c84a534db - std::panicking::default_hook::h2c66fc99e962531d
                               at /rustc/1159e78c4747b02ef996e55082b704c09b970588/library/std/src/panicking.rs:327:9
  11:     0x561c84a54105 - std::panicking::rust_panic_with_hook::h33ac55f64bbd807d
                               at /rustc/1159e78c4747b02ef996e55082b704c09b970588/library/std/src/panicking.rs:833:13
  12:     0x561c84a53e9a - std::panicking::begin_panic_handler::{{closure}}::h30e7cb89678a57fe
                               at /rustc/1159e78c4747b02ef996e55082b704c09b970588/library/std/src/panicking.rs:706:13
  13:     0x561c84a51d69 - std::sys::backtrace::__rust_end_short_backtrace::hed60f27456c16ced
                               at /rustc/1159e78c4747b02ef996e55082b704c09b970588/library/std/src/sys/backtrace.rs:174:18
  14:     0x561c84a53b2d - __rustc[de2ca18b4c54d5b8]::rust_begin_unwind
                               at /rustc/1159e78c4747b02ef996e55082b704c09b970588/library/std/src/panicking.rs:697:5
  15:     0x561c84a7dd30 - core::panicking::panic_fmt::h62f63d096dd276af
                               at /rustc/1159e78c4747b02ef996e55082b704c09b970588/library/core/src/panicking.rs:75:14
  16:     0x561c7e7151be - integration_tests::integration::subscriptions::verify_subscription_events::{{closure}}::h49df6f8bed1614cb
                               at /root/project/apollo-router/tests/integration/subscriptions/mod.rs:273:5
  17:     0x561c7e7afc9e - integration_tests::integration::subscriptions::ws_passthrough::test_subscription_ws_passthrough_dedup::{{closure}}::hff86b65bf89dc40c
                               at /root/project/apollo-router/tests/integration/subscriptions/ws_passthrough.rs:909:63
  18:     0x561c7e32e5ef - <core::pin::Pin<P> as core::future::future::Future>::poll::hcb765372bf9a9be0
                               at /rustc/1159e78c4747b02ef996e55082b704c09b970588/library/core/src/future/future.rs:133:9
  19:     0x561c7e2389eb - tokio::runtime::park::CachedParkThread::block_on::{{closure}}::had9e378af5849f11
                               at /root/.cargo/registry/src/index.crates.io-1949cf8c6b5b557f/tokio-1.48.0/src/runtime/park.rs:285:71
  20:     0x561c7e237950 - tokio::task::coop::with_budget::h6c5486694f22ca15
                               at /root/.cargo/registry/src/index.crates.io-1949cf8c6b5b557f/tokio-1.48.0/src/task/coop/mod.rs:167:5
  21:     0x561c7e237950 - tokio::task::coop::budget::he0a8db83177c8314
                               at /root/.cargo/registry/src/index.crates.io-1949cf8c6b5b557f/tokio-1.48.0/src/task/coop/mod.rs:133:5
  22:     0x561c7e237950 - tokio::runtime::park::CachedParkThread::block_on::hc4e90ffab65caeec
                               at /root/.cargo/registry/src/index.crates.io-1949cf8c6b5b557f/tokio-1.48.0/src/runtime/park.rs:285:31
  23:     0x561c7e8c38a1 - tokio::runtime::context::blocking::BlockingRegionGuard::block_on::h812dc1a24efcf821
                               at /root/.cargo/registry/src/index.crates.io-1949cf8c6b5b557f/tokio-1.48.0/src/runtime/context/blocking.rs:66:14
  24:     0x561c7e4d0ac2 - tokio::runtime::scheduler::multi_thread::MultiThread::block_on::{{closure}}::hc61f289df102a339
                               at /root/.cargo/registry/src/index.crates.io-1949cf8c6b5b557f/tokio-1.48.0/src/runtime/scheduler/multi_thread/mod.rs:87:22
  25:     0x561c7e26337a - tokio::runtime::context::runtime::enter_runtime::h045d20e3b3e0b850
                               at /root/.cargo/registry/src/index.crates.io-1949cf8c6b5b557f/tokio-1.48.0/src/runtime/context/runtime.rs:65:16
  26:     0x561c7e4d0944 - tokio::runtime::scheduler::multi_thread::MultiThread::block_on::hcf63dde5626233d0
                               at /root/.cargo/registry/src/index.crates.io-1949cf8c6b5b557f/tokio-1.48.0/src/runtime/scheduler/multi_thread/mod.rs:86:9
  27:     0x561c7e0cfc80 - tokio::runtime::runtime::Runtime::block_on_inner::hd795c11ae310e0f0
                               at /root/.cargo/registry/src/index.crates.io-1949cf8c6b5b557f/tokio-1.48.0/src/runtime/runtime.rs:370:50
  28:     0x561c7e0d0094 - tokio::runtime::runtime::Runtime::block_on::h2090ac62d0c850e9
                               at /root/.cargo/registry/src/index.crates.io-1949cf8c6b5b557f/tokio-1.48.0/src/runtime/runtime.rs:342:18
  29:     0x561c7e7ac2f5 - integration_tests::integration::subscriptions::ws_passthrough::test_subscription_ws_passthrough_dedup::h79e79b2503ee4b28
                               at /root/project/apollo-router/tests/integration/subscriptions/ws_passthrough.rs:929:7
  30:     0x561c7e7ac177 - integration_tests::integration::subscriptions::ws_passthrough::test_subscription_ws_passthrough_dedup::{{closure}}::h5f6cfb4d21700673
                               at /root/project/apollo-router/tests/integration/subscriptions/ws_passthrough.rs:819:54
  31:     0x561c7de9ffa6 - core::ops::function::FnOnce::call_once::h7dd3a2fb1d861536
                               at /rustc/1159e78c4747b02ef996e55082b704c09b970588/library/core/src/ops/function.rs:253:5
  32:     0x561c7eba232b - core::ops::function::FnOnce::call_once::h1f9474f1347fff52
                               at /rustc/1159e78c4747b02ef996e55082b704c09b970588/library/core/src/ops/function.rs:253:5
  33:     0x561c7eba232b - test::__rust_begin_short_backtrace::ha52ab26e77157f03
                               at /rustc/1159e78c4747b02ef996e55082b704c09b970588/library/test/src/lib.rs:648:18
  34:     0x561c7eba1465 - test::run_test_in_process::{{closure}}::h229c1a11a50b261f
                               at /rustc/1159e78c4747b02ef996e55082b704c09b970588/library/test/src/lib.rs:671:74
  35:     0x561c7eba1465 - <core::panic::unwind_safe::AssertUnwindSafe<F> as core::ops::function::FnOnce<()>>::call_once::h78821afbf97b39a9
                               at /rustc/1159e78c4747b02ef996e55082b704c09b970588/library/core/src/panic/unwind_safe.rs:272:9
  36:     0x561c7eba1465 - std::panicking::catch_unwind::do_call::h53abf3ed5bd32ba3
                               at /rustc/1159e78c4747b02ef996e55082b704c09b970588/library/std/src/panicking.rs:589:40
  37:     0x561c7eba1465 - std::panicking::catch_unwind::h6deb5fe1e91873c9
                               at /rustc/1159e78c4747b02ef996e55082b704c09b970588/library/std/src/panicking.rs:552:19
  38:     0x561c7eba1465 - std::panic::catch_unwind::hea0829b6b565654b
                               at /rustc/1159e78c4747b02ef996e55082b704c09b970588/library/std/src/panic.rs:359:14
  39:     0x561c7eba1465 - test::run_test_in_process::hdc44dfecea3db21b
                               at /rustc/1159e78c4747b02ef996e55082b704c09b970588/library/test/src/lib.rs:671:27
  40:     0x561c7eba1465 - test::run_test::{{closure}}::h0364ba59bf23f652
                               at /rustc/1159e78c4747b02ef996e55082b704c09b970588/library/test/src/lib.rs:592:43
  41:     0x561c7eb65064 - test::run_test::{{closure}}::h32730b304eec05da
                               at /rustc/1159e78c4747b02ef996e55082b704c09b970588/library/test/src/lib.rs:622:41
  42:     0x561c7eb65064 - std::sys::backtrace::__rust_begin_short_backtrace::h177cb952fc54ad2c
                               at /rustc/1159e78c4747b02ef996e55082b704c09b970588/library/std/src/sys/backtrace.rs:158:18
  43:     0x561c7eb68a3a - std::thread::Builder::spawn_unchecked_::{{closure}}::{{closure}}::h119d903520007597
                               at /rustc/1159e78c4747b02ef996e55082b704c09b970588/library/std/src/thread/mod.rs:559:17
  44:     0x561c7eb68a3a - <core::panic::unwind_safe::AssertUnwindSafe<F> as core::ops::function::FnOnce<()>>::call_once::hab88401d606702a6
                               at /rustc/1159e78c4747b02ef996e55082b704c09b970588/library/core/src/panic/unwind_safe.rs:272:9
  45:     0x561c7eb68a3a - std::panicking::catch_unwind::do_call::h163fe12cca9901c2
                               at /rustc/1159e78c4747b02ef996e55082b704c09b970588/library/std/src/panicking.rs:589:40
  46:     0x561c7eb68a3a - std::panicking::catch_unwind::he81557d0e17cc1bc
                               at /rustc/1159e78c4747b02ef996e55082b704c09b970588/library/std/src/panicking.rs:552:19
  47:     0x561c7eb68a3a - std::panic::catch_unwind::hc2b8e79c20593955
                               at /rustc/1159e78c4747b02ef996e55082b704c09b970588/library/std/src/panic.rs:359:14
  48:     0x561c7eb68a3a - std::thread::Builder::spawn_unchecked_::{{closure}}::hfa6b4978e07815cc
                               at /rustc/1159e78c4747b02ef996e55082b704c09b970588/library/std/src/thread/mod.rs:557:30
  49:     0x561c7eb68a3a - core::ops::function::FnOnce::call_once{{vtable.shim}}::hddcd7484a13fd793
                               at /rustc/1159e78c4747b02ef996e55082b704c09b970588/library/core/src/ops/function.rs:253:5
  50:     0x561c84a57aef - <alloc::boxed::Box<F,A> as core::ops::function::FnOnce<Args>>::call_once::h5924238c754de3b8
                               at /rustc/1159e78c4747b02ef996e55082b704c09b970588/library/alloc/src/boxed.rs:1971:9
  51:     0x561c84a57aef - std::sys::pal::unix::thread::Thread::new::thread_start::hb6e99e73da4d28f8
                               at /rustc/1159e78c4747b02ef996e55082b704c09b970588/library/std/src/sys/pal/unix/thread.rs:107:17
  52:     0x7fc3cd1ff1ca - start_thread
  53:     0x7fc3cd6688d3 - __GI___clone
  54:                0x0 - <unknown>
[0m
[32;1m        PASS[0m [   2.657s] [35;1mapollo-router::integration_tests[0m [36mintegration::telemetry::datadog[0m[36m::[0m[34;1mtest_resources[0m
[35;1m   RETRY 3/3[0m [         ] [35;1mapollo-router::integration_tests[0m [36mintegration::subscriptions::ws_passthrough[0m[36m::[0m[34;1mtest_subscription_ws_passthrough_dedup[0m
[32;1m        PASS[0m [   3.852s] [35;1mapollo-router::integration_tests[0m [36mintegration::telemetry::datadog[0m[36m::[0m[34;1mtest_priority_sampling_parent_sampler_very_small[0m
[32;1m        PASS[0m [   2.619s] [35;1mapollo-router::integration_tests[0m [36mintegration::telemetry::datadog[0m[36m::[0m[34;1mtest_sampling_datadog_agent_disabled_always_sample[0m
[32;1m        PASS[0m [   2.505s] [35;1mapollo-router::integration_tests[0m [36mintegration::telemetry::datadog[0m[36m::[0m[34;1mtest_span_metrics[0m
[32;1m        PASS[0m [   3.988s] [35;1mapollo-router::integration_tests[0m [36mintegration::telemetry::datadog[0m[36m::[0m[34;1mtest_priority_sampling_parent_sampler_very_small_no_parent[0m
[32;1m        PASS[0m [   2.341s] [35;1mapollo-router::integration_tests[0m [36mintegration::telemetry::events[0m[36m::[0m[34;1mtest_custom_events[0m
[33;1m  TRY 3 PASS[0m [   4.538s] [35;1mapollo-router::integration_tests[0m [36mintegration::redis[0m[36m::[0m[34;1mquery_planner_redis_update_query_fragments[0m
[33;1m  TRY 3 PASS[0m [   4.763s] [35;1mapollo-router::integration_tests[0m [36mintegration::redis[0m[36m::[0m[34;1mquery_planner_redis_update_defer[0m
[32;1m        PASS[0m [   2.818s] [35;1mapollo-router::integration_tests[0m [36mintegration::telemetry::datadog[0m[36m::[0m[34;1mtest_sampling_datadog_agent_disabled_never_sample[0m
[32;1m        PASS[0m [   4.347s] [35;1mapollo-router::integration_tests[0m [36mintegration::telemetry::datadog[0m[36m::[0m[34;1mtest_priority_sampling_no_parent_propagated[0m
[32;1m        PASS[0m [   0.036s] [35;1mapollo-router::integration_tests[0m [36mintegration::telemetry::otlp::tracing[0m[36m::[0m[34;1mtest_otlp_ipv6[0m
[32;1m        PASS[0m [   3.878s] [35;1mapollo-router::integration_tests[0m [36mintegration::telemetry::datadog[0m[36m::[0m[34;1mtest_priority_sampling_propagated[0m
[32;1m        PASS[0m [   2.673s] [35;1mapollo-router::integration_tests[0m [36mintegration::telemetry::datadog[0m[36m::[0m[34;1mtest_untraced_request[0m
[32;1m        PASS[0m [   2.276s] [35;1mapollo-router::integration_tests[0m [36mintegration::telemetry::events[0m[36m::[0m[34;1mtest_standard_events[0m
[35;1m  TRY 2 FAIL[0m [   3.627s] [35;1mapollo-router::integration_tests[0m [36mintegration::subscriptions::ws_passthrough[0m[36m::[0m[34;1mtest_subscription_ws_passthrough_on_schema_reload[0m

[35;1m--- [0m[35;1mTRY[0m [35;1m2[0m [35;1mSTDOUT:        [0m[35;1mapollo-router::integration_tests[0m [36mintegration::subscriptions::ws_passthrough[0m[36m::[0m[34;1mtest_subscription_ws_passthrough_on_schema_reload[0m[35;1m ---[0m

running 1 test
[2m2025-11-13T03:17:12.026443Z[0m [32m INFO[0m Starting axum WebSocket server...
[2m2025-11-13T03:17:12.521029Z[0m [32m INFO[0m Axum server running on 127.0.0.1:35717
[2m2025-11-13T03:17:12.539627Z[0m [32m INFO[0m WebSocket server started at: ws://127.0.0.1:35717/ws
[2m2025-11-13T03:17:12.539726Z[0m [32m INFO[0m Loading supergraph from file
[2m2025-11-13T03:17:14.068658Z[0m [32m INFO[0m WebSocket connection established
[2m2025-11-13T03:17:14.073440Z[0m [32m INFO[0m Starting subscription with 2 events, interval 10ms (configured)
[2m2025-11-13T03:17:14.096797Z[0m [32m INFO[0m Sent 2 subscription events but did not send `complete` message
[2m2025-11-13T03:17:15.570097Z[0m [32m INFO[0m Mock server shutting down
[2m2025-11-13T03:17:15.570490Z[0m [32m INFO[0m Mock server shutting down
test integration::subscriptions::ws_passthrough::test_subscription_ws_passthrough_on_schema_reload ... FAILED

failures:

failures:
    integration::subscriptions::ws_passthrough::test_subscription_ws_passthrough_on_schema_reload

test result: FAILED. 0 passed; 1 failed; 0 ignored; 0 measured; 338 filtered out; finished in 3.57s

[0m
[35;1m--- [0m[35;1mTRY[0m [35;1m2[0m [35;1mSTDERR:        [0m[35;1mapollo-router::integration_tests[0m [36mintegration::subscriptions::ws_passthrough[0m[36m::[0m[34;1mtest_subscription_ws_passthrough_on_schema_reload[0m[35;1m ---[0m

thread 'integration::subscriptions::ws_passthrough::test_subscription_ws_passthrough_on_schema_reload' panicked at apollo-router/tests/integration/subscriptions/mod.rs:273:5:
assertion failed: `(left == right)`: Subscription events do not match expected events

[1mDiff[0m [31m< left[0m / [32mright >[0m :
 [
     Object {},
     Object {
         "payload": Object {
             "data": Object {
                 "userWasCreated": Object {
                     "name": String("User 1"),
                     "reviews": Array [
                         Object {
                             "body": String("Review 1 from user 1"),
                         },
                     ],
                 },
             },
         },
     },
     Object {
         "payload": Object {
             "data": Object {
                 "userWasCreated": Object {
                     "name": String("User 2"),
                     "reviews": Array [
                         Object {
                             "body": String("Review 2 from user 2"),
                         },
                     ],
                 },
             },
         },
     },
     Object {
         "payload": Null,
         "errors": Array [
             Object {
[31m<                "message": String("subscription has been closed due to a c[0m[1;48;5;52;31monfigur[0m[31ma[0m[1;48;5;52;31mtion[0m[31m reload"),[0m
[32m>                "message": String("subscription has been closed due to a [0m[1;48;5;22;32ms[0m[32mc[0m[1;48;5;22;32mhem[0m[32ma reload"),[0m
                 "extensions": Object {
[31m<                    "code": String("SUBSCRIPTION_C[0m[1;48;5;52;31mONFIG[0m[31m_RELOAD"),[0m
[32m>                    "code": String("SUBSCRIPTION_[0m[1;48;5;22;32mS[0m[32mC[0m[1;48;5;22;32mHEMA[0m[32m_RELOAD"),[0m
                 },
             },
         ],
     },
 ]


stack backtrace:
   0:     0x55fe866b5862 - std::backtrace_rs::backtrace::libunwind::trace::h2d45396358f41939
                               at /rustc/1159e78c4747b02ef996e55082b704c09b970588/library/std/src/../../backtrace/src/backtrace/libunwind.rs:117:9
   1:     0x55fe866b5862 - std::backtrace_rs::backtrace::trace_unsynchronized::hffcefc0b67f1d6e2
                               at /rustc/1159e78c4747b02ef996e55082b704c09b970588/library/std/src/../../backtrace/src/backtrace/mod.rs:66:14
   2:     0x55fe866b5862 - std::sys::backtrace::_print_fmt::hd72f71d23b436b92
                               at /rustc/1159e78c4747b02ef996e55082b704c09b970588/library/std/src/sys/backtrace.rs:66:9
   3:     0x55fe866b5862 - <std::sys::backtrace::BacktraceLock::print::DisplayBacktrace as core::fmt::Display>::fmt::hdcfcb6d4c8489523
                               at /rustc/1159e78c4747b02ef996e55082b704c09b970588/library/std/src/sys/backtrace.rs:39:26
   4:     0x55fe866e5703 - core::fmt::rt::Argument::fmt::h2c56b3114963061a
                               at /rustc/1159e78c4747b02ef996e55082b704c09b970588/library/core/src/fmt/rt.rs:173:76
   5:     0x55fe866e5703 - core::fmt::write::h8a494366950f23bb
                               at /rustc/1159e78c4747b02ef996e55082b704c09b970588/library/core/src/fmt/mod.rs:1468:25
   6:     0x55fe866b0123 - std::io::default_write_fmt::ha27fbccbc65eb6fa
                               at /rustc/1159e78c4747b02ef996e55082b704c09b970588/library/std/src/io/mod.rs:639:11
   7:     0x55fe866b0123 - std::io::Write::write_fmt::h6556609fca33d0b1
                               at /rustc/1159e78c4747b02ef996e55082b704c09b970588/library/std/src/io/mod.rs:1954:13
   8:     0x55fe866b56b2 - std::sys::backtrace::BacktraceLock::print::hb2a626a81e06b2dc
                               at /rustc/1159e78c4747b02ef996e55082b704c09b970588/library/std/src/sys/backtrace.rs:42:9
   9:     0x55fe866b76f9 - std::panicking::default_hook::{{closure}}::h4f78485264f12d10
                               at /rustc/1159e78c4747b02ef996e55082b704c09b970588/library/std/src/panicking.rs:300:27
  10:     0x55fe866b74db - std::panicking::default_hook::h2c66fc99e962531d
                               at /rustc/1159e78c4747b02ef996e55082b704c09b970588/library/std/src/panicking.rs:327:9
  11:     0x55fe866b8105 - std::panicking::rust_panic_with_hook::h33ac55f64bbd807d
                               at /rustc/1159e78c4747b02ef996e55082b704c09b970588/library/std/src/panicking.rs:833:13
  12:     0x55fe866b7e9a - std::panicking::begin_panic_handler::{{closure}}::h30e7cb89678a57fe
                               at /rustc/1159e78c4747b02ef996e55082b704c09b970588/library/std/src/panicking.rs:706:13
  13:     0x55fe866b5d69 - std::sys::backtrace::__rust_end_short_backtrace::hed60f27456c16ced
                               at /rustc/1159e78c4747b02ef996e55082b704c09b970588/library/std/src/sys/backtrace.rs:174:18
  14:     0x55fe866b7b2d - __rustc[de2ca18b4c54d5b8]::rust_begin_unwind
                               at /rustc/1159e78c4747b02ef996e55082b704c09b970588/library/std/src/panicking.rs:697:5
  15:     0x55fe866e1d30 - core::panicking::panic_fmt::h62f63d096dd276af
                               at /rustc/1159e78c4747b02ef996e55082b704c09b970588/library/core/src/panicking.rs:75:14
  16:     0x55fe803791be - integration_tests::integration::subscriptions::verify_subscription_events::{{closure}}::h49df6f8bed1614cb
                               at /root/project/apollo-router/tests/integration/subscriptions/mod.rs:273:5
  17:     0x55fe8040ef99 - integration_tests::integration::subscriptions::ws_passthrough::test_subscription_ws_passthrough_on_schema_reload::{{closure}}::hc89643c188ed6530
                               at /root/project/apollo-router/tests/integration/subscriptions/ws_passthrough.rs:801:63
  18:     0x55fe7ff925ef - <core::pin::Pin<P> as core::future::future::Future>::poll::hcb765372bf9a9be0
                               at /rustc/1159e78c4747b02ef996e55082b704c09b970588/library/core/src/future/future.rs:133:9
  19:     0x55fe7fe9c9eb - tokio::runtime::park::CachedParkThread::block_on::{{closure}}::had9e378af5849f11
                               at /root/.cargo/registry/src/index.crates.io-1949cf8c6b5b557f/tokio-1.48.0/src/runtime/park.rs:285:71
  20:     0x55fe7fe9b950 - tokio::task::coop::with_budget::h6c5486694f22ca15
                               at /root/.cargo/registry/src/index.crates.io-1949cf8c6b5b557f/tokio-1.48.0/src/task/coop/mod.rs:167:5
  21:     0x55fe7fe9b950 - tokio::task::coop::budget::he0a8db83177c8314
                               at /root/.cargo/registry/src/index.crates.io-1949cf8c6b5b557f/tokio-1.48.0/src/task/coop/mod.rs:133:5
  22:     0x55fe7fe9b950 - tokio::runtime::park::CachedParkThread::block_on::hc4e90ffab65caeec
                               at /root/.cargo/registry/src/index.crates.io-1949cf8c6b5b557f/tokio-1.48.0/src/runtime/park.rs:285:31
  23:     0x55fe805278a1 - tokio::runtime::context::blocking::BlockingRegionGuard::block_on::h812dc1a24efcf821
                               at /root/.cargo/registry/src/index.crates.io-1949cf8c6b5b557f/tokio-1.48.0/src/runtime/context/blocking.rs:66:14
  24:     0x55fe80134ac2 - tokio::runtime::scheduler::multi_thread::MultiThread::block_on::{{closure}}::hc61f289df102a339
                               at /root/.cargo/registry/src/index.crates.io-1949cf8c6b5b557f/tokio-1.48.0/src/runtime/scheduler/multi_thread/mod.rs:87:22
  25:     0x55fe7fec737a - tokio::runtime::context::runtime::enter_runtime::h045d20e3b3e0b850
                               at /root/.cargo/registry/src/index.crates.io-1949cf8c6b5b557f/tokio-1.48.0/src/runtime/context/runtime.rs:65:16
  26:     0x55fe80134944 - tokio::runtime::scheduler::multi_thread::MultiThread::block_on::hcf63dde5626233d0
                               at /root/.cargo/registry/src/index.crates.io-1949cf8c6b5b557f/tokio-1.48.0/src/runtime/scheduler/multi_thread/mod.rs:86:9
  27:     0x55fe7fd33c80 - tokio::runtime::runtime::Runtime::block_on_inner::hd795c11ae310e0f0
                               at /root/.cargo/registry/src/index.crates.io-1949cf8c6b5b557f/tokio-1.48.0/src/runtime/runtime.rs:370:50
  28:     0x55fe7fd34094 - tokio::runtime::runtime::Runtime::block_on::h2090ac62d0c850e9
                               at /root/.cargo/registry/src/index.crates.io-1949cf8c6b5b557f/tokio-1.48.0/src/runtime/runtime.rs:342:18
  29:     0x55fe8040b805 - integration_tests::integration::subscriptions::ws_passthrough::test_subscription_ws_passthrough_on_schema_reload::h3f3d28c4f3c09b48
                               at /root/project/apollo-router/tests/integration/subscriptions/ws_passthrough.rs:815:7
  30:     0x55fe8040b687 - integration_tests::integration::subscriptions::ws_passthrough::test_subscription_ws_passthrough_on_schema_reload::{{closure}}::hae6ae10258adaf99
                               at /root/project/apollo-router/tests/integration/subscriptions/ws_passthrough.rs:720:65
  31:     0x55fe7fb09fe6 - core::ops::function::FnOnce::call_once::hcaae4fbc1d88b992
                               at /rustc/1159e78c4747b02ef996e55082b704c09b970588/library/core/src/ops/function.rs:253:5
  32:     0x55fe8080632b - core::ops::function::FnOnce::call_once::h1f9474f1347fff52
                               at /rustc/1159e78c4747b02ef996e55082b704c09b970588/library/core/src/ops/function.rs:253:5
  33:     0x55fe8080632b - test::__rust_begin_short_backtrace::ha52ab26e77157f03
                               at /rustc/1159e78c4747b02ef996e55082b704c09b970588/library/test/src/lib.rs:648:18
  34:     0x55fe80805465 - test::run_test_in_process::{{closure}}::h229c1a11a50b261f
                               at /rustc/1159e78c4747b02ef996e55082b704c09b970588/library/test/src/lib.rs:671:74
  35:     0x55fe80805465 - <core::panic::unwind_safe::AssertUnwindSafe<F> as core::ops::function::FnOnce<()>>::call_once::h78821afbf97b39a9
                               at /rustc/1159e78c4747b02ef996e55082b704c09b970588/library/core/src/panic/unwind_safe.rs:272:9
  36:     0x55fe80805465 - std::panicking::catch_unwind::do_call::h53abf3ed5bd32ba3
                               at /rustc/1159e78c4747b02ef996e55082b704c09b970588/library/std/src/panicking.rs:589:40
  37:     0x55fe80805465 - std::panicking::catch_unwind::h6deb5fe1e91873c9
                               at /rustc/1159e78c4747b02ef996e55082b704c09b970588/library/std/src/panicking.rs:552:19
  38:     0x55fe80805465 - std::panic::catch_unwind::hea0829b6b565654b
                               at /rustc/1159e78c4747b02ef996e55082b704c09b970588/library/std/src/panic.rs:359:14
  39:     0x55fe80805465 - test::run_test_in_process::hdc44dfecea3db21b
                               at /rustc/1159e78c4747b02ef996e55082b704c09b970588/library/test/src/lib.rs:671:27
  40:     0x55fe80805465 - test::run_test::{{closure}}::h0364ba59bf23f652
                               at /rustc/1159e78c4747b02ef996e55082b704c09b970588/library/test/src/lib.rs:592:43
  41:     0x55fe807c9064 - test::run_test::{{closure}}::h32730b304eec05da
                               at /rustc/1159e78c4747b02ef996e55082b704c09b970588/library/test/src/lib.rs:622:41
  42:     0x55fe807c9064 - std::sys::backtrace::__rust_begin_short_backtrace::h177cb952fc54ad2c
                               at /rustc/1159e78c4747b02ef996e55082b704c09b970588/library/std/src/sys/backtrace.rs:158:18
  43:     0x55fe807cca3a - std::thread::Builder::spawn_unchecked_::{{closure}}::{{closure}}::h119d903520007597
                               at /rustc/1159e78c4747b02ef996e55082b704c09b970588/library/std/src/thread/mod.rs:559:17
  44:     0x55fe807cca3a - <core::panic::unwind_safe::AssertUnwindSafe<F> as core::ops::function::FnOnce<()>>::call_once::hab88401d606702a6
                               at /rustc/1159e78c4747b02ef996e55082b704c09b970588/library/core/src/panic/unwind_safe.rs:272:9
  45:     0x55fe807cca3a - std::panicking::catch_unwind::do_call::h163fe12cca9901c2
                               at /rustc/1159e78c4747b02ef996e55082b704c09b970588/library/std/src/panicking.rs:589:40
  46:     0x55fe807cca3a - std::panicking::catch_unwind::he81557d0e17cc1bc
                               at /rustc/1159e78c4747b02ef996e55082b704c09b970588/library/std/src/panicking.rs:552:19
  47:     0x55fe807cca3a - std::panic::catch_unwind::hc2b8e79c20593955
                               at /rustc/1159e78c4747b02ef996e55082b704c09b970588/library/std/src/panic.rs:359:14
  48:     0x55fe807cca3a - std::thread::Builder::spawn_unchecked_::{{closure}}::hfa6b4978e07815cc
                               at /rustc/1159e78c4747b02ef996e55082b704c09b970588/library/std/src/thread/mod.rs:557:30
  49:     0x55fe807cca3a - core::ops::function::FnOnce::call_once{{vtable.shim}}::hddcd7484a13fd793
                               at /rustc/1159e78c4747b02ef996e55082b704c09b970588/library/core/src/ops/function.rs:253:5
  50:     0x55fe866bbaef - <alloc::boxed::Box<F,A> as core::ops::function::FnOnce<Args>>::call_once::h5924238c754de3b8
                               at /rustc/1159e78c4747b02ef996e55082b704c09b970588/library/alloc/src/boxed.rs:1971:9
  51:     0x55fe866bbaef - std::sys::pal::unix::thread::Thread::new::thread_start::hb6e99e73da4d28f8
                               at /rustc/1159e78c4747b02ef996e55082b704c09b970588/library/std/src/sys/pal/unix/thread.rs:107:17
  52:     0x7f8c5e4a81ca - start_thread
  53:     0x7f8c5e9118d3 - __GI___clone
  54:                0x0 - <unknown>
[0m
[35;1m   RETRY 3/3[0m [         ] [35;1mapollo-router::integration_tests[0m [36mintegration::subscriptions::ws_passthrough[0m[36m::[0m[34;1mtest_subscription_ws_passthrough_on_schema_reload[0m
[32;1m        PASS[0m [   2.845s] [35;1mapollo-router::integration_tests[0m [36mintegration::telemetry::datadog[0m[36m::[0m[34;1mtest_with_parent_span[0m
[35;1m  TRY 1 FAIL[0m [   2.796s] [35;1mapollo-router::integration_tests[0m [36mintegration::telemetry::events[0m[36m::[0m[34;1mtest_events_with_request_header_condition[0m

[35;1m--- [0m[35;1mTRY[0m [35;1m1[0m [35;1mSTDOUT:        [0m[35;1mapollo-router::integration_tests[0m [36mintegration::telemetry::events[0m[36m::[0m[34;1mtest_events_with_request_header_condition[0m[35;1m ---[0m

running 1 test
[2m2025-11-13T03:17:13.002133Z[0m [32m INFO[0m Loading supergraph from file
[2m2025-11-13T03:17:15.674153Z[0m [32m INFO[0m Mock server shutting down
[2m2025-11-13T03:17:15.674879Z[0m [32m INFO[0m Mock server shutting down
test integration::telemetry::events::test_events_with_request_header_condition ... FAILED

failures:

failures:
    integration::telemetry::events::test_events_with_request_header_condition

test result: FAILED. 0 passed; 1 failed; 0 ignored; 0 measured; 338 filtered out; finished in 2.72s

[0m
[35;1m--- [0m[35;1mTRY[0m [35;1m1[0m [35;1mSTDERR:        [0m[35;1mapollo-router::integration_tests[0m [36mintegration::telemetry::events[0m[36m::[0m[34;1mtest_events_with_request_header_condition[0m[35;1m ---[0m

thread 'integration::telemetry::events::test_events_with_request_header_condition' panicked at apollo-router/tests/integration/../common.rs:950:25:
unable to send successful request to router, error sending request for url (http://127.0.0.1:34047/)
stack backtrace:
   0:     0x5575feb17862 - std::backtrace_rs::backtrace::libunwind::trace::h2d45396358f41939
                               at /rustc/1159e78c4747b02ef996e55082b704c09b970588/library/std/src/../../backtrace/src/backtrace/libunwind.rs:117:9
   1:     0x5575feb17862 - std::backtrace_rs::backtrace::trace_unsynchronized::hffcefc0b67f1d6e2
                               at /rustc/1159e78c4747b02ef996e55082b704c09b970588/library/std/src/../../backtrace/src/backtrace/mod.rs:66:14
   2:     0x5575feb17862 - std::sys::backtrace::_print_fmt::hd72f71d23b436b92
                               at /rustc/1159e78c4747b02ef996e55082b704c09b970588/library/std/src/sys/backtrace.rs:66:9
   3:     0x5575feb17862 - <std::sys::backtrace::BacktraceLock::print::DisplayBacktrace as core::fmt::Display>::fmt::hdcfcb6d4c8489523
                               at /rustc/1159e78c4747b02ef996e55082b704c09b970588/library/std/src/sys/backtrace.rs:39:26
   4:     0x5575feb47703 - core::fmt::rt::Argument::fmt::h2c56b3114963061a
                               at /rustc/1159e78c4747b02ef996e55082b704c09b970588/library/core/src/fmt/rt.rs:173:76
   5:     0x5575feb47703 - core::fmt::write::h8a494366950f23bb
                               at /rustc/1159e78c4747b02ef996e55082b704c09b970588/library/core/src/fmt/mod.rs:1468:25
   6:     0x5575feb12123 - std::io::default_write_fmt::ha27fbccbc65eb6fa
                               at /rustc/1159e78c4747b02ef996e55082b704c09b970588/library/std/src/io/mod.rs:639:11
   7:     0x5575feb12123 - std::io::Write::write_fmt::h6556609fca33d0b1
                               at /rustc/1159e78c4747b02ef996e55082b704c09b970588/library/std/src/io/mod.rs:1954:13
   8:     0x5575feb176b2 - std::sys::backtrace::BacktraceLock::print::hb2a626a81e06b2dc
                               at /rustc/1159e78c4747b02ef996e55082b704c09b970588/library/std/src/sys/backtrace.rs:42:9
   9:     0x5575feb196f9 - std::panicking::default_hook::{{closure}}::h4f78485264f12d10
                               at /rustc/1159e78c4747b02ef996e55082b704c09b970588/library/std/src/panicking.rs:300:27
  10:     0x5575feb194db - std::panicking::default_hook::h2c66fc99e962531d
                               at /rustc/1159e78c4747b02ef996e55082b704c09b970588/library/std/src/panicking.rs:327:9
  11:     0x5575feb1a105 - std::panicking::rust_panic_with_hook::h33ac55f64bbd807d
                               at /rustc/1159e78c4747b02ef996e55082b704c09b970588/library/std/src/panicking.rs:833:13
  12:     0x5575feb19e9a - std::panicking::begin_panic_handler::{{closure}}::h30e7cb89678a57fe
                               at /rustc/1159e78c4747b02ef996e55082b704c09b970588/library/std/src/panicking.rs:706:13
  13:     0x5575feb17d69 - std::sys::backtrace::__rust_end_short_backtrace::hed60f27456c16ced
                               at /rustc/1159e78c4747b02ef996e55082b704c09b970588/library/std/src/sys/backtrace.rs:174:18
  14:     0x5575feb19b2d - __rustc[de2ca18b4c54d5b8]::rust_begin_unwind
                               at /rustc/1159e78c4747b02ef996e55082b704c09b970588/library/std/src/panicking.rs:697:5
  15:     0x5575feb43d30 - core::panicking::panic_fmt::h62f63d096dd276af
                               at /rustc/1159e78c4747b02ef996e55082b704c09b970588/library/core/src/panicking.rs:75:14
  16:     0x5575f8808c37 - integration_tests::integration::common::IntegrationTest::execute_query::{{closure}}::{{closure}}::h4d085f6cd6156b05
                               at /root/project/apollo-router/tests/integration/../common.rs:950:25
  17:     0x5575f87bf70e - <tracing_futures::Instrumented<T> as core::future::future::Future>::poll::h1105381b388b8898
                               at /root/.cargo/registry/src/index.crates.io-1949cf8c6b5b557f/tracing-futures-0.2.5/src/lib.rs:283:20
  18:     0x5575f8807caf - integration_tests::integration::common::IntegrationTest::execute_query::{{closure}}::h7b0aa09fa141b36c
                               at /root/project/apollo-router/tests/integration/../common.rs:955:14
  19:     0x5575f87bfa8d - <tracing_futures::WithDispatch<T> as core::future::future::Future>::poll::{{closure}}::hfdb6261be1c5115b
                               at /root/.cargo/registry/src/index.crates.io-1949cf8c6b5b557f/tracing-futures-0.2.5/src/lib.rs:455:54
  20:     0x5575f82b3b41 - tracing_core::dispatcher::with_default::h39ef5ab5337363e5
                               at /root/.cargo/registry/src/index.crates.io-1949cf8c6b5b557f/tracing-core-0.1.34/src/dispatcher.rs:262:5
  21:     0x5575f87bfa2a - <tracing_futures::WithDispatch<T> as core::future::future::Future>::poll::h63f620e3e3cbb415
                               at /root/.cargo/registry/src/index.crates.io-1949cf8c6b5b557f/tracing-futures-0.2.5/src/lib.rs:455:9
  22:     0x5575f86a1cad - integration_tests::integration::telemetry::events::EventTest::execute_query::{{closure}}::hcdb7dcc126ab7d07
                               at /root/project/apollo-router/tests/integration/telemetry/events.rs:332:62
  23:     0x5575f86dd6da - integration_tests::integration::telemetry::events::test_events_with_request_header_condition::{{closure}}::h0360cb865bd0f3f1
                               at /root/project/apollo-router/tests/integration/telemetry/events.rs:233:55
  24:     0x5575f83f45ef - <core::pin::Pin<P> as core::future::future::Future>::poll::hcb765372bf9a9be0
                               at /rustc/1159e78c4747b02ef996e55082b704c09b970588/library/core/src/future/future.rs:133:9
  25:     0x5575f82fe9eb - tokio::runtime::park::CachedParkThread::block_on::{{closure}}::had9e378af5849f11
                               at /root/.cargo/registry/src/index.crates.io-1949cf8c6b5b557f/tokio-1.48.0/src/runtime/park.rs:285:71
  26:     0x5575f82fd950 - tokio::task::coop::with_budget::h6c5486694f22ca15
                               at /root/.cargo/registry/src/index.crates.io-1949cf8c6b5b557f/tokio-1.48.0/src/task/coop/mod.rs:167:5
  27:     0x5575f82fd950 - tokio::task::coop::budget::he0a8db83177c8314
                               at /root/.cargo/registry/src/index.crates.io-1949cf8c6b5b557f/tokio-1.48.0/src/task/coop/mod.rs:133:5
  28:     0x5575f82fd950 - tokio::runtime::park::CachedParkThread::block_on::hc4e90ffab65caeec
                               at /root/.cargo/registry/src/index.crates.io-1949cf8c6b5b557f/tokio-1.48.0/src/runtime/park.rs:285:31
  29:     0x5575f89898a1 - tokio::runtime::context::blocking::BlockingRegionGuard::block_on::h812dc1a24efcf821
                               at /root/.cargo/registry/src/index.crates.io-1949cf8c6b5b557f/tokio-1.48.0/src/runtime/context/blocking.rs:66:14
  30:     0x5575f8596ac2 - tokio::runtime::scheduler::multi_thread::MultiThread::block_on::{{closure}}::hc61f289df102a339
                               at /root/.cargo/registry/src/index.crates.io-1949cf8c6b5b557f/tokio-1.48.0/src/runtime/scheduler/multi_thread/mod.rs:87:22
  31:     0x5575f832937a - tokio::runtime::context::runtime::enter_runtime::h045d20e3b3e0b850
                               at /root/.cargo/registry/src/index.crates.io-1949cf8c6b5b557f/tokio-1.48.0/src/runtime/context/runtime.rs:65:16
  32:     0x5575f8596944 - tokio::runtime::scheduler::multi_thread::MultiThread::block_on::hcf63dde5626233d0
                               at /root/.cargo/registry/src/index.crates.io-1949cf8c6b5b557f/tokio-1.48.0/src/runtime/scheduler/multi_thread/mod.rs:86:9
  33:     0x5575f8195c80 - tokio::runtime::runtime::Runtime::block_on_inner::hd795c11ae310e0f0
                               at /root/.cargo/registry/src/index.crates.io-1949cf8c6b5b557f/tokio-1.48.0/src/runtime/runtime.rs:370:50
  34:     0x5575f8196094 - tokio::runtime::runtime::Runtime::block_on::h2090ac62d0c850e9
                               at /root/.cargo/registry/src/index.crates.io-1949cf8c6b5b557f/tokio-1.48.0/src/runtime/runtime.rs:342:18
  35:     0x5575f86d0955 - integration_tests::integration::telemetry::events::test_events_with_request_header_condition::h094c6b52cc62fd19
                               at /root/project/apollo-router/tests/integration/telemetry/events.rs:276:7
  36:     0x5575f86d07d7 - integration_tests::integration::telemetry::events::test_events_with_request_header_condition::{{closure}}::h72040cdc4a92a76e
                               at /root/project/apollo-router/tests/integration/telemetry/events.rs:111:57
  37:     0x5575f7f5bf16 - core::ops::function::FnOnce::call_once::h05c9bc990855a026
                               at /rustc/1159e78c4747b02ef996e55082b704c09b970588/library/core/src/ops/function.rs:253:5
  38:     0x5575f8c6832b - core::ops::function::FnOnce::call_once::h1f9474f1347fff52
                               at /rustc/1159e78c4747b02ef996e55082b704c09b970588/library/core/src/ops/function.rs:253:5
  39:     0x5575f8c6832b - test::__rust_begin_short_backtrace::ha52ab26e77157f03
                               at /rustc/1159e78c4747b02ef996e55082b704c09b970588/library/test/src/lib.rs:648:18
  40:     0x5575f8c67465 - test::run_test_in_process::{{closure}}::h229c1a11a50b261f
                               at /rustc/1159e78c4747b02ef996e55082b704c09b970588/library/test/src/lib.rs:671:74
  41:     0x5575f8c67465 - <core::panic::unwind_safe::AssertUnwindSafe<F> as core::ops::function::FnOnce<()>>::call_once::h78821afbf97b39a9
                               at /rustc/1159e78c4747b02ef996e55082b704c09b970588/library/core/src/panic/unwind_safe.rs:272:9
  42:     0x5575f8c67465 - std::panicking::catch_unwind::do_call::h53abf3ed5bd32ba3
                               at /rustc/1159e78c4747b02ef996e55082b704c09b970588/library/std/src/panicking.rs:589:40
  43:     0x5575f8c67465 - std::panicking::catch_unwind::h6deb5fe1e91873c9
                               at /rustc/1159e78c4747b02ef996e55082b704c09b970588/library/std/src/panicking.rs:552:19
  44:     0x5575f8c67465 - std::panic::catch_unwind::hea0829b6b565654b
                               at /rustc/1159e78c4747b02ef996e55082b704c09b970588/library/std/src/panic.rs:359:14
  45:     0x5575f8c67465 - test::run_test_in_process::hdc44dfecea3db21b
                               at /rustc/1159e78c4747b02ef996e55082b704c09b970588/library/test/src/lib.rs:671:27
  46:     0x5575f8c67465 - test::run_test::{{closure}}::h0364ba59bf23f652
                               at /rustc/1159e78c4747b02ef996e55082b704c09b970588/library/test/src/lib.rs:592:43
  47:     0x5575f8c2b064 - test::run_test::{{closure}}::h32730b304eec05da
                               at /rustc/1159e78c4747b02ef996e55082b704c09b970588/library/test/src/lib.rs:622:41
  48:     0x5575f8c2b064 - std::sys::backtrace::__rust_begin_short_backtrace::h177cb952fc54ad2c
                               at /rustc/1159e78c4747b02ef996e55082b704c09b970588/library/std/src/sys/backtrace.rs:158:18
  49:     0x5575f8c2ea3a - std::thread::Builder::spawn_unchecked_::{{closure}}::{{closure}}::h119d903520007597
                               at /rustc/1159e78c4747b02ef996e55082b704c09b970588/library/std/src/thread/mod.rs:559:17
  50:     0x5575f8c2ea3a - <core::panic::unwind_safe::AssertUnwindSafe<F> as core::ops::function::FnOnce<()>>::call_once::hab88401d606702a6
                               at /rustc/1159e78c4747b02ef996e55082b704c09b970588/library/core/src/panic/unwind_safe.rs:272:9
  51:     0x5575f8c2ea3a - std::panicking::catch_unwind::do_call::h163fe12cca9901c2
                               at /rustc/1159e78c4747b02ef996e55082b704c09b970588/library/std/src/panicking.rs:589:40
  52:     0x5575f8c2ea3a - std::panicking::catch_unwind::he81557d0e17cc1bc
                               at /rustc/1159e78c4747b02ef996e55082b704c09b970588/library/std/src/panicking.rs:552:19
  53:     0x5575f8c2ea3a - std::panic::catch_unwind::hc2b8e79c20593955
                               at /rustc/1159e78c4747b02ef996e55082b704c09b970588/library/std/src/panic.rs:359:14
  54:     0x5575f8c2ea3a - std::thread::Builder::spawn_unchecked_::{{closure}}::hfa6b4978e07815cc
                               at /rustc/1159e78c4747b02ef996e55082b704c09b970588/library/std/src/thread/mod.rs:557:30
  55:     0x5575f8c2ea3a - core::ops::function::FnOnce::call_once{{vtable.shim}}::hddcd7484a13fd793
                               at /rustc/1159e78c4747b02ef996e55082b704c09b970588/library/core/src/ops/function.rs:253:5
  56:     0x5575feb1daef - <alloc::boxed::Box<F,A> as core::ops::function::FnOnce<Args>>::call_once::h5924238c754de3b8
                               at /rustc/1159e78c4747b02ef996e55082b704c09b970588/library/alloc/src/boxed.rs:1971:9
  57:     0x5575feb1daef - std::sys::pal::unix::thread::Thread::new::thread_start::hb6e99e73da4d28f8
                               at /rustc/1159e78c4747b02ef996e55082b704c09b970588/library/std/src/sys/pal/unix/thread.rs:107:17
  58:     0x7efe792f01ca - start_thread
  59:     0x7efe797598d3 - __GI___clone
  60:                0x0 - <unknown>
[0m
[35;1m   RETRY 2/3[0m [         ] [35;1mapollo-router::integration_tests[0m [36mintegration::telemetry::events[0m[36m::[0m[34;1mtest_events_with_request_header_condition[0m
[32;1m        PASS[0m [   4.235s] [35;1mapollo-router::integration_tests[0m [36mintegration::telemetry::datadog[0m[36m::[0m[34;1mtest_priority_sampling_parent_sampler_very_small_parent_no_agent_sampling[0m
[32;1m        PASS[0m [   2.377s] [35;1mapollo-router::integration_tests[0m [36mintegration::telemetry::logging[0m[36m::[0m[34;1mtest_json_uuid_format[0m
[32;1m        PASS[0m [   2.761s] [35;1mapollo-router::integration_tests[0m [36mintegration::telemetry::logging[0m[36m::[0m[34;1mtest_json[0m
[32;1m        PASS[0m [   2.373s] [35;1mapollo-router::integration_tests[0m [36mintegration::telemetry::logging[0m[36m::[0m[34;1mtest_text_sampler_off[0m
[32;1m        PASS[0m [   2.538s] [35;1mapollo-router::integration_tests[0m [36mintegration::telemetry::logging[0m[36m::[0m[34;1mtest_text[0m
[32;1m        PASS[0m [   2.437s] [35;1mapollo-router::integration_tests[0m [36mintegration::telemetry::logging[0m[36m::[0m[34;1mtest_text_uuid_format[0m
[35;1m  TRY 1 FAIL[0m [   3.170s] [35;1mapollo-router::integration_tests[0m [36mintegration::telemetry::logging[0m[36m::[0m[34;1mtest_json_sampler_off[0m

[35;1m--- [0m[35;1mTRY[0m [35;1m1[0m [35;1mSTDOUT:        [0m[35;1mapollo-router::integration_tests[0m [36mintegration::telemetry::logging[0m[36m::[0m[34;1mtest_json_sampler_off[0m[35;1m ---[0m

running 1 test
[2m2025-11-13T03:17:13.436566Z[0m [32m INFO[0m Loading supergraph from file
[2m2025-11-13T03:17:16.457158Z[0m [32m INFO[0m Mock server shutting down
[2m2025-11-13T03:17:16.458460Z[0m [32m INFO[0m Mock server shutting down
test integration::telemetry::logging::test_json_sampler_off ... FAILED

failures:

failures:
    integration::telemetry::logging::test_json_sampler_off

test result: FAILED. 0 passed; 1 failed; 0 ignored; 0 measured; 338 filtered out; finished in 3.08s

[0m
[35;1m--- [0m[35;1mTRY[0m [35;1m1[0m [35;1mSTDERR:        [0m[35;1mapollo-router::integration_tests[0m [36mintegration::telemetry::logging[0m[36m::[0m[34;1mtest_json_sampler_off[0m[35;1m ---[0m

thread 'integration::telemetry::logging::test_json_sampler_off' panicked at apollo-router/tests/integration/../common.rs:950:25:
unable to send successful request to router, error sending request for url (http://127.0.0.1:38725/)
stack backtrace:
   0:     0x56087ac66862 - std::backtrace_rs::backtrace::libunwind::trace::h2d45396358f41939
                               at /rustc/1159e78c4747b02ef996e55082b704c09b970588/library/std/src/../../backtrace/src/backtrace/libunwind.rs:117:9
   1:     0x56087ac66862 - std::backtrace_rs::backtrace::trace_unsynchronized::hffcefc0b67f1d6e2
                               at /rustc/1159e78c4747b02ef996e55082b704c09b970588/library/std/src/../../backtrace/src/backtrace/mod.rs:66:14
   2:     0x56087ac66862 - std::sys::backtrace::_print_fmt::hd72f71d23b436b92
                               at /rustc/1159e78c4747b02ef996e55082b704c09b970588/library/std/src/sys/backtrace.rs:66:9
   3:     0x56087ac66862 - <std::sys::backtrace::BacktraceLock::print::DisplayBacktrace as core::fmt::Display>::fmt::hdcfcb6d4c8489523
                               at /rustc/1159e78c4747b02ef996e55082b704c09b970588/library/std/src/sys/backtrace.rs:39:26
   4:     0x56087ac96703 - core::fmt::rt::Argument::fmt::h2c56b3114963061a
                               at /rustc/1159e78c4747b02ef996e55082b704c09b970588/library/core/src/fmt/rt.rs:173:76
   5:     0x56087ac96703 - core::fmt::write::h8a494366950f23bb
                               at /rustc/1159e78c4747b02ef996e55082b704c09b970588/library/core/src/fmt/mod.rs:1468:25
   6:     0x56087ac61123 - std::io::default_write_fmt::ha27fbccbc65eb6fa
                               at /rustc/1159e78c4747b02ef996e55082b704c09b970588/library/std/src/io/mod.rs:639:11
   7:     0x56087ac61123 - std::io::Write::write_fmt::h6556609fca33d0b1
                               at /rustc/1159e78c4747b02ef996e55082b704c09b970588/library/std/src/io/mod.rs:1954:13
   8:     0x56087ac666b2 - std::sys::backtrace::BacktraceLock::print::hb2a626a81e06b2dc
                               at /rustc/1159e78c4747b02ef996e55082b704c09b970588/library/std/src/sys/backtrace.rs:42:9
   9:     0x56087ac686f9 - std::panicking::default_hook::{{closure}}::h4f78485264f12d10
                               at /rustc/1159e78c4747b02ef996e55082b704c09b970588/library/std/src/panicking.rs:300:27
  10:     0x56087ac684db - std::panicking::default_hook::h2c66fc99e962531d
                               at /rustc/1159e78c4747b02ef996e55082b704c09b970588/library/std/src/panicking.rs:327:9
  11:     0x56087ac69105 - std::panicking::rust_panic_with_hook::h33ac55f64bbd807d
                               at /rustc/1159e78c4747b02ef996e55082b704c09b970588/library/std/src/panicking.rs:833:13
  12:     0x56087ac68e9a - std::panicking::begin_panic_handler::{{closure}}::h30e7cb89678a57fe
                               at /rustc/1159e78c4747b02ef996e55082b704c09b970588/library/std/src/panicking.rs:706:13
  13:     0x56087ac66d69 - std::sys::backtrace::__rust_end_short_backtrace::hed60f27456c16ced
                               at /rustc/1159e78c4747b02ef996e55082b704c09b970588/library/std/src/sys/backtrace.rs:174:18
  14:     0x56087ac68b2d - __rustc[de2ca18b4c54d5b8]::rust_begin_unwind
                               at /rustc/1159e78c4747b02ef996e55082b704c09b970588/library/std/src/panicking.rs:697:5
  15:     0x56087ac92d30 - core::panicking::panic_fmt::h62f63d096dd276af
                               at /rustc/1159e78c4747b02ef996e55082b704c09b970588/library/core/src/panicking.rs:75:14
  16:     0x560874957c37 - integration_tests::integration::common::IntegrationTest::execute_query::{{closure}}::{{closure}}::h4d085f6cd6156b05
                               at /root/project/apollo-router/tests/integration/../common.rs:950:25
  17:     0x56087490e70e - <tracing_futures::Instrumented<T> as core::future::future::Future>::poll::h1105381b388b8898
                               at /root/.cargo/registry/src/index.crates.io-1949cf8c6b5b557f/tracing-futures-0.2.5/src/lib.rs:283:20
  18:     0x560874956caf - integration_tests::integration::common::IntegrationTest::execute_query::{{closure}}::h7b0aa09fa141b36c
                               at /root/project/apollo-router/tests/integration/../common.rs:955:14
  19:     0x56087490ea8d - <tracing_futures::WithDispatch<T> as core::future::future::Future>::poll::{{closure}}::hfdb6261be1c5115b
                               at /root/.cargo/registry/src/index.crates.io-1949cf8c6b5b557f/tracing-futures-0.2.5/src/lib.rs:455:54
  20:     0x560874402b41 - tracing_core::dispatcher::with_default::h39ef5ab5337363e5
                               at /root/.cargo/registry/src/index.crates.io-1949cf8c6b5b557f/tracing-core-0.1.34/src/dispatcher.rs:262:5
  21:     0x56087490ea2a - <tracing_futures::WithDispatch<T> as core::future::future::Future>::poll::h63f620e3e3cbb415
                               at /root/.cargo/registry/src/index.crates.io-1949cf8c6b5b557f/tracing-futures-0.2.5/src/lib.rs:455:9
  22:     0x560874602d0d - integration_tests::integration::telemetry::logging::test_json_sampler_off::{{closure}}::h3f58b7fff643d89a
                               at /root/project/apollo-router/tests/integration/telemetry/logging.rs:179:36
  23:     0x5608745435ef - <core::pin::Pin<P> as core::future::future::Future>::poll::hcb765372bf9a9be0
                               at /rustc/1159e78c4747b02ef996e55082b704c09b970588/library/core/src/future/future.rs:133:9
  24:     0x56087444d9eb - tokio::runtime::park::CachedParkThread::block_on::{{closure}}::had9e378af5849f11
                               at /root/.cargo/registry/src/index.crates.io-1949cf8c6b5b557f/tokio-1.48.0/src/runtime/park.rs:285:71
  25:     0x56087444c950 - tokio::task::coop::with_budget::h6c5486694f22ca15
                               at /root/.cargo/registry/src/index.crates.io-1949cf8c6b5b557f/tokio-1.48.0/src/task/coop/mod.rs:167:5
  26:     0x56087444c950 - tokio::task::coop::budget::he0a8db83177c8314
                               at /root/.cargo/registry/src/index.crates.io-1949cf8c6b5b557f/tokio-1.48.0/src/task/coop/mod.rs:133:5
  27:     0x56087444c950 - tokio::runtime::park::CachedParkThread::block_on::hc4e90ffab65caeec
                               at /root/.cargo/registry/src/index.crates.io-1949cf8c6b5b557f/tokio-1.48.0/src/runtime/park.rs:285:31
  28:     0x560874ad88a1 - tokio::runtime::context::blocking::BlockingRegionGuard::block_on::h812dc1a24efcf821
                               at /root/.cargo/registry/src/index.crates.io-1949cf8c6b5b557f/tokio-1.48.0/src/runtime/context/blocking.rs:66:14
  29:     0x5608746e5ac2 - tokio::runtime::scheduler::multi_thread::MultiThread::block_on::{{closure}}::hc61f289df102a339
                               at /root/.cargo/registry/src/index.crates.io-1949cf8c6b5b557f/tokio-1.48.0/src/runtime/scheduler/multi_thread/mod.rs:87:22
  30:     0x56087447837a - tokio::runtime::context::runtime::enter_runtime::h045d20e3b3e0b850
                               at /root/.cargo/registry/src/index.crates.io-1949cf8c6b5b557f/tokio-1.48.0/src/runtime/context/runtime.rs:65:16
  31:     0x5608746e5944 - tokio::runtime::scheduler::multi_thread::MultiThread::block_on::hcf63dde5626233d0
                               at /root/.cargo/registry/src/index.crates.io-1949cf8c6b5b557f/tokio-1.48.0/src/runtime/scheduler/multi_thread/mod.rs:86:9
  32:     0x5608742e4c80 - tokio::runtime::runtime::Runtime::block_on_inner::hd795c11ae310e0f0
                               at /root/.cargo/registry/src/index.crates.io-1949cf8c6b5b557f/tokio-1.48.0/src/runtime/runtime.rs:370:50
  33:     0x5608742e5094 - tokio::runtime::runtime::Runtime::block_on::h2090ac62d0c850e9
                               at /root/.cargo/registry/src/index.crates.io-1949cf8c6b5b557f/tokio-1.48.0/src/runtime/runtime.rs:342:18
  34:     0x560874600c96 - integration_tests::integration::telemetry::logging::test_json_sampler_off::hbda324a0eea9bbff
                               at /root/project/apollo-router/tests/integration/telemetry/logging.rs:185:7
  35:     0x560874600b27 - integration_tests::integration::telemetry::logging::test_json_sampler_off::{{closure}}::hbcbf54989be2b2ee
                               at /root/project/apollo-router/tests/integration/telemetry/logging.rs:155:37
  36:     0x5608740adba6 - core::ops::function::FnOnce::call_once::h2695b346b52e086f
                               at /rustc/1159e78c4747b02ef996e55082b704c09b970588/library/core/src/ops/function.rs:253:5
  37:     0x560874db732b - core::ops::function::FnOnce::call_once::h1f9474f1347fff52
                               at /rustc/1159e78c4747b02ef996e55082b704c09b970588/library/core/src/ops/function.rs:253:5
  38:     0x560874db732b - test::__rust_begin_short_backtrace::ha52ab26e77157f03
                               at /rustc/1159e78c4747b02ef996e55082b704c09b970588/library/test/src/lib.rs:648:18
  39:     0x560874db6465 - test::run_test_in_process::{{closure}}::h229c1a11a50b261f
                               at /rustc/1159e78c4747b02ef996e55082b704c09b970588/library/test/src/lib.rs:671:74
  40:     0x560874db6465 - <core::panic::unwind_safe::AssertUnwindSafe<F> as core::ops::function::FnOnce<()>>::call_once::h78821afbf97b39a9
                               at /rustc/1159e78c4747b02ef996e55082b704c09b970588/library/core/src/panic/unwind_safe.rs:272:9
  41:     0x560874db6465 - std::panicking::catch_unwind::do_call::h53abf3ed5bd32ba3
                               at /rustc/1159e78c4747b02ef996e55082b704c09b970588/library/std/src/panicking.rs:589:40
  42:     0x560874db6465 - std::panicking::catch_unwind::h6deb5fe1e91873c9
                               at /rustc/1159e78c4747b02ef996e55082b704c09b970588/library/std/src/panicking.rs:552:19
  43:     0x560874db6465 - std::panic::catch_unwind::hea0829b6b565654b
                               at /rustc/1159e78c4747b02ef996e55082b704c09b970588/library/std/src/panic.rs:359:14
  44:     0x560874db6465 - test::run_test_in_process::hdc44dfecea3db21b
                               at /rustc/1159e78c4747b02ef996e55082b704c09b970588/library/test/src/lib.rs:671:27
  45:     0x560874db6465 - test::run_test::{{closure}}::h0364ba59bf23f652
                               at /rustc/1159e78c4747b02ef996e55082b704c09b970588/library/test/src/lib.rs:592:43
  46:     0x560874d7a064 - test::run_test::{{closure}}::h32730b304eec05da
                               at /rustc/1159e78c4747b02ef996e55082b704c09b970588/library/test/src/lib.rs:622:41
  47:     0x560874d7a064 - std::sys::backtrace::__rust_begin_short_backtrace::h177cb952fc54ad2c
                               at /rustc/1159e78c4747b02ef996e55082b704c09b970588/library/std/src/sys/backtrace.rs:158:18
  48:     0x560874d7da3a - std::thread::Builder::spawn_unchecked_::{{closure}}::{{closure}}::h119d903520007597
                               at /rustc/1159e78c4747b02ef996e55082b704c09b970588/library/std/src/thread/mod.rs:559:17
  49:     0x560874d7da3a - <core::panic::unwind_safe::AssertUnwindSafe<F> as core::ops::function::FnOnce<()>>::call_once::hab88401d606702a6
                               at /rustc/1159e78c4747b02ef996e55082b704c09b970588/library/core/src/panic/unwind_safe.rs:272:9
  50:     0x560874d7da3a - std::panicking::catch_unwind::do_call::h163fe12cca9901c2
                               at /rustc/1159e78c4747b02ef996e55082b704c09b970588/library/std/src/panicking.rs:589:40
  51:     0x560874d7da3a - std::panicking::catch_unwind::he81557d0e17cc1bc
                               at /rustc/1159e78c4747b02ef996e55082b704c09b970588/library/std/src/panicking.rs:552:19
  52:     0x560874d7da3a - std::panic::catch_unwind::hc2b8e79c20593955
                               at /rustc/1159e78c4747b02ef996e55082b704c09b970588/library/std/src/panic.rs:359:14
  53:     0x560874d7da3a - std::thread::Builder::spawn_unchecked_::{{closure}}::hfa6b4978e07815cc
                               at /rustc/1159e78c4747b02ef996e55082b704c09b970588/library/std/src/thread/mod.rs:557:30
  54:     0x560874d7da3a - core::ops::function::FnOnce::call_once{{vtable.shim}}::hddcd7484a13fd793
                               at /rustc/1159e78c4747b02ef996e55082b704c09b970588/library/core/src/ops/function.rs:253:5
  55:     0x56087ac6caef - <alloc::boxed::Box<F,A> as core::ops::function::FnOnce<Args>>::call_once::h5924238c754de3b8
                               at /rustc/1159e78c4747b02ef996e55082b704c09b970588/library/alloc/src/boxed.rs:1971:9
  56:     0x56087ac6caef - std::sys::pal::unix::thread::Thread::new::thread_start::hb6e99e73da4d28f8
                               at /rustc/1159e78c4747b02ef996e55082b704c09b970588/library/std/src/sys/pal/unix/thread.rs:107:17
  57:     0x7f696accb1ca - start_thread
  58:     0x7f696b1348d3 - __GI___clone
  59:                0x0 - <unknown>
[0m
[35;1m   RETRY 2/3[0m [         ] [35;1mapollo-router::integration_tests[0m [36mintegration::telemetry::logging[0m[36m::[0m[34;1mtest_json_sampler_off[0m
[35;1m  TRY 1 FAIL[0m [   2.522s] [35;1mapollo-router::integration_tests[0m [36mintegration::telemetry::metrics[0m[36m::[0m[34;1mtest_bad_queries[0m

[35;1m--- [0m[35;1mTRY[0m [35;1m1[0m [35;1mSTDOUT:        [0m[35;1mapollo-router::integration_tests[0m [36mintegration::telemetry::metrics[0m[36m::[0m[34;1mtest_bad_queries[0m[35;1m ---[0m

running 1 test
[2m2025-11-13T03:17:14.341687Z[0m [32m INFO[0m Loading supergraph from file
[2m2025-11-13T03:17:16.782371Z[0m [32m INFO[0m Mock server shutting down
[2m2025-11-13T03:17:16.782602Z[0m [32m INFO[0m Mock server shutting down
test integration::telemetry::metrics::test_bad_queries ... FAILED

failures:

failures:
    integration::telemetry::metrics::test_bad_queries

test result: FAILED. 0 passed; 1 failed; 0 ignored; 0 measured; 338 filtered out; finished in 2.47s

[0m
[35;1m--- [0m[35;1mTRY[0m [35;1m1[0m [35;1mSTDERR:        [0m[35;1mapollo-router::integration_tests[0m [36mintegration::telemetry::metrics[0m[36m::[0m[34;1mtest_bad_queries[0m[35;1m ---[0m

thread 'integration::telemetry::metrics::test_bad_queries' panicked at apollo-router/tests/integration/../common.rs:950:25:
unable to send successful request to router, error sending request for url (http://127.0.0.1:39855/)
stack backtrace:
   0:     0x55bcd11af862 - std::backtrace_rs::backtrace::libunwind::trace::h2d45396358f41939
                               at /rustc/1159e78c4747b02ef996e55082b704c09b970588/library/std/src/../../backtrace/src/backtrace/libunwind.rs:117:9
   1:     0x55bcd11af862 - std::backtrace_rs::backtrace::trace_unsynchronized::hffcefc0b67f1d6e2
                               at /rustc/1159e78c4747b02ef996e55082b704c09b970588/library/std/src/../../backtrace/src/backtrace/mod.rs:66:14
   2:     0x55bcd11af862 - std::sys::backtrace::_print_fmt::hd72f71d23b436b92
                               at /rustc/1159e78c4747b02ef996e55082b704c09b970588/library/std/src/sys/backtrace.rs:66:9
   3:     0x55bcd11af862 - <std::sys::backtrace::BacktraceLock::print::DisplayBacktrace as core::fmt::Display>::fmt::hdcfcb6d4c8489523
                               at /rustc/1159e78c4747b02ef996e55082b704c09b970588/library/std/src/sys/backtrace.rs:39:26
   4:     0x55bcd11df703 - core::fmt::rt::Argument::fmt::h2c56b3114963061a
                               at /rustc/1159e78c4747b02ef996e55082b704c09b970588/library/core/src/fmt/rt.rs:173:76
   5:     0x55bcd11df703 - core::fmt::write::h8a494366950f23bb
                               at /rustc/1159e78c4747b02ef996e55082b704c09b970588/library/core/src/fmt/mod.rs:1468:25
   6:     0x55bcd11aa123 - std::io::default_write_fmt::ha27fbccbc65eb6fa
                               at /rustc/1159e78c4747b02ef996e55082b704c09b970588/library/std/src/io/mod.rs:639:11
   7:     0x55bcd11aa123 - std::io::Write::write_fmt::h6556609fca33d0b1
                               at /rustc/1159e78c4747b02ef996e55082b704c09b970588/library/std/src/io/mod.rs:1954:13
   8:     0x55bcd11af6b2 - std::sys::backtrace::BacktraceLock::print::hb2a626a81e06b2dc
                               at /rustc/1159e78c4747b02ef996e55082b704c09b970588/library/std/src/sys/backtrace.rs:42:9
   9:     0x55bcd11b16f9 - std::panicking::default_hook::{{closure}}::h4f78485264f12d10
                               at /rustc/1159e78c4747b02ef996e55082b704c09b970588/library/std/src/panicking.rs:300:27
  10:     0x55bcd11b14db - std::panicking::default_hook::h2c66fc99e962531d
                               at /rustc/1159e78c4747b02ef996e55082b704c09b970588/library/std/src/panicking.rs:327:9
  11:     0x55bcd11b2105 - std::panicking::rust_panic_with_hook::h33ac55f64bbd807d
                               at /rustc/1159e78c4747b02ef996e55082b704c09b970588/library/std/src/panicking.rs:833:13
  12:     0x55bcd11b1e9a - std::panicking::begin_panic_handler::{{closure}}::h30e7cb89678a57fe
                               at /rustc/1159e78c4747b02ef996e55082b704c09b970588/library/std/src/panicking.rs:706:13
  13:     0x55bcd11afd69 - std::sys::backtrace::__rust_end_short_backtrace::hed60f27456c16ced
                               at /rustc/1159e78c4747b02ef996e55082b704c09b970588/library/std/src/sys/backtrace.rs:174:18
  14:     0x55bcd11b1b2d - __rustc[de2ca18b4c54d5b8]::rust_begin_unwind
                               at /rustc/1159e78c4747b02ef996e55082b704c09b970588/library/std/src/panicking.rs:697:5
  15:     0x55bcd11dbd30 - core::panicking::panic_fmt::h62f63d096dd276af
                               at /rustc/1159e78c4747b02ef996e55082b704c09b970588/library/core/src/panicking.rs:75:14
  16:     0x55bccaea0c37 - integration_tests::integration::common::IntegrationTest::execute_query::{{closure}}::{{closure}}::h4d085f6cd6156b05
                               at /root/project/apollo-router/tests/integration/../common.rs:950:25
  17:     0x55bccae5770e - <tracing_futures::Instrumented<T> as core::future::future::Future>::poll::h1105381b388b8898
                               at /root/.cargo/registry/src/index.crates.io-1949cf8c6b5b557f/tracing-futures-0.2.5/src/lib.rs:283:20
  18:     0x55bccae9fcaf - integration_tests::integration::common::IntegrationTest::execute_query::{{closure}}::h7b0aa09fa141b36c
                               at /root/project/apollo-router/tests/integration/../common.rs:955:14
  19:     0x55bccae57a8d - <tracing_futures::WithDispatch<T> as core::future::future::Future>::poll::{{closure}}::hfdb6261be1c5115b
                               at /root/.cargo/registry/src/index.crates.io-1949cf8c6b5b557f/tracing-futures-0.2.5/src/lib.rs:455:54
  20:     0x55bcca94bb41 - tracing_core::dispatcher::with_default::h39ef5ab5337363e5
                               at /root/.cargo/registry/src/index.crates.io-1949cf8c6b5b557f/tracing-core-0.1.34/src/dispatcher.rs:262:5
  21:     0x55bccae57a2a - <tracing_futures::WithDispatch<T> as core::future::future::Future>::poll::h63f620e3e3cbb415
                               at /root/.cargo/registry/src/index.crates.io-1949cf8c6b5b557f/tracing-futures-0.2.5/src/lib.rs:455:9
  22:     0x55bcca93e1dd - integration_tests::integration::telemetry::metrics::test_bad_queries::{{closure}}::h9a9e97380bc6423c
                               at /root/project/apollo-router/tests/integration/telemetry/metrics.rs:198:10
  23:     0x55bccaa8ba32 - <core::pin::Pin<P> as core::future::future::Future>::poll::h59964df56356515a
                               at /rustc/1159e78c4747b02ef996e55082b704c09b970588/library/core/src/future/future.rs:133:9
  24:     0x55bcca99698d - tokio::runtime::park::CachedParkThread::block_on::{{closure}}::h99a1c01384b0a79b
                               at /root/.cargo/registry/src/index.crates.io-1949cf8c6b5b557f/tokio-1.48.0/src/runtime/park.rs:285:71
  25:     0x55bcca9950f6 - tokio::task::coop::with_budget::ha185223116166ce4
                               at /root/.cargo/registry/src/index.crates.io-1949cf8c6b5b557f/tokio-1.48.0/src/task/coop/mod.rs:167:5
  26:     0x55bcca9950f6 - tokio::task::coop::budget::ha733ca61bde2edaf
                               at /root/.cargo/registry/src/index.crates.io-1949cf8c6b5b557f/tokio-1.48.0/src/task/coop/mod.rs:133:5
  27:     0x55bcca9950f6 - tokio::runtime::park::CachedParkThread::block_on::hbd985400d5b3dc8c
                               at /root/.cargo/registry/src/index.crates.io-1949cf8c6b5b557f/tokio-1.48.0/src/runtime/park.rs:285:31
  28:     0x55bccb021574 - tokio::runtime::context::blocking::BlockingRegionGuard::block_on::h3cf29540820bb880
                               at /root/.cargo/registry/src/index.crates.io-1949cf8c6b5b557f/tokio-1.48.0/src/runtime/context/blocking.rs:66:14
  29:     0x55bccac2e978 - tokio::runtime::scheduler::multi_thread::MultiThread::block_on::{{closure}}::h368bef83ee5af5d1
                               at /root/.cargo/registry/src/index.crates.io-1949cf8c6b5b557f/tokio-1.48.0/src/runtime/scheduler/multi_thread/mod.rs:87:22
  30:     0x55bcca9c2046 - tokio::runtime::context::runtime::enter_runtime::hfb5131736755618d
                               at /root/.cargo/registry/src/index.crates.io-1949cf8c6b5b557f/tokio-1.48.0/src/runtime/context/runtime.rs:65:16
  31:     0x55bccac2e904 - tokio::runtime::scheduler::multi_thread::MultiThread::block_on::hb60b7b74dc6d2c7f
                               at /root/.cargo/registry/src/index.crates.io-1949cf8c6b5b557f/tokio-1.48.0/src/runtime/scheduler/multi_thread/mod.rs:86:9
  32:     0x55bcca82d9d4 - tokio::runtime::runtime::Runtime::block_on_inner::hb2451b6dd4b09b66
                               at /root/.cargo/registry/src/index.crates.io-1949cf8c6b5b557f/tokio-1.48.0/src/runtime/runtime.rs:370:50
  33:     0x55bcca82e2ec - tokio::runtime::runtime::Runtime::block_on::h9206977fab45046e
                               at /root/.cargo/registry/src/index.crates.io-1949cf8c6b5b557f/tokio-1.48.0/src/runtime/runtime.rs:342:18
  34:     0x55bcca93c516 - integration_tests::integration::telemetry::metrics::test_bad_queries::hcec1b417aaecb8f8
                               at /root/project/apollo-router/tests/integration/telemetry/metrics.rs:209:15
  35:     0x55bcca93c3a7 - integration_tests::integration::telemetry::metrics::test_bad_queries::{{closure}}::h5a23ed49f77e4a0c
                               at /root/project/apollo-router/tests/integration/telemetry/metrics.rs:151:28
  36:     0x55bcca6075d6 - core::ops::function::FnOnce::call_once::hf47c806ab1373dab
                               at /rustc/1159e78c4747b02ef996e55082b704c09b970588/library/core/src/ops/function.rs:253:5
  37:     0x55bccb30032b - core::ops::function::FnOnce::call_once::h1f9474f1347fff52
                               at /rustc/1159e78c4747b02ef996e55082b704c09b970588/library/core/src/ops/function.rs:253:5
  38:     0x55bccb30032b - test::__rust_begin_short_backtrace::ha52ab26e77157f03
                               at /rustc/1159e78c4747b02ef996e55082b704c09b970588/library/test/src/lib.rs:648:18
  39:     0x55bccb2ff465 - test::run_test_in_process::{{closure}}::h229c1a11a50b261f
                               at /rustc/1159e78c4747b02ef996e55082b704c09b970588/library/test/src/lib.rs:671:74
  40:     0x55bccb2ff465 - <core::panic::unwind_safe::AssertUnwindSafe<F> as core::ops::function::FnOnce<()>>::call_once::h78821afbf97b39a9
                               at /rustc/1159e78c4747b02ef996e55082b704c09b970588/library/core/src/panic/unwind_safe.rs:272:9
  41:     0x55bccb2ff465 - std::panicking::catch_unwind::do_call::h53abf3ed5bd32ba3
                               at /rustc/1159e78c4747b02ef996e55082b704c09b970588/library/std/src/panicking.rs:589:40
  42:     0x55bccb2ff465 - std::panicking::catch_unwind::h6deb5fe1e91873c9
                               at /rustc/1159e78c4747b02ef996e55082b704c09b970588/library/std/src/panicking.rs:552:19
  43:     0x55bccb2ff465 - std::panic::catch_unwind::hea0829b6b565654b
                               at /rustc/1159e78c4747b02ef996e55082b704c09b970588/library/std/src/panic.rs:359:14
  44:     0x55bccb2ff465 - test::run_test_in_process::hdc44dfecea3db21b
                               at /rustc/1159e78c4747b02ef996e55082b704c09b970588/library/test/src/lib.rs:671:27
  45:     0x55bccb2ff465 - test::run_test::{{closure}}::h0364ba59bf23f652
                               at /rustc/1159e78c4747b02ef996e55082b704c09b970588/library/test/src/lib.rs:592:43
  46:     0x55bccb2c3064 - test::run_test::{{closure}}::h32730b304eec05da
                               at /rustc/1159e78c4747b02ef996e55082b704c09b970588/library/test/src/lib.rs:622:41
  47:     0x55bccb2c3064 - std::sys::backtrace::__rust_begin_short_backtrace::h177cb952fc54ad2c
                               at /rustc/1159e78c4747b02ef996e55082b704c09b970588/library/std/src/sys/backtrace.rs:158:18
  48:     0x55bccb2c6a3a - std::thread::Builder::spawn_unchecked_::{{closure}}::{{closure}}::h119d903520007597
                               at /rustc/1159e78c4747b02ef996e55082b704c09b970588/library/std/src/thread/mod.rs:559:17
  49:     0x55bccb2c6a3a - <core::panic::unwind_safe::AssertUnwindSafe<F> as core::ops::function::FnOnce<()>>::call_once::hab88401d606702a6
                               at /rustc/1159e78c4747b02ef996e55082b704c09b970588/library/core/src/panic/unwind_safe.rs:272:9
  50:     0x55bccb2c6a3a - std::panicking::catch_unwind::do_call::h163fe12cca9901c2
                               at /rustc/1159e78c4747b02ef996e55082b704c09b970588/library/std/src/panicking.rs:589:40
  51:     0x55bccb2c6a3a - std::panicking::catch_unwind::he81557d0e17cc1bc
                               at /rustc/1159e78c4747b02ef996e55082b704c09b970588/library/std/src/panicking.rs:552:19
  52:     0x55bccb2c6a3a - std::panic::catch_unwind::hc2b8e79c20593955
                               at /rustc/1159e78c4747b02ef996e55082b704c09b970588/library/std/src/panic.rs:359:14
  53:     0x55bccb2c6a3a - std::thread::Builder::spawn_unchecked_::{{closure}}::hfa6b4978e07815cc
                               at /rustc/1159e78c4747b02ef996e55082b704c09b970588/library/std/src/thread/mod.rs:557:30
  54:     0x55bccb2c6a3a - core::ops::function::FnOnce::call_once{{vtable.shim}}::hddcd7484a13fd793
                               at /rustc/1159e78c4747b02ef996e55082b704c09b970588/library/core/src/ops/function.rs:253:5
  55:     0x55bcd11b5aef - <alloc::boxed::Box<F,A> as core::ops::function::FnOnce<Args>>::call_once::h5924238c754de3b8
                               at /rustc/1159e78c4747b02ef996e55082b704c09b970588/library/alloc/src/boxed.rs:1971:9
  56:     0x55bcd11b5aef - std::sys::pal::unix::thread::Thread::new::thread_start::hb6e99e73da4d28f8
                               at /rustc/1159e78c4747b02ef996e55082b704c09b970588/library/std/src/sys/pal/unix/thread.rs:107:17
  57:     0x7f9e83bc31ca - start_thread
  58:     0x7f9e8402c8d3 - __GI___clone
  59:                0x0 - <unknown>
[0m
[35;1m   RETRY 2/3[0m [         ] [35;1mapollo-router::integration_tests[0m [36mintegration::telemetry::metrics[0m[36m::[0m[34;1mtest_bad_queries[0m
[32;1m        PASS[0m [   2.138s] [35;1mapollo-router::integration_tests[0m [36mintegration::telemetry::metrics[0m[36m::[0m[34;1mtest_prometheus_metric_rename[0m
[31;1m        FAIL[0m [   2.718s] [35;1mapollo-router::integration_tests[0m [36mintegration::telemetry::metrics[0m[36m::[0m[34;1mtest_metric_rename_on_reload[0m

[35;1m--- [0m[35;1mSTDOUT:              [0m[35;1mapollo-router::integration_tests[0m [36mintegration::telemetry::metrics[0m[36m::[0m[34;1mtest_metric_rename_on_reload[0m[35;1m ---[0m

running 1 test
[2m2025-11-13T03:17:14.677354Z[0m [32m INFO[0m Loading supergraph from file
[2m2025-11-13T03:17:17.279257Z[0m [32m INFO[0m Mock server shutting down
[2m2025-11-13T03:17:17.281207Z[0m [32m INFO[0m Mock server shutting down
test integration::telemetry::metrics::test_metric_rename_on_reload ... FAILED

failures:

failures:
    integration::telemetry::metrics::test_metric_rename_on_reload

test result: FAILED. 0 passed; 1 failed; 0 ignored; 0 measured; 338 filtered out; finished in 2.64s

[0m
[35;1m--- [0m[35;1mSTDERR:              [0m[35;1mapollo-router::integration_tests[0m [36mintegration::telemetry::metrics[0m[36m::[0m[34;1mtest_metric_rename_on_reload[0m[35;1m ---[0m

thread 'integration::telemetry::metrics::test_metric_rename_on_reload' panicked at apollo-router/tests/integration/telemetry/metrics.rs:497:5:
'reloaded_http_duration_seconds_count' not detected in metrics
# HELP apollo_router_cache_hit_time Time to get a value from the cache in seconds
# TYPE apollo_router_cache_hit_time histogram
apollo_router_cache_hit_time_bucket{kind="query planner",storage="memory",otel_scope_name="apollo/router",le="0.001"} 1
apollo_router_cache_hit_time_bucket{kind="query planner",storage="memory",otel_scope_name="apollo/router",le="0.005"} 1
apollo_router_cache_hit_time_bucket{kind="query planner",storage="memory",otel_scope_name="apollo/router",le="0.015"} 1
apollo_router_cache_hit_time_bucket{kind="query planner",storage="memory",otel_scope_name="apollo/router",le="0.05"} 1
apollo_router_cache_hit_time_bucket{kind="query planner",storage="memory",otel_scope_name="apollo/router",le="0.1"} 1
apollo_router_cache_hit_time_bucket{kind="query planner",storage="memory",otel_scope_name="apollo/router",le="0.2"} 1
apollo_router_cache_hit_time_bucket{kind="query planner",storage="memory",otel_scope_name="apollo/router",le="0.3"} 1
apollo_router_cache_hit_time_bucket{kind="query planner",storage="memory",otel_scope_name="apollo/router",le="0.4"} 1
apollo_router_cache_hit_time_bucket{kind="query planner",storage="memory",otel_scope_name="apollo/router",le="0.5"} 1
apollo_router_cache_hit_time_bucket{kind="query planner",storage="memory",otel_scope_name="apollo/router",le="1"} 1
apollo_router_cache_hit_time_bucket{kind="query planner",storage="memory",otel_scope_name="apollo/router",le="5"} 1
apollo_router_cache_hit_time_bucket{kind="query planner",storage="memory",otel_scope_name="apollo/router",le="10"} 1
apollo_router_cache_hit_time_bucket{kind="query planner",storage="memory",otel_scope_name="apollo/router",le="+Inf"} 1
apollo_router_cache_hit_time_sum{kind="query planner",storage="memory",otel_scope_name="apollo/router"} 0.00002155
apollo_router_cache_hit_time_count{kind="query planner",storage="memory",otel_scope_name="apollo/router"} 1
# HELP apollo_router_cache_miss_time Time to check the cache for an uncached value in seconds
# TYPE apollo_router_cache_miss_time histogram
apollo_router_cache_miss_time_bucket{kind="query planner",storage="memory",otel_scope_name="apollo/router",le="0.001"} 2
apollo_router_cache_miss_time_bucket{kind="query planner",storage="memory",otel_scope_name="apollo/router",le="0.005"} 2
apollo_router_cache_miss_time_bucket{kind="query planner",storage="memory",otel_scope_name="apollo/router",le="0.015"} 2
apollo_router_cache_miss_time_bucket{kind="query planner",storage="memory",otel_scope_name="apollo/router",le="0.05"} 2
apollo_router_cache_miss_time_bucket{kind="query planner",storage="memory",otel_scope_name="apollo/router",le="0.1"} 2
apollo_router_cache_miss_time_bucket{kind="query planner",storage="memory",otel_scope_name="apollo/router",le="0.2"} 2
apollo_router_cache_miss_time_bucket{kind="query planner",storage="memory",otel_scope_name="apollo/router",le="0.3"} 2
apollo_router_cache_miss_time_bucket{kind="query planner",storage="memory",otel_scope_name="apollo/router",le="0.4"} 2
apollo_router_cache_miss_time_bucket{kind="query planner",storage="memory",otel_scope_name="apollo/router",le="0.5"} 2
apollo_router_cache_miss_time_bucket{kind="query planner",storage="memory",otel_scope_name="apollo/router",le="1"} 2
apollo_router_cache_miss_time_bucket{kind="query planner",storage="memory",otel_scope_name="apollo/router",le="5"} 2
apollo_router_cache_miss_time_bucket{kind="query planner",storage="memory",otel_scope_name="apollo/router",le="10"} 2
apollo_router_cache_miss_time_bucket{kind="query planner",storage="memory",otel_scope_name="apollo/router",le="+Inf"} 2
apollo_router_cache_miss_time_sum{kind="query planner",storage="memory",otel_scope_name="apollo/router"} 0.000014392
apollo_router_cache_miss_time_count{kind="query planner",storage="memory",otel_scope_name="apollo/router"} 2
# HELP apollo_router_cache_size Cache size
# TYPE apollo_router_cache_size gauge
apollo_router_cache_size{kind="APQ",type="memory",otel_scope_name="apollo/router"} 0
apollo_router_cache_size{kind="introspection",type="memory",otel_scope_name="apollo/router"} 0
apollo_router_cache_size{kind="query planner",type="memory",otel_scope_name="apollo/router"} 1
# HELP apollo_router_cache_storage_estimated_size Estimated cache storage
# TYPE apollo_router_cache_storage_estimated_size gauge
apollo_router_cache_storage_estimated_size{kind="query planner",type="memory",otel_scope_name="apollo/router"} 1351
# HELP apollo_router_compute_jobs_active_jobs Number of computation jobs in progress
# TYPE apollo_router_compute_jobs_active_jobs gauge
apollo_router_compute_jobs_active_jobs{job_type="query_parsing",otel_scope_name="apollo/router"} 0
apollo_router_compute_jobs_active_jobs{job_type="query_planning",otel_scope_name="apollo/router"} 0
# HELP apollo_router_compute_jobs_duration_seconds Total job processing time
# TYPE apollo_router_compute_jobs_duration_seconds histogram
apollo_router_compute_jobs_duration_seconds_bucket{job_outcome="executed_ok",job_type="query_parsing",otel_scope_name="apollo/router",le="0.001"} 0
apollo_router_compute_jobs_duration_seconds_bucket{job_outcome="executed_ok",job_type="query_parsing",otel_scope_name="apollo/router",le="0.005"} 0
apollo_router_compute_jobs_duration_seconds_bucket{job_outcome="executed_ok",job_type="query_parsing",otel_scope_name="apollo/router",le="0.015"} 1
apollo_router_compute_jobs_duration_seconds_bucket{job_outcome="executed_ok",job_type="query_parsing",otel_scope_name="apollo/router",le="0.05"} 2
apollo_router_compute_jobs_duration_seconds_bucket{job_outcome="executed_ok",job_type="query_parsing",otel_scope_name="apollo/router",le="0.1"} 2
apollo_router_compute_jobs_duration_seconds_bucket{job_outcome="executed_ok",job_type="query_parsing",otel_scope_name="apollo/router",le="0.2"} 2
apollo_router_compute_jobs_duration_seconds_bucket{job_outcome="executed_ok",job_type="query_parsing",otel_scope_name="apollo/router",le="0.3"} 2
apollo_router_compute_jobs_duration_seconds_bucket{job_outcome="executed_ok",job_type="query_parsing",otel_scope_name="apollo/router",le="0.4"} 2
apollo_router_compute_jobs_duration_seconds_bucket{job_outcome="executed_ok",job_type="query_parsing",otel_scope_name="apollo/router",le="0.5"} 2
apollo_router_compute_jobs_duration_seconds_bucket{job_outcome="executed_ok",job_type="query_parsing",otel_scope_name="apollo/router",le="1"} 2
apollo_router_compute_jobs_duration_seconds_bucket{job_outcome="executed_ok",job_type="query_parsing",otel_scope_name="apollo/router",le="5"} 2
apollo_router_compute_jobs_duration_seconds_bucket{job_outcome="executed_ok",job_type="query_parsing",otel_scope_name="apollo/router",le="10"} 2
apollo_router_compute_jobs_duration_seconds_bucket{job_outcome="executed_ok",job_type="query_parsing",otel_scope_name="apollo/router",le="+Inf"} 2
apollo_router_compute_jobs_duration_seconds_sum{job_outcome="executed_ok",job_type="query_parsing",otel_scope_name="apollo/router"} 0.030483245
apollo_router_compute_jobs_duration_seconds_count{job_outcome="executed_ok",job_type="query_parsing",otel_scope_name="apollo/router"} 2
apollo_router_compute_jobs_duration_seconds_bucket{job_outcome="executed_ok",job_type="query_planning",otel_scope_name="apollo/router",le="0.001"} 0
apollo_router_compute_jobs_duration_seconds_bucket{job_outcome="executed_ok",job_type="query_planning",otel_scope_name="apollo/router",le="0.005"} 0
apollo_router_compute_jobs_duration_seconds_bucket{job_outcome="executed_ok",job_type="query_planning",otel_scope_name="apollo/router",le="0.015"} 1
apollo_router_compute_jobs_duration_seconds_bucket{job_outcome="executed_ok",job_type="query_planning",otel_scope_name="apollo/router",le="0.05"} 2
apollo_router_compute_jobs_duration_seconds_bucket{job_outcome="executed_ok",job_type="query_planning",otel_scope_name="apollo/router",le="0.1"} 2
apollo_router_compute_jobs_duration_seconds_bucket{job_outcome="executed_ok",job_type="query_planning",otel_scope_name="apollo/router",le="0.2"} 2
apollo_router_compute_jobs_duration_seconds_bucket{job_outcome="executed_ok",job_type="query_planning",otel_scope_name="apollo/router",le="0.3"} 2
apollo_router_compute_jobs_duration_seconds_bucket{job_outcome="executed_ok",job_type="query_planning",otel_scope_name="apollo/router",le="0.4"} 2
apollo_router_compute_jobs_duration_seconds_bucket{job_outcome="executed_ok",job_type="query_planning",otel_scope_name="apollo/router",le="0.5"} 2
apollo_router_compute_jobs_duration_seconds_bucket{job_outcome="executed_ok",job_type="query_planning",otel_scope_name="apollo/router",le="1"} 2
apollo_router_compute_jobs_duration_seconds_bucket{job_outcome="executed_ok",job_type="query_planning",otel_scope_name="apollo/router",le="5"} 2
apollo_router_compute_jobs_duration_seconds_bucket{job_outcome="executed_ok",job_type="query_planning",otel_scope_name="apollo/router",le="10"} 2
apollo_router_compute_jobs_duration_seconds_bucket{job_outcome="executed_ok",job_type="query_planning",otel_scope_name="apollo/router",le="+Inf"} 2
apollo_router_compute_jobs_duration_seconds_sum{job_outcome="executed_ok",job_type="query_planning",otel_scope_name="apollo/router"} 0.023350611
apollo_router_compute_jobs_duration_seconds_count{job_outcome="executed_ok",job_type="query_planning",otel_scope_name="apollo/router"} 2
# HELP apollo_router_compute_jobs_execution_duration_seconds Time to execute the job, after it has been pulled from the queue
# TYPE apollo_router_compute_jobs_execution_duration_seconds histogram
apollo_router_compute_jobs_execution_duration_seconds_bucket{job_type="query_parsing",otel_scope_name="apollo/router",le="0.001"} 1
apollo_router_compute_jobs_execution_duration_seconds_bucket{job_type="query_parsing",otel_scope_name="apollo/router",le="0.005"} 1
apollo_router_compute_jobs_execution_duration_seconds_bucket{job_type="query_parsing",otel_scope_name="apollo/router",le="0.015"} 2
apollo_router_compute_jobs_execution_duration_seconds_bucket{job_type="query_parsing",otel_scope_name="apollo/router",le="0.05"} 2
apollo_router_compute_jobs_execution_duration_seconds_bucket{job_type="query_parsing",otel_scope_name="apollo/router",le="0.1"} 2
apollo_router_compute_jobs_execution_duration_seconds_bucket{job_type="query_parsing",otel_scope_name="apollo/router",le="0.2"} 2
apollo_router_compute_jobs_execution_duration_seconds_bucket{job_type="query_parsing",otel_scope_name="apollo/router",le="0.3"} 2
apollo_router_compute_jobs_execution_duration_seconds_bucket{job_type="query_parsing",otel_scope_name="apollo/router",le="0.4"} 2
apollo_router_compute_jobs_execution_duration_seconds_bucket{job_type="query_parsing",otel_scope_name="apollo/router",le="0.5"} 2
apollo_router_compute_jobs_execution_duration_seconds_bucket{job_type="query_parsing",otel_scope_name="apollo/router",le="1"} 2
apollo_router_compute_jobs_execution_duration_seconds_bucket{job_type="query_parsing",otel_scope_name="apollo/router",le="5"} 2
apollo_router_compute_jobs_execution_duration_seconds_bucket{job_type="query_parsing",otel_scope_name="apollo/router",le="10"} 2
apollo_router_compute_jobs_execution_duration_seconds_bucket{job_type="query_parsing",otel_scope_name="apollo/router",le="+Inf"} 2
apollo_router_compute_jobs_execution_duration_seconds_sum{job_type="query_parsing",otel_scope_name="apollo/router"} 0.012946412000000001
apollo_router_compute_jobs_execution_duration_seconds_count{job_type="query_parsing",otel_scope_name="apollo/router"} 2
apollo_router_compute_jobs_execution_duration_seconds_bucket{job_type="query_planning",otel_scope_name="apollo/router",le="0.001"} 0
apollo_router_compute_jobs_execution_duration_seconds_bucket{job_type="query_planning",otel_scope_name="apollo/router",le="0.005"} 0
apollo_router_compute_jobs_execution_duration_seconds_bucket{job_type="query_planning",otel_scope_name="apollo/router",le="0.015"} 1
apollo_router_compute_jobs_execution_duration_seconds_bucket{job_type="query_planning",otel_scope_name="apollo/router",le="0.05"} 2
apollo_router_compute_jobs_execution_duration_seconds_bucket{job_type="query_planning",otel_scope_name="apollo/router",le="0.1"} 2
apollo_router_compute_jobs_execution_duration_seconds_bucket{job_type="query_planning",otel_scope_name="apollo/router",le="0.2"} 2
apollo_router_compute_jobs_execution_duration_seconds_bucket{job_type="query_planning",otel_scope_name="apollo/router",le="0.3"} 2
apollo_router_compute_jobs_execution_duration_seconds_bucket{job_type="query_planning",otel_scope_name="apollo/router",le="0.4"} 2
apollo_router_compute_jobs_execution_duration_seconds_bucket{job_type="query_planning",otel_scope_name="apollo/router",le="0.5"} 2
apollo_router_compute_jobs_execution_duration_seconds_bucket{job_type="query_planning",otel_scope_name="apollo/router",le="1"} 2
apollo_router_compute_jobs_execution_duration_seconds_bucket{job_type="query_planning",otel_scope_name="apollo/router",le="5"} 2
apollo_router_compute_jobs_execution_duration_seconds_bucket{job_type="query_planning",otel_scope_name="apollo/router",le="10"} 2
apollo_router_compute_jobs_execution_duration_seconds_bucket{job_type="query_planning",otel_scope_name="apollo/router",le="+Inf"} 2
apollo_router_compute_jobs_execution_duration_seconds_sum{job_type="query_planning",otel_scope_name="apollo/router"} 0.02367601
apollo_router_compute_jobs_execution_duration_seconds_count{job_type="query_planning",otel_scope_name="apollo/router"} 2
# HELP apollo_router_compute_jobs_queue_wait_duration_seconds Time spent by the job in the compute queue
# TYPE apollo_router_compute_jobs_queue_wait_duration_seconds histogram
apollo_router_compute_jobs_queue_wait_duration_seconds_bucket{job_type="query_parsing",otel_scope_name="apollo/router",le="0.001"} 1
apollo_router_compute_jobs_queue_wait_duration_seconds_bucket{job_type="query_parsing",otel_scope_name="apollo/router",le="0.005"} 2
apollo_router_compute_jobs_queue_wait_duration_seconds_bucket{job_type="query_parsing",otel_scope_name="apollo/router",le="0.015"} 2
apollo_router_compute_jobs_queue_wait_duration_seconds_bucket{job_type="query_parsing",otel_scope_name="apollo/router",le="0.05"} 2
apollo_router_compute_jobs_queue_wait_duration_seconds_bucket{job_type="query_parsing",otel_scope_name="apollo/router",le="0.1"} 2
apollo_router_compute_jobs_queue_wait_duration_seconds_bucket{job_type="query_parsing",otel_scope_name="apollo/router",le="0.2"} 2
apollo_router_compute_jobs_queue_wait_duration_seconds_bucket{job_type="query_parsing",otel_scope_name="apollo/router",le="0.3"} 2
apollo_router_compute_jobs_queue_wait_duration_seconds_bucket{job_type="query_parsing",otel_scope_name="apollo/router",le="0.4"} 2
apollo_router_compute_jobs_queue_wait_duration_seconds_bucket{job_type="query_parsing",otel_scope_name="apollo/router",le="0.5"} 2
apollo_router_compute_jobs_queue_wait_duration_seconds_bucket{job_type="query_parsing",otel_scope_name="apollo/router",le="1"} 2
apollo_router_compute_jobs_queue_wait_duration_seconds_bucket{job_type="query_parsing",otel_scope_name="apollo/router",le="5"} 2
apollo_router_compute_jobs_queue_wait_duration_seconds_bucket{job_type="query_parsing",otel_scope_name="apollo/router",le="10"} 2
apollo_router_compute_jobs_queue_wait_duration_seconds_bucket{job_type="query_parsing",otel_scope_name="apollo/router",le="+Inf"} 2
apollo_router_compute_jobs_queue_wait_duration_seconds_sum{job_type="query_parsing",otel_scope_name="apollo/router"} 0.002273039
apollo_router_compute_jobs_queue_wait_duration_seconds_count{job_type="query_parsing",otel_scope_name="apollo/router"} 2
apollo_router_compute_jobs_queue_wait_duration_seconds_bucket{job_type="query_planning",otel_scope_name="apollo/router",le="0.001"} 1
apollo_router_compute_jobs_queue_wait_duration_seconds_bucket{job_type="query_planning",otel_scope_name="apollo/router",le="0.005"} 2
apollo_router_compute_jobs_queue_wait_duration_seconds_bucket{job_type="query_planning",otel_scope_name="apollo/router",le="0.015"} 2
apollo_router_compute_jobs_queue_wait_duration_seconds_bucket{job_type="query_planning",otel_scope_name="apollo/router",le="0.05"} 2
apollo_router_compute_jobs_queue_wait_duration_seconds_bucket{job_type="query_planning",otel_scope_name="apollo/router",le="0.1"} 2
apollo_router_compute_jobs_queue_wait_duration_seconds_bucket{job_type="query_planning",otel_scope_name="apollo/router",le="0.2"} 2
apollo_router_compute_jobs_queue_wait_duration_seconds_bucket{job_type="query_planning",otel_scope_name="apollo/router",le="0.3"} 2
apollo_router_compute_jobs_queue_wait_duration_seconds_bucket{job_type="query_planning",otel_scope_name="apollo/router",le="0.4"} 2
apollo_router_compute_jobs_queue_wait_duration_seconds_bucket{job_type="query_planning",otel_scope_name="apollo/router",le="0.5"} 2
apollo_router_compute_jobs_queue_wait_duration_seconds_bucket{job_type="query_planning",otel_scope_name="apollo/router",le="1"} 2
apollo_router_compute_jobs_queue_wait_duration_seconds_bucket{job_type="query_planning",otel_scope_name="apollo/router",le="5"} 2
apollo_router_compute_jobs_queue_wait_duration_seconds_bucket{job_type="query_planning",otel_scope_name="apollo/router",le="10"} 2
apollo_router_compute_jobs_queue_wait_duration_seconds_bucket{job_type="query_planning",otel_scope_name="apollo/router",le="+Inf"} 2
apollo_router_compute_jobs_queue_wait_duration_seconds_sum{job_type="query_planning",otel_scope_name="apollo/router"} 0.002681473
apollo_router_compute_jobs_queue_wait_duration_seconds_count{job_type="query_planning",otel_scope_name="apollo/router"} 2
# HELP apollo_router_compute_jobs_queued Number of computation jobs (parsing, planning, …) waiting to be scheduled
# TYPE apollo_router_compute_jobs_queued gauge
apollo_router_compute_jobs_queued{otel_scope_name="apollo/router"} 0
# TYPE apollo_router_exporter_span_lru_size gauge
apollo_router_exporter_span_lru_size{otel_scope_name="apollo/router"} 0
# HELP apollo_router_jemalloc_active Total active bytes in jemalloc
# TYPE apollo_router_jemalloc_active gauge
apollo_router_jemalloc_active{otel_scope_name="apollo/router"} 56922112
# HELP apollo_router_jemalloc_allocated Total bytes allocated by jemalloc
# TYPE apollo_router_jemalloc_allocated gauge
apollo_router_jemalloc_allocated{otel_scope_name="apollo/router"} 53953408
# HELP apollo_router_jemalloc_mapped Total mapped bytes in jemalloc
# TYPE apollo_router_jemalloc_mapped gauge
apollo_router_jemalloc_mapped{otel_scope_name="apollo/router"} 187424768
# HELP apollo_router_jemalloc_metadata Total metadata bytes in jemalloc
# TYPE apollo_router_jemalloc_metadata gauge
apollo_router_jemalloc_metadata{otel_scope_name="apollo/router"} 21014848
# HELP apollo_router_jemalloc_resident Total resident bytes in jemalloc
# TYPE apollo_router_jemalloc_resident gauge
apollo_router_jemalloc_resident{otel_scope_name="apollo/router"} 79159296
# HELP apollo_router_jemalloc_retained Total retained bytes in jemalloc
# TYPE apollo_router_jemalloc_retained gauge
apollo_router_jemalloc_retained{otel_scope_name="apollo/router"} 109322240
# TYPE apollo_router_lifecycle_license gauge
apollo_router_lifecycle_license{license_state="licensed",otel_scope_name="apollo/router"} 1
# HELP apollo_router_lifecycle_query_planner_init_total Rust query planner initialization
# TYPE apollo_router_lifecycle_query_planner_init_total counter
apollo_router_lifecycle_query_planner_init_total{init_is_success="true",otel_scope_name="apollo/router"} 2
# HELP apollo_router_open_connections Number of currently connected clients
# TYPE apollo_router_open_connections gauge
apollo_router_open_connections{config_hash="f242be5a36f1b221a3c94bc88554597f5f0d80b866679c682f5c6f48da316c68",http_connection_state="active",launch_id="",schema_id="dd8960ccefda82ca58e8ac0bc266459fd49ee8215fd6b3cc72e7bc3d7f3464b9",server_address="127.0.0.1",server_port="43999",otel_scope_name="apollo/router"} 0
apollo_router_open_connections{config_hash="f242be5a36f1b221a3c94bc88554597f5f0d80b866679c682f5c6f48da316c68",http_connection_state="active",launch_id="",schema_id="dd8960ccefda82ca58e8ac0bc266459fd49ee8215fd6b3cc72e7bc3d7f3464b9",server_address="127.0.0.1",server_port="44091",otel_scope_name="apollo/router"} 1
# HELP apollo_router_operations_telemetry_total Telemetry exporters enabled
# TYPE apollo_router_operations_telemetry_total counter
apollo_router_operations_telemetry_total{telemetry_metrics_prometheus="true",otel_scope_name="apollo/router"} 3
# HELP apollo_router_overhead_seconds Router processing overhead (time not spent waiting for subgraphs or connectors to respond).
# TYPE apollo_router_overhead_seconds histogram
apollo_router_overhead_seconds_bucket{subgraph_active_requests="false",otel_scope_name="apollo/router",le="0.001"} 0
apollo_router_overhead_seconds_bucket{subgraph_active_requests="false",otel_scope_name="apollo/router",le="0.005"} 0
apollo_router_overhead_seconds_bucket{subgraph_active_requests="false",otel_scope_name="apollo/router",le="0.015"} 1
apollo_router_overhead_seconds_bucket{subgraph_active_requests="false",otel_scope_name="apollo/router",le="0.05"} 2
apollo_router_overhead_seconds_bucket{subgraph_active_requests="false",otel_scope_name="apollo/router",le="0.1"} 3
apollo_router_overhead_seconds_bucket{subgraph_active_requests="false",otel_scope_name="apollo/router",le="0.2"} 3
apollo_router_overhead_seconds_bucket{subgraph_active_requests="false",otel_scope_name="apollo/router",le="0.3"} 3
apollo_router_overhead_seconds_bucket{subgraph_active_requests="false",otel_scope_name="apollo/router",le="0.4"} 3
apollo_router_overhead_seconds_bucket{subgraph_active_requests="false",otel_scope_name="apollo/router",le="0.5"} 3
apollo_router_overhead_seconds_bucket{subgraph_active_requests="false",otel_scope_name="apollo/router",le="1"} 3
apollo_router_overhead_seconds_bucket{subgraph_active_requests="false",otel_scope_name="apollo/router",le="5"} 3
apollo_router_overhead_seconds_bucket{subgraph_active_requests="false",otel_scope_name="apollo/router",le="10"} 3
apollo_router_overhead_seconds_bucket{subgraph_active_requests="false",otel_scope_name="apollo/router",le="+Inf"} 3
apollo_router_overhead_seconds_sum{subgraph_active_requests="false",otel_scope_name="apollo/router"} 0.095190626
apollo_router_overhead_seconds_count{subgraph_active_requests="false",otel_scope_name="apollo/router"} 3
# HELP apollo_router_pipelines Number of active router pipelines
# TYPE apollo_router_pipelines gauge
apollo_router_pipelines{config_hash="f242be5a36f1b221a3c94bc88554597f5f0d80b866679c682f5c6f48da316c68",launch_id="",schema_id="dd8960ccefda82ca58e8ac0bc266459fd49ee8215fd6b3cc72e7bc3d7f3464b9",otel_scope_name="apollo/router"} 1
# HELP apollo_router_query_planning_plan_duration Duration of the query planning, in seconds.
# TYPE apollo_router_query_planning_plan_duration histogram
apollo_router_query_planning_plan_duration_bucket{outcome="success",planner="rust",otel_scope_name="apollo/router",le="0.001"} 0
apollo_router_query_planning_plan_duration_bucket{outcome="success",planner="rust",otel_scope_name="apollo/router",le="0.005"} 1
apollo_router_query_planning_plan_duration_bucket{outcome="success",planner="rust",otel_scope_name="apollo/router",le="0.015"} 2
apollo_router_query_planning_plan_duration_bucket{outcome="success",planner="rust",otel_scope_name="apollo/router",le="0.05"} 2
apollo_router_query_planning_plan_duration_bucket{outcome="success",planner="rust",otel_scope_name="apollo/router",le="0.1"} 2
apollo_router_query_planning_plan_duration_bucket{outcome="success",planner="rust",otel_scope_name="apollo/router",le="0.2"} 2
apollo_router_query_planning_plan_duration_bucket{outcome="success",planner="rust",otel_scope_name="apollo/router",le="0.3"} 2
apollo_router_query_planning_plan_duration_bucket{outcome="success",planner="rust",otel_scope_name="apollo/router",le="0.4"} 2
apollo_router_query_planning_plan_duration_bucket{outcome="success",planner="rust",otel_scope_name="apollo/router",le="0.5"} 2
apollo_router_query_planning_plan_duration_bucket{outcome="success",planner="rust",otel_scope_name="apollo/router",le="1"} 2
apollo_router_query_planning_plan_duration_bucket{outcome="success",planner="rust",otel_scope_name="apollo/router",le="5"} 2
apollo_router_query_planning_plan_duration_bucket{outcome="success",planner="rust",otel_scope_name="apollo/router",le="10"} 2
apollo_router_query_planning_plan_duration_bucket{outcome="success",planner="rust",otel_scope_name="apollo/router",le="+Inf"} 2
apollo_router_query_planning_plan_duration_sum{outcome="success",planner="rust",otel_scope_name="apollo/router"} 0.011147825
apollo_router_query_planning_plan_duration_count{outcome="success",planner="rust",otel_scope_name="apollo/router"} 2
# HELP apollo_router_query_planning_plan_evaluated_paths Number of paths (including intermediate ones) considered to plan a query before starting to generate a plan
# TYPE apollo_router_query_planning_plan_evaluated_paths histogram
apollo_router_query_planning_plan_evaluated_paths_bucket{otel_scope_name="apollo/router",le="0.001"} 0
apollo_router_query_planning_plan_evaluated_paths_bucket{otel_scope_name="apollo/router",le="0.005"} 0
apollo_router_query_planning_plan_evaluated_paths_bucket{otel_scope_name="apollo/router",le="0.015"} 0
apollo_router_query_planning_plan_evaluated_paths_bucket{otel_scope_name="apollo/router",le="0.05"} 0
apollo_router_query_planning_plan_evaluated_paths_bucket{otel_scope_name="apollo/router",le="0.1"} 0
apollo_router_query_planning_plan_evaluated_paths_bucket{otel_scope_name="apollo/router",le="0.2"} 0
apollo_router_query_planning_plan_evaluated_paths_bucket{otel_scope_name="apollo/router",le="0.3"} 0
apollo_router_query_planning_plan_evaluated_paths_bucket{otel_scope_name="apollo/router",le="0.4"} 0
apollo_router_query_planning_plan_evaluated_paths_bucket{otel_scope_name="apollo/router",le="0.5"} 0
apollo_router_query_planning_plan_evaluated_paths_bucket{otel_scope_name="apollo/router",le="1"} 0
apollo_router_query_planning_plan_evaluated_paths_bucket{otel_scope_name="apollo/router",le="5"} 2
apollo_router_query_planning_plan_evaluated_paths_bucket{otel_scope_name="apollo/router",le="10"} 2
apollo_router_query_planning_plan_evaluated_paths_bucket{otel_scope_name="apollo/router",le="+Inf"} 2
apollo_router_query_planning_plan_evaluated_paths_sum{otel_scope_name="apollo/router"} 4
apollo_router_query_planning_plan_evaluated_paths_count{otel_scope_name="apollo/router"} 2
# HELP apollo_router_query_planning_plan_evaluated_plans Number of query plans evaluated for a query before choosing the best one
# TYPE apollo_router_query_planning_plan_evaluated_plans histogram
apollo_router_query_planning_plan_evaluated_plans_bucket{otel_scope_name="apollo/router",le="0.001"} 0
apollo_router_query_planning_plan_evaluated_plans_bucket{otel_scope_name="apollo/router",le="0.005"} 0
apollo_router_query_planning_plan_evaluated_plans_bucket{otel_scope_name="apollo/router",le="0.015"} 0
apollo_router_query_planning_plan_evaluated_plans_bucket{otel_scope_name="apollo/router",le="0.05"} 0
apollo_router_query_planning_plan_evaluated_plans_bucket{otel_scope_name="apollo/router",le="0.1"} 0
apollo_router_query_planning_plan_evaluated_plans_bucket{otel_scope_name="apollo/router",le="0.2"} 0
apollo_router_query_planning_plan_evaluated_plans_bucket{otel_scope_name="apollo/router",le="0.3"} 0
apollo_router_query_planning_plan_evaluated_plans_bucket{otel_scope_name="apollo/router",le="0.4"} 0
apollo_router_query_planning_plan_evaluated_plans_bucket{otel_scope_name="apollo/router",le="0.5"} 0
apollo_router_query_planning_plan_evaluated_plans_bucket{otel_scope_name="apollo/router",le="1"} 2
apollo_router_query_planning_plan_evaluated_plans_bucket{otel_scope_name="apollo/router",le="5"} 2
apollo_router_query_planning_plan_evaluated_plans_bucket{otel_scope_name="apollo/router",le="10"} 2
apollo_router_query_planning_plan_evaluated_plans_bucket{otel_scope_name="apollo/router",le="+Inf"} 2
apollo_router_query_planning_plan_evaluated_plans_sum{otel_scope_name="apollo/router"} 2
apollo_router_query_planning_plan_evaluated_plans_count{otel_scope_name="apollo/router"} 2
# HELP apollo_router_query_planning_total_duration Duration of the time the router waited for a query plan, including both the queue time and planning time, in seconds.
# TYPE apollo_router_query_planning_total_duration histogram
apollo_router_query_planning_total_duration_bucket{otel_scope_name="apollo/router",le="0.001"} 0
apollo_router_query_planning_total_duration_bucket{otel_scope_name="apollo/router",le="0.005"} 0
apollo_router_query_planning_total_duration_bucket{otel_scope_name="apollo/router",le="0.015"} 1
apollo_router_query_planning_total_duration_bucket{otel_scope_name="apollo/router",le="0.05"} 2
apollo_router_query_planning_total_duration_bucket{otel_scope_name="apollo/router",le="0.1"} 2
apollo_router_query_planning_total_duration_bucket{otel_scope_name="apollo/router",le="0.2"} 2
apollo_router_query_planning_total_duration_bucket{otel_scope_name="apollo/router",le="0.3"} 2
apollo_router_query_planning_total_duration_bucket{otel_scope_name="apollo/router",le="0.4"} 2
apollo_router_query_planning_total_duration_bucket{otel_scope_name="apollo/router",le="0.5"} 2
apollo_router_query_planning_total_duration_bucket{otel_scope_name="apollo/router",le="1"} 2
apollo_router_query_planning_total_duration_bucket{otel_scope_name="apollo/router",le="5"} 2
apollo_router_query_planning_total_duration_bucket{otel_scope_name="apollo/router",le="10"} 2
apollo_router_query_planning_total_duration_bucket{otel_scope_name="apollo/router",le="+Inf"} 2
apollo_router_query_planning_total_duration_sum{otel_scope_name="apollo/router"} 0.033116466000000004
apollo_router_query_planning_total_duration_count{otel_scope_name="apollo/router"} 2
# HELP apollo_router_query_planning_warmup_duration Time spent warming up the query planner queries in seconds
# TYPE apollo_router_query_planning_warmup_duration histogram
apollo_router_query_planning_warmup_duration_bucket{otel_scope_name="apollo/router",le="0.001"} 2
apollo_router_query_planning_warmup_duration_bucket{otel_scope_name="apollo/router",le="0.005"} 2
apollo_router_query_planning_warmup_duration_bucket{otel_scope_name="apollo/router",le="0.015"} 2
apollo_router_query_planning_warmup_duration_bucket{otel_scope_name="apollo/router",le="0.05"} 2
apollo_router_query_planning_warmup_duration_bucket{otel_scope_name="apollo/router",le="0.1"} 2
apollo_router_query_planning_warmup_duration_bucket{otel_scope_name="apollo/router",le="0.2"} 2
apollo_router_query_planning_warmup_duration_bucket{otel_scope_name="apollo/router",le="0.3"} 2
apollo_router_query_planning_warmup_duration_bucket{otel_scope_name="apollo/router",le="0.4"} 2
apollo_router_query_planning_warmup_duration_bucket{otel_scope_name="apollo/router",le="0.5"} 2
apollo_router_query_planning_warmup_duration_bucket{otel_scope_name="apollo/router",le="1"} 2
apollo_router_query_planning_warmup_duration_bucket{otel_scope_name="apollo/router",le="5"} 2
apollo_router_query_planning_warmup_duration_bucket{otel_scope_name="apollo/router",le="10"} 2
apollo_router_query_planning_warmup_duration_bucket{otel_scope_name="apollo/router",le="+Inf"} 2
apollo_router_query_planning_warmup_duration_sum{otel_scope_name="apollo/router"} 0.000065552
apollo_router_query_planning_warmup_duration_count{otel_scope_name="apollo/router"} 2
# HELP apollo_router_schema_load_duration Time spent loading the supergraph schema, in seconds.
# TYPE apollo_router_schema_load_duration histogram
apollo_router_schema_load_duration_bucket{otel_scope_name="apollo/router",le="0.001"} 0
apollo_router_schema_load_duration_bucket{otel_scope_name="apollo/router",le="0.005"} 0
apollo_router_schema_load_duration_bucket{otel_scope_name="apollo/router",le="0.015"} 1
apollo_router_schema_load_duration_bucket{otel_scope_name="apollo/router",le="0.05"} 1
apollo_router_schema_load_duration_bucket{otel_scope_name="apollo/router",le="0.1"} 1
apollo_router_schema_load_duration_bucket{otel_scope_name="apollo/router",le="0.2"} 1
apollo_router_schema_load_duration_bucket{otel_scope_name="apollo/router",le="0.3"} 1
apollo_router_schema_load_duration_bucket{otel_scope_name="apollo/router",le="0.4"} 1
apollo_router_schema_load_duration_bucket{otel_scope_name="apollo/router",le="0.5"} 1
apollo_router_schema_load_duration_bucket{otel_scope_name="apollo/router",le="1"} 1
apollo_router_schema_load_duration_bucket{otel_scope_name="apollo/router",le="5"} 1
apollo_router_schema_load_duration_bucket{otel_scope_name="apollo/router",le="10"} 1
apollo_router_schema_load_duration_bucket{otel_scope_name="apollo/router",le="+Inf"} 1
apollo_router_schema_load_duration_sum{otel_scope_name="apollo/router"} 0.010676829
apollo_router_schema_load_duration_count{otel_scope_name="apollo/router"} 1
# HELP apollo_router_session_count_active Amount of in-flight sessions
# TYPE apollo_router_session_count_active gauge
apollo_router_session_count_active{otel_scope_name="apollo/router"} 0
# HELP apollo_router_state_change_total Router state changes
# TYPE apollo_router_state_change_total counter
apollo_router_state_change_total{event="UpdateConfiguration",previous_state="Running",state="Running",otel_scope_name="apollo/router"} 1
apollo_router_state_change_total{event="UpdateSchema",previous_state="Startup",state="Running",otel_scope_name="apollo/router"} 1
# TYPE apollo_router_supergraph_federation gauge
apollo_router_supergraph_federation{federation_version="2",otel_scope_name="apollo/router"} 1
# HELP apollo_router_telemetry_studio_reports_total The number of reports submitted to Studio by the Router
# TYPE apollo_router_telemetry_studio_reports_total counter
apollo_router_telemetry_studio_reports_total{report_protocol="otlp",report_type="traces",otel_scope_name="apollo/router"} 1
# HELP custom_http_duration_seconds Duration of HTTP server requests.
# TYPE custom_http_duration_seconds histogram
custom_http_duration_seconds_bucket{http_request_method="POST",status="200",otel_scope_name="apollo/router",le="0.001"} 0
custom_http_duration_seconds_bucket{http_request_method="POST",status="200",otel_scope_name="apollo/router",le="0.005"} 0
custom_http_duration_seconds_bucket{http_request_method="POST",status="200",otel_scope_name="apollo/router",le="0.015"} 1
custom_http_duration_seconds_bucket{http_request_method="POST",status="200",otel_scope_name="apollo/router",le="0.05"} 2
custom_http_duration_seconds_bucket{http_request_method="POST",status="200",otel_scope_name="apollo/router",le="0.1"} 3
custom_http_duration_seconds_bucket{http_request_method="POST",status="200",otel_scope_name="apollo/router",le="0.2"} 3
custom_http_duration_seconds_bucket{http_request_method="POST",status="200",otel_scope_name="apollo/router",le="0.3"} 3
custom_http_duration_seconds_bucket{http_request_method="POST",status="200",otel_scope_name="apollo/router",le="0.4"} 3
custom_http_duration_seconds_bucket{http_request_method="POST",status="200",otel_scope_name="apollo/router",le="0.5"} 3
custom_http_duration_seconds_bucket{http_request_method="POST",status="200",otel_scope_name="apollo/router",le="1"} 3
custom_http_duration_seconds_bucket{http_request_method="POST",status="200",otel_scope_name="apollo/router",le="5"} 3
custom_http_duration_seconds_bucket{http_request_method="POST",status="200",otel_scope_name="apollo/router",le="10"} 3
custom_http_duration_seconds_bucket{http_request_method="POST",status="200",otel_scope_name="apollo/router",le="+Inf"} 3
custom_http_duration_seconds_sum{http_request_method="POST",status="200",otel_scope_name="apollo/router"} 0.11388501000000001
custom_http_duration_seconds_count{http_request_method="POST",status="200",otel_scope_name="apollo/router"} 3
# HELP custom_operations_count The number of graphql operations performed by the Router
# TYPE custom_operations_count histogram
custom_operations_count_bucket{http_response_status_code="200",otel_scope_name="apollo/router",le="1"} 3
custom_operations_count_bucket{http_response_status_code="200",otel_scope_name="apollo/router",le="10"} 3
custom_operations_count_bucket{http_response_status_code="200",otel_scope_name="apollo/router",le="100"} 3
custom_operations_count_bucket{http_response_status_code="200",otel_scope_name="apollo/router",le="+Inf"} 3
custom_operations_count_sum{http_response_status_code="200",otel_scope_name="apollo/router"} 3
custom_operations_count_count{http_response_status_code="200",otel_scope_name="apollo/router"} 3
# HELP http_client_request_duration_seconds Duration of HTTP client requests.
# TYPE http_client_request_duration_seconds histogram
http_client_request_duration_seconds_bucket{subgraph_name="products",otel_scope_name="apollo/router",le="0.001"} 0
http_client_request_duration_seconds_bucket{subgraph_name="products",otel_scope_name="apollo/router",le="0.005"} 0
http_client_request_duration_seconds_bucket{subgraph_name="products",otel_scope_name="apollo/router",le="0.015"} 3
http_client_request_duration_seconds_bucket{subgraph_name="products",otel_scope_name="apollo/router",le="0.05"} 3
http_client_request_duration_seconds_bucket{subgraph_name="products",otel_scope_name="apollo/router",le="0.1"} 3
http_client_request_duration_seconds_bucket{subgraph_name="products",otel_scope_name="apollo/router",le="0.2"} 3
http_client_request_duration_seconds_bucket{subgraph_name="products",otel_scope_name="apollo/router",le="0.3"} 3
http_client_request_duration_seconds_bucket{subgraph_name="products",otel_scope_name="apollo/router",le="0.4"} 3
http_client_request_duration_seconds_bucket{subgraph_name="products",otel_scope_name="apollo/router",le="0.5"} 3
http_client_request_duration_seconds_bucket{subgraph_name="products",otel_scope_name="apollo/router",le="1"} 3
http_client_request_duration_seconds_bucket{subgraph_name="products",otel_scope_name="apollo/router",le="5"} 3
http_client_request_duration_seconds_bucket{subgraph_name="products",otel_scope_name="apollo/router",le="10"} 3
http_client_request_duration_seconds_bucket{subgraph_name="products",otel_scope_name="apollo/router",le="+Inf"} 3
http_client_request_duration_seconds_sum{subgraph_name="products",otel_scope_name="apollo/router"} 0.023883605000000002
http_client_request_duration_seconds_count{subgraph_name="products",otel_scope_name="apollo/router"} 3
# HELP http_client_response_body_size_bytes Size of HTTP client response bodies.
# TYPE http_client_response_body_size_bytes histogram
http_client_response_body_size_bytes_bucket{subgraph_name="products",otel_scope_name="apollo/router",le="0.001"} 0
http_client_response_body_size_bytes_bucket{subgraph_name="products",otel_scope_name="apollo/router",le="0.005"} 0
http_client_response_body_size_bytes_bucket{subgraph_name="products",otel_scope_name="apollo/router",le="0.015"} 0
http_client_response_body_size_bytes_bucket{subgraph_name="products",otel_scope_name="apollo/router",le="0.05"} 0
http_client_response_body_size_bytes_bucket{subgraph_name="products",otel_scope_name="apollo/router",le="0.1"} 0
http_client_response_body_size_bytes_bucket{subgraph_name="products",otel_scope_name="apollo/router",le="0.2"} 0
http_client_response_body_size_bytes_bucket{subgraph_name="products",otel_scope_name="apollo/router",le="0.3"} 0
http_client_response_body_size_bytes_bucket{subgraph_name="products",otel_scope_name="apollo/router",le="0.4"} 0
http_client_response_body_size_bytes_bucket{subgraph_name="products",otel_scope_name="apollo/router",le="0.5"} 0
http_client_response_body_size_bytes_bucket{subgraph_name="products",otel_scope_name="apollo/router",le="1"} 0
http_client_response_body_size_bytes_bucket{subgraph_name="products",otel_scope_name="apollo/router",le="5"} 0
http_client_response_body_size_bytes_bucket{subgraph_name="products",otel_scope_name="apollo/router",le="10"} 0
http_client_response_body_size_bytes_bucket{subgraph_name="products",otel_scope_name="apollo/router",le="+Inf"} 3
http_client_response_body_size_bytes_sum{subgraph_name="products",otel_scope_name="apollo/router"} 231
http_client_response_body_size_bytes_count{subgraph_name="products",otel_scope_name="apollo/router"} 3
# HELP http_server_active_requests Number of active HTTP server requests.
# TYPE http_server_active_requests gauge
http_server_active_requests{http_request_method="POST",otel_scope_name="apollo/router"} 0
# HELP http_server_request_body_size_bytes Size of HTTP server request bodies.
# TYPE http_server_request_body_size_bytes histogram
http_server_request_body_size_bytes_bucket{http_request_method="POST",http_response_status_code="200",server_address="127.0.0.1",server_port="43999",otel_scope_name="apollo/router",le="0.001"} 0
http_server_request_body_size_bytes_bucket{http_request_method="POST",http_response_status_code="200",server_address="127.0.0.1",server_port="43999",otel_scope_name="apollo/router",le="0.005"} 0
http_server_request_body_size_bytes_bucket{http_request_method="POST",http_response_status_code="200",server_address="127.0.0.1",server_port="43999",otel_scope_name="apollo/router",le="0.015"} 0
http_server_request_body_size_bytes_bucket{http_request_method="POST",http_response_status_code="200",server_address="127.0.0.1",server_port="43999",otel_scope_name="apollo/router",le="0.05"} 0
http_server_request_body_size_bytes_bucket{http_request_method="POST",http_response_status_code="200",server_address="127.0.0.1",server_port="43999",otel_scope_name="apollo/router",le="0.1"} 0
http_server_request_body_size_bytes_bucket{http_request_method="POST",http_response_status_code="200",server_address="127.0.0.1",server_port="43999",otel_scope_name="apollo/router",le="0.2"} 0
http_server_request_body_size_bytes_bucket{http_request_method="POST",http_response_status_code="200",server_address="127.0.0.1",server_port="43999",otel_scope_name="apollo/router",le="0.3"} 0
http_server_request_body_size_bytes_bucket{http_request_method="POST",http_response_status_code="200",server_address="127.0.0.1",server_port="43999",otel_scope_name="apollo/router",le="0.4"} 0
http_server_request_body_size_bytes_bucket{http_request_method="POST",http_response_status_code="200",server_address="127.0.0.1",server_port="43999",otel_scope_name="apollo/router",le="0.5"} 0
http_server_request_body_size_bytes_bucket{http_request_method="POST",http_response_status_code="200",server_address="127.0.0.1",server_port="43999",otel_scope_name="apollo/router",le="1"} 0
http_server_request_body_size_bytes_bucket{http_request_method="POST",http_response_status_code="200",server_address="127.0.0.1",server_port="43999",otel_scope_name="apollo/router",le="5"} 0
http_server_request_body_size_bytes_bucket{http_request_method="POST",http_response_status_code="200",server_address="127.0.0.1",server_port="43999",otel_scope_name="apollo/router",le="10"} 0
http_server_request_body_size_bytes_bucket{http_request_method="POST",http_response_status_code="200",server_address="127.0.0.1",server_port="43999",otel_scope_name="apollo/router",le="+Inf"} 2
http_server_request_body_size_bytes_sum{http_request_method="POST",http_response_status_code="200",server_address="127.0.0.1",server_port="43999",otel_scope_name="apollo/router"} 130
http_server_request_body_size_bytes_count{http_request_method="POST",http_response_status_code="200",server_address="127.0.0.1",server_port="43999",otel_scope_name="apollo/router"} 2
http_server_request_body_size_bytes_bucket{http_request_method="POST",http_response_status_code="200",server_address="127.0.0.1",server_port="44091",otel_scope_name="apollo/router",le="0.001"} 0
http_server_request_body_size_bytes_bucket{http_request_method="POST",http_response_status_code="200",server_address="127.0.0.1",server_port="44091",otel_scope_name="apollo/router",le="0.005"} 0
http_server_request_body_size_bytes_bucket{http_request_method="POST",http_response_status_code="200",server_address="127.0.0.1",server_port="44091",otel_scope_name="apollo/router",le="0.015"} 0
http_server_request_body_size_bytes_bucket{http_request_method="POST",http_response_status_code="200",server_address="127.0.0.1",server_port="44091",otel_scope_name="apollo/router",le="0.05"} 0
http_server_request_body_size_bytes_bucket{http_request_method="POST",http_response_status_code="200",server_address="127.0.0.1",server_port="44091",otel_scope_name="apollo/router",le="0.1"} 0
http_server_request_body_size_bytes_bucket{http_request_method="POST",http_response_status_code="200",server_address="127.0.0.1",server_port="44091",otel_scope_name="apollo/router",le="0.2"} 0
http_server_request_body_size_bytes_bucket{http_request_method="POST",http_response_status_code="200",server_address="127.0.0.1",server_port="44091",otel_scope_name="apollo/router",le="0.3"} 0
http_server_request_body_size_bytes_bucket{http_request_method="POST",http_response_status_code="200",server_address="127.0.0.1",server_port="44091",otel_scope_name="apollo/router",le="0.4"} 0
http_server_request_body_size_bytes_bucket{http_request_method="POST",http_response_status_code="200",server_address="127.0.0.1",server_port="44091",otel_scope_name="apollo/router",le="0.5"} 0
http_server_request_body_size_bytes_bucket{http_request_method="POST",http_response_status_code="200",server_address="127.0.0.1",server_port="44091",otel_scope_name="apollo/router",le="1"} 0
http_server_request_body_size_bytes_bucket{http_request_method="POST",http_response_status_code="200",server_address="127.0.0.1",server_port="44091",otel_scope_name="apollo/router",le="5"} 0
http_server_request_body_size_bytes_bucket{http_request_method="POST",http_response_status_code="200",server_address="127.0.0.1",server_port="44091",otel_scope_name="apollo/router",le="10"} 0
http_server_request_body_size_bytes_bucket{http_request_method="POST",http_response_status_code="200",server_address="127.0.0.1",server_port="44091",otel_scope_name="apollo/router",le="+Inf"} 1
http_server_request_body_size_bytes_sum{http_request_method="POST",http_response_status_code="200",server_address="127.0.0.1",server_port="44091",otel_scope_name="apollo/router"} 65
http_server_request_body_size_bytes_count{http_request_method="POST",http_response_status_code="200",server_address="127.0.0.1",server_port="44091",otel_scope_name="apollo/router"} 1
# HELP target_info Target metadata
# TYPE target_info gauge
target_info{process_executable_name="router",service_name="unknown_service:router",service_version="2.8.0"} 1

stack backtrace:
   0:     0x557b8e0dd862 - std::backtrace_rs::backtrace::libunwind::trace::h2d45396358f41939
                               at /rustc/1159e78c4747b02ef996e55082b704c09b970588/library/std/src/../../backtrace/src/backtrace/libunwind.rs:117:9
   1:     0x557b8e0dd862 - std::backtrace_rs::backtrace::trace_unsynchronized::hffcefc0b67f1d6e2
                               at /rustc/1159e78c4747b02ef996e55082b704c09b970588/library/std/src/../../backtrace/src/backtrace/mod.rs:66:14
   2:     0x557b8e0dd862 - std::sys::backtrace::_print_fmt::hd72f71d23b436b92
                               at /rustc/1159e78c4747b02ef996e55082b704c09b970588/library/std/src/sys/backtrace.rs:66:9
   3:     0x557b8e0dd862 - <std::sys::backtrace::BacktraceLock::print::DisplayBacktrace as core::fmt::Display>::fmt::hdcfcb6d4c8489523
                               at /rustc/1159e78c4747b02ef996e55082b704c09b970588/library/std/src/sys/backtrace.rs:39:26
   4:     0x557b8e10d703 - core::fmt::rt::Argument::fmt::h2c56b3114963061a
                               at /rustc/1159e78c4747b02ef996e55082b704c09b970588/library/core/src/fmt/rt.rs:173:76
   5:     0x557b8e10d703 - core::fmt::write::h8a494366950f23bb
                               at /rustc/1159e78c4747b02ef996e55082b704c09b970588/library/core/src/fmt/mod.rs:1468:25
   6:     0x557b8e0d8123 - std::io::default_write_fmt::ha27fbccbc65eb6fa
                               at /rustc/1159e78c4747b02ef996e55082b704c09b970588/library/std/src/io/mod.rs:639:11
   7:     0x557b8e0d8123 - std::io::Write::write_fmt::h6556609fca33d0b1
                               at /rustc/1159e78c4747b02ef996e55082b704c09b970588/library/std/src/io/mod.rs:1954:13
   8:     0x557b8e0dd6b2 - std::sys::backtrace::BacktraceLock::print::hb2a626a81e06b2dc
                               at /rustc/1159e78c4747b02ef996e55082b704c09b970588/library/std/src/sys/backtrace.rs:42:9
   9:     0x557b8e0df6f9 - std::panicking::default_hook::{{closure}}::h4f78485264f12d10
                               at /rustc/1159e78c4747b02ef996e55082b704c09b970588/library/std/src/panicking.rs:300:27
  10:     0x557b8e0df4db - std::panicking::default_hook::h2c66fc99e962531d
                               at /rustc/1159e78c4747b02ef996e55082b704c09b970588/library/std/src/panicking.rs:327:9
  11:     0x557b8e0e0105 - std::panicking::rust_panic_with_hook::h33ac55f64bbd807d
                               at /rustc/1159e78c4747b02ef996e55082b704c09b970588/library/std/src/panicking.rs:833:13
  12:     0x557b8e0dfe9a - std::panicking::begin_panic_handler::{{closure}}::h30e7cb89678a57fe
                               at /rustc/1159e78c4747b02ef996e55082b704c09b970588/library/std/src/panicking.rs:706:13
  13:     0x557b8e0ddd69 - std::sys::backtrace::__rust_end_short_backtrace::hed60f27456c16ced
                               at /rustc/1159e78c4747b02ef996e55082b704c09b970588/library/std/src/sys/backtrace.rs:174:18
  14:     0x557b8e0dfb2d - __rustc[de2ca18b4c54d5b8]::rust_begin_unwind
                               at /rustc/1159e78c4747b02ef996e55082b704c09b970588/library/std/src/panicking.rs:697:5
  15:     0x557b8e109d30 - core::panicking::panic_fmt::h62f63d096dd276af
                               at /rustc/1159e78c4747b02ef996e55082b704c09b970588/library/core/src/panicking.rs:75:14
  16:     0x557b877816f5 - integration_tests::integration::telemetry::metrics::check_metrics_contains::h3ad651a92722a16b
                               at /root/project/apollo-router/tests/integration/telemetry/metrics.rs:84:5
  17:     0x557b87876a4a - integration_tests::integration::telemetry::metrics::test_metric_rename_on_reload::{{closure}}::hc153332e944af26a
                               at /root/project/apollo-router/tests/integration/telemetry/metrics.rs:497:5
  18:     0x557b879b9a32 - <core::pin::Pin<P> as core::future::future::Future>::poll::h59964df56356515a
                               at /rustc/1159e78c4747b02ef996e55082b704c09b970588/library/core/src/future/future.rs:133:9
  19:     0x557b878c498d - tokio::runtime::park::CachedParkThread::block_on::{{closure}}::h99a1c01384b0a79b
                               at /root/.cargo/registry/src/index.crates.io-1949cf8c6b5b557f/tokio-1.48.0/src/runtime/park.rs:285:71
  20:     0x557b878c30f6 - tokio::task::coop::with_budget::ha185223116166ce4
                               at /root/.cargo/registry/src/index.crates.io-1949cf8c6b5b557f/tokio-1.48.0/src/task/coop/mod.rs:167:5
  21:     0x557b878c30f6 - tokio::task::coop::budget::ha733ca61bde2edaf
                               at /root/.cargo/registry/src/index.crates.io-1949cf8c6b5b557f/tokio-1.48.0/src/task/coop/mod.rs:133:5
  22:     0x557b878c30f6 - tokio::runtime::park::CachedParkThread::block_on::hbd985400d5b3dc8c
                               at /root/.cargo/registry/src/index.crates.io-1949cf8c6b5b557f/tokio-1.48.0/src/runtime/park.rs:285:31
  23:     0x557b87f4f574 - tokio::runtime::context::blocking::BlockingRegionGuard::block_on::h3cf29540820bb880
                               at /root/.cargo/registry/src/index.crates.io-1949cf8c6b5b557f/tokio-1.48.0/src/runtime/context/blocking.rs:66:14
  24:     0x557b87b5c978 - tokio::runtime::scheduler::multi_thread::MultiThread::block_on::{{closure}}::h368bef83ee5af5d1
                               at /root/.cargo/registry/src/index.crates.io-1949cf8c6b5b557f/tokio-1.48.0/src/runtime/scheduler/multi_thread/mod.rs:87:22
  25:     0x557b878f0046 - tokio::runtime::context::runtime::enter_runtime::hfb5131736755618d
                               at /root/.cargo/registry/src/index.crates.io-1949cf8c6b5b557f/tokio-1.48.0/src/runtime/context/runtime.rs:65:16
  26:     0x557b87b5c904 - tokio::runtime::scheduler::multi_thread::MultiThread::block_on::hb60b7b74dc6d2c7f
                               at /root/.cargo/registry/src/index.crates.io-1949cf8c6b5b557f/tokio-1.48.0/src/runtime/scheduler/multi_thread/mod.rs:86:9
  27:     0x557b8775b9d4 - tokio::runtime::runtime::Runtime::block_on_inner::hb2451b6dd4b09b66
                               at /root/.cargo/registry/src/index.crates.io-1949cf8c6b5b557f/tokio-1.48.0/src/runtime/runtime.rs:370:50
  28:     0x557b8775c2ec - tokio::runtime::runtime::Runtime::block_on::h9206977fab45046e
                               at /root/.cargo/registry/src/index.crates.io-1949cf8c6b5b557f/tokio-1.48.0/src/runtime/runtime.rs:342:18
  29:     0x557b87875116 - integration_tests::integration::telemetry::metrics::test_metric_rename_on_reload::h1011b3dcd0be667c
                               at /root/project/apollo-router/tests/integration/telemetry/metrics.rs:511:37
  30:     0x557b87874fa7 - integration_tests::integration::telemetry::metrics::test_metric_rename_on_reload::{{closure}}::h7d559f7b9fc3ff26
                               at /root/project/apollo-router/tests/integration/telemetry/metrics.rs:453:40
  31:     0x557b8752fa76 - core::ops::function::FnOnce::call_once::had1cb584b4b143c1
                               at /rustc/1159e78c4747b02ef996e55082b704c09b970588/library/core/src/ops/function.rs:253:5
  32:     0x557b8822e32b - core::ops::function::FnOnce::call_once::h1f9474f1347fff52
                               at /rustc/1159e78c4747b02ef996e55082b704c09b970588/library/core/src/ops/function.rs:253:5
  33:     0x557b8822e32b - test::__rust_begin_short_backtrace::ha52ab26e77157f03
                               at /rustc/1159e78c4747b02ef996e55082b704c09b970588/library/test/src/lib.rs:648:18
  34:     0x557b8822d465 - test::run_test_in_process::{{closure}}::h229c1a11a50b261f
                               at /rustc/1159e78c4747b02ef996e55082b704c09b970588/library/test/src/lib.rs:671:74
  35:     0x557b8822d465 - <core::panic::unwind_safe::AssertUnwindSafe<F> as core::ops::function::FnOnce<()>>::call_once::h78821afbf97b39a9
                               at /rustc/1159e78c4747b02ef996e55082b704c09b970588/library/core/src/panic/unwind_safe.rs:272:9
  36:     0x557b8822d465 - std::panicking::catch_unwind::do_call::h53abf3ed5bd32ba3
                               at /rustc/1159e78c4747b02ef996e55082b704c09b970588/library/std/src/panicking.rs:589:40
  37:     0x557b8822d465 - std::panicking::catch_unwind::h6deb5fe1e91873c9
                               at /rustc/1159e78c4747b02ef996e55082b704c09b970588/library/std/src/panicking.rs:552:19
  38:     0x557b8822d465 - std::panic::catch_unwind::hea0829b6b565654b
                               at /rustc/1159e78c4747b02ef996e55082b704c09b970588/library/std/src/panic.rs:359:14
  39:     0x557b8822d465 - test::run_test_in_process::hdc44dfecea3db21b
                               at /rustc/1159e78c4747b02ef996e55082b704c09b970588/library/test/src/lib.rs:671:27
  40:     0x557b8822d465 - test::run_test::{{closure}}::h0364ba59bf23f652
                               at /rustc/1159e78c4747b02ef996e55082b704c09b970588/library/test/src/lib.rs:592:43
  41:     0x557b881f1064 - test::run_test::{{closure}}::h32730b304eec05da
                               at /rustc/1159e78c4747b02ef996e55082b704c09b970588/library/test/src/lib.rs:622:41
  42:     0x557b881f1064 - std::sys::backtrace::__rust_begin_short_backtrace::h177cb952fc54ad2c
                               at /rustc/1159e78c4747b02ef996e55082b704c09b970588/library/std/src/sys/backtrace.rs:158:18
  43:     0x557b881f4a3a - std::thread::Builder::spawn_unchecked_::{{closure}}::{{closure}}::h119d903520007597
                               at /rustc/1159e78c4747b02ef996e55082b704c09b970588/library/std/src/thread/mod.rs:559:17
  44:     0x557b881f4a3a - <core::panic::unwind_safe::AssertUnwindSafe<F> as core::ops::function::FnOnce<()>>::call_once::hab88401d606702a6
                               at /rustc/1159e78c4747b02ef996e55082b704c09b970588/library/core/src/panic/unwind_safe.rs:272:9
  45:     0x557b881f4a3a - std::panicking::catch_unwind::do_call::h163fe12cca9901c2
                               at /rustc/1159e78c4747b02ef996e55082b704c09b970588/library/std/src/panicking.rs:589:40
  46:     0x557b881f4a3a - std::panicking::catch_unwind::he81557d0e17cc1bc
                               at /rustc/1159e78c4747b02ef996e55082b704c09b970588/library/std/src/panicking.rs:552:19
  47:     0x557b881f4a3a - std::panic::catch_unwind::hc2b8e79c20593955
                               at /rustc/1159e78c4747b02ef996e55082b704c09b970588/library/std/src/panic.rs:359:14
  48:     0x557b881f4a3a - std::thread::Builder::spawn_unchecked_::{{closure}}::hfa6b4978e07815cc
                               at /rustc/1159e78c4747b02ef996e55082b704c09b970588/library/std/src/thread/mod.rs:557:30
  49:     0x557b881f4a3a - core::ops::function::FnOnce::call_once{{vtable.shim}}::hddcd7484a13fd793
                               at /rustc/1159e78c4747b02ef996e55082b704c09b970588/library/core/src/ops/function.rs:253:5
  50:     0x557b8e0e3aef - <alloc::boxed::Box<F,A> as core::ops::function::FnOnce<Args>>::call_once::h5924238c754de3b8
                               at /rustc/1159e78c4747b02ef996e55082b704c09b970588/library/alloc/src/boxed.rs:1971:9
  51:     0x557b8e0e3aef - std::sys::pal::unix::thread::Thread::new::thread_start::hb6e99e73da4d28f8
                               at /rustc/1159e78c4747b02ef996e55082b704c09b970588/library/std/src/sys/pal/unix/thread.rs:107:17
  52:     0x7fd5fc93e1ca - start_thread
  53:     0x7fd5fcda78d3 - __GI___clone
  54:                0x0 - <unknown>
[0m
[32;1m        PASS[0m [   2.688s] [35;1mapollo-router::integration_tests[0m [36mintegration::telemetry::metrics[0m[36m::[0m[34;1mtest_metrics_bad_query[0m
[32;1m        PASS[0m [   2.202s] [35;1mapollo-router::integration_tests[0m [36mintegration::telemetry::otlp::tracing[0m[36m::[0m[34;1mtest_otlp_request_with_datadog_propagator[0m
[32;1m        PASS[0m [   2.604s] [35;1mapollo-router::integration_tests[0m [36mintegration::telemetry::otlp::tracing[0m[36m::[0m[34;1mtest_attributes[0m
[33;1m  TRY 2 PASS[0m [   2.265s] [35;1mapollo-router::integration_tests[0m [36mintegration::telemetry::events[0m[36m::[0m[34;1mtest_events_with_request_header_condition[0m
[32;1m        PASS[0m [   2.613s] [35;1mapollo-router::integration_tests[0m [36mintegration::telemetry::otlp::tracing[0m[36m::[0m[34;1mtest_otlp_request_with_datadog_propagator_no_agent[0m
[31;1m  TRY 3 FAIL[0m [   3.308s] [35;1mapollo-router::integration_tests[0m [36mintegration::subscriptions::ws_passthrough[0m[36m::[0m[34;1mtest_subscription_ws_passthrough_dedup[0m

[35;1m--- [0m[35;1mTRY[0m [35;1m3[0m [35;1mSTDOUT:        [0m[35;1mapollo-router::integration_tests[0m [36mintegration::subscriptions::ws_passthrough[0m[36m::[0m[34;1mtest_subscription_ws_passthrough_dedup[0m[35;1m ---[0m

running 1 test
[2m2025-11-13T03:17:14.977634Z[0m [32m INFO[0m Starting axum WebSocket server...
[2m2025-11-13T03:17:15.477542Z[0m [32m INFO[0m Axum server running on 127.0.0.1:44443
[2m2025-11-13T03:17:15.493422Z[0m [32m INFO[0m WebSocket server started at: ws://127.0.0.1:44443/ws
[2m2025-11-13T03:17:15.493558Z[0m [32m INFO[0m Loading supergraph from file
[2m2025-11-13T03:17:17.081253Z[0m [32m INFO[0m WebSocket connection established
[2m2025-11-13T03:17:17.089261Z[0m [32m INFO[0m Starting subscription with 2 events, interval 50ms (configured)
[2m2025-11-13T03:17:17.192443Z[0m [32m INFO[0m Sent 2 subscription events but did not send `complete` message
[2m2025-11-13T03:17:18.208236Z[0m [32m INFO[0m Mock server shutting down
[2m2025-11-13T03:17:18.211100Z[0m [32m INFO[0m Mock server shutting down
test integration::subscriptions::ws_passthrough::test_subscription_ws_passthrough_dedup ... FAILED

failures:

failures:
    integration::subscriptions::ws_passthrough::test_subscription_ws_passthrough_dedup

test result: FAILED. 0 passed; 1 failed; 0 ignored; 0 measured; 338 filtered out; finished in 3.26s

[0m
[35;1m--- [0m[35;1mTRY[0m [35;1m3[0m [35;1mSTDERR:        [0m[35;1mapollo-router::integration_tests[0m [36mintegration::subscriptions::ws_passthrough[0m[36m::[0m[34;1mtest_subscription_ws_passthrough_dedup[0m[35;1m ---[0m

thread 'integration::subscriptions::ws_passthrough::test_subscription_ws_passthrough_dedup' panicked at apollo-router/tests/integration/subscriptions/mod.rs:273:5:
assertion failed: `(left == right)`: Subscription events do not match expected events

[1mDiff[0m [31m< left[0m / [32mright >[0m :
 [
     Object {},
     Object {
         "payload": Object {
             "data": Object {
                 "userWasCreated": Object {
                     "name": String("User 1"),
                     "reviews": Array [
                         Object {
                             "body": String("Review 1 from user 1"),
                         },
                     ],
                 },
             },
         },
     },
     Object {
         "payload": Object {
             "data": Object {
                 "userWasCreated": Object {
                     "name": String("User 2"),
                     "reviews": Array [
                         Object {
                             "body": String("Review 2 from user 2"),
                         },
                     ],
                 },
             },
         },
     },
     Object {
         "payload": Null,
         "errors": Array [
             Object {
[31m<                "message": String("subscription has been closed due to a c[0m[1;48;5;52;31monfigur[0m[31ma[0m[1;48;5;52;31mtion[0m[31m reload"),[0m
[32m>                "message": String("subscription has been closed due to a [0m[1;48;5;22;32ms[0m[32mc[0m[1;48;5;22;32mhem[0m[32ma reload"),[0m
                 "extensions": Object {
[31m<                    "code": String("SUBSCRIPTION_C[0m[1;48;5;52;31mONFIG[0m[31m_RELOAD"),[0m
[32m>                    "code": String("SUBSCRIPTION_[0m[1;48;5;22;32mS[0m[32mC[0m[1;48;5;22;32mHEMA[0m[32m_RELOAD"),[0m
                 },
             },
         ],
     },
 ]


stack backtrace:
   0:     0x55e624e44862 - std::backtrace_rs::backtrace::libunwind::trace::h2d45396358f41939
                               at /rustc/1159e78c4747b02ef996e55082b704c09b970588/library/std/src/../../backtrace/src/backtrace/libunwind.rs:117:9
   1:     0x55e624e44862 - std::backtrace_rs::backtrace::trace_unsynchronized::hffcefc0b67f1d6e2
                               at /rustc/1159e78c4747b02ef996e55082b704c09b970588/library/std/src/../../backtrace/src/backtrace/mod.rs:66:14
   2:     0x55e624e44862 - std::sys::backtrace::_print_fmt::hd72f71d23b436b92
                               at /rustc/1159e78c4747b02ef996e55082b704c09b970588/library/std/src/sys/backtrace.rs:66:9
   3:     0x55e624e44862 - <std::sys::backtrace::BacktraceLock::print::DisplayBacktrace as core::fmt::Display>::fmt::hdcfcb6d4c8489523
                               at /rustc/1159e78c4747b02ef996e55082b704c09b970588/library/std/src/sys/backtrace.rs:39:26
   4:     0x55e624e74703 - core::fmt::rt::Argument::fmt::h2c56b3114963061a
                               at /rustc/1159e78c4747b02ef996e55082b704c09b970588/library/core/src/fmt/rt.rs:173:76
   5:     0x55e624e74703 - core::fmt::write::h8a494366950f23bb
                               at /rustc/1159e78c4747b02ef996e55082b704c09b970588/library/core/src/fmt/mod.rs:1468:25
   6:     0x55e624e3f123 - std::io::default_write_fmt::ha27fbccbc65eb6fa
                               at /rustc/1159e78c4747b02ef996e55082b704c09b970588/library/std/src/io/mod.rs:639:11
   7:     0x55e624e3f123 - std::io::Write::write_fmt::h6556609fca33d0b1
                               at /rustc/1159e78c4747b02ef996e55082b704c09b970588/library/std/src/io/mod.rs:1954:13
   8:     0x55e624e446b2 - std::sys::backtrace::BacktraceLock::print::hb2a626a81e06b2dc
                               at /rustc/1159e78c4747b02ef996e55082b704c09b970588/library/std/src/sys/backtrace.rs:42:9
   9:     0x55e624e466f9 - std::panicking::default_hook::{{closure}}::h4f78485264f12d10
                               at /rustc/1159e78c4747b02ef996e55082b704c09b970588/library/std/src/panicking.rs:300:27
  10:     0x55e624e464db - std::panicking::default_hook::h2c66fc99e962531d
                               at /rustc/1159e78c4747b02ef996e55082b704c09b970588/library/std/src/panicking.rs:327:9
  11:     0x55e624e47105 - std::panicking::rust_panic_with_hook::h33ac55f64bbd807d
                               at /rustc/1159e78c4747b02ef996e55082b704c09b970588/library/std/src/panicking.rs:833:13
  12:     0x55e624e46e9a - std::panicking::begin_panic_handler::{{closure}}::h30e7cb89678a57fe
                               at /rustc/1159e78c4747b02ef996e55082b704c09b970588/library/std/src/panicking.rs:706:13
  13:     0x55e624e44d69 - std::sys::backtrace::__rust_end_short_backtrace::hed60f27456c16ced
                               at /rustc/1159e78c4747b02ef996e55082b704c09b970588/library/std/src/sys/backtrace.rs:174:18
  14:     0x55e624e46b2d - __rustc[de2ca18b4c54d5b8]::rust_begin_unwind
                               at /rustc/1159e78c4747b02ef996e55082b704c09b970588/library/std/src/panicking.rs:697:5
  15:     0x55e624e70d30 - core::panicking::panic_fmt::h62f63d096dd276af
                               at /rustc/1159e78c4747b02ef996e55082b704c09b970588/library/core/src/panicking.rs:75:14
  16:     0x55e61eb081be - integration_tests::integration::subscriptions::verify_subscription_events::{{closure}}::h49df6f8bed1614cb
                               at /root/project/apollo-router/tests/integration/subscriptions/mod.rs:273:5
  17:     0x55e61eba2c9e - integration_tests::integration::subscriptions::ws_passthrough::test_subscription_ws_passthrough_dedup::{{closure}}::hff86b65bf89dc40c
                               at /root/project/apollo-router/tests/integration/subscriptions/ws_passthrough.rs:909:63
  18:     0x55e61e7215ef - <core::pin::Pin<P> as core::future::future::Future>::poll::hcb765372bf9a9be0
                               at /rustc/1159e78c4747b02ef996e55082b704c09b970588/library/core/src/future/future.rs:133:9
  19:     0x55e61e62b9eb - tokio::runtime::park::CachedParkThread::block_on::{{closure}}::had9e378af5849f11
                               at /root/.cargo/registry/src/index.crates.io-1949cf8c6b5b557f/tokio-1.48.0/src/runtime/park.rs:285:71
  20:     0x55e61e62a950 - tokio::task::coop::with_budget::h6c5486694f22ca15
                               at /root/.cargo/registry/src/index.crates.io-1949cf8c6b5b557f/tokio-1.48.0/src/task/coop/mod.rs:167:5
  21:     0x55e61e62a950 - tokio::task::coop::budget::he0a8db83177c8314
                               at /root/.cargo/registry/src/index.crates.io-1949cf8c6b5b557f/tokio-1.48.0/src/task/coop/mod.rs:133:5
  22:     0x55e61e62a950 - tokio::runtime::park::CachedParkThread::block_on::hc4e90ffab65caeec
                               at /root/.cargo/registry/src/index.crates.io-1949cf8c6b5b557f/tokio-1.48.0/src/runtime/park.rs:285:31
  23:     0x55e61ecb68a1 - tokio::runtime::context::blocking::BlockingRegionGuard::block_on::h812dc1a24efcf821
                               at /root/.cargo/registry/src/index.crates.io-1949cf8c6b5b557f/tokio-1.48.0/src/runtime/context/blocking.rs:66:14
  24:     0x55e61e8c3ac2 - tokio::runtime::scheduler::multi_thread::MultiThread::block_on::{{closure}}::hc61f289df102a339
                               at /root/.cargo/registry/src/index.crates.io-1949cf8c6b5b557f/tokio-1.48.0/src/runtime/scheduler/multi_thread/mod.rs:87:22
  25:     0x55e61e65637a - tokio::runtime::context::runtime::enter_runtime::h045d20e3b3e0b850
                               at /root/.cargo/registry/src/index.crates.io-1949cf8c6b5b557f/tokio-1.48.0/src/runtime/context/runtime.rs:65:16
  26:     0x55e61e8c3944 - tokio::runtime::scheduler::multi_thread::MultiThread::block_on::hcf63dde5626233d0
                               at /root/.cargo/registry/src/index.crates.io-1949cf8c6b5b557f/tokio-1.48.0/src/runtime/scheduler/multi_thread/mod.rs:86:9
  27:     0x55e61e4c2c80 - tokio::runtime::runtime::Runtime::block_on_inner::hd795c11ae310e0f0
                               at /root/.cargo/registry/src/index.crates.io-1949cf8c6b5b557f/tokio-1.48.0/src/runtime/runtime.rs:370:50
  28:     0x55e61e4c3094 - tokio::runtime::runtime::Runtime::block_on::h2090ac62d0c850e9
                               at /root/.cargo/registry/src/index.crates.io-1949cf8c6b5b557f/tokio-1.48.0/src/runtime/runtime.rs:342:18
  29:     0x55e61eb9f2f5 - integration_tests::integration::subscriptions::ws_passthrough::test_subscription_ws_passthrough_dedup::h79e79b2503ee4b28
                               at /root/project/apollo-router/tests/integration/subscriptions/ws_passthrough.rs:929:7
  30:     0x55e61eb9f177 - integration_tests::integration::subscriptions::ws_passthrough::test_subscription_ws_passthrough_dedup::{{closure}}::h5f6cfb4d21700673
                               at /root/project/apollo-router/tests/integration/subscriptions/ws_passthrough.rs:819:54
  31:     0x55e61e292fa6 - core::ops::function::FnOnce::call_once::h7dd3a2fb1d861536
                               at /rustc/1159e78c4747b02ef996e55082b704c09b970588/library/core/src/ops/function.rs:253:5
  32:     0x55e61ef9532b - core::ops::function::FnOnce::call_once::h1f9474f1347fff52
                               at /rustc/1159e78c4747b02ef996e55082b704c09b970588/library/core/src/ops/function.rs:253:5
  33:     0x55e61ef9532b - test::__rust_begin_short_backtrace::ha52ab26e77157f03
                               at /rustc/1159e78c4747b02ef996e55082b704c09b970588/library/test/src/lib.rs:648:18
  34:     0x55e61ef94465 - test::run_test_in_process::{{closure}}::h229c1a11a50b261f
                               at /rustc/1159e78c4747b02ef996e55082b704c09b970588/library/test/src/lib.rs:671:74
  35:     0x55e61ef94465 - <core::panic::unwind_safe::AssertUnwindSafe<F> as core::ops::function::FnOnce<()>>::call_once::h78821afbf97b39a9
                               at /rustc/1159e78c4747b02ef996e55082b704c09b970588/library/core/src/panic/unwind_safe.rs:272:9
  36:     0x55e61ef94465 - std::panicking::catch_unwind::do_call::h53abf3ed5bd32ba3
                               at /rustc/1159e78c4747b02ef996e55082b704c09b970588/library/std/src/panicking.rs:589:40
  37:     0x55e61ef94465 - std::panicking::catch_unwind::h6deb5fe1e91873c9
                               at /rustc/1159e78c4747b02ef996e55082b704c09b970588/library/std/src/panicking.rs:552:19
  38:     0x55e61ef94465 - std::panic::catch_unwind::hea0829b6b565654b
                               at /rustc/1159e78c4747b02ef996e55082b704c09b970588/library/std/src/panic.rs:359:14
  39:     0x55e61ef94465 - test::run_test_in_process::hdc44dfecea3db21b
                               at /rustc/1159e78c4747b02ef996e55082b704c09b970588/library/test/src/lib.rs:671:27
  40:     0x55e61ef94465 - test::run_test::{{closure}}::h0364ba59bf23f652
                               at /rustc/1159e78c4747b02ef996e55082b704c09b970588/library/test/src/lib.rs:592:43
  41:     0x55e61ef58064 - test::run_test::{{closure}}::h32730b304eec05da
                               at /rustc/1159e78c4747b02ef996e55082b704c09b970588/library/test/src/lib.rs:622:41
  42:     0x55e61ef58064 - std::sys::backtrace::__rust_begin_short_backtrace::h177cb952fc54ad2c
                               at /rustc/1159e78c4747b02ef996e55082b704c09b970588/library/std/src/sys/backtrace.rs:158:18
  43:     0x55e61ef5ba3a - std::thread::Builder::spawn_unchecked_::{{closure}}::{{closure}}::h119d903520007597
                               at /rustc/1159e78c4747b02ef996e55082b704c09b970588/library/std/src/thread/mod.rs:559:17
  44:     0x55e61ef5ba3a - <core::panic::unwind_safe::AssertUnwindSafe<F> as core::ops::function::FnOnce<()>>::call_once::hab88401d606702a6
                               at /rustc/1159e78c4747b02ef996e55082b704c09b970588/library/core/src/panic/unwind_safe.rs:272:9
  45:     0x55e61ef5ba3a - std::panicking::catch_unwind::do_call::h163fe12cca9901c2
                               at /rustc/1159e78c4747b02ef996e55082b704c09b970588/library/std/src/panicking.rs:589:40
  46:     0x55e61ef5ba3a - std::panicking::catch_unwind::he81557d0e17cc1bc
                               at /rustc/1159e78c4747b02ef996e55082b704c09b970588/library/std/src/panicking.rs:552:19
  47:     0x55e61ef5ba3a - std::panic::catch_unwind::hc2b8e79c20593955
                               at /rustc/1159e78c4747b02ef996e55082b704c09b970588/library/std/src/panic.rs:359:14
  48:     0x55e61ef5ba3a - std::thread::Builder::spawn_unchecked_::{{closure}}::hfa6b4978e07815cc
                               at /rustc/1159e78c4747b02ef996e55082b704c09b970588/library/std/src/thread/mod.rs:557:30
  49:     0x55e61ef5ba3a - core::ops::function::FnOnce::call_once{{vtable.shim}}::hddcd7484a13fd793
                               at /rustc/1159e78c4747b02ef996e55082b704c09b970588/library/core/src/ops/function.rs:253:5
  50:     0x55e624e4aaef - <alloc::boxed::Box<F,A> as core::ops::function::FnOnce<Args>>::call_once::h5924238c754de3b8
                               at /rustc/1159e78c4747b02ef996e55082b704c09b970588/library/alloc/src/boxed.rs:1971:9
  51:     0x55e624e4aaef - std::sys::pal::unix::thread::Thread::new::thread_start::hb6e99e73da4d28f8
                               at /rustc/1159e78c4747b02ef996e55082b704c09b970588/library/std/src/sys/pal/unix/thread.rs:107:17
  52:     0x7f83b6fe11ca - start_thread
  53:     0x7f83b744a8d3 - __GI___clone
  54:                0x0 - <unknown>
[0m
[32;1m        PASS[0m [   2.382s] [35;1mapollo-router::integration_tests[0m [36mintegration::telemetry::otlp::tracing[0m[36m::[0m[34;1mtest_trace_error[0m
[32;1m        PASS[0m [   2.490s] [35;1mapollo-router::integration_tests[0m [36mintegration::telemetry::otlp::tracing[0m[36m::[0m[34;1mtest_resources[0m
[32;1m        PASS[0m [   2.878s] [35;1mapollo-router::integration_tests[0m [36mintegration::telemetry::otlp::tracing[0m[36m::[0m[34;1mtest_priority_sampling_parent_sampler_very_small_no_parent_no_agent_sampling[0m
[31;1m  TRY 3 FAIL[0m [   3.086s] [35;1mapollo-router::integration_tests[0m [36mintegration::subscriptions::ws_passthrough[0m[36m::[0m[34;1mtest_subscription_ws_passthrough_on_schema_reload[0m

[35;1m--- [0m[35;1mTRY[0m [35;1m3[0m [35;1mSTDOUT:        [0m[35;1mapollo-router::integration_tests[0m [36mintegration::subscriptions::ws_passthrough[0m[36m::[0m[34;1mtest_subscription_ws_passthrough_on_schema_reload[0m[35;1m ---[0m

running 1 test
[2m2025-11-13T03:17:15.640311Z[0m [32m INFO[0m Starting axum WebSocket server...
[2m2025-11-13T03:17:16.144214Z[0m [32m INFO[0m Axum server running on 127.0.0.1:40315
[2m2025-11-13T03:17:16.167625Z[0m [32m INFO[0m WebSocket server started at: ws://127.0.0.1:40315/ws
[2m2025-11-13T03:17:16.167726Z[0m [32m INFO[0m Loading supergraph from file
[2m2025-11-13T03:17:17.567272Z[0m [32m INFO[0m WebSocket connection established
[2m2025-11-13T03:17:17.574131Z[0m [32m INFO[0m Starting subscription with 2 events, interval 10ms (configured)
[2m2025-11-13T03:17:17.596405Z[0m [32m INFO[0m Sent 2 subscription events but did not send `complete` message
[2m2025-11-13T03:17:18.655251Z[0m [32m INFO[0m Mock server shutting down
[2m2025-11-13T03:17:18.655709Z[0m [32m INFO[0m Mock server shutting down
test integration::subscriptions::ws_passthrough::test_subscription_ws_passthrough_on_schema_reload ... FAILED

failures:

failures:
    integration::subscriptions::ws_passthrough::test_subscription_ws_passthrough_on_schema_reload

test result: FAILED. 0 passed; 1 failed; 0 ignored; 0 measured; 338 filtered out; finished in 3.04s

[0m
[35;1m--- [0m[35;1mTRY[0m [35;1m3[0m [35;1mSTDERR:        [0m[35;1mapollo-router::integration_tests[0m [36mintegration::subscriptions::ws_passthrough[0m[36m::[0m[34;1mtest_subscription_ws_passthrough_on_schema_reload[0m[35;1m ---[0m

thread 'integration::subscriptions::ws_passthrough::test_subscription_ws_passthrough_on_schema_reload' panicked at apollo-router/tests/integration/subscriptions/mod.rs:273:5:
assertion failed: `(left == right)`: Subscription events do not match expected events

[1mDiff[0m [31m< left[0m / [32mright >[0m :
 [
     Object {},
     Object {
         "payload": Object {
             "data": Object {
                 "userWasCreated": Object {
                     "name": String("User 1"),
                     "reviews": Array [
                         Object {
                             "body": String("Review 1 from user 1"),
                         },
                     ],
                 },
             },
         },
     },
     Object {
         "payload": Object {
             "data": Object {
                 "userWasCreated": Object {
                     "name": String("User 2"),
                     "reviews": Array [
                         Object {
                             "body": String("Review 2 from user 2"),
                         },
                     ],
                 },
             },
         },
     },
     Object {
         "payload": Null,
         "errors": Array [
             Object {
[31m<                "message": String("subscription has been closed due to a c[0m[1;48;5;52;31monfigur[0m[31ma[0m[1;48;5;52;31mtion[0m[31m reload"),[0m
[32m>                "message": String("subscription has been closed due to a [0m[1;48;5;22;32ms[0m[32mc[0m[1;48;5;22;32mhem[0m[32ma reload"),[0m
                 "extensions": Object {
[31m<                    "code": String("SUBSCRIPTION_C[0m[1;48;5;52;31mONFIG[0m[31m_RELOAD"),[0m
[32m>                    "code": String("SUBSCRIPTION_[0m[1;48;5;22;32mS[0m[32mC[0m[1;48;5;22;32mHEMA[0m[32m_RELOAD"),[0m
                 },
             },
         ],
     },
 ]


stack backtrace:
   0:     0x557cb8fcd862 - std::backtrace_rs::backtrace::libunwind::trace::h2d45396358f41939
                               at /rustc/1159e78c4747b02ef996e55082b704c09b970588/library/std/src/../../backtrace/src/backtrace/libunwind.rs:117:9
   1:     0x557cb8fcd862 - std::backtrace_rs::backtrace::trace_unsynchronized::hffcefc0b67f1d6e2
                               at /rustc/1159e78c4747b02ef996e55082b704c09b970588/library/std/src/../../backtrace/src/backtrace/mod.rs:66:14
   2:     0x557cb8fcd862 - std::sys::backtrace::_print_fmt::hd72f71d23b436b92
                               at /rustc/1159e78c4747b02ef996e55082b704c09b970588/library/std/src/sys/backtrace.rs:66:9
   3:     0x557cb8fcd862 - <std::sys::backtrace::BacktraceLock::print::DisplayBacktrace as core::fmt::Display>::fmt::hdcfcb6d4c8489523
                               at /rustc/1159e78c4747b02ef996e55082b704c09b970588/library/std/src/sys/backtrace.rs:39:26
   4:     0x557cb8ffd703 - core::fmt::rt::Argument::fmt::h2c56b3114963061a
                               at /rustc/1159e78c4747b02ef996e55082b704c09b970588/library/core/src/fmt/rt.rs:173:76
   5:     0x557cb8ffd703 - core::fmt::write::h8a494366950f23bb
                               at /rustc/1159e78c4747b02ef996e55082b704c09b970588/library/core/src/fmt/mod.rs:1468:25
   6:     0x557cb8fc8123 - std::io::default_write_fmt::ha27fbccbc65eb6fa
                               at /rustc/1159e78c4747b02ef996e55082b704c09b970588/library/std/src/io/mod.rs:639:11
   7:     0x557cb8fc8123 - std::io::Write::write_fmt::h6556609fca33d0b1
                               at /rustc/1159e78c4747b02ef996e55082b704c09b970588/library/std/src/io/mod.rs:1954:13
   8:     0x557cb8fcd6b2 - std::sys::backtrace::BacktraceLock::print::hb2a626a81e06b2dc
                               at /rustc/1159e78c4747b02ef996e55082b704c09b970588/library/std/src/sys/backtrace.rs:42:9
   9:     0x557cb8fcf6f9 - std::panicking::default_hook::{{closure}}::h4f78485264f12d10
                               at /rustc/1159e78c4747b02ef996e55082b704c09b970588/library/std/src/panicking.rs:300:27
  10:     0x557cb8fcf4db - std::panicking::default_hook::h2c66fc99e962531d
                               at /rustc/1159e78c4747b02ef996e55082b704c09b970588/library/std/src/panicking.rs:327:9
  11:     0x557cb8fd0105 - std::panicking::rust_panic_with_hook::h33ac55f64bbd807d
                               at /rustc/1159e78c4747b02ef996e55082b704c09b970588/library/std/src/panicking.rs:833:13
  12:     0x557cb8fcfe9a - std::panicking::begin_panic_handler::{{closure}}::h30e7cb89678a57fe
                               at /rustc/1159e78c4747b02ef996e55082b704c09b970588/library/std/src/panicking.rs:706:13
  13:     0x557cb8fcdd69 - std::sys::backtrace::__rust_end_short_backtrace::hed60f27456c16ced
                               at /rustc/1159e78c4747b02ef996e55082b704c09b970588/library/std/src/sys/backtrace.rs:174:18
  14:     0x557cb8fcfb2d - __rustc[de2ca18b4c54d5b8]::rust_begin_unwind
                               at /rustc/1159e78c4747b02ef996e55082b704c09b970588/library/std/src/panicking.rs:697:5
  15:     0x557cb8ff9d30 - core::panicking::panic_fmt::h62f63d096dd276af
                               at /rustc/1159e78c4747b02ef996e55082b704c09b970588/library/core/src/panicking.rs:75:14
  16:     0x557cb2c911be - integration_tests::integration::subscriptions::verify_subscription_events::{{closure}}::h49df6f8bed1614cb
                               at /root/project/apollo-router/tests/integration/subscriptions/mod.rs:273:5
  17:     0x557cb2d26f99 - integration_tests::integration::subscriptions::ws_passthrough::test_subscription_ws_passthrough_on_schema_reload::{{closure}}::hc89643c188ed6530
                               at /root/project/apollo-router/tests/integration/subscriptions/ws_passthrough.rs:801:63
  18:     0x557cb28aa5ef - <core::pin::Pin<P> as core::future::future::Future>::poll::hcb765372bf9a9be0
                               at /rustc/1159e78c4747b02ef996e55082b704c09b970588/library/core/src/future/future.rs:133:9
  19:     0x557cb27b49eb - tokio::runtime::park::CachedParkThread::block_on::{{closure}}::had9e378af5849f11
                               at /root/.cargo/registry/src/index.crates.io-1949cf8c6b5b557f/tokio-1.48.0/src/runtime/park.rs:285:71
  20:     0x557cb27b3950 - tokio::task::coop::with_budget::h6c5486694f22ca15
                               at /root/.cargo/registry/src/index.crates.io-1949cf8c6b5b557f/tokio-1.48.0/src/task/coop/mod.rs:167:5
  21:     0x557cb27b3950 - tokio::task::coop::budget::he0a8db83177c8314
                               at /root/.cargo/registry/src/index.crates.io-1949cf8c6b5b557f/tokio-1.48.0/src/task/coop/mod.rs:133:5
  22:     0x557cb27b3950 - tokio::runtime::park::CachedParkThread::block_on::hc4e90ffab65caeec
                               at /root/.cargo/registry/src/index.crates.io-1949cf8c6b5b557f/tokio-1.48.0/src/runtime/park.rs:285:31
  23:     0x557cb2e3f8a1 - tokio::runtime::context::blocking::BlockingRegionGuard::block_on::h812dc1a24efcf821
                               at /root/.cargo/registry/src/index.crates.io-1949cf8c6b5b557f/tokio-1.48.0/src/runtime/context/blocking.rs:66:14
  24:     0x557cb2a4cac2 - tokio::runtime::scheduler::multi_thread::MultiThread::block_on::{{closure}}::hc61f289df102a339
                               at /root/.cargo/registry/src/index.crates.io-1949cf8c6b5b557f/tokio-1.48.0/src/runtime/scheduler/multi_thread/mod.rs:87:22
  25:     0x557cb27df37a - tokio::runtime::context::runtime::enter_runtime::h045d20e3b3e0b850
                               at /root/.cargo/registry/src/index.crates.io-1949cf8c6b5b557f/tokio-1.48.0/src/runtime/context/runtime.rs:65:16
  26:     0x557cb2a4c944 - tokio::runtime::scheduler::multi_thread::MultiThread::block_on::hcf63dde5626233d0
                               at /root/.cargo/registry/src/index.crates.io-1949cf8c6b5b557f/tokio-1.48.0/src/runtime/scheduler/multi_thread/mod.rs:86:9
  27:     0x557cb264bc80 - tokio::runtime::runtime::Runtime::block_on_inner::hd795c11ae310e0f0
                               at /root/.cargo/registry/src/index.crates.io-1949cf8c6b5b557f/tokio-1.48.0/src/runtime/runtime.rs:370:50
  28:     0x557cb264c094 - tokio::runtime::runtime::Runtime::block_on::h2090ac62d0c850e9
                               at /root/.cargo/registry/src/index.crates.io-1949cf8c6b5b557f/tokio-1.48.0/src/runtime/runtime.rs:342:18
  29:     0x557cb2d23805 - integration_tests::integration::subscriptions::ws_passthrough::test_subscription_ws_passthrough_on_schema_reload::h3f3d28c4f3c09b48
                               at /root/project/apollo-router/tests/integration/subscriptions/ws_passthrough.rs:815:7
  30:     0x557cb2d23687 - integration_tests::integration::subscriptions::ws_passthrough::test_subscription_ws_passthrough_on_schema_reload::{{closure}}::hae6ae10258adaf99
                               at /root/project/apollo-router/tests/integration/subscriptions/ws_passthrough.rs:720:65
  31:     0x557cb2421fe6 - core::ops::function::FnOnce::call_once::hcaae4fbc1d88b992
                               at /rustc/1159e78c4747b02ef996e55082b704c09b970588/library/core/src/ops/function.rs:253:5
  32:     0x557cb311e32b - core::ops::function::FnOnce::call_once::h1f9474f1347fff52
                               at /rustc/1159e78c4747b02ef996e55082b704c09b970588/library/core/src/ops/function.rs:253:5
  33:     0x557cb311e32b - test::__rust_begin_short_backtrace::ha52ab26e77157f03
                               at /rustc/1159e78c4747b02ef996e55082b704c09b970588/library/test/src/lib.rs:648:18
  34:     0x557cb311d465 - test::run_test_in_process::{{closure}}::h229c1a11a50b261f
                               at /rustc/1159e78c4747b02ef996e55082b704c09b970588/library/test/src/lib.rs:671:74
  35:     0x557cb311d465 - <core::panic::unwind_safe::AssertUnwindSafe<F> as core::ops::function::FnOnce<()>>::call_once::h78821afbf97b39a9
                               at /rustc/1159e78c4747b02ef996e55082b704c09b970588/library/core/src/panic/unwind_safe.rs:272:9
  36:     0x557cb311d465 - std::panicking::catch_unwind::do_call::h53abf3ed5bd32ba3
                               at /rustc/1159e78c4747b02ef996e55082b704c09b970588/library/std/src/panicking.rs:589:40
  37:     0x557cb311d465 - std::panicking::catch_unwind::h6deb5fe1e91873c9
                               at /rustc/1159e78c4747b02ef996e55082b704c09b970588/library/std/src/panicking.rs:552:19
  38:     0x557cb311d465 - std::panic::catch_unwind::hea0829b6b565654b
                               at /rustc/1159e78c4747b02ef996e55082b704c09b970588/library/std/src/panic.rs:359:14
  39:     0x557cb311d465 - test::run_test_in_process::hdc44dfecea3db21b
                               at /rustc/1159e78c4747b02ef996e55082b704c09b970588/library/test/src/lib.rs:671:27
  40:     0x557cb311d465 - test::run_test::{{closure}}::h0364ba59bf23f652
                               at /rustc/1159e78c4747b02ef996e55082b704c09b970588/library/test/src/lib.rs:592:43
  41:     0x557cb30e1064 - test::run_test::{{closure}}::h32730b304eec05da
                               at /rustc/1159e78c4747b02ef996e55082b704c09b970588/library/test/src/lib.rs:622:41
  42:     0x557cb30e1064 - std::sys::backtrace::__rust_begin_short_backtrace::h177cb952fc54ad2c
                               at /rustc/1159e78c4747b02ef996e55082b704c09b970588/library/std/src/sys/backtrace.rs:158:18
  43:     0x557cb30e4a3a - std::thread::Builder::spawn_unchecked_::{{closure}}::{{closure}}::h119d903520007597
                               at /rustc/1159e78c4747b02ef996e55082b704c09b970588/library/std/src/thread/mod.rs:559:17
  44:     0x557cb30e4a3a - <core::panic::unwind_safe::AssertUnwindSafe<F> as core::ops::function::FnOnce<()>>::call_once::hab88401d606702a6
                               at /rustc/1159e78c4747b02ef996e55082b704c09b970588/library/core/src/panic/unwind_safe.rs:272:9
  45:     0x557cb30e4a3a - std::panicking::catch_unwind::do_call::h163fe12cca9901c2
                               at /rustc/1159e78c4747b02ef996e55082b704c09b970588/library/std/src/panicking.rs:589:40
  46:     0x557cb30e4a3a - std::panicking::catch_unwind::he81557d0e17cc1bc
                               at /rustc/1159e78c4747b02ef996e55082b704c09b970588/library/std/src/panicking.rs:552:19
  47:     0x557cb30e4a3a - std::panic::catch_unwind::hc2b8e79c20593955
                               at /rustc/1159e78c4747b02ef996e55082b704c09b970588/library/std/src/panic.rs:359:14
  48:     0x557cb30e4a3a - std::thread::Builder::spawn_unchecked_::{{closure}}::hfa6b4978e07815cc
                               at /rustc/1159e78c4747b02ef996e55082b704c09b970588/library/std/src/thread/mod.rs:557:30
  49:     0x557cb30e4a3a - core::ops::function::FnOnce::call_once{{vtable.shim}}::hddcd7484a13fd793
                               at /rustc/1159e78c4747b02ef996e55082b704c09b970588/library/core/src/ops/function.rs:253:5
  50:     0x557cb8fd3aef - <alloc::boxed::Box<F,A> as core::ops::function::FnOnce<Args>>::call_once::h5924238c754de3b8
                               at /rustc/1159e78c4747b02ef996e55082b704c09b970588/library/alloc/src/boxed.rs:1971:9
  51:     0x557cb8fd3aef - std::sys::pal::unix::thread::Thread::new::thread_start::hb6e99e73da4d28f8
                               at /rustc/1159e78c4747b02ef996e55082b704c09b970588/library/std/src/sys/pal/unix/thread.rs:107:17
  52:     0x7ff5e24401ca - start_thread
  53:     0x7ff5e28a98d3 - __GI___clone
  54:                0x0 - <unknown>
[0m
[32;1m        PASS[0m [   2.416s] [35;1mapollo-router::integration_tests[0m [36mintegration::telemetry::otlp::tracing[0m[36m::[0m[34;1mtest_untraced_request_no_sample_datadog_agent[0m
[32;1m        PASS[0m [   3.189s] [35;1mapollo-router::integration_tests[0m [36mintegration::telemetry::otlp::tracing[0m[36m::[0m[34;1mtest_plugin_overridden_client_name_is_included_in_telemetry[0m
[32;1m        PASS[0m [   3.677s] [35;1mapollo-router::integration_tests[0m [36mintegration::telemetry::otlp::metrics[0m[36m::[0m[34;1mtest_updown_counter_temporality_with_cumulative[0m
[32;1m        PASS[0m [   3.650s] [35;1mapollo-router::integration_tests[0m [36mintegration::telemetry::otlp::metrics[0m[36m::[0m[34;1mtest_updown_counter_temporality_with_delta[0m
[32;1m        PASS[0m [   3.458s] [35;1mapollo-router::integration_tests[0m [36mintegration::telemetry::otlp::tracing[0m[36m::[0m[34;1mtest_otlp_request_with_zipkin_trace_context_propagator_with_datadog[0m
[33;1m  TRY 2 PASS[0m [   2.461s] [35;1mapollo-router::integration_tests[0m [36mintegration::telemetry::logging[0m[36m::[0m[34;1mtest_json_sampler_off[0m
[31;1m        FAIL[0m [   3.297s] [35;1mapollo-router::integration_tests[0m [36mintegration::telemetry::otlp::tracing[0m[36m::[0m[34;1mtest_priority_sampling_no_parent_propagated[0m

[35;1m--- [0m[35;1mSTDOUT:              [0m[35;1mapollo-router::integration_tests[0m [36mintegration::telemetry::otlp::tracing[0m[36m::[0m[34;1mtest_priority_sampling_no_parent_propagated[0m[35;1m ---[0m

running 1 test
[2m2025-11-13T03:17:15.937059Z[0m [32m INFO[0m Loading supergraph from file
trace: c2689aa4a6899b295b5e907573c013b1
trace: c2689aa4a6899b295b5e907573c013b1
services verified
spans present verified
measured spans verified
operation name verified
priority sampled verified
version verified
span kinds verified
span attributes verified
span attributes verified
trace: c2689aa4a6899b295b5e907573c013b1
services verified
spans present verified
measured spans verified
operation name verified
priority sampled verified
version verified
span kinds verified
span attributes verified
span attributes verified
trace: 8e0b99d2ea5f6ee922f81bac51c8d120
trace: 8e0b99d2ea5f6ee922f81bac51c8d120
services verified
spans present verified
measured spans verified
operation name verified
priority sampled verified
version verified
span kinds verified
span attributes verified
span attributes verified
trace: 8e0b99d2ea5f6ee922f81bac51c8d120
services verified
spans present verified
measured spans verified
operation name verified
priority sampled verified
version verified
span kinds verified
span attributes verified
span attributes verified
[2m2025-11-13T03:17:19.043728Z[0m [32m INFO[0m Mock server shutting down
[2m2025-11-13T03:17:19.047049Z[0m [32m INFO[0m Mock server shutting down
test integration::telemetry::otlp::tracing::test_priority_sampling_no_parent_propagated ... FAILED

failures:

failures:
    integration::telemetry::otlp::tracing::test_priority_sampling_no_parent_propagated

test result: FAILED. 0 passed; 1 failed; 0 ignored; 0 measured; 338 filtered out; finished in 3.24s

[0m
[35;1m--- [0m[35;1mSTDERR:              [0m[35;1mapollo-router::integration_tests[0m [36mintegration::telemetry::otlp::tracing[0m[36m::[0m[34;1mtest_priority_sampling_no_parent_propagated[0m[35;1m ---[0m

thread 'integration::telemetry::otlp::tracing::test_priority_sampling_no_parent_propagated' panicked at apollo-router/tests/integration/../common.rs:950:25:
unable to send successful request to router, error sending request for url (http://127.0.0.1:42303/)
stack backtrace:
   0:     0x560c3cf54862 - std::backtrace_rs::backtrace::libunwind::trace::h2d45396358f41939
                               at /rustc/1159e78c4747b02ef996e55082b704c09b970588/library/std/src/../../backtrace/src/backtrace/libunwind.rs:117:9
   1:     0x560c3cf54862 - std::backtrace_rs::backtrace::trace_unsynchronized::hffcefc0b67f1d6e2
                               at /rustc/1159e78c4747b02ef996e55082b704c09b970588/library/std/src/../../backtrace/src/backtrace/mod.rs:66:14
   2:     0x560c3cf54862 - std::sys::backtrace::_print_fmt::hd72f71d23b436b92
                               at /rustc/1159e78c4747b02ef996e55082b704c09b970588/library/std/src/sys/backtrace.rs:66:9
   3:     0x560c3cf54862 - <std::sys::backtrace::BacktraceLock::print::DisplayBacktrace as core::fmt::Display>::fmt::hdcfcb6d4c8489523
                               at /rustc/1159e78c4747b02ef996e55082b704c09b970588/library/std/src/sys/backtrace.rs:39:26
   4:     0x560c3cf84703 - core::fmt::rt::Argument::fmt::h2c56b3114963061a
                               at /rustc/1159e78c4747b02ef996e55082b704c09b970588/library/core/src/fmt/rt.rs:173:76
   5:     0x560c3cf84703 - core::fmt::write::h8a494366950f23bb
                               at /rustc/1159e78c4747b02ef996e55082b704c09b970588/library/core/src/fmt/mod.rs:1468:25
   6:     0x560c3cf4f123 - std::io::default_write_fmt::ha27fbccbc65eb6fa
                               at /rustc/1159e78c4747b02ef996e55082b704c09b970588/library/std/src/io/mod.rs:639:11
   7:     0x560c3cf4f123 - std::io::Write::write_fmt::h6556609fca33d0b1
                               at /rustc/1159e78c4747b02ef996e55082b704c09b970588/library/std/src/io/mod.rs:1954:13
   8:     0x560c3cf546b2 - std::sys::backtrace::BacktraceLock::print::hb2a626a81e06b2dc
                               at /rustc/1159e78c4747b02ef996e55082b704c09b970588/library/std/src/sys/backtrace.rs:42:9
   9:     0x560c3cf566f9 - std::panicking::default_hook::{{closure}}::h4f78485264f12d10
                               at /rustc/1159e78c4747b02ef996e55082b704c09b970588/library/std/src/panicking.rs:300:27
  10:     0x560c3cf564db - std::panicking::default_hook::h2c66fc99e962531d
                               at /rustc/1159e78c4747b02ef996e55082b704c09b970588/library/std/src/panicking.rs:327:9
  11:     0x560c3cf57105 - std::panicking::rust_panic_with_hook::h33ac55f64bbd807d
                               at /rustc/1159e78c4747b02ef996e55082b704c09b970588/library/std/src/panicking.rs:833:13
  12:     0x560c3cf56e9a - std::panicking::begin_panic_handler::{{closure}}::h30e7cb89678a57fe
                               at /rustc/1159e78c4747b02ef996e55082b704c09b970588/library/std/src/panicking.rs:706:13
  13:     0x560c3cf54d69 - std::sys::backtrace::__rust_end_short_backtrace::hed60f27456c16ced
                               at /rustc/1159e78c4747b02ef996e55082b704c09b970588/library/std/src/sys/backtrace.rs:174:18
  14:     0x560c3cf56b2d - __rustc[de2ca18b4c54d5b8]::rust_begin_unwind
                               at /rustc/1159e78c4747b02ef996e55082b704c09b970588/library/std/src/panicking.rs:697:5
  15:     0x560c3cf80d30 - core::panicking::panic_fmt::h62f63d096dd276af
                               at /rustc/1159e78c4747b02ef996e55082b704c09b970588/library/core/src/panicking.rs:75:14
  16:     0x560c36c45c37 - integration_tests::integration::common::IntegrationTest::execute_query::{{closure}}::{{closure}}::h4d085f6cd6156b05
                               at /root/project/apollo-router/tests/integration/../common.rs:950:25
  17:     0x560c36bfc70e - <tracing_futures::Instrumented<T> as core::future::future::Future>::poll::h1105381b388b8898
                               at /root/.cargo/registry/src/index.crates.io-1949cf8c6b5b557f/tracing-futures-0.2.5/src/lib.rs:283:20
  18:     0x560c36c44caf - integration_tests::integration::common::IntegrationTest::execute_query::{{closure}}::h7b0aa09fa141b36c
                               at /root/project/apollo-router/tests/integration/../common.rs:955:14
  19:     0x560c36bfca8d - <tracing_futures::WithDispatch<T> as core::future::future::Future>::poll::{{closure}}::hfdb6261be1c5115b
                               at /root/.cargo/registry/src/index.crates.io-1949cf8c6b5b557f/tracing-futures-0.2.5/src/lib.rs:455:54
  20:     0x560c366f0b41 - tracing_core::dispatcher::with_default::h39ef5ab5337363e5
                               at /root/.cargo/registry/src/index.crates.io-1949cf8c6b5b557f/tracing-core-0.1.34/src/dispatcher.rs:262:5
  21:     0x560c36bfca2a - <tracing_futures::WithDispatch<T> as core::future::future::Future>::poll::h63f620e3e3cbb415
                               at /root/.cargo/registry/src/index.crates.io-1949cf8c6b5b557f/tracing-futures-0.2.5/src/lib.rs:455:9
  22:     0x560c36f33373 - integration_tests::integration::telemetry::verifier::Verifier::validate_trace::{{closure}}::h84cf20cd9bc380e7
                               at /root/project/apollo-router/tests/integration/telemetry/verifier.rs:20:58
  23:     0x560c369e6e7f - integration_tests::integration::telemetry::otlp::<impl integration_tests::integration::telemetry::TraceSpec>::validate_otlp_trace::{{closure}}::h8249b9442848e72e
                               at /root/project/apollo-router/tests/integration/telemetry/otlp/mod.rs:355:10
  24:     0x560c36a3bca8 - integration_tests::integration::telemetry::otlp::tracing::test_priority_sampling_no_parent_propagated::{{closure}}::h93956032fc5a1684
                               at /root/project/apollo-router/tests/integration/telemetry/otlp/tracing.rs:716:10
  25:     0x560c368315ef - <core::pin::Pin<P> as core::future::future::Future>::poll::hcb765372bf9a9be0
                               at /rustc/1159e78c4747b02ef996e55082b704c09b970588/library/core/src/future/future.rs:133:9
  26:     0x560c3673b9eb - tokio::runtime::park::CachedParkThread::block_on::{{closure}}::had9e378af5849f11
                               at /root/.cargo/registry/src/index.crates.io-1949cf8c6b5b557f/tokio-1.48.0/src/runtime/park.rs:285:71
  27:     0x560c3673a950 - tokio::task::coop::with_budget::h6c5486694f22ca15
                               at /root/.cargo/registry/src/index.crates.io-1949cf8c6b5b557f/tokio-1.48.0/src/task/coop/mod.rs:167:5
  28:     0x560c3673a950 - tokio::task::coop::budget::he0a8db83177c8314
                               at /root/.cargo/registry/src/index.crates.io-1949cf8c6b5b557f/tokio-1.48.0/src/task/coop/mod.rs:133:5
  29:     0x560c3673a950 - tokio::runtime::park::CachedParkThread::block_on::hc4e90ffab65caeec
                               at /root/.cargo/registry/src/index.crates.io-1949cf8c6b5b557f/tokio-1.48.0/src/runtime/park.rs:285:31
  30:     0x560c36dc68a1 - tokio::runtime::context::blocking::BlockingRegionGuard::block_on::h812dc1a24efcf821
                               at /root/.cargo/registry/src/index.crates.io-1949cf8c6b5b557f/tokio-1.48.0/src/runtime/context/blocking.rs:66:14
  31:     0x560c369d3ac2 - tokio::runtime::scheduler::multi_thread::MultiThread::block_on::{{closure}}::hc61f289df102a339
                               at /root/.cargo/registry/src/index.crates.io-1949cf8c6b5b557f/tokio-1.48.0/src/runtime/scheduler/multi_thread/mod.rs:87:22
  32:     0x560c3676637a - tokio::runtime::context::runtime::enter_runtime::h045d20e3b3e0b850
                               at /root/.cargo/registry/src/index.crates.io-1949cf8c6b5b557f/tokio-1.48.0/src/runtime/context/runtime.rs:65:16
  33:     0x560c369d3944 - tokio::runtime::scheduler::multi_thread::MultiThread::block_on::hcf63dde5626233d0
                               at /root/.cargo/registry/src/index.crates.io-1949cf8c6b5b557f/tokio-1.48.0/src/runtime/scheduler/multi_thread/mod.rs:86:9
  34:     0x560c365d2c80 - tokio::runtime::runtime::Runtime::block_on_inner::hd795c11ae310e0f0
                               at /root/.cargo/registry/src/index.crates.io-1949cf8c6b5b557f/tokio-1.48.0/src/runtime/runtime.rs:370:50
  35:     0x560c365d3094 - tokio::runtime::runtime::Runtime::block_on::h2090ac62d0c850e9
                               at /root/.cargo/registry/src/index.crates.io-1949cf8c6b5b557f/tokio-1.48.0/src/runtime/runtime.rs:342:18
  36:     0x560c36a33786 - integration_tests::integration::telemetry::otlp::tracing::test_priority_sampling_no_parent_propagated::h9f7f373833ec4ace
                               at /root/project/apollo-router/tests/integration/telemetry/otlp/tracing.rs:743:7
  37:     0x560c36a33617 - integration_tests::integration::telemetry::otlp::tracing::test_priority_sampling_no_parent_propagated::{{closure}}::h5910121424cccada
                               at /root/project/apollo-router/tests/integration/telemetry/otlp/tracing.rs:663:59
  38:     0x560c3639d216 - core::ops::function::FnOnce::call_once::h3741233a204237d0
                               at /rustc/1159e78c4747b02ef996e55082b704c09b970588/library/core/src/ops/function.rs:253:5
  39:     0x560c370a532b - core::ops::function::FnOnce::call_once::h1f9474f1347fff52
                               at /rustc/1159e78c4747b02ef996e55082b704c09b970588/library/core/src/ops/function.rs:253:5
  40:     0x560c370a532b - test::__rust_begin_short_backtrace::ha52ab26e77157f03
                               at /rustc/1159e78c4747b02ef996e55082b704c09b970588/library/test/src/lib.rs:648:18
  41:     0x560c370a4465 - test::run_test_in_process::{{closure}}::h229c1a11a50b261f
                               at /rustc/1159e78c4747b02ef996e55082b704c09b970588/library/test/src/lib.rs:671:74
  42:     0x560c370a4465 - <core::panic::unwind_safe::AssertUnwindSafe<F> as core::ops::function::FnOnce<()>>::call_once::h78821afbf97b39a9
                               at /rustc/1159e78c4747b02ef996e55082b704c09b970588/library/core/src/panic/unwind_safe.rs:272:9
  43:     0x560c370a4465 - std::panicking::catch_unwind::do_call::h53abf3ed5bd32ba3
                               at /rustc/1159e78c4747b02ef996e55082b704c09b970588/library/std/src/panicking.rs:589:40
  44:     0x560c370a4465 - std::panicking::catch_unwind::h6deb5fe1e91873c9
                               at /rustc/1159e78c4747b02ef996e55082b704c09b970588/library/std/src/panicking.rs:552:19
  45:     0x560c370a4465 - std::panic::catch_unwind::hea0829b6b565654b
                               at /rustc/1159e78c4747b02ef996e55082b704c09b970588/library/std/src/panic.rs:359:14
  46:     0x560c370a4465 - test::run_test_in_process::hdc44dfecea3db21b
                               at /rustc/1159e78c4747b02ef996e55082b704c09b970588/library/test/src/lib.rs:671:27
  47:     0x560c370a4465 - test::run_test::{{closure}}::h0364ba59bf23f652
                               at /rustc/1159e78c4747b02ef996e55082b704c09b970588/library/test/src/lib.rs:592:43
  48:     0x560c37068064 - test::run_test::{{closure}}::h32730b304eec05da
                               at /rustc/1159e78c4747b02ef996e55082b704c09b970588/library/test/src/lib.rs:622:41
  49:     0x560c37068064 - std::sys::backtrace::__rust_begin_short_backtrace::h177cb952fc54ad2c
                               at /rustc/1159e78c4747b02ef996e55082b704c09b970588/library/std/src/sys/backtrace.rs:158:18
  50:     0x560c3706ba3a - std::thread::Builder::spawn_unchecked_::{{closure}}::{{closure}}::h119d903520007597
                               at /rustc/1159e78c4747b02ef996e55082b704c09b970588/library/std/src/thread/mod.rs:559:17
  51:     0x560c3706ba3a - <core::panic::unwind_safe::AssertUnwindSafe<F> as core::ops::function::FnOnce<()>>::call_once::hab88401d606702a6
                               at /rustc/1159e78c4747b02ef996e55082b704c09b970588/library/core/src/panic/unwind_safe.rs:272:9
  52:     0x560c3706ba3a - std::panicking::catch_unwind::do_call::h163fe12cca9901c2
                               at /rustc/1159e78c4747b02ef996e55082b704c09b970588/library/std/src/panicking.rs:589:40
  53:     0x560c3706ba3a - std::panicking::catch_unwind::he81557d0e17cc1bc
                               at /rustc/1159e78c4747b02ef996e55082b704c09b970588/library/std/src/panicking.rs:552:19
  54:     0x560c3706ba3a - std::panic::catch_unwind::hc2b8e79c20593955
                               at /rustc/1159e78c4747b02ef996e55082b704c09b970588/library/std/src/panic.rs:359:14
  55:     0x560c3706ba3a - std::thread::Builder::spawn_unchecked_::{{closure}}::hfa6b4978e07815cc
                               at /rustc/1159e78c4747b02ef996e55082b704c09b970588/library/std/src/thread/mod.rs:557:30
  56:     0x560c3706ba3a - core::ops::function::FnOnce::call_once{{vtable.shim}}::hddcd7484a13fd793
                               at /rustc/1159e78c4747b02ef996e55082b704c09b970588/library/core/src/ops/function.rs:253:5
  57:     0x560c3cf5aaef - <alloc::boxed::Box<F,A> as core::ops::function::FnOnce<Args>>::call_once::h5924238c754de3b8
                               at /rustc/1159e78c4747b02ef996e55082b704c09b970588/library/alloc/src/boxed.rs:1971:9
  58:     0x560c3cf5aaef - std::sys::pal::unix::thread::Thread::new::thread_start::hb6e99e73da4d28f8
                               at /rustc/1159e78c4747b02ef996e55082b704c09b970588/library/std/src/sys/pal/unix/thread.rs:107:17
  59:     0x7f142f00d1ca - start_thread
  60:     0x7f142f4768d3 - __GI___clone
  61:                0x0 - <unknown>
[0m
[32;1m        PASS[0m [   4.497s] [35;1mapollo-router::integration_tests[0m [36mintegration::telemetry::metrics[0m[36m::[0m[34;1mtest_metrics_reloading[0m
[32;1m        PASS[0m [   1.907s] [35;1mapollo-router::integration_tests[0m [36mintegration::telemetry::propagation[0m[36m::[0m[34;1mtest_trace_id_via_header[0m
[32;1m        PASS[0m [   2.309s] [35;1mapollo-router::integration_tests[0m [36mintegration::telemetry::otlp::tracing[0m[36m::[0m[34;1mtest_untraced_request_sample_datadog_agent[0m
[32;1m        PASS[0m [   3.485s] [35;1mapollo-router::integration_tests[0m [36mintegration::telemetry::otlp::tracing[0m[36m::[0m[34;1mtest_priority_sampling_propagated[0m
[32;1m        PASS[0m [   0.092s] [35;1mapollo-router::integration_tests[0m [36mintegration::validation[0m[36m::[0m[34;1mtest_supergraph_validation_errors_are_passed_on[0m
[32;1m        PASS[0m [   1.031s] [35;1mapollo-router::integration_tests[0m [36mintegration::typename[0m[36m::[0m[34;1maliased[0m
[32;1m        PASS[0m [   0.968s] [35;1mapollo-router::integration_tests[0m [36mintegration::typename[0m[36m::[0m[34;1mbasic[0m
[32;1m        PASS[0m [   2.536s] [35;1mapollo-router::integration_tests[0m [36mintegration::telemetry::otlp::tracing[0m[36m::[0m[34;1mtest_untraced_request_sample_datadog_agent_unsampled[0m
[32;1m        PASS[0m [   1.014s] [35;1mapollo-router::integration_tests[0m [36mintegration::typename[0m[36m::[0m[34;1minside_inline_fragment[0m
[32;1m        PASS[0m [   1.047s] [35;1mapollo-router::integration_tests[0m [36mintegration::typename[0m[36m::[0m[34;1mdeeply_nested_inside_fragments[0m
[32;1m        PASS[0m [   1.037s] [35;1mapollo-router::integration_tests[0m [36mintegration::typename[0m[36m::[0m[34;1minside_fragment[0m
[32;1m        PASS[0m [   1.743s] [35;1mapollo-router::integration_tests[0m [36mintegration::traffic_shaping[0m[36m::[0m[34;1mtest_router_rate_limit[0m
[32;1m        PASS[0m [   0.978s] [35;1mapollo-router::integration_tests[0m [36mintegration::typename[0m[36m::[0m[34;1mmutation[0m
[32;1m        PASS[0m [   0.924s] [35;1mapollo-router::integration_tests[0m [36mintegration::typename[0m[36m::[0m[34;1mtwo_named_operations[0m
[32;1m        PASS[0m [   4.718s] [35;1mapollo-router::integration_tests[0m [36mintegration::telemetry::otlp::tracing[0m[36m::[0m[34;1mtest_basic[0m
[32;1m        PASS[0m [   2.008s] [35;1mapollo-router::integration_tests[0m [36mintegration::traffic_shaping[0m[36m::[0m[34;1mtest_router_custom_metric[0m
[32;1m        PASS[0m [   2.140s] [35;1mapollo-router::integration_tests[0m [36mintegration::traffic_shaping[0m[36m::[0m[34;1mtest_connector_timeout[0m
[32;1m        PASS[0m [   1.629s] [35;1mapollo-router::integration_tests[0m [36mintegration::traffic_shaping[0m[36m::[0m[34;1mtest_router_timeout[0m
[32;1m        PASS[0m [   2.313s] [35;1mapollo-router::integration_tests[0m [36mintegration::traffic_shaping[0m[36m::[0m[34;1mtest_connector_rate_limit[0m
[32;1m        PASS[0m [   0.555s] [35;1mapollo-router::integration_tests[0m [34;1mit_will_not_start_with_loose_file_permissions[0m
[32;1m        PASS[0m [   0.951s] [35;1mapollo-router::integration_tests[0m [36mintegration::validation[0m[36m::[0m[34;1mtest_lots_of_validation_errors[0m
[32;1m        PASS[0m [   1.790s] [35;1mapollo-router::integration_tests[0m [36mintegration::traffic_shaping[0m[36m::[0m[34;1mtest_subgraph_rate_limit[0m
[32;1m        PASS[0m [   0.943s] [35;1mapollo-router::integration_tests[0m [36mintegration::validation[0m[36m::[0m[34;1mtest_request_extensions_is_null[0m
[32;1m        PASS[0m [   0.944s] [35;1mapollo-router::integration_tests[0m [36mintegration::validation[0m[36m::[0m[34;1mtest_syntax_error[0m
[32;1m        PASS[0m [   0.566s] [35;1mapollo-router::integration_tests[0m [34;1mpersisted_queries[0m
[32;1m        PASS[0m [   0.084s] [35;1mapollo-router::integration_tests[0m [34;1mtest_telemetry_doesnt_hang_with_invalid_schema[0m
[32;1m        PASS[0m [   5.010s] [35;1mapollo-router::integration_tests[0m [36mintegration::telemetry::otlp::tracing[0m[36m::[0m[34;1mtest_otlp_tracing_reload[0m
[32;1m        PASS[0m [   1.973s] [35;1mapollo-router::integration_tests[0m [36mintegration::traffic_shaping[0m[36m::[0m[34;1mtest_router_timeout_operation_name_in_tracing[0m
[32;1m        PASS[0m [   0.967s] [35;1mapollo-router::integration_tests[0m [36mintegration::validation[0m[36m::[0m[34;1mtest_validation_error[0m
[32;1m        PASS[0m [   1.992s] [35;1mapollo-router::integration_tests[0m [36mintegration::traffic_shaping[0m[36m::[0m[34;1mtest_subgraph_timeout[0m
[32;1m        PASS[0m [   0.891s] [35;1mapollo-router::integration_tests[0m [34;1mmissing_variables[0m
[32;1m        PASS[0m [   0.858s] [35;1mapollo-router::integration_tests[0m [34;1mmutation_should_not_work_over_get[0m
[32;1m        PASS[0m [   0.927s] [35;1mapollo-router::integration_tests[0m [34;1mmutation_should_work_over_post[0m
[32;1m        PASS[0m [   0.953s] [35;1mapollo-router::integration_tests[0m [34;1mqueries_should_work_over_post[0m
[32;1m        PASS[0m [   0.945s] [35;1mapollo-router::integration_tests[0m [34;1mqueries_should_work_with_compression[0m
[32;1m        PASS[0m [   0.876s] [35;1mapollo-router::integration_tests[0m [34;1mquery_just_at_token_limit[0m
[32;1m        PASS[0m [   0.920s] [35;1mapollo-router::integration_tests[0m [34;1mquery_just_at_recursion_limit[0m
[32;1m        PASS[0m [   1.014s] [35;1mapollo-router::integration_tests[0m [34;1mqueries_should_work_over_get[0m
[32;1m        PASS[0m [   1.108s] [35;1mapollo-router::integration_tests[0m [34;1mnormal_query_with_defer_accept_header[0m
[32;1m        PASS[0m [   0.963s] [35;1mapollo-router::integration_tests[0m [34;1mquery_just_under_recursion_limit[0m
[32;1m        PASS[0m [   0.913s] [35;1mapollo-router::integration_tests[0m [34;1mquery_just_under_token_limit[0m
[32;1m        PASS[0m [   0.936s] [35;1mapollo-router::integration_tests[0m [34;1mquery_operation_id[0m
[32;1m        PASS[0m [   0.831s] [35;1mapollo-router::integration_tests[0m [34;1msimple_queries_should_not_work[0m
[32;1m        PASS[0m [   0.905s] [35;1mapollo-router::integration_tests[0m [34;1mservice_errors_should_be_propagated[0m
[32;1m        PASS[0m [   0.975s] [35;1mapollo-router::integration_tests[0m [34;1mtest_starstuff_supergraph_is_valid[0m
[32;1m        PASS[0m [   1.042s] [35;1mapollo-router::integration_tests[0m [34;1mvalidation_errors_from_rust[0m
[31;1m        FAIL[0m [  16.685s] [35;1mapollo-router::integration_tests[0m [36mintegration::query_planner[0m[36m::[0m[34;1mfed2_schema_with_new_qp[0m

[35;1m--- [0m[35;1mSTDOUT:              [0m[35;1mapollo-router::integration_tests[0m [36mintegration::query_planner[0m[36m::[0m[34;1mfed2_schema_with_new_qp[0m[35;1m ---[0m

running 1 test
[2m2025-11-13T03:17:04.995669Z[0m [32m INFO[0m Loading supergraph from file
[2m2025-11-13T03:17:21.616868Z[0m [32m INFO[0m Mock server shutting down
[2m2025-11-13T03:17:21.617797Z[0m [32m INFO[0m Mock server shutting down
test integration::query_planner::fed2_schema_with_new_qp ... FAILED

failures:

failures:
    integration::query_planner::fed2_schema_with_new_qp

test result: FAILED. 0 passed; 1 failed; 0 ignored; 0 measured; 338 filtered out; finished in 16.64s

[0m
[35;1m--- [0m[35;1mSTDERR:              [0m[35;1mapollo-router::integration_tests[0m [36mintegration::query_planner[0m[36m::[0m[34;1mfed2_schema_with_new_qp[0m[35;1m ---[0m

thread 'integration::query_planner::fed2_schema_with_new_qp' panicked at apollo-router/tests/integration/../common.rs:1326:9:
'apollo_router_lifecycle_query_planner_init_total\{init_is_success="true",otel_scope_name="apollo/router"\} 1' not detected in metrics
# HELP apollo_router_cache_size Cache size
# TYPE apollo_router_cache_size gauge
apollo_router_cache_size{kind="APQ",type="memory",otel_scope_name="apollo/router"} 0
apollo_router_cache_size{kind="introspection",type="memory",otel_scope_name="apollo/router"} 0
apollo_router_cache_size{kind="query planner",type="memory",otel_scope_name="apollo/router"} 0
# HELP apollo_router_compute_jobs_queued Number of computation jobs (parsing, planning, …) waiting to be scheduled
# TYPE apollo_router_compute_jobs_queued gauge
apollo_router_compute_jobs_queued{otel_scope_name="apollo/router"} 0
# TYPE apollo_router_exporter_span_lru_size gauge
apollo_router_exporter_span_lru_size{otel_scope_name="apollo/router"} 1
# HELP apollo_router_jemalloc_active Total active bytes in jemalloc
# TYPE apollo_router_jemalloc_active gauge
apollo_router_jemalloc_active{otel_scope_name="apollo/router"} 53522432
# HELP apollo_router_jemalloc_allocated Total bytes allocated by jemalloc
# TYPE apollo_router_jemalloc_allocated gauge
apollo_router_jemalloc_allocated{otel_scope_name="apollo/router"} 49830736
# HELP apollo_router_jemalloc_mapped Total mapped bytes in jemalloc
# TYPE apollo_router_jemalloc_mapped gauge
apollo_router_jemalloc_mapped{otel_scope_name="apollo/router"} 187518976
# HELP apollo_router_jemalloc_metadata Total metadata bytes in jemalloc
# TYPE apollo_router_jemalloc_metadata gauge
apollo_router_jemalloc_metadata{otel_scope_name="apollo/router"} 19000800
# HELP apollo_router_jemalloc_resident Total resident bytes in jemalloc
# TYPE apollo_router_jemalloc_resident gauge
apollo_router_jemalloc_resident{otel_scope_name="apollo/router"} 73129984
# HELP apollo_router_jemalloc_retained Total retained bytes in jemalloc
# TYPE apollo_router_jemalloc_retained gauge
apollo_router_jemalloc_retained{otel_scope_name="apollo/router"} 117616640
# TYPE apollo_router_lifecycle_license gauge
apollo_router_lifecycle_license{license_state="licensed",otel_scope_name="apollo/router"} 1
# HELP apollo_router_lifecycle_query_planner_init_total Rust query planner initialization
# TYPE apollo_router_lifecycle_query_planner_init_total counter
apollo_router_lifecycle_query_planner_init_total{init_is_success="true",otel_scope_name="apollo/router"} 2
# HELP apollo_router_open_connections Number of currently connected clients
# TYPE apollo_router_open_connections gauge
apollo_router_open_connections{config_hash="1bcfa841e916a26779f9f55354b6521821852e7c9f56efa169ddb36add28c6c3",http_connection_state="active",launch_id="",schema_id="00232c744c21ed062941b4d219730c3f5418122c598a7a97ab53480101796ed0",server_address="127.0.0.1",server_port="33961",otel_scope_name="apollo/router"} 0
apollo_router_open_connections{config_hash="1bcfa841e916a26779f9f55354b6521821852e7c9f56efa169ddb36add28c6c3",http_connection_state="active",launch_id="",schema_id="00232c744c21ed062941b4d219730c3f5418122c598a7a97ab53480101796ed0",server_address="127.0.0.1",server_port="40523",otel_scope_name="apollo/router"} 1
apollo_router_open_connections{config_hash="1bcfa841e916a26779f9f55354b6521821852e7c9f56efa169ddb36add28c6c3",http_connection_state="terminating",launch_id="",schema_id="00232c744c21ed062941b4d219730c3f5418122c598a7a97ab53480101796ed0",server_address="127.0.0.1",server_port="33961",otel_scope_name="apollo/router"} 0
# HELP apollo_router_pipelines Number of active router pipelines
# TYPE apollo_router_pipelines gauge
apollo_router_pipelines{config_hash="1bcfa841e916a26779f9f55354b6521821852e7c9f56efa169ddb36add28c6c3",launch_id="",schema_id="00232c744c21ed062941b4d219730c3f5418122c598a7a97ab53480101796ed0",otel_scope_name="apollo/router"} 1
# HELP apollo_router_query_planning_warmup_duration Time spent warming up the query planner queries in seconds
# TYPE apollo_router_query_planning_warmup_duration histogram
apollo_router_query_planning_warmup_duration_bucket{otel_scope_name="apollo/router",le="0.001"} 2
apollo_router_query_planning_warmup_duration_bucket{otel_scope_name="apollo/router",le="0.005"} 2
apollo_router_query_planning_warmup_duration_bucket{otel_scope_name="apollo/router",le="0.015"} 2
apollo_router_query_planning_warmup_duration_bucket{otel_scope_name="apollo/router",le="0.05"} 2
apollo_router_query_planning_warmup_duration_bucket{otel_scope_name="apollo/router",le="0.1"} 2
apollo_router_query_planning_warmup_duration_bucket{otel_scope_name="apollo/router",le="0.2"} 2
apollo_router_query_planning_warmup_duration_bucket{otel_scope_name="apollo/router",le="0.3"} 2
apollo_router_query_planning_warmup_duration_bucket{otel_scope_name="apollo/router",le="0.4"} 2
apollo_router_query_planning_warmup_duration_bucket{otel_scope_name="apollo/router",le="0.5"} 2
apollo_router_query_planning_warmup_duration_bucket{otel_scope_name="apollo/router",le="1"} 2
apollo_router_query_planning_warmup_duration_bucket{otel_scope_name="apollo/router",le="5"} 2
apollo_router_query_planning_warmup_duration_bucket{otel_scope_name="apollo/router",le="10"} 2
apollo_router_query_planning_warmup_duration_bucket{otel_scope_name="apollo/router",le="+Inf"} 2
apollo_router_query_planning_warmup_duration_sum{otel_scope_name="apollo/router"} 0.00007527
apollo_router_query_planning_warmup_duration_count{otel_scope_name="apollo/router"} 2
# HELP apollo_router_schema_load_duration Time spent loading the supergraph schema, in seconds.
# TYPE apollo_router_schema_load_duration histogram
apollo_router_schema_load_duration_bucket{otel_scope_name="apollo/router",le="0.001"} 0
apollo_router_schema_load_duration_bucket{otel_scope_name="apollo/router",le="0.005"} 0
apollo_router_schema_load_duration_bucket{otel_scope_name="apollo/router",le="0.015"} 1
apollo_router_schema_load_duration_bucket{otel_scope_name="apollo/router",le="0.05"} 1
apollo_router_schema_load_duration_bucket{otel_scope_name="apollo/router",le="0.1"} 1
apollo_router_schema_load_duration_bucket{otel_scope_name="apollo/router",le="0.2"} 1
apollo_router_schema_load_duration_bucket{otel_scope_name="apollo/router",le="0.3"} 1
apollo_router_schema_load_duration_bucket{otel_scope_name="apollo/router",le="0.4"} 1
apollo_router_schema_load_duration_bucket{otel_scope_name="apollo/router",le="0.5"} 1
apollo_router_schema_load_duration_bucket{otel_scope_name="apollo/router",le="1"} 1
apollo_router_schema_load_duration_bucket{otel_scope_name="apollo/router",le="5"} 1
apollo_router_schema_load_duration_bucket{otel_scope_name="apollo/router",le="10"} 1
apollo_router_schema_load_duration_bucket{otel_scope_name="apollo/router",le="+Inf"} 1
apollo_router_schema_load_duration_sum{otel_scope_name="apollo/router"} 0.009640933
apollo_router_schema_load_duration_count{otel_scope_name="apollo/router"} 1
# HELP apollo_router_state_change_total Router state changes
# TYPE apollo_router_state_change_total counter
apollo_router_state_change_total{event="UpdateConfiguration",previous_state="Running",state="Running",otel_scope_name="apollo/router"} 1
apollo_router_state_change_total{event="UpdateSchema",previous_state="Startup",state="Running",otel_scope_name="apollo/router"} 1
# TYPE apollo_router_supergraph_federation gauge
apollo_router_supergraph_federation{federation_version="2",otel_scope_name="apollo/router"} 1
# HELP target_info Target metadata
# TYPE target_info gauge
target_info{process_executable_name="router",service_name="unknown_service:router",service_version="2.8.0"} 1

stack backtrace:
   0:     0x55d128490862 - std::backtrace_rs::backtrace::libunwind::trace::h2d45396358f41939
                               at /rustc/1159e78c4747b02ef996e55082b704c09b970588/library/std/src/../../backtrace/src/backtrace/libunwind.rs:117:9
   1:     0x55d128490862 - std::backtrace_rs::backtrace::trace_unsynchronized::hffcefc0b67f1d6e2
                               at /rustc/1159e78c4747b02ef996e55082b704c09b970588/library/std/src/../../backtrace/src/backtrace/mod.rs:66:14
   2:     0x55d128490862 - std::sys::backtrace::_print_fmt::hd72f71d23b436b92
                               at /rustc/1159e78c4747b02ef996e55082b704c09b970588/library/std/src/sys/backtrace.rs:66:9
   3:     0x55d128490862 - <std::sys::backtrace::BacktraceLock::print::DisplayBacktrace as core::fmt::Display>::fmt::hdcfcb6d4c8489523
                               at /rustc/1159e78c4747b02ef996e55082b704c09b970588/library/std/src/sys/backtrace.rs:39:26
   4:     0x55d1284c0703 - core::fmt::rt::Argument::fmt::h2c56b3114963061a
                               at /rustc/1159e78c4747b02ef996e55082b704c09b970588/library/core/src/fmt/rt.rs:173:76
   5:     0x55d1284c0703 - core::fmt::write::h8a494366950f23bb
                               at /rustc/1159e78c4747b02ef996e55082b704c09b970588/library/core/src/fmt/mod.rs:1468:25
   6:     0x55d12848b123 - std::io::default_write_fmt::ha27fbccbc65eb6fa
                               at /rustc/1159e78c4747b02ef996e55082b704c09b970588/library/std/src/io/mod.rs:639:11
   7:     0x55d12848b123 - std::io::Write::write_fmt::h6556609fca33d0b1
                               at /rustc/1159e78c4747b02ef996e55082b704c09b970588/library/std/src/io/mod.rs:1954:13
   8:     0x55d1284906b2 - std::sys::backtrace::BacktraceLock::print::hb2a626a81e06b2dc
                               at /rustc/1159e78c4747b02ef996e55082b704c09b970588/library/std/src/sys/backtrace.rs:42:9
   9:     0x55d1284926f9 - std::panicking::default_hook::{{closure}}::h4f78485264f12d10
                               at /rustc/1159e78c4747b02ef996e55082b704c09b970588/library/std/src/panicking.rs:300:27
  10:     0x55d1284924db - std::panicking::default_hook::h2c66fc99e962531d
                               at /rustc/1159e78c4747b02ef996e55082b704c09b970588/library/std/src/panicking.rs:327:9
  11:     0x55d128493105 - std::panicking::rust_panic_with_hook::h33ac55f64bbd807d
                               at /rustc/1159e78c4747b02ef996e55082b704c09b970588/library/std/src/panicking.rs:833:13
  12:     0x55d128492e9a - std::panicking::begin_panic_handler::{{closure}}::h30e7cb89678a57fe
                               at /rustc/1159e78c4747b02ef996e55082b704c09b970588/library/std/src/panicking.rs:706:13
  13:     0x55d128490d69 - std::sys::backtrace::__rust_end_short_backtrace::hed60f27456c16ced
                               at /rustc/1159e78c4747b02ef996e55082b704c09b970588/library/std/src/sys/backtrace.rs:174:18
  14:     0x55d128492b2d - __rustc[de2ca18b4c54d5b8]::rust_begin_unwind
                               at /rustc/1159e78c4747b02ef996e55082b704c09b970588/library/std/src/panicking.rs:697:5
  15:     0x55d1284bcd30 - core::panicking::panic_fmt::h62f63d096dd276af
                               at /rustc/1159e78c4747b02ef996e55082b704c09b970588/library/core/src/panicking.rs:75:14
  16:     0x55d1221885f7 - integration_tests::integration::common::IntegrationTest::assert_metrics_contains::{{closure}}::hb3bf1a10e2a5dddc
                               at /root/project/apollo-router/tests/integration/../common.rs:1326:9
  17:     0x55d1223b125d - integration_tests::integration::query_planner::fed2_schema_with_new_qp::{{closure}}::h135aad844056de1b
                               at /root/project/apollo-router/tests/integration/query_planner/mod.rs:44:10
  18:     0x55d121d6ca32 - <core::pin::Pin<P> as core::future::future::Future>::poll::h59964df56356515a
                               at /rustc/1159e78c4747b02ef996e55082b704c09b970588/library/core/src/future/future.rs:133:9
  19:     0x55d121c7798d - tokio::runtime::park::CachedParkThread::block_on::{{closure}}::h99a1c01384b0a79b
                               at /root/.cargo/registry/src/index.crates.io-1949cf8c6b5b557f/tokio-1.48.0/src/runtime/park.rs:285:71
  20:     0x55d121c760f6 - tokio::task::coop::with_budget::ha185223116166ce4
                               at /root/.cargo/registry/src/index.crates.io-1949cf8c6b5b557f/tokio-1.48.0/src/task/coop/mod.rs:167:5
  21:     0x55d121c760f6 - tokio::task::coop::budget::ha733ca61bde2edaf
                               at /root/.cargo/registry/src/index.crates.io-1949cf8c6b5b557f/tokio-1.48.0/src/task/coop/mod.rs:133:5
  22:     0x55d121c760f6 - tokio::runtime::park::CachedParkThread::block_on::hbd985400d5b3dc8c
                               at /root/.cargo/registry/src/index.crates.io-1949cf8c6b5b557f/tokio-1.48.0/src/runtime/park.rs:285:31
  23:     0x55d122302574 - tokio::runtime::context::blocking::BlockingRegionGuard::block_on::h3cf29540820bb880
                               at /root/.cargo/registry/src/index.crates.io-1949cf8c6b5b557f/tokio-1.48.0/src/runtime/context/blocking.rs:66:14
  24:     0x55d121f0f978 - tokio::runtime::scheduler::multi_thread::MultiThread::block_on::{{closure}}::h368bef83ee5af5d1
                               at /root/.cargo/registry/src/index.crates.io-1949cf8c6b5b557f/tokio-1.48.0/src/runtime/scheduler/multi_thread/mod.rs:87:22
  25:     0x55d121ca3046 - tokio::runtime::context::runtime::enter_runtime::hfb5131736755618d
                               at /root/.cargo/registry/src/index.crates.io-1949cf8c6b5b557f/tokio-1.48.0/src/runtime/context/runtime.rs:65:16
  26:     0x55d121f0f904 - tokio::runtime::scheduler::multi_thread::MultiThread::block_on::hb60b7b74dc6d2c7f
                               at /root/.cargo/registry/src/index.crates.io-1949cf8c6b5b557f/tokio-1.48.0/src/runtime/scheduler/multi_thread/mod.rs:86:9
  27:     0x55d121b0e9d4 - tokio::runtime::runtime::Runtime::block_on_inner::hb2451b6dd4b09b66
                               at /root/.cargo/registry/src/index.crates.io-1949cf8c6b5b557f/tokio-1.48.0/src/runtime/runtime.rs:370:50
  28:     0x55d121b0f2ec - tokio::runtime::runtime::Runtime::block_on::h9206977fab45046e
                               at /root/.cargo/registry/src/index.crates.io-1949cf8c6b5b557f/tokio-1.48.0/src/runtime/runtime.rs:342:18
  29:     0x55d1223afe66 - integration_tests::integration::query_planner::fed2_schema_with_new_qp::h5d678c2b613de3b0
                               at /root/project/apollo-router/tests/integration/query_planner/mod.rs:46:37
  30:     0x55d1223afcf7 - integration_tests::integration::query_planner::fed2_schema_with_new_qp::{{closure}}::ha0475777feb151b8
                               at /root/project/apollo-router/tests/integration/query_planner/mod.rs:31:35
  31:     0x55d1218d4dc6 - core::ops::function::FnOnce::call_once::h05224e2c80cfa8fd
                               at /rustc/1159e78c4747b02ef996e55082b704c09b970588/library/core/src/ops/function.rs:253:5
  32:     0x55d1225e132b - core::ops::function::FnOnce::call_once::h1f9474f1347fff52
                               at /rustc/1159e78c4747b02ef996e55082b704c09b970588/library/core/src/ops/function.rs:253:5
  33:     0x55d1225e132b - test::__rust_begin_short_backtrace::ha52ab26e77157f03
                               at /rustc/1159e78c4747b02ef996e55082b704c09b970588/library/test/src/lib.rs:648:18
  34:     0x55d1225e0465 - test::run_test_in_process::{{closure}}::h229c1a11a50b261f
                               at /rustc/1159e78c4747b02ef996e55082b704c09b970588/library/test/src/lib.rs:671:74
  35:     0x55d1225e0465 - <core::panic::unwind_safe::AssertUnwindSafe<F> as core::ops::function::FnOnce<()>>::call_once::h78821afbf97b39a9
                               at /rustc/1159e78c4747b02ef996e55082b704c09b970588/library/core/src/panic/unwind_safe.rs:272:9
  36:     0x55d1225e0465 - std::panicking::catch_unwind::do_call::h53abf3ed5bd32ba3
                               at /rustc/1159e78c4747b02ef996e55082b704c09b970588/library/std/src/panicking.rs:589:40
  37:     0x55d1225e0465 - std::panicking::catch_unwind::h6deb5fe1e91873c9
                               at /rustc/1159e78c4747b02ef996e55082b704c09b970588/library/std/src/panicking.rs:552:19
  38:     0x55d1225e0465 - std::panic::catch_unwind::hea0829b6b565654b
                               at /rustc/1159e78c4747b02ef996e55082b704c09b970588/library/std/src/panic.rs:359:14
  39:     0x55d1225e0465 - test::run_test_in_process::hdc44dfecea3db21b
                               at /rustc/1159e78c4747b02ef996e55082b704c09b970588/library/test/src/lib.rs:671:27
  40:     0x55d1225e0465 - test::run_test::{{closure}}::h0364ba59bf23f652
                               at /rustc/1159e78c4747b02ef996e55082b704c09b970588/library/test/src/lib.rs:592:43
  41:     0x55d1225a4064 - test::run_test::{{closure}}::h32730b304eec05da
                               at /rustc/1159e78c4747b02ef996e55082b704c09b970588/library/test/src/lib.rs:622:41
  42:     0x55d1225a4064 - std::sys::backtrace::__rust_begin_short_backtrace::h177cb952fc54ad2c
                               at /rustc/1159e78c4747b02ef996e55082b704c09b970588/library/std/src/sys/backtrace.rs:158:18
  43:     0x55d1225a7a3a - std::thread::Builder::spawn_unchecked_::{{closure}}::{{closure}}::h119d903520007597
                               at /rustc/1159e78c4747b02ef996e55082b704c09b970588/library/std/src/thread/mod.rs:559:17
  44:     0x55d1225a7a3a - <core::panic::unwind_safe::AssertUnwindSafe<F> as core::ops::function::FnOnce<()>>::call_once::hab88401d606702a6
                               at /rustc/1159e78c4747b02ef996e55082b704c09b970588/library/core/src/panic/unwind_safe.rs:272:9
  45:     0x55d1225a7a3a - std::panicking::catch_unwind::do_call::h163fe12cca9901c2
                               at /rustc/1159e78c4747b02ef996e55082b704c09b970588/library/std/src/panicking.rs:589:40
  46:     0x55d1225a7a3a - std::panicking::catch_unwind::he81557d0e17cc1bc
                               at /rustc/1159e78c4747b02ef996e55082b704c09b970588/library/std/src/panicking.rs:552:19
  47:     0x55d1225a7a3a - std::panic::catch_unwind::hc2b8e79c20593955
                               at /rustc/1159e78c4747b02ef996e55082b704c09b970588/library/std/src/panic.rs:359:14
  48:     0x55d1225a7a3a - std::thread::Builder::spawn_unchecked_::{{closure}}::hfa6b4978e07815cc
                               at /rustc/1159e78c4747b02ef996e55082b704c09b970588/library/std/src/thread/mod.rs:557:30
  49:     0x55d1225a7a3a - core::ops::function::FnOnce::call_once{{vtable.shim}}::hddcd7484a13fd793
                               at /rustc/1159e78c4747b02ef996e55082b704c09b970588/library/core/src/ops/function.rs:253:5
  50:     0x55d128496aef - <alloc::boxed::Box<F,A> as core::ops::function::FnOnce<Args>>::call_once::h5924238c754de3b8
                               at /rustc/1159e78c4747b02ef996e55082b704c09b970588/library/alloc/src/boxed.rs:1971:9
  51:     0x55d128496aef - std::sys::pal::unix::thread::Thread::new::thread_start::hb6e99e73da4d28f8
                               at /rustc/1159e78c4747b02ef996e55082b704c09b970588/library/std/src/sys/pal/unix/thread.rs:107:17
  52:     0x7f47610a51ca - start_thread
  53:     0x7f476150e8d3 - __GI___clone
  54:                0x0 - <unknown>
[0m
[32;1m        PASS[0m [   7.559s] [35;1mapollo-router::integration_tests[0m [36mintegration::telemetry::metrics[0m[36m::[0m[34;1mtest_graphql_metrics[0m
[32;1m        PASS[0m [   4.712s] [35;1mapollo-router::integration_tests[0m [36mintegration::telemetry::zipkin[0m[36m::[0m[34;1mtest_basic[0m
[32;1m        PASS[0m [   1.172s] [35;1mapollo-router::set_context[0m [34;1mtest_set_context_dependent_fetch_failure_rust_qp[0m
[32;1m        PASS[0m [   1.217s] [35;1mapollo-router::set_context[0m [34;1mtest_set_context_list_of_lists_rust_qp[0m
[32;1m        PASS[0m [   1.109s] [35;1mapollo-router::set_context[0m [34;1mtest_set_context_list_rust_qp[0m
[32;1m        PASS[0m [   0.020s] [35;1mapollo-router::telemetry_resources[0m [34;1mtest_config_resources[0m
[32;1m        PASS[0m [   2.014s] [35;1mapollo-router::samples[0m [34;1m/core/defer[0m
[32;1m        PASS[0m [   1.985s] [35;1mapollo-router::samples[0m [34;1m/core/query2[0m
[32;1m        PASS[0m [   0.024s] [35;1mapollo-router::telemetry_resources[0m [34;1mtest_service_name_override[0m
[32;1m        PASS[0m [   0.023s] [35;1mapollo-router::telemetry_resources[0m [34;1mtest_service_name_service_namespace[0m
[31;1m        FAIL[0m [  22.949s] [35;1mapollo-router::integration_tests[0m [36mintegration::entity_cache[0m[36m::[0m[34;1mtest_cache_error_metrics[0m

[35;1m--- [0m[35;1mSTDOUT:              [0m[35;1mapollo-router::integration_tests[0m [36mintegration::entity_cache[0m[36m::[0m[34;1mtest_cache_error_metrics[0m[35;1m ---[0m

running 1 test
[2m2025-11-13T03:16:59.700649Z[0m [32m INFO[0m Loading supergraph from file
[2m2025-11-13T03:17:22.564564Z[0m [32m INFO[0m Mock server shutting down
[2m2025-11-13T03:17:22.568094Z[0m [32m INFO[0m Mock server shutting down
test integration::entity_cache::test_cache_error_metrics ... FAILED

failures:

failures:
    integration::entity_cache::test_cache_error_metrics

test result: FAILED. 0 passed; 1 failed; 0 ignored; 0 measured; 338 filtered out; finished in 22.89s

[0m
[35;1m--- [0m[35;1mSTDERR:              [0m[35;1mapollo-router::integration_tests[0m [36mintegration::entity_cache[0m[36m::[0m[34;1mtest_cache_error_metrics[0m[35;1m ---[0m

thread 'integration::entity_cache::test_cache_error_metrics' panicked at apollo-router/tests/integration/../common.rs:1326:9:
'apollo_router_cache_redis_errors_total\{error_type="io",kind="entity",otel_scope_name="apollo/router"\} 1' not detected in metrics
# HELP apollo_router_cache_hit_time Time to get a value from the cache in seconds
# TYPE apollo_router_cache_hit_time histogram
apollo_router_cache_hit_time_bucket{kind="query planner",storage="memory",otel_scope_name="apollo/router",le="0.001"} 1
apollo_router_cache_hit_time_bucket{kind="query planner",storage="memory",otel_scope_name="apollo/router",le="0.005"} 1
apollo_router_cache_hit_time_bucket{kind="query planner",storage="memory",otel_scope_name="apollo/router",le="0.015"} 1
apollo_router_cache_hit_time_bucket{kind="query planner",storage="memory",otel_scope_name="apollo/router",le="0.05"} 1
apollo_router_cache_hit_time_bucket{kind="query planner",storage="memory",otel_scope_name="apollo/router",le="0.1"} 1
apollo_router_cache_hit_time_bucket{kind="query planner",storage="memory",otel_scope_name="apollo/router",le="0.2"} 1
apollo_router_cache_hit_time_bucket{kind="query planner",storage="memory",otel_scope_name="apollo/router",le="0.3"} 1
apollo_router_cache_hit_time_bucket{kind="query planner",storage="memory",otel_scope_name="apollo/router",le="0.4"} 1
apollo_router_cache_hit_time_bucket{kind="query planner",storage="memory",otel_scope_name="apollo/router",le="0.5"} 1
apollo_router_cache_hit_time_bucket{kind="query planner",storage="memory",otel_scope_name="apollo/router",le="1"} 1
apollo_router_cache_hit_time_bucket{kind="query planner",storage="memory",otel_scope_name="apollo/router",le="5"} 1
apollo_router_cache_hit_time_bucket{kind="query planner",storage="memory",otel_scope_name="apollo/router",le="10"} 1
apollo_router_cache_hit_time_bucket{kind="query planner",storage="memory",otel_scope_name="apollo/router",le="+Inf"} 1
apollo_router_cache_hit_time_sum{kind="query planner",storage="memory",otel_scope_name="apollo/router"} 0.000022934
apollo_router_cache_hit_time_count{kind="query planner",storage="memory",otel_scope_name="apollo/router"} 1
# HELP apollo_router_cache_miss_time Time to check the cache for an uncached value in seconds
# TYPE apollo_router_cache_miss_time histogram
apollo_router_cache_miss_time_bucket{kind="query planner",storage="memory",otel_scope_name="apollo/router",le="0.001"} 2
apollo_router_cache_miss_time_bucket{kind="query planner",storage="memory",otel_scope_name="apollo/router",le="0.005"} 2
apollo_router_cache_miss_time_bucket{kind="query planner",storage="memory",otel_scope_name="apollo/router",le="0.015"} 2
apollo_router_cache_miss_time_bucket{kind="query planner",storage="memory",otel_scope_name="apollo/router",le="0.05"} 2
apollo_router_cache_miss_time_bucket{kind="query planner",storage="memory",otel_scope_name="apollo/router",le="0.1"} 2
apollo_router_cache_miss_time_bucket{kind="query planner",storage="memory",otel_scope_name="apollo/router",le="0.2"} 2
apollo_router_cache_miss_time_bucket{kind="query planner",storage="memory",otel_scope_name="apollo/router",le="0.3"} 2
apollo_router_cache_miss_time_bucket{kind="query planner",storage="memory",otel_scope_name="apollo/router",le="0.4"} 2
apollo_router_cache_miss_time_bucket{kind="query planner",storage="memory",otel_scope_name="apollo/router",le="0.5"} 2
apollo_router_cache_miss_time_bucket{kind="query planner",storage="memory",otel_scope_name="apollo/router",le="1"} 2
apollo_router_cache_miss_time_bucket{kind="query planner",storage="memory",otel_scope_name="apollo/router",le="5"} 2
apollo_router_cache_miss_time_bucket{kind="query planner",storage="memory",otel_scope_name="apollo/router",le="10"} 2
apollo_router_cache_miss_time_bucket{kind="query planner",storage="memory",otel_scope_name="apollo/router",le="+Inf"} 2
apollo_router_cache_miss_time_sum{kind="query planner",storage="memory",otel_scope_name="apollo/router"} 0.000012645
apollo_router_cache_miss_time_count{kind="query planner",storage="memory",otel_scope_name="apollo/router"} 2
# HELP apollo_router_cache_redis_clients Number of active Redis clients
# TYPE apollo_router_cache_redis_clients gauge
apollo_router_cache_redis_clients{otel_scope_name="apollo/router"} 0
# HELP apollo_router_cache_redis_command_queue_length Number of Redis commands buffered and not yet sent
# TYPE apollo_router_cache_redis_command_queue_length gauge
apollo_router_cache_redis_command_queue_length{kind="entity",otel_scope_name="apollo/router"} 10
# HELP apollo_router_cache_redis_commands_executed_total Number of Redis commands executed
# TYPE apollo_router_cache_redis_commands_executed_total counter
apollo_router_cache_redis_commands_executed_total{kind="entity",otel_scope_name="apollo/router"} 0
# HELP apollo_router_cache_redis_errors_total Number of Redis errors by type
# TYPE apollo_router_cache_redis_errors_total counter
apollo_router_cache_redis_errors_total{error_type="io",kind="entity",otel_scope_name="apollo/router"} 2
apollo_router_cache_redis_errors_total{error_type="timeout",kind="entity",otel_scope_name="apollo/router"} 12
# HELP apollo_router_cache_redis_redelivery_count_total Number of Redis command redeliveries due to connection issues
# TYPE apollo_router_cache_redis_redelivery_count_total counter
apollo_router_cache_redis_redelivery_count_total{kind="entity",otel_scope_name="apollo/router"} 0
# HELP apollo_router_cache_size Cache size
# TYPE apollo_router_cache_size gauge
apollo_router_cache_size{kind="APQ",type="memory",otel_scope_name="apollo/router"} 0
apollo_router_cache_size{kind="query planner",type="memory",otel_scope_name="apollo/router"} 1
# HELP apollo_router_cache_storage_estimated_size Estimated cache storage
# TYPE apollo_router_cache_storage_estimated_size gauge
apollo_router_cache_storage_estimated_size{kind="query planner",type="memory",otel_scope_name="apollo/router"} 2284
# HELP apollo_router_compute_jobs_active_jobs Number of computation jobs in progress
# TYPE apollo_router_compute_jobs_active_jobs gauge
apollo_router_compute_jobs_active_jobs{job_type="query_parsing",otel_scope_name="apollo/router"} 0
apollo_router_compute_jobs_active_jobs{job_type="query_planning",otel_scope_name="apollo/router"} 0
# HELP apollo_router_compute_jobs_duration_seconds Total job processing time
# TYPE apollo_router_compute_jobs_duration_seconds histogram
apollo_router_compute_jobs_duration_seconds_bucket{job_outcome="executed_ok",job_type="query_parsing",otel_scope_name="apollo/router",le="0.001"} 0
apollo_router_compute_jobs_duration_seconds_bucket{job_outcome="executed_ok",job_type="query_parsing",otel_scope_name="apollo/router",le="0.005"} 1
apollo_router_compute_jobs_duration_seconds_bucket{job_outcome="executed_ok",job_type="query_parsing",otel_scope_name="apollo/router",le="0.015"} 2
apollo_router_compute_jobs_duration_seconds_bucket{job_outcome="executed_ok",job_type="query_parsing",otel_scope_name="apollo/router",le="0.05"} 2
apollo_router_compute_jobs_duration_seconds_bucket{job_outcome="executed_ok",job_type="query_parsing",otel_scope_name="apollo/router",le="0.1"} 2
apollo_router_compute_jobs_duration_seconds_bucket{job_outcome="executed_ok",job_type="query_parsing",otel_scope_name="apollo/router",le="0.2"} 2
apollo_router_compute_jobs_duration_seconds_bucket{job_outcome="executed_ok",job_type="query_parsing",otel_scope_name="apollo/router",le="0.3"} 2
apollo_router_compute_jobs_duration_seconds_bucket{job_outcome="executed_ok",job_type="query_parsing",otel_scope_name="apollo/router",le="0.4"} 2
apollo_router_compute_jobs_duration_seconds_bucket{job_outcome="executed_ok",job_type="query_parsing",otel_scope_name="apollo/router",le="0.5"} 2
apollo_router_compute_jobs_duration_seconds_bucket{job_outcome="executed_ok",job_type="query_parsing",otel_scope_name="apollo/router",le="1"} 2
apollo_router_compute_jobs_duration_seconds_bucket{job_outcome="executed_ok",job_type="query_parsing",otel_scope_name="apollo/router",le="5"} 2
apollo_router_compute_jobs_duration_seconds_bucket{job_outcome="executed_ok",job_type="query_parsing",otel_scope_name="apollo/router",le="10"} 2
apollo_router_compute_jobs_duration_seconds_bucket{job_outcome="executed_ok",job_type="query_parsing",otel_scope_name="apollo/router",le="+Inf"} 2
apollo_router_compute_jobs_duration_seconds_sum{job_outcome="executed_ok",job_type="query_parsing",otel_scope_name="apollo/router"} 0.007177538
apollo_router_compute_jobs_duration_seconds_count{job_outcome="executed_ok",job_type="query_parsing",otel_scope_name="apollo/router"} 2
apollo_router_compute_jobs_duration_seconds_bucket{job_outcome="executed_ok",job_type="query_planning",otel_scope_name="apollo/router",le="0.001"} 0
apollo_router_compute_jobs_duration_seconds_bucket{job_outcome="executed_ok",job_type="query_planning",otel_scope_name="apollo/router",le="0.005"} 0
apollo_router_compute_jobs_duration_seconds_bucket{job_outcome="executed_ok",job_type="query_planning",otel_scope_name="apollo/router",le="0.015"} 2
apollo_router_compute_jobs_duration_seconds_bucket{job_outcome="executed_ok",job_type="query_planning",otel_scope_name="apollo/router",le="0.05"} 2
apollo_router_compute_jobs_duration_seconds_bucket{job_outcome="executed_ok",job_type="query_planning",otel_scope_name="apollo/router",le="0.1"} 2
apollo_router_compute_jobs_duration_seconds_bucket{job_outcome="executed_ok",job_type="query_planning",otel_scope_name="apollo/router",le="0.2"} 2
apollo_router_compute_jobs_duration_seconds_bucket{job_outcome="executed_ok",job_type="query_planning",otel_scope_name="apollo/router",le="0.3"} 2
apollo_router_compute_jobs_duration_seconds_bucket{job_outcome="executed_ok",job_type="query_planning",otel_scope_name="apollo/router",le="0.4"} 2
apollo_router_compute_jobs_duration_seconds_bucket{job_outcome="executed_ok",job_type="query_planning",otel_scope_name="apollo/router",le="0.5"} 2
apollo_router_compute_jobs_duration_seconds_bucket{job_outcome="executed_ok",job_type="query_planning",otel_scope_name="apollo/router",le="1"} 2
apollo_router_compute_jobs_duration_seconds_bucket{job_outcome="executed_ok",job_type="query_planning",otel_scope_name="apollo/router",le="5"} 2
apollo_router_compute_jobs_duration_seconds_bucket{job_outcome="executed_ok",job_type="query_planning",otel_scope_name="apollo/router",le="10"} 2
apollo_router_compute_jobs_duration_seconds_bucket{job_outcome="executed_ok",job_type="query_planning",otel_scope_name="apollo/router",le="+Inf"} 2
apollo_router_compute_jobs_duration_seconds_sum{job_outcome="executed_ok",job_type="query_planning",otel_scope_name="apollo/router"} 0.018042335
apollo_router_compute_jobs_duration_seconds_count{job_outcome="executed_ok",job_type="query_planning",otel_scope_name="apollo/router"} 2
# HELP apollo_router_compute_jobs_execution_duration_seconds Time to execute the job, after it has been pulled from the queue
# TYPE apollo_router_compute_jobs_execution_duration_seconds histogram
apollo_router_compute_jobs_execution_duration_seconds_bucket{job_type="query_parsing",otel_scope_name="apollo/router",le="0.001"} 2
apollo_router_compute_jobs_execution_duration_seconds_bucket{job_type="query_parsing",otel_scope_name="apollo/router",le="0.005"} 2
apollo_router_compute_jobs_execution_duration_seconds_bucket{job_type="query_parsing",otel_scope_name="apollo/router",le="0.015"} 2
apollo_router_compute_jobs_execution_duration_seconds_bucket{job_type="query_parsing",otel_scope_name="apollo/router",le="0.05"} 2
apollo_router_compute_jobs_execution_duration_seconds_bucket{job_type="query_parsing",otel_scope_name="apollo/router",le="0.1"} 2
apollo_router_compute_jobs_execution_duration_seconds_bucket{job_type="query_parsing",otel_scope_name="apollo/router",le="0.2"} 2
apollo_router_compute_jobs_execution_duration_seconds_bucket{job_type="query_parsing",otel_scope_name="apollo/router",le="0.3"} 2
apollo_router_compute_jobs_execution_duration_seconds_bucket{job_type="query_parsing",otel_scope_name="apollo/router",le="0.4"} 2
apollo_router_compute_jobs_execution_duration_seconds_bucket{job_type="query_parsing",otel_scope_name="apollo/router",le="0.5"} 2
apollo_router_compute_jobs_execution_duration_seconds_bucket{job_type="query_parsing",otel_scope_name="apollo/router",le="1"} 2
apollo_router_compute_jobs_execution_duration_seconds_bucket{job_type="query_parsing",otel_scope_name="apollo/router",le="5"} 2
apollo_router_compute_jobs_execution_duration_seconds_bucket{job_type="query_parsing",otel_scope_name="apollo/router",le="10"} 2
apollo_router_compute_jobs_execution_duration_seconds_bucket{job_type="query_parsing",otel_scope_name="apollo/router",le="+Inf"} 2
apollo_router_compute_jobs_execution_duration_seconds_sum{job_type="query_parsing",otel_scope_name="apollo/router"} 0.001080023
apollo_router_compute_jobs_execution_duration_seconds_count{job_type="query_parsing",otel_scope_name="apollo/router"} 2
apollo_router_compute_jobs_execution_duration_seconds_bucket{job_type="query_planning",otel_scope_name="apollo/router",le="0.001"} 0
apollo_router_compute_jobs_execution_duration_seconds_bucket{job_type="query_planning",otel_scope_name="apollo/router",le="0.005"} 0
apollo_router_compute_jobs_execution_duration_seconds_bucket{job_type="query_planning",otel_scope_name="apollo/router",le="0.015"} 2
apollo_router_compute_jobs_execution_duration_seconds_bucket{job_type="query_planning",otel_scope_name="apollo/router",le="0.05"} 2
apollo_router_compute_jobs_execution_duration_seconds_bucket{job_type="query_planning",otel_scope_name="apollo/router",le="0.1"} 2
apollo_router_compute_jobs_execution_duration_seconds_bucket{job_type="query_planning",otel_scope_name="apollo/router",le="0.2"} 2
apollo_router_compute_jobs_execution_duration_seconds_bucket{job_type="query_planning",otel_scope_name="apollo/router",le="0.3"} 2
apollo_router_compute_jobs_execution_duration_seconds_bucket{job_type="query_planning",otel_scope_name="apollo/router",le="0.4"} 2
apollo_router_compute_jobs_execution_duration_seconds_bucket{job_type="query_planning",otel_scope_name="apollo/router",le="0.5"} 2
apollo_router_compute_jobs_execution_duration_seconds_bucket{job_type="query_planning",otel_scope_name="apollo/router",le="1"} 2
apollo_router_compute_jobs_execution_duration_seconds_bucket{job_type="query_planning",otel_scope_name="apollo/router",le="5"} 2
apollo_router_compute_jobs_execution_duration_seconds_bucket{job_type="query_planning",otel_scope_name="apollo/router",le="10"} 2
apollo_router_compute_jobs_execution_duration_seconds_bucket{job_type="query_planning",otel_scope_name="apollo/router",le="+Inf"} 2
apollo_router_compute_jobs_execution_duration_seconds_sum{job_type="query_planning",otel_scope_name="apollo/router"} 0.016731647
apollo_router_compute_jobs_execution_duration_seconds_count{job_type="query_planning",otel_scope_name="apollo/router"} 2
# HELP apollo_router_compute_jobs_queue_wait_duration_seconds Time spent by the job in the compute queue
# TYPE apollo_router_compute_jobs_queue_wait_duration_seconds histogram
apollo_router_compute_jobs_queue_wait_duration_seconds_bucket{job_type="query_parsing",otel_scope_name="apollo/router",le="0.001"} 2
apollo_router_compute_jobs_queue_wait_duration_seconds_bucket{job_type="query_parsing",otel_scope_name="apollo/router",le="0.005"} 2
apollo_router_compute_jobs_queue_wait_duration_seconds_bucket{job_type="query_parsing",otel_scope_name="apollo/router",le="0.015"} 2
apollo_router_compute_jobs_queue_wait_duration_seconds_bucket{job_type="query_parsing",otel_scope_name="apollo/router",le="0.05"} 2
apollo_router_compute_jobs_queue_wait_duration_seconds_bucket{job_type="query_parsing",otel_scope_name="apollo/router",le="0.1"} 2
apollo_router_compute_jobs_queue_wait_duration_seconds_bucket{job_type="query_parsing",otel_scope_name="apollo/router",le="0.2"} 2
apollo_router_compute_jobs_queue_wait_duration_seconds_bucket{job_type="query_parsing",otel_scope_name="apollo/router",le="0.3"} 2
apollo_router_compute_jobs_queue_wait_duration_seconds_bucket{job_type="query_parsing",otel_scope_name="apollo/router",le="0.4"} 2
apollo_router_compute_jobs_queue_wait_duration_seconds_bucket{job_type="query_parsing",otel_scope_name="apollo/router",le="0.5"} 2
apollo_router_compute_jobs_queue_wait_duration_seconds_bucket{job_type="query_parsing",otel_scope_name="apollo/router",le="1"} 2
apollo_router_compute_jobs_queue_wait_duration_seconds_bucket{job_type="query_parsing",otel_scope_name="apollo/router",le="5"} 2
apollo_router_compute_jobs_queue_wait_duration_seconds_bucket{job_type="query_parsing",otel_scope_name="apollo/router",le="10"} 2
apollo_router_compute_jobs_queue_wait_duration_seconds_bucket{job_type="query_parsing",otel_scope_name="apollo/router",le="+Inf"} 2
apollo_router_compute_jobs_queue_wait_duration_seconds_sum{job_type="query_parsing",otel_scope_name="apollo/router"} 0.000998045
apollo_router_compute_jobs_queue_wait_duration_seconds_count{job_type="query_parsing",otel_scope_name="apollo/router"} 2
apollo_router_compute_jobs_queue_wait_duration_seconds_bucket{job_type="query_planning",otel_scope_name="apollo/router",le="0.001"} 2
apollo_router_compute_jobs_queue_wait_duration_seconds_bucket{job_type="query_planning",otel_scope_name="apollo/router",le="0.005"} 2
apollo_router_compute_jobs_queue_wait_duration_seconds_bucket{job_type="query_planning",otel_scope_name="apollo/router",le="0.015"} 2
apollo_router_compute_jobs_queue_wait_duration_seconds_bucket{job_type="query_planning",otel_scope_name="apollo/router",le="0.05"} 2
apollo_router_compute_jobs_queue_wait_duration_seconds_bucket{job_type="query_planning",otel_scope_name="apollo/router",le="0.1"} 2
apollo_router_compute_jobs_queue_wait_duration_seconds_bucket{job_type="query_planning",otel_scope_name="apollo/router",le="0.2"} 2
apollo_router_compute_jobs_queue_wait_duration_seconds_bucket{job_type="query_planning",otel_scope_name="apollo/router",le="0.3"} 2
apollo_router_compute_jobs_queue_wait_duration_seconds_bucket{job_type="query_planning",otel_scope_name="apollo/router",le="0.4"} 2
apollo_router_compute_jobs_queue_wait_duration_seconds_bucket{job_type="query_planning",otel_scope_name="apollo/router",le="0.5"} 2
apollo_router_compute_jobs_queue_wait_duration_seconds_bucket{job_type="query_planning",otel_scope_name="apollo/router",le="1"} 2
apollo_router_compute_jobs_queue_wait_duration_seconds_bucket{job_type="query_planning",otel_scope_name="apollo/router",le="5"} 2
apollo_router_compute_jobs_queue_wait_duration_seconds_bucket{job_type="query_planning",otel_scope_name="apollo/router",le="10"} 2
apollo_router_compute_jobs_queue_wait_duration_seconds_bucket{job_type="query_planning",otel_scope_name="apollo/router",le="+Inf"} 2
apollo_router_compute_jobs_queue_wait_duration_seconds_sum{job_type="query_planning",otel_scope_name="apollo/router"} 0.000826611
apollo_router_compute_jobs_queue_wait_duration_seconds_count{job_type="query_planning",otel_scope_name="apollo/router"} 2
# HELP apollo_router_compute_jobs_queued Number of computation jobs (parsing, planning, …) waiting to be scheduled
# TYPE apollo_router_compute_jobs_queued gauge
apollo_router_compute_jobs_queued{otel_scope_name="apollo/router"} 0
# TYPE apollo_router_exporter_span_lru_size gauge
apollo_router_exporter_span_lru_size{otel_scope_name="apollo/router"} 1
# HELP apollo_router_jemalloc_active Total active bytes in jemalloc
# TYPE apollo_router_jemalloc_active gauge
apollo_router_jemalloc_active{otel_scope_name="apollo/router"} 57012224
# HELP apollo_router_jemalloc_allocated Total bytes allocated by jemalloc
# TYPE apollo_router_jemalloc_allocated gauge
apollo_router_jemalloc_allocated{otel_scope_name="apollo/router"} 51849880
# HELP apollo_router_jemalloc_mapped Total mapped bytes in jemalloc
# TYPE apollo_router_jemalloc_mapped gauge
apollo_router_jemalloc_mapped{otel_scope_name="apollo/router"} 189644800
# HELP apollo_router_jemalloc_metadata Total metadata bytes in jemalloc
# TYPE apollo_router_jemalloc_metadata gauge
apollo_router_jemalloc_metadata{otel_scope_name="apollo/router"} 23129424
# HELP apollo_router_jemalloc_resident Total resident bytes in jemalloc
# TYPE apollo_router_jemalloc_resident gauge
apollo_router_jemalloc_resident{otel_scope_name="apollo/router"} 81506304
# HELP apollo_router_jemalloc_retained Total retained bytes in jemalloc
# TYPE apollo_router_jemalloc_retained gauge
apollo_router_jemalloc_retained{otel_scope_name="apollo/router"} 108150784
# TYPE apollo_router_lifecycle_license gauge
apollo_router_lifecycle_license{license_state="licensed",otel_scope_name="apollo/router"} 1
# HELP apollo_router_lifecycle_query_planner_init_total Rust query planner initialization
# TYPE apollo_router_lifecycle_query_planner_init_total counter
apollo_router_lifecycle_query_planner_init_total{init_is_success="true",otel_scope_name="apollo/router"} 2
# HELP apollo_router_open_connections Number of currently connected clients
# TYPE apollo_router_open_connections gauge
apollo_router_open_connections{config_hash="027d91d8c27cc25a8b2675bf90b6aefa788d1ba843d6c20c44776941fa61a70e",http_connection_state="active",launch_id="",schema_id="dd8960ccefda82ca58e8ac0bc266459fd49ee8215fd6b3cc72e7bc3d7f3464b9",server_address="127.0.0.1",server_port="42181",otel_scope_name="apollo/router"} 1
apollo_router_open_connections{config_hash="027d91d8c27cc25a8b2675bf90b6aefa788d1ba843d6c20c44776941fa61a70e",http_connection_state="active",launch_id="",schema_id="dd8960ccefda82ca58e8ac0bc266459fd49ee8215fd6b3cc72e7bc3d7f3464b9",server_address="127.0.0.1",server_port="42203",otel_scope_name="apollo/router"} 0
apollo_router_open_connections{config_hash="027d91d8c27cc25a8b2675bf90b6aefa788d1ba843d6c20c44776941fa61a70e",http_connection_state="terminating",launch_id="",schema_id="dd8960ccefda82ca58e8ac0bc266459fd49ee8215fd6b3cc72e7bc3d7f3464b9",server_address="127.0.0.1",server_port="42203",otel_scope_name="apollo/router"} 0
# HELP apollo_router_operations_telemetry_total Telemetry exporters enabled
# TYPE apollo_router_operations_telemetry_total counter
apollo_router_operations_telemetry_total{telemetry_metrics_prometheus="true",otel_scope_name="apollo/router"} 3
# HELP apollo_router_operations_total The number of graphql operations performed by the Router
# TYPE apollo_router_operations_total counter
apollo_router_operations_total{http_response_status_code="200",otel_scope_name="apollo/router"} 3
# HELP apollo_router_overhead_seconds Router processing overhead (time not spent waiting for subgraphs or connectors to respond).
# TYPE apollo_router_overhead_seconds histogram
apollo_router_overhead_seconds_bucket{subgraph_active_requests="false",otel_scope_name="apollo/router",le="0.001"} 0
apollo_router_overhead_seconds_bucket{subgraph_active_requests="false",otel_scope_name="apollo/router",le="0.005"} 0
apollo_router_overhead_seconds_bucket{subgraph_active_requests="false",otel_scope_name="apollo/router",le="0.015"} 0
apollo_router_overhead_seconds_bucket{subgraph_active_requests="false",otel_scope_name="apollo/router",le="0.05"} 0
apollo_router_overhead_seconds_bucket{subgraph_active_requests="false",otel_scope_name="apollo/router",le="0.1"} 0
apollo_router_overhead_seconds_bucket{subgraph_active_requests="false",otel_scope_name="apollo/router",le="0.2"} 0
apollo_router_overhead_seconds_bucket{subgraph_active_requests="false",otel_scope_name="apollo/router",le="0.3"} 0
apollo_router_overhead_seconds_bucket{subgraph_active_requests="false",otel_scope_name="apollo/router",le="0.4"} 0
apollo_router_overhead_seconds_bucket{subgraph_active_requests="false",otel_scope_name="apollo/router",le="0.5"} 0
apollo_router_overhead_seconds_bucket{subgraph_active_requests="false",otel_scope_name="apollo/router",le="1"} 0
apollo_router_overhead_seconds_bucket{subgraph_active_requests="false",otel_scope_name="apollo/router",le="5"} 3
apollo_router_overhead_seconds_bucket{subgraph_active_requests="false",otel_scope_name="apollo/router",le="10"} 3
apollo_router_overhead_seconds_bucket{subgraph_active_requests="false",otel_scope_name="apollo/router",le="+Inf"} 3
apollo_router_overhead_seconds_sum{subgraph_active_requests="false",otel_scope_name="apollo/router"} 3.092735689
apollo_router_overhead_seconds_count{subgraph_active_requests="false",otel_scope_name="apollo/router"} 3
# HELP apollo_router_pipelines Number of active router pipelines
# TYPE apollo_router_pipelines gauge
apollo_router_pipelines{config_hash="027d91d8c27cc25a8b2675bf90b6aefa788d1ba843d6c20c44776941fa61a70e",launch_id="",schema_id="dd8960ccefda82ca58e8ac0bc266459fd49ee8215fd6b3cc72e7bc3d7f3464b9",otel_scope_name="apollo/router"} 1
# HELP apollo_router_query_planning_plan_duration Duration of the query planning, in seconds.
# TYPE apollo_router_query_planning_plan_duration histogram
apollo_router_query_planning_plan_duration_bucket{outcome="success",planner="rust",otel_scope_name="apollo/router",le="0.001"} 0
apollo_router_query_planning_plan_duration_bucket{outcome="success",planner="rust",otel_scope_name="apollo/router",le="0.005"} 0
apollo_router_query_planning_plan_duration_bucket{outcome="success",planner="rust",otel_scope_name="apollo/router",le="0.015"} 2
apollo_router_query_planning_plan_duration_bucket{outcome="success",planner="rust",otel_scope_name="apollo/router",le="0.05"} 2
apollo_router_query_planning_plan_duration_bucket{outcome="success",planner="rust",otel_scope_name="apollo/router",le="0.1"} 2
apollo_router_query_planning_plan_duration_bucket{outcome="success",planner="rust",otel_scope_name="apollo/router",le="0.2"} 2
apollo_router_query_planning_plan_duration_bucket{outcome="success",planner="rust",otel_scope_name="apollo/router",le="0.3"} 2
apollo_router_query_planning_plan_duration_bucket{outcome="success",planner="rust",otel_scope_name="apollo/router",le="0.4"} 2
apollo_router_query_planning_plan_duration_bucket{outcome="success",planner="rust",otel_scope_name="apollo/router",le="0.5"} 2
apollo_router_query_planning_plan_duration_bucket{outcome="success",planner="rust",otel_scope_name="apollo/router",le="1"} 2
apollo_router_query_planning_plan_duration_bucket{outcome="success",planner="rust",otel_scope_name="apollo/router",le="5"} 2
apollo_router_query_planning_plan_duration_bucket{outcome="success",planner="rust",otel_scope_name="apollo/router",le="10"} 2
apollo_router_query_planning_plan_duration_bucket{outcome="success",planner="rust",otel_scope_name="apollo/router",le="+Inf"} 2
apollo_router_query_planning_plan_duration_sum{outcome="success",planner="rust",otel_scope_name="apollo/router"} 0.012201195
apollo_router_query_planning_plan_duration_count{outcome="success",planner="rust",otel_scope_name="apollo/router"} 2
# HELP apollo_router_query_planning_plan_evaluated_paths Number of paths (including intermediate ones) considered to plan a query before starting to generate a plan
# TYPE apollo_router_query_planning_plan_evaluated_paths histogram
apollo_router_query_planning_plan_evaluated_paths_bucket{otel_scope_name="apollo/router",le="0.001"} 0
apollo_router_query_planning_plan_evaluated_paths_bucket{otel_scope_name="apollo/router",le="0.005"} 0
apollo_router_query_planning_plan_evaluated_paths_bucket{otel_scope_name="apollo/router",le="0.015"} 0
apollo_router_query_planning_plan_evaluated_paths_bucket{otel_scope_name="apollo/router",le="0.05"} 0
apollo_router_query_planning_plan_evaluated_paths_bucket{otel_scope_name="apollo/router",le="0.1"} 0
apollo_router_query_planning_plan_evaluated_paths_bucket{otel_scope_name="apollo/router",le="0.2"} 0
apollo_router_query_planning_plan_evaluated_paths_bucket{otel_scope_name="apollo/router",le="0.3"} 0
apollo_router_query_planning_plan_evaluated_paths_bucket{otel_scope_name="apollo/router",le="0.4"} 0
apollo_router_query_planning_plan_evaluated_paths_bucket{otel_scope_name="apollo/router",le="0.5"} 0
apollo_router_query_planning_plan_evaluated_paths_bucket{otel_scope_name="apollo/router",le="1"} 0
apollo_router_query_planning_plan_evaluated_paths_bucket{otel_scope_name="apollo/router",le="5"} 0
apollo_router_query_planning_plan_evaluated_paths_bucket{otel_scope_name="apollo/router",le="10"} 2
apollo_router_query_planning_plan_evaluated_paths_bucket{otel_scope_name="apollo/router",le="+Inf"} 2
apollo_router_query_planning_plan_evaluated_paths_sum{otel_scope_name="apollo/router"} 12
apollo_router_query_planning_plan_evaluated_paths_count{otel_scope_name="apollo/router"} 2
# HELP apollo_router_query_planning_plan_evaluated_plans Number of query plans evaluated for a query before choosing the best one
# TYPE apollo_router_query_planning_plan_evaluated_plans histogram
apollo_router_query_planning_plan_evaluated_plans_bucket{otel_scope_name="apollo/router",le="0.001"} 0
apollo_router_query_planning_plan_evaluated_plans_bucket{otel_scope_name="apollo/router",le="0.005"} 0
apollo_router_query_planning_plan_evaluated_plans_bucket{otel_scope_name="apollo/router",le="0.015"} 0
apollo_router_query_planning_plan_evaluated_plans_bucket{otel_scope_name="apollo/router",le="0.05"} 0
apollo_router_query_planning_plan_evaluated_plans_bucket{otel_scope_name="apollo/router",le="0.1"} 0
apollo_router_query_planning_plan_evaluated_plans_bucket{otel_scope_name="apollo/router",le="0.2"} 0
apollo_router_query_planning_plan_evaluated_plans_bucket{otel_scope_name="apollo/router",le="0.3"} 0
apollo_router_query_planning_plan_evaluated_plans_bucket{otel_scope_name="apollo/router",le="0.4"} 0
apollo_router_query_planning_plan_evaluated_plans_bucket{otel_scope_name="apollo/router",le="0.5"} 0
apollo_router_query_planning_plan_evaluated_plans_bucket{otel_scope_name="apollo/router",le="1"} 2
apollo_router_query_planning_plan_evaluated_plans_bucket{otel_scope_name="apollo/router",le="5"} 2
apollo_router_query_planning_plan_evaluated_plans_bucket{otel_scope_name="apollo/router",le="10"} 2
apollo_router_query_planning_plan_evaluated_plans_bucket{otel_scope_name="apollo/router",le="+Inf"} 2
apollo_router_query_planning_plan_evaluated_plans_sum{otel_scope_name="apollo/router"} 2
apollo_router_query_planning_plan_evaluated_plans_count{otel_scope_name="apollo/router"} 2
# HELP apollo_router_query_planning_total_duration Duration of the time the router waited for a query plan, including both the queue time and planning time, in seconds.
# TYPE apollo_router_query_planning_total_duration histogram
apollo_router_query_planning_total_duration_bucket{otel_scope_name="apollo/router",le="0.001"} 0
apollo_router_query_planning_total_duration_bucket{otel_scope_name="apollo/router",le="0.005"} 0
apollo_router_query_planning_total_duration_bucket{otel_scope_name="apollo/router",le="0.015"} 2
apollo_router_query_planning_total_duration_bucket{otel_scope_name="apollo/router",le="0.05"} 2
apollo_router_query_planning_total_duration_bucket{otel_scope_name="apollo/router",le="0.1"} 2
apollo_router_query_planning_total_duration_bucket{otel_scope_name="apollo/router",le="0.2"} 2
apollo_router_query_planning_total_duration_bucket{otel_scope_name="apollo/router",le="0.3"} 2
apollo_router_query_planning_total_duration_bucket{otel_scope_name="apollo/router",le="0.4"} 2
apollo_router_query_planning_total_duration_bucket{otel_scope_name="apollo/router",le="0.5"} 2
apollo_router_query_planning_total_duration_bucket{otel_scope_name="apollo/router",le="1"} 2
apollo_router_query_planning_total_duration_bucket{otel_scope_name="apollo/router",le="5"} 2
apollo_router_query_planning_total_duration_bucket{otel_scope_name="apollo/router",le="10"} 2
apollo_router_query_planning_total_duration_bucket{otel_scope_name="apollo/router",le="+Inf"} 2
apollo_router_query_planning_total_duration_sum{otel_scope_name="apollo/router"} 0.024091319
apollo_router_query_planning_total_duration_count{otel_scope_name="apollo/router"} 2
# HELP apollo_router_query_planning_warmup_duration Time spent warming up the query planner queries in seconds
# TYPE apollo_router_query_planning_warmup_duration histogram
apollo_router_query_planning_warmup_duration_bucket{otel_scope_name="apollo/router",le="0.001"} 2
apollo_router_query_planning_warmup_duration_bucket{otel_scope_name="apollo/router",le="0.005"} 2
apollo_router_query_planning_warmup_duration_bucket{otel_scope_name="apollo/router",le="0.015"} 2
apollo_router_query_planning_warmup_duration_bucket{otel_scope_name="apollo/router",le="0.05"} 2
apollo_router_query_planning_warmup_duration_bucket{otel_scope_name="apollo/router",le="0.1"} 2
apollo_router_query_planning_warmup_duration_bucket{otel_scope_name="apollo/router",le="0.2"} 2
apollo_router_query_planning_warmup_duration_bucket{otel_scope_name="apollo/router",le="0.3"} 2
apollo_router_query_planning_warmup_duration_bucket{otel_scope_name="apollo/router",le="0.4"} 2
apollo_router_query_planning_warmup_duration_bucket{otel_scope_name="apollo/router",le="0.5"} 2
apollo_router_query_planning_warmup_duration_bucket{otel_scope_name="apollo/router",le="1"} 2
apollo_router_query_planning_warmup_duration_bucket{otel_scope_name="apollo/router",le="5"} 2
apollo_router_query_planning_warmup_duration_bucket{otel_scope_name="apollo/router",le="10"} 2
apollo_router_query_planning_warmup_duration_bucket{otel_scope_name="apollo/router",le="+Inf"} 2
apollo_router_query_planning_warmup_duration_sum{otel_scope_name="apollo/router"} 0.000056442
apollo_router_query_planning_warmup_duration_count{otel_scope_name="apollo/router"} 2
# HELP apollo_router_schema_load_duration Time spent loading the supergraph schema, in seconds.
# TYPE apollo_router_schema_load_duration histogram
apollo_router_schema_load_duration_bucket{otel_scope_name="apollo/router",le="0.001"} 0
apollo_router_schema_load_duration_bucket{otel_scope_name="apollo/router",le="0.005"} 0
apollo_router_schema_load_duration_bucket{otel_scope_name="apollo/router",le="0.015"} 1
apollo_router_schema_load_duration_bucket{otel_scope_name="apollo/router",le="0.05"} 1
apollo_router_schema_load_duration_bucket{otel_scope_name="apollo/router",le="0.1"} 1
apollo_router_schema_load_duration_bucket{otel_scope_name="apollo/router",le="0.2"} 1
apollo_router_schema_load_duration_bucket{otel_scope_name="apollo/router",le="0.3"} 1
apollo_router_schema_load_duration_bucket{otel_scope_name="apollo/router",le="0.4"} 1
apollo_router_schema_load_duration_bucket{otel_scope_name="apollo/router",le="0.5"} 1
apollo_router_schema_load_duration_bucket{otel_scope_name="apollo/router",le="1"} 1
apollo_router_schema_load_duration_bucket{otel_scope_name="apollo/router",le="5"} 1
apollo_router_schema_load_duration_bucket{otel_scope_name="apollo/router",le="10"} 1
apollo_router_schema_load_duration_bucket{otel_scope_name="apollo/router",le="+Inf"} 1
apollo_router_schema_load_duration_sum{otel_scope_name="apollo/router"} 0.007496219
apollo_router_schema_load_duration_count{otel_scope_name="apollo/router"} 1
# HELP apollo_router_session_count_active Amount of in-flight sessions
# TYPE apollo_router_session_count_active gauge
apollo_router_session_count_active{otel_scope_name="apollo/router"} 0
# HELP apollo_router_state_change_total Router state changes
# TYPE apollo_router_state_change_total counter
apollo_router_state_change_total{event="UpdateConfiguration",previous_state="Running",state="Running",otel_scope_name="apollo/router"} 1
apollo_router_state_change_total{event="UpdateSchema",previous_state="Startup",state="Running",otel_scope_name="apollo/router"} 1
# TYPE apollo_router_supergraph_federation gauge
apollo_router_supergraph_federation{federation_version="2",otel_scope_name="apollo/router"} 1
# HELP apollo_router_telemetry_studio_reports_total The number of reports submitted to Studio by the Router
# TYPE apollo_router_telemetry_studio_reports_total counter
apollo_router_telemetry_studio_reports_total{report_protocol="otlp",report_type="traces",otel_scope_name="apollo/router"} 1
apollo_router_telemetry_studio_reports_total{report_extended_references_enabled="true",report_protocol="apollo",report_type="metrics",otel_scope_name="apollo/router"} 2
# HELP experimental_apollo_router_cache_redis_latency_avg_seconds Average Redis command latency
# TYPE experimental_apollo_router_cache_redis_latency_avg_seconds gauge
experimental_apollo_router_cache_redis_latency_avg_seconds{kind="entity",otel_scope_name="apollo/router"} 0
# HELP experimental_apollo_router_cache_redis_network_latency_avg_seconds Average Redis network latency
# TYPE experimental_apollo_router_cache_redis_network_latency_avg_seconds gauge
experimental_apollo_router_cache_redis_network_latency_avg_seconds{kind="entity",otel_scope_name="apollo/router"} 0
# HELP experimental_apollo_router_cache_redis_request_size_avg Average Redis request size
# TYPE experimental_apollo_router_cache_redis_request_size_avg gauge
experimental_apollo_router_cache_redis_request_size_avg{kind="entity",otel_scope_name="apollo/router"} 0
# HELP experimental_apollo_router_cache_redis_response_size_avg Average Redis response size
# TYPE experimental_apollo_router_cache_redis_response_size_avg gauge
experimental_apollo_router_cache_redis_response_size_avg{kind="entity",otel_scope_name="apollo/router"} 0
# HELP http_client_request_duration_seconds Duration of HTTP client requests.
# TYPE http_client_request_duration_seconds histogram
http_client_request_duration_seconds_bucket{subgraph_name="products",otel_scope_name="apollo/router",le="0.001"} 0
http_client_request_duration_seconds_bucket{subgraph_name="products",otel_scope_name="apollo/router",le="0.005"} 0
http_client_request_duration_seconds_bucket{subgraph_name="products",otel_scope_name="apollo/router",le="0.015"} 0
http_client_request_duration_seconds_bucket{subgraph_name="products",otel_scope_name="apollo/router",le="0.05"} 0
http_client_request_duration_seconds_bucket{subgraph_name="products",otel_scope_name="apollo/router",le="0.1"} 0
http_client_request_duration_seconds_bucket{subgraph_name="products",otel_scope_name="apollo/router",le="0.2"} 0
http_client_request_duration_seconds_bucket{subgraph_name="products",otel_scope_name="apollo/router",le="0.3"} 0
http_client_request_duration_seconds_bucket{subgraph_name="products",otel_scope_name="apollo/router",le="0.4"} 0
http_client_request_duration_seconds_bucket{subgraph_name="products",otel_scope_name="apollo/router",le="0.5"} 0
http_client_request_duration_seconds_bucket{subgraph_name="products",otel_scope_name="apollo/router",le="1"} 3
http_client_request_duration_seconds_bucket{subgraph_name="products",otel_scope_name="apollo/router",le="5"} 3
http_client_request_duration_seconds_bucket{subgraph_name="products",otel_scope_name="apollo/router",le="10"} 3
http_client_request_duration_seconds_bucket{subgraph_name="products",otel_scope_name="apollo/router",le="+Inf"} 3
http_client_request_duration_seconds_sum{subgraph_name="products",otel_scope_name="apollo/router"} 1.5158887330000002
http_client_request_duration_seconds_count{subgraph_name="products",otel_scope_name="apollo/router"} 3
http_client_request_duration_seconds_bucket{subgraph_name="reviews",otel_scope_name="apollo/router",le="0.001"} 0
http_client_request_duration_seconds_bucket{subgraph_name="reviews",otel_scope_name="apollo/router",le="0.005"} 0
http_client_request_duration_seconds_bucket{subgraph_name="reviews",otel_scope_name="apollo/router",le="0.015"} 0
http_client_request_duration_seconds_bucket{subgraph_name="reviews",otel_scope_name="apollo/router",le="0.05"} 0
http_client_request_duration_seconds_bucket{subgraph_name="reviews",otel_scope_name="apollo/router",le="0.1"} 0
http_client_request_duration_seconds_bucket{subgraph_name="reviews",otel_scope_name="apollo/router",le="0.2"} 0
http_client_request_duration_seconds_bucket{subgraph_name="reviews",otel_scope_name="apollo/router",le="0.3"} 0
http_client_request_duration_seconds_bucket{subgraph_name="reviews",otel_scope_name="apollo/router",le="0.4"} 0
http_client_request_duration_seconds_bucket{subgraph_name="reviews",otel_scope_name="apollo/router",le="0.5"} 0
http_client_request_duration_seconds_bucket{subgraph_name="reviews",otel_scope_name="apollo/router",le="1"} 3
http_client_request_duration_seconds_bucket{subgraph_name="reviews",otel_scope_name="apollo/router",le="5"} 3
http_client_request_duration_seconds_bucket{subgraph_name="reviews",otel_scope_name="apollo/router",le="10"} 3
http_client_request_duration_seconds_bucket{subgraph_name="reviews",otel_scope_name="apollo/router",le="+Inf"} 3
http_client_request_duration_seconds_sum{subgraph_name="reviews",otel_scope_name="apollo/router"} 1.5205265889999997
http_client_request_duration_seconds_count{subgraph_name="reviews",otel_scope_name="apollo/router"} 3
# HELP http_server_active_requests Number of active HTTP server requests.
# TYPE http_server_active_requests gauge
http_server_active_requests{http_request_method="POST",otel_scope_name="apollo/router"} 0
# HELP http_server_request_body_size_bytes Size of HTTP server request bodies.
# TYPE http_server_request_body_size_bytes histogram
http_server_request_body_size_bytes_bucket{http_request_method="POST",http_response_status_code="200",server_address="127.0.0.1",server_port="42181",otel_scope_name="apollo/router",le="0.001"} 0
http_server_request_body_size_bytes_bucket{http_request_method="POST",http_response_status_code="200",server_address="127.0.0.1",server_port="42181",otel_scope_name="apollo/router",le="0.005"} 0
http_server_request_body_size_bytes_bucket{http_request_method="POST",http_response_status_code="200",server_address="127.0.0.1",server_port="42181",otel_scope_name="apollo/router",le="0.015"} 0
http_server_request_body_size_bytes_bucket{http_request_method="POST",http_response_status_code="200",server_address="127.0.0.1",server_port="42181",otel_scope_name="apollo/router",le="0.05"} 0
http_server_request_body_size_bytes_bucket{http_request_method="POST",http_response_status_code="200",server_address="127.0.0.1",server_port="42181",otel_scope_name="apollo/router",le="0.1"} 0
http_server_request_body_size_bytes_bucket{http_request_method="POST",http_response_status_code="200",server_address="127.0.0.1",server_port="42181",otel_scope_name="apollo/router",le="0.2"} 0
http_server_request_body_size_bytes_bucket{http_request_method="POST",http_response_status_code="200",server_address="127.0.0.1",server_port="42181",otel_scope_name="apollo/router",le="0.3"} 0
http_server_request_body_size_bytes_bucket{http_request_method="POST",http_response_status_code="200",server_address="127.0.0.1",server_port="42181",otel_scope_name="apollo/router",le="0.4"} 0
http_server_request_body_size_bytes_bucket{http_request_method="POST",http_response_status_code="200",server_address="127.0.0.1",server_port="42181",otel_scope_name="apollo/router",le="0.5"} 0
http_server_request_body_size_bytes_bucket{http_request_method="POST",http_response_status_code="200",server_address="127.0.0.1",server_port="42181",otel_scope_name="apollo/router",le="1"} 0
http_server_request_body_size_bytes_bucket{http_request_method="POST",http_response_status_code="200",server_address="127.0.0.1",server_port="42181",otel_scope_name="apollo/router",le="5"} 0
http_server_request_body_size_bytes_bucket{http_request_method="POST",http_response_status_code="200",server_address="127.0.0.1",server_port="42181",otel_scope_name="apollo/router",le="10"} 0
http_server_request_body_size_bytes_bucket{http_request_method="POST",http_response_status_code="200",server_address="127.0.0.1",server_port="42181",otel_scope_name="apollo/router",le="+Inf"} 2
http_server_request_body_size_bytes_sum{http_request_method="POST",http_response_status_code="200",server_address="127.0.0.1",server_port="42181",otel_scope_name="apollo/router"} 122
http_server_request_body_size_bytes_count{http_request_method="POST",http_response_status_code="200",server_address="127.0.0.1",server_port="42181",otel_scope_name="apollo/router"} 2
http_server_request_body_size_bytes_bucket{http_request_method="POST",http_response_status_code="200",server_address="127.0.0.1",server_port="42203",otel_scope_name="apollo/router",le="0.001"} 0
http_server_request_body_size_bytes_bucket{http_request_method="POST",http_response_status_code="200",server_address="127.0.0.1",server_port="42203",otel_scope_name="apollo/router",le="0.005"} 0
http_server_request_body_size_bytes_bucket{http_request_method="POST",http_response_status_code="200",server_address="127.0.0.1",server_port="42203",otel_scope_name="apollo/router",le="0.015"} 0
http_server_request_body_size_bytes_bucket{http_request_method="POST",http_response_status_code="200",server_address="127.0.0.1",server_port="42203",otel_scope_name="apollo/router",le="0.05"} 0
http_server_request_body_size_bytes_bucket{http_request_method="POST",http_response_status_code="200",server_address="127.0.0.1",server_port="42203",otel_scope_name="apollo/router",le="0.1"} 0
http_server_request_body_size_bytes_bucket{http_request_method="POST",http_response_status_code="200",server_address="127.0.0.1",server_port="42203",otel_scope_name="apollo/router",le="0.2"} 0
http_server_request_body_size_bytes_bucket{http_request_method="POST",http_response_status_code="200",server_address="127.0.0.1",server_port="42203",otel_scope_name="apollo/router",le="0.3"} 0
http_server_request_body_size_bytes_bucket{http_request_method="POST",http_response_status_code="200",server_address="127.0.0.1",server_port="42203",otel_scope_name="apollo/router",le="0.4"} 0
http_server_request_body_size_bytes_bucket{http_request_method="POST",http_response_status_code="200",server_address="127.0.0.1",server_port="42203",otel_scope_name="apollo/router",le="0.5"} 0
http_server_request_body_size_bytes_bucket{http_request_method="POST",http_response_status_code="200",server_address="127.0.0.1",server_port="42203",otel_scope_name="apollo/router",le="1"} 0
http_server_request_body_size_bytes_bucket{http_request_method="POST",http_response_status_code="200",server_address="127.0.0.1",server_port="42203",otel_scope_name="apollo/router",le="5"} 0
http_server_request_body_size_bytes_bucket{http_request_method="POST",http_response_status_code="200",server_address="127.0.0.1",server_port="42203",otel_scope_name="apollo/router",le="10"} 0
http_server_request_body_size_bytes_bucket{http_request_method="POST",http_response_status_code="200",server_address="127.0.0.1",server_port="42203",otel_scope_name="apollo/router",le="+Inf"} 1
http_server_request_body_size_bytes_sum{http_request_method="POST",http_response_status_code="200",server_address="127.0.0.1",server_port="42203",otel_scope_name="apollo/router"} 61
http_server_request_body_size_bytes_count{http_request_method="POST",http_response_status_code="200",server_address="127.0.0.1",server_port="42203",otel_scope_name="apollo/router"} 1
# HELP http_server_request_duration_seconds Duration of HTTP server requests.
# TYPE http_server_request_duration_seconds histogram
http_server_request_duration_seconds_bucket{http_request_method="POST",http_response_status_code="200",server_address="127.0.0.1",server_port="42181",otel_scope_name="apollo/router",le="0.001"} 0
http_server_request_duration_seconds_bucket{http_request_method="POST",http_response_status_code="200",server_address="127.0.0.1",server_port="42181",otel_scope_name="apollo/router",le="0.005"} 0
http_server_request_duration_seconds_bucket{http_request_method="POST",http_response_status_code="200",server_address="127.0.0.1",server_port="42181",otel_scope_name="apollo/router",le="0.015"} 0
http_server_request_duration_seconds_bucket{http_request_method="POST",http_response_status_code="200",server_address="127.0.0.1",server_port="42181",otel_scope_name="apollo/router",le="0.05"} 0
http_server_request_duration_seconds_bucket{http_request_method="POST",http_response_status_code="200",server_address="127.0.0.1",server_port="42181",otel_scope_name="apollo/router",le="0.1"} 0
http_server_request_duration_seconds_bucket{http_request_method="POST",http_response_status_code="200",server_address="127.0.0.1",server_port="42181",otel_scope_name="apollo/router",le="0.2"} 0
http_server_request_duration_seconds_bucket{http_request_method="POST",http_response_status_code="200",server_address="127.0.0.1",server_port="42181",otel_scope_name="apollo/router",le="0.3"} 0
http_server_request_duration_seconds_bucket{http_request_method="POST",http_response_status_code="200",server_address="127.0.0.1",server_port="42181",otel_scope_name="apollo/router",le="0.4"} 0
http_server_request_duration_seconds_bucket{http_request_method="POST",http_response_status_code="200",server_address="127.0.0.1",server_port="42181",otel_scope_name="apollo/router",le="0.5"} 0
http_server_request_duration_seconds_bucket{http_request_method="POST",http_response_status_code="200",server_address="127.0.0.1",server_port="42181",otel_scope_name="apollo/router",le="1"} 0
http_server_request_duration_seconds_bucket{http_request_method="POST",http_response_status_code="200",server_address="127.0.0.1",server_port="42181",otel_scope_name="apollo/router",le="5"} 2
http_server_request_duration_seconds_bucket{http_request_method="POST",http_response_status_code="200",server_address="127.0.0.1",server_port="42181",otel_scope_name="apollo/router",le="10"} 2
http_server_request_duration_seconds_bucket{http_request_method="POST",http_response_status_code="200",server_address="127.0.0.1",server_port="42181",otel_scope_name="apollo/router",le="+Inf"} 2
http_server_request_duration_seconds_sum{http_request_method="POST",http_response_status_code="200",server_address="127.0.0.1",server_port="42181",otel_scope_name="apollo/router"} 2.047951325
http_server_request_duration_seconds_count{http_request_method="POST",http_response_status_code="200",server_address="127.0.0.1",server_port="42181",otel_scope_name="apollo/router"} 2
http_server_request_duration_seconds_bucket{http_request_method="POST",http_response_status_code="200",server_address="127.0.0.1",server_port="42203",otel_scope_name="apollo/router",le="0.001"} 0
http_server_request_duration_seconds_bucket{http_request_method="POST",http_response_status_code="200",server_address="127.0.0.1",server_port="42203",otel_scope_name="apollo/router",le="0.005"} 0
http_server_request_duration_seconds_bucket{http_request_method="POST",http_response_status_code="200",server_address="127.0.0.1",server_port="42203",otel_scope_name="apollo/router",le="0.015"} 0
http_server_request_duration_seconds_bucket{http_request_method="POST",http_response_status_code="200",server_address="127.0.0.1",server_port="42203",otel_scope_name="apollo/router",le="0.05"} 0
http_server_request_duration_seconds_bucket{http_request_method="POST",http_response_status_code="200",server_address="127.0.0.1",server_port="42203",otel_scope_name="apollo/router",le="0.1"} 0
http_server_request_duration_seconds_bucket{http_request_method="POST",http_response_status_code="200",server_address="127.0.0.1",server_port="42203",otel_scope_name="apollo/router",le="0.2"} 0
http_server_request_duration_seconds_bucket{http_request_method="POST",http_response_status_code="200",server_address="127.0.0.1",server_port="42203",otel_scope_name="apollo/router",le="0.3"} 0
http_server_request_duration_seconds_bucket{http_request_method="POST",http_response_status_code="200",server_address="127.0.0.1",server_port="42203",otel_scope_name="apollo/router",le="0.4"} 0
http_server_request_duration_seconds_bucket{http_request_method="POST",http_response_status_code="200",server_address="127.0.0.1",server_port="42203",otel_scope_name="apollo/router",le="0.5"} 0
http_server_request_duration_seconds_bucket{http_request_method="POST",http_response_status_code="200",server_address="127.0.0.1",server_port="42203",otel_scope_name="apollo/router",le="1"} 0
http_server_request_duration_seconds_bucket{http_request_method="POST",http_response_status_code="200",server_address="127.0.0.1",server_port="42203",otel_scope_name="apollo/router",le="5"} 1
http_server_request_duration_seconds_bucket{http_request_method="POST",http_response_status_code="200",server_address="127.0.0.1",server_port="42203",otel_scope_name="apollo/router",le="10"} 1
http_server_request_duration_seconds_bucket{http_request_method="POST",http_response_status_code="200",server_address="127.0.0.1",server_port="42203",otel_scope_name="apollo/router",le="+Inf"} 1
http_server_request_duration_seconds_sum{http_request_method="POST",http_response_status_code="200",server_address="127.0.0.1",server_port="42203",otel_scope_name="apollo/router"} 1.044391028
http_server_request_duration_seconds_count{http_request_method="POST",http_response_status_code="200",server_address="127.0.0.1",server_port="42203",otel_scope_name="apollo/router"} 1
# HELP target_info Target metadata
# TYPE target_info gauge
target_info{process_executable_name="router",service_name="unknown_service:router",service_version="2.8.0"} 1

stack backtrace:
   0:     0x5618a9484862 - std::backtrace_rs::backtrace::libunwind::trace::h2d45396358f41939
                               at /rustc/1159e78c4747b02ef996e55082b704c09b970588/library/std/src/../../backtrace/src/backtrace/libunwind.rs:117:9
   1:     0x5618a9484862 - std::backtrace_rs::backtrace::trace_unsynchronized::hffcefc0b67f1d6e2
                               at /rustc/1159e78c4747b02ef996e55082b704c09b970588/library/std/src/../../backtrace/src/backtrace/mod.rs:66:14
   2:     0x5618a9484862 - std::sys::backtrace::_print_fmt::hd72f71d23b436b92
                               at /rustc/1159e78c4747b02ef996e55082b704c09b970588/library/std/src/sys/backtrace.rs:66:9
   3:     0x5618a9484862 - <std::sys::backtrace::BacktraceLock::print::DisplayBacktrace as core::fmt::Display>::fmt::hdcfcb6d4c8489523
                               at /rustc/1159e78c4747b02ef996e55082b704c09b970588/library/std/src/sys/backtrace.rs:39:26
   4:     0x5618a94b4703 - core::fmt::rt::Argument::fmt::h2c56b3114963061a
                               at /rustc/1159e78c4747b02ef996e55082b704c09b970588/library/core/src/fmt/rt.rs:173:76
   5:     0x5618a94b4703 - core::fmt::write::h8a494366950f23bb
                               at /rustc/1159e78c4747b02ef996e55082b704c09b970588/library/core/src/fmt/mod.rs:1468:25
   6:     0x5618a947f123 - std::io::default_write_fmt::ha27fbccbc65eb6fa
                               at /rustc/1159e78c4747b02ef996e55082b704c09b970588/library/std/src/io/mod.rs:639:11
   7:     0x5618a947f123 - std::io::Write::write_fmt::h6556609fca33d0b1
                               at /rustc/1159e78c4747b02ef996e55082b704c09b970588/library/std/src/io/mod.rs:1954:13
   8:     0x5618a94846b2 - std::sys::backtrace::BacktraceLock::print::hb2a626a81e06b2dc
                               at /rustc/1159e78c4747b02ef996e55082b704c09b970588/library/std/src/sys/backtrace.rs:42:9
   9:     0x5618a94866f9 - std::panicking::default_hook::{{closure}}::h4f78485264f12d10
                               at /rustc/1159e78c4747b02ef996e55082b704c09b970588/library/std/src/panicking.rs:300:27
  10:     0x5618a94864db - std::panicking::default_hook::h2c66fc99e962531d
                               at /rustc/1159e78c4747b02ef996e55082b704c09b970588/library/std/src/panicking.rs:327:9
  11:     0x5618a9487105 - std::panicking::rust_panic_with_hook::h33ac55f64bbd807d
                               at /rustc/1159e78c4747b02ef996e55082b704c09b970588/library/std/src/panicking.rs:833:13
  12:     0x5618a9486e9a - std::panicking::begin_panic_handler::{{closure}}::h30e7cb89678a57fe
                               at /rustc/1159e78c4747b02ef996e55082b704c09b970588/library/std/src/panicking.rs:706:13
  13:     0x5618a9484d69 - std::sys::backtrace::__rust_end_short_backtrace::hed60f27456c16ced
                               at /rustc/1159e78c4747b02ef996e55082b704c09b970588/library/std/src/sys/backtrace.rs:174:18
  14:     0x5618a9486b2d - __rustc[de2ca18b4c54d5b8]::rust_begin_unwind
                               at /rustc/1159e78c4747b02ef996e55082b704c09b970588/library/std/src/panicking.rs:697:5
  15:     0x5618a94b0d30 - core::panicking::panic_fmt::h62f63d096dd276af
                               at /rustc/1159e78c4747b02ef996e55082b704c09b970588/library/core/src/panicking.rs:75:14
  16:     0x5618a317c5f7 - integration_tests::integration::common::IntegrationTest::assert_metrics_contains::{{closure}}::hb3bf1a10e2a5dddc
                               at /root/project/apollo-router/tests/integration/../common.rs:1326:9
  17:     0x5618a3385e9d - integration_tests::integration::entity_cache::test_cache_error_metrics::{{closure}}::h96b7a93d243eb795
                               at /root/project/apollo-router/tests/integration/entity_cache.rs:592:10
  18:     0x5618a2d60a32 - <core::pin::Pin<P> as core::future::future::Future>::poll::h59964df56356515a
                               at /rustc/1159e78c4747b02ef996e55082b704c09b970588/library/core/src/future/future.rs:133:9
  19:     0x5618a2c6b98d - tokio::runtime::park::CachedParkThread::block_on::{{closure}}::h99a1c01384b0a79b
                               at /root/.cargo/registry/src/index.crates.io-1949cf8c6b5b557f/tokio-1.48.0/src/runtime/park.rs:285:71
  20:     0x5618a2c6a0f6 - tokio::task::coop::with_budget::ha185223116166ce4
                               at /root/.cargo/registry/src/index.crates.io-1949cf8c6b5b557f/tokio-1.48.0/src/task/coop/mod.rs:167:5
  21:     0x5618a2c6a0f6 - tokio::task::coop::budget::ha733ca61bde2edaf
                               at /root/.cargo/registry/src/index.crates.io-1949cf8c6b5b557f/tokio-1.48.0/src/task/coop/mod.rs:133:5
  22:     0x5618a2c6a0f6 - tokio::runtime::park::CachedParkThread::block_on::hbd985400d5b3dc8c
                               at /root/.cargo/registry/src/index.crates.io-1949cf8c6b5b557f/tokio-1.48.0/src/runtime/park.rs:285:31
  23:     0x5618a32f6574 - tokio::runtime::context::blocking::BlockingRegionGuard::block_on::h3cf29540820bb880
                               at /root/.cargo/registry/src/index.crates.io-1949cf8c6b5b557f/tokio-1.48.0/src/runtime/context/blocking.rs:66:14
  24:     0x5618a2f03978 - tokio::runtime::scheduler::multi_thread::MultiThread::block_on::{{closure}}::h368bef83ee5af5d1
                               at /root/.cargo/registry/src/index.crates.io-1949cf8c6b5b557f/tokio-1.48.0/src/runtime/scheduler/multi_thread/mod.rs:87:22
  25:     0x5618a2c97046 - tokio::runtime::context::runtime::enter_runtime::hfb5131736755618d
                               at /root/.cargo/registry/src/index.crates.io-1949cf8c6b5b557f/tokio-1.48.0/src/runtime/context/runtime.rs:65:16
  26:     0x5618a2f03904 - tokio::runtime::scheduler::multi_thread::MultiThread::block_on::hb60b7b74dc6d2c7f
                               at /root/.cargo/registry/src/index.crates.io-1949cf8c6b5b557f/tokio-1.48.0/src/runtime/scheduler/multi_thread/mod.rs:86:9
  27:     0x5618a2b029d4 - tokio::runtime::runtime::Runtime::block_on_inner::hb2451b6dd4b09b66
                               at /root/.cargo/registry/src/index.crates.io-1949cf8c6b5b557f/tokio-1.48.0/src/runtime/runtime.rs:370:50
  28:     0x5618a2b032ec - tokio::runtime::runtime::Runtime::block_on::h9206977fab45046e
                               at /root/.cargo/registry/src/index.crates.io-1949cf8c6b5b557f/tokio-1.48.0/src/runtime/runtime.rs:342:18
  29:     0x5618a3381c96 - integration_tests::integration::entity_cache::test_cache_error_metrics::h1f38051131b2e264
                               at /root/project/apollo-router/tests/integration/entity_cache.rs:594:37
  30:     0x5618a3381b27 - integration_tests::integration::entity_cache::test_cache_error_metrics::{{closure}}::h1429de29bb942dc4
                               at /root/project/apollo-router/tests/integration/entity_cache.rs:525:36
  31:     0x5618a28d85d6 - core::ops::function::FnOnce::call_once::hc3abb473959a2073
                               at /rustc/1159e78c4747b02ef996e55082b704c09b970588/library/core/src/ops/function.rs:253:5
  32:     0x5618a35d532b - core::ops::function::FnOnce::call_once::h1f9474f1347fff52
                               at /rustc/1159e78c4747b02ef996e55082b704c09b970588/library/core/src/ops/function.rs:253:5
  33:     0x5618a35d532b - test::__rust_begin_short_backtrace::ha52ab26e77157f03
                               at /rustc/1159e78c4747b02ef996e55082b704c09b970588/library/test/src/lib.rs:648:18
  34:     0x5618a35d4465 - test::run_test_in_process::{{closure}}::h229c1a11a50b261f
                               at /rustc/1159e78c4747b02ef996e55082b704c09b970588/library/test/src/lib.rs:671:74
  35:     0x5618a35d4465 - <core::panic::unwind_safe::AssertUnwindSafe<F> as core::ops::function::FnOnce<()>>::call_once::h78821afbf97b39a9
                               at /rustc/1159e78c4747b02ef996e55082b704c09b970588/library/core/src/panic/unwind_safe.rs:272:9
  36:     0x5618a35d4465 - std::panicking::catch_unwind::do_call::h53abf3ed5bd32ba3
                               at /rustc/1159e78c4747b02ef996e55082b704c09b970588/library/std/src/panicking.rs:589:40
  37:     0x5618a35d4465 - std::panicking::catch_unwind::h6deb5fe1e91873c9
                               at /rustc/1159e78c4747b02ef996e55082b704c09b970588/library/std/src/panicking.rs:552:19
  38:     0x5618a35d4465 - std::panic::catch_unwind::hea0829b6b565654b
                               at /rustc/1159e78c4747b02ef996e55082b704c09b970588/library/std/src/panic.rs:359:14
  39:     0x5618a35d4465 - test::run_test_in_process::hdc44dfecea3db21b
                               at /rustc/1159e78c4747b02ef996e55082b704c09b970588/library/test/src/lib.rs:671:27
  40:     0x5618a35d4465 - test::run_test::{{closure}}::h0364ba59bf23f652
                               at /rustc/1159e78c4747b02ef996e55082b704c09b970588/library/test/src/lib.rs:592:43
  41:     0x5618a3598064 - test::run_test::{{closure}}::h32730b304eec05da
                               at /rustc/1159e78c4747b02ef996e55082b704c09b970588/library/test/src/lib.rs:622:41
  42:     0x5618a3598064 - std::sys::backtrace::__rust_begin_short_backtrace::h177cb952fc54ad2c
                               at /rustc/1159e78c4747b02ef996e55082b704c09b970588/library/std/src/sys/backtrace.rs:158:18
  43:     0x5618a359ba3a - std::thread::Builder::spawn_unchecked_::{{closure}}::{{closure}}::h119d903520007597
                               at /rustc/1159e78c4747b02ef996e55082b704c09b970588/library/std/src/thread/mod.rs:559:17
  44:     0x5618a359ba3a - <core::panic::unwind_safe::AssertUnwindSafe<F> as core::ops::function::FnOnce<()>>::call_once::hab88401d606702a6
                               at /rustc/1159e78c4747b02ef996e55082b704c09b970588/library/core/src/panic/unwind_safe.rs:272:9
  45:     0x5618a359ba3a - std::panicking::catch_unwind::do_call::h163fe12cca9901c2
                               at /rustc/1159e78c4747b02ef996e55082b704c09b970588/library/std/src/panicking.rs:589:40
  46:     0x5618a359ba3a - std::panicking::catch_unwind::he81557d0e17cc1bc
                               at /rustc/1159e78c4747b02ef996e55082b704c09b970588/library/std/src/panicking.rs:552:19
  47:     0x5618a359ba3a - std::panic::catch_unwind::hc2b8e79c20593955
                               at /rustc/1159e78c4747b02ef996e55082b704c09b970588/library/std/src/panic.rs:359:14
  48:     0x5618a359ba3a - std::thread::Builder::spawn_unchecked_::{{closure}}::hfa6b4978e07815cc
                               at /rustc/1159e78c4747b02ef996e55082b704c09b970588/library/std/src/thread/mod.rs:557:30
  49:     0x5618a359ba3a - core::ops::function::FnOnce::call_once{{vtable.shim}}::hddcd7484a13fd793
                               at /rustc/1159e78c4747b02ef996e55082b704c09b970588/library/core/src/ops/function.rs:253:5
  50:     0x5618a948aaef - <alloc::boxed::Box<F,A> as core::ops::function::FnOnce<Args>>::call_once::h5924238c754de3b8
                               at /rustc/1159e78c4747b02ef996e55082b704c09b970588/library/alloc/src/boxed.rs:1971:9
  51:     0x5618a948aaef - std::sys::pal::unix::thread::Thread::new::thread_start::hb6e99e73da4d28f8
                               at /rustc/1159e78c4747b02ef996e55082b704c09b970588/library/std/src/sys/pal/unix/thread.rs:107:17
  52:     0x7f37b35361ca - start_thread
  53:     0x7f37b399f8d3 - __GI___clone
  54:                0x0 - <unknown>
[0m
[32;1m        PASS[0m [   0.049s] [35;1mapollo-router::telemetry_resources[0m [34;1mtest_empty[0m
[32;1m        PASS[0m [   2.304s] [35;1mapollo-router::samples[0m [34;1m/core/query1[0m
[32;1m        PASS[0m [   1.335s] [35;1mapollo-router::set_context[0m [34;1mtest_set_context_no_typenames_rust_qp[0m
[32;1m        PASS[0m [   2.351s] [35;1mapollo-router::samples[0m [34;1m/basic/interface-object[0m
[32;1m        PASS[0m [   1.247s] [35;1mapollo-router::set_context[0m [34;1mtest_set_context_rust_qp[0m
[32;1m        PASS[0m [   2.279s] [35;1mapollo-router::samples[0m [34;1m/enterprise/connectors[0m
[32;1m        PASS[0m [   1.977s] [35;1mapollo-router::samples[0m [34;1m/enterprise/entity-cache/defer[0m
[32;1m        PASS[0m [   2.180s] [35;1mapollo-router::samples[0m [34;1m/enterprise/connectors-demand-control[0m
[32;1m        PASS[0m [   7.963s] [35;1mapollo-router::integration_tests[0m [36mintegration::telemetry::metrics[0m[36m::[0m[34;1mtest_prom_reset_on_reload[0m
[32;1m        PASS[0m [   2.246s] [35;1mapollo-router::samples[0m [34;1m/enterprise/connectors-debugging[0m
[32;1m        PASS[0m [   2.215s] [35;1mapollo-router::samples[0m [34;1m/enterprise/connectors-defer[0m
[32;1m        PASS[0m [   2.007s] [35;1mapollo-router::samples[0m [34;1m/enterprise/entity-cache/private[0m
[32;1m        PASS[0m [   0.080s] [35;1masync-allow-client-id::bin/async-allow-client-id[0m [36mallow_client_id_from_file::tests[0m[36m::[0m[34;1mtest_no_client_id[0m
[32;1m        PASS[0m [   2.041s] [35;1mapollo-router::samples[0m [34;1m/enterprise/entity-cache/invalidation-subgraph-name[0m
[32;1m        PASS[0m [   0.085s] [35;1masync-allow-client-id::bin/async-allow-client-id[0m [36mallow_client_id_from_file::tests[0m[36m::[0m[34;1mtest_client_id_not_allowed[0m
[32;1m        PASS[0m [   0.092s] [35;1masync-allow-client-id::bin/async-allow-client-id[0m [36mallow_client_id_from_file::tests[0m[36m::[0m[34;1mtest_client_id_allowed[0m
[32;1m        PASS[0m [   2.088s] [35;1mapollo-router::samples[0m [34;1m/enterprise/entity-cache/invalidation-subgraph-type[0m
[32;1m        PASS[0m [   1.992s] [35;1mapollo-router::samples[0m [34;1m/enterprise/persisted-queries/basic[0m
[32;1m        PASS[0m [   2.188s] [35;1mapollo-router::samples[0m [34;1m/enterprise/connectors-pqs[0m
[32;1m        PASS[0m [   0.024s] [35;1mforbid-anonymous-operations::bin/forbid-anonymous-operations[0m [36mforbid_anonymous_operations::tests[0m[36m::[0m[34;1mtest_empty_operation_name[0m
[32;1m        PASS[0m [   0.025s] [35;1mforbid-anonymous-operations::bin/forbid-anonymous-operations[0m [36mforbid_anonymous_operations::tests[0m[36m::[0m[34;1mtest_no_operation_name[0m
[32;1m        PASS[0m [   0.022s] [35;1mforbid-anonymous-operations::bin/forbid-anonymous-operations[0m [36mforbid_anonymous_operations::tests[0m[36m::[0m[34;1mtest_valid_operation_name[0m
[32;1m        PASS[0m [   1.047s] [35;1mapollo-router::set_context[0m [34;1mtest_set_context_type_mismatch_rust_qp[0m
[31;1m        FAIL[0m [   2.052s] [35;1mapollo-router::samples[0m [34;1m/enterprise/progressive-override/basic[0m

[35;1m--- [0m[35;1mSTDOUT:              [0m[35;1mapollo-router::samples[0m [34;1m/enterprise/progressive-override/basic[0m[35;1m ---[0m

running 1 test
[2m2025-11-13T03:17:21.152940Z[0m [32m INFO[0m Loading supergraph from file
[2m2025-11-13T03:17:23.143614Z[0m [32m INFO[0m Mock server shutting down
[2m2025-11-13T03:17:23.143650Z[0m [32m INFO[0m Mock server shutting down
[2m2025-11-13T03:17:23.143654Z[0m [32m INFO[0m Mock server shutting down
test /enterprise/progressive-override/basic ... FAILED

failures:

---- /enterprise/progressive-override/basic ----
test at path: "/root/project/apollo-router/tests/samples/enterprise/progressive-override/basic"
# Progressive override

This tests subgraph field migration: https://www.apollographql.com/docs/federation/entities/migrate-fields/

============


subgraphs listening on http://127.0.0.1:44449/
got subgraph mocks: {"Subgraph1": "http://127.0.0.1:44449/", "Subgraph2": "http://127.0.0.1:44449/"}

query: {"query":"query progressive1 { percent100 { foo } }"}

header: {"apollo-expose-query-plan": "false"}

response headers: {"content-type": "application/json", "vary": "origin", "date": "Thu, 13 Nov 2025 03:17:22 GMT", "transfer-encoding": "chunked"}

query: {"query":"query progressive2 { percent0 { foo } }"}

header: {}

response headers: {"content-type": "application/json", "vary": "origin", "date": "Thu, 13 Nov 2025 03:17:22 GMT", "transfer-encoding": "chunked"}
Will reload config, subgraphs received requests:
	method: POST
	path: http://localhost/
	{"query":"query progressive1__Subgraph1__0 { percent100 { __typename id } }","operationName":"progressive1__Subgraph1__0"}

	method: POST
	path: http://localhost/
	{"query":"query progressive1__Subgraph2__1($representations: [_Any!]!) { _entities(representations: $representations) { ... on T { foo } } }","operationName":"progressive1__Subgraph2__1","variables":{"representations":[{"__typename":"T","id":"1"}]}}

	method: POST
	path: http://localhost/
	{"query":"query progressive2__Subgraph2__0 { percent0 { foo } }","operationName":"progressive2__Subgraph2__0"}

reloading subgraphs with: {"Subgraph1": Subgraph { snapshot: None, requests: Some([SubgraphRequestMock { request: HttpRequest { method: None, path: None, headers: {}, body: Some(Object {"query": String("query progressive3__Subgraph1__0 { percent100 { __typename id } }"), "operationName": String("progressive3__Subgraph1__0")}) }, response: HttpResponse { status: None, headers: {}, body: Object {"data": Object {"percent100": Object {"__typename": String("T"), "id": String("1")}}} } }, SubgraphRequestMock { request: HttpRequest { method: None, path: None, headers: {}, body: Some(Object {"query": String("query progressive4__Subgraph1__0 { percent100 { bar } }"), "operationName": String("progressive4__Subgraph1__0")}) }, response: HttpResponse { status: None, headers: {}, body: Object {"data": Object {"percent100": Object {"bar": Number(2)}}} } }]) }, "Subgraph2": Subgraph { snapshot: None, requests: Some([SubgraphRequestMock { request: HttpRequest { method: None, path: None, headers: {}, body: Some(Object {"query": String("query progressive3__Subgraph2__1($representations: [_Any!]!) { _entities(representations: $representations) { ... on T { bar } } }"), "operationName": String("progressive3__Subgraph2__1"), "variables": Object {"representations": Array [Object {"__typename": String("T"), "id": String("1")}]}}) }, response: HttpResponse { status: None, headers: {}, body: Object {"data": Object {"_entities": Array [Object {"bar": Number(1)}]}} } }]) }}

query: {"query":"query progressive3 { percent100 { bar } }"}

header: {"apollo-expose-query-plan": "false"}

response headers: {"content-type": "application/json", "vary": "origin", "date": "Thu, 13 Nov 2025 03:17:23 GMT", "transfer-encoding": "chunked"}

query: {"query":"query progressive4 { percent100 { bar } }"}

header: {"apollo-expose-query-plan": "false", "x-override": "true"}

response headers: {"content-type": "application/json", "vary": "origin", "date": "Thu, 13 Nov 2025 03:17:23 GMT", "transfer-encoding": "chunked"}
subgraphs received requests:
	method: POST
	path: http://localhost/
	{"query":"query progressive3__Subgraph1__0 { percent100 { __typename id } }","operationName":"progressive3__Subgraph1__0"}

	method: POST
	path: http://localhost/
	{"query":"query progressive3__Subgraph2__1($representations: [_Any!]!) { _entities(representations: $representations) { ... on T { bar } } }","operationName":"progressive3__Subgraph2__1","variables":{"representations":[{"__typename":"T","id":"1"}]}}

	method: POST
	path: http://localhost/
	{"query":"query progressive4__Subgraph1__0 { percent100 { __typename id } }","operationName":"progressive4__Subgraph1__0"}

assertion `left == right` failed
expected: {"data":{"percent100":{"bar":2}}}
received: {"data":{"percent100":null},"errors":[{"message":"HTTP fetch failed from 'Subgraph1': 404: Not Found","path":[],"extensions":{"code":"SUBREQUEST_HTTP_ERROR","service":"Subgraph1","reason":"404: Not Found","http":{"status":404}}},{"message":"HTTP fetch failed from 'Subgraph1': subgraph response does not contain 'content-type' header; expected content-type: application/json or content-type: application/graphql-response+json","path":[],"extensions":{"code":"SUBREQUEST_HTTP_ERROR","service":"Subgraph1","reason":"subgraph response does not contain 'content-type' header; expected content-type: application/json or content-type: application/graphql-response+json","http":{"status":404}}}]}



failures:
    /enterprise/progressive-override/basic

test result: FAILED. 0 passed; 1 failed; 0 ignored; 0 measured; 17 filtered out; finished in 2.02s

[0m
[32;1m        PASS[0m [   2.029s] [35;1mapollo-router::samples[0m [34;1m/enterprise/query-planning-redis[0m
[32;1m        PASS[0m [   2.120s] [35;1mapollo-router::samples[0m [34;1m/enterprise/progressive-override/warmup[0m
[32;1m        PASS[0m [   0.088s] [35;1mpropagate-status-code::bin/propagate-status-code[0m [36mpropagate_status_code::tests[0m[36m::[0m[34;1mrouter_service_do_not_override_status_code[0m
[32;1m        PASS[0m [   0.032s] [35;1mpropagate-status-code::bin/propagate-status-code[0m [36mpropagate_status_code::tests[0m[36m::[0m[34;1mrouter_service_override_status_code[0m
[32;1m        PASS[0m [   0.040s] [35;1mpropagate-status-code::bin/propagate-status-code[0m [36mpropagate_status_code::tests[0m[36m::[0m[34;1msubgraph_service_shouldnt_add_matching_status_code[0m
[32;1m        PASS[0m [   1.050s] [35;1mapollo-router::set_context[0m [34;1mtest_set_context_union_rust_qp[0m
[32;1m        PASS[0m [   0.033s] [35;1mpropagate-status-code::bin/propagate-status-code[0m [36mpropagate_status_code::tests[0m[36m::[0m[34;1msubgraph_service_shouldnt_add_not_matching_status_code[0m
[32;1m        PASS[0m [   1.146s] [35;1mapollo-router::set_context[0m [34;1mtest_set_context_unrelated_fetch_failure_rust_qp[0m
[32;1m        PASS[0m [   0.967s] [35;1mapollo-router::type_conditions[0m [34;1mtest_type_conditions_enabled[0m
[32;1m        PASS[0m [   0.969s] [35;1mapollo-router::type_conditions[0m [34;1mtest_type_conditions_enabled_generate_query_fragments[0m
[32;1m        PASS[0m [   1.099s] [35;1mapollo-router::set_context[0m [34;1mtest_set_context_with_null_rust_qp[0m
[32;1m        PASS[0m [   1.014s] [35;1mapollo-router::type_conditions[0m [34;1mtest_type_conditions_enabled_list_of_list[0m
[32;1m        PASS[0m [   1.064s] [35;1mapollo-router::type_conditions[0m [34;1mtest_type_conditions_disabled[0m
[32;1m        PASS[0m [   0.120s] [35;1mxtask::bin/xtask[0m [36mcommands::changeset::tests[0m[36m::[0m[34;1mit_templatizes_with_multiple_issues_in_title[0m
[33;1m  TRY 2 PASS[0m [   6.943s] [35;1mapollo-router::integration_tests[0m [36mintegration::telemetry::metrics[0m[36m::[0m[34;1mtest_bad_queries[0m
[32;1m        PASS[0m [   0.121s] [35;1mxtask::bin/xtask[0m [36mcommands::changeset::tests[0m[36m::[0m[34;1mit_templatizes_with_multiple_issues_in_title_and_multiple_prs_in_footer[0m
[32;1m        PASS[0m [   0.832s] [35;1mforbid-anonymous-operations::bin/forbid-anonymous-operations[0m [36mforbid_anonymous_operations::tests[0m[36m::[0m[34;1mplugin_registered[0m
[32;1m        PASS[0m [   0.116s] [35;1mxtask::bin/xtask[0m [36mcommands::changeset::tests[0m[36m::[0m[34;1mit_templatizes_with_multiple_prs_in_footer[0m
[32;1m        PASS[0m [   0.113s] [35;1mxtask::bin/xtask[0m [36mcommands::changeset::tests[0m[36m::[0m[34;1mit_templatizes_with_neither_issues_or_prs[0m
[32;1m        PASS[0m [   0.969s] [35;1mapollo-router-benchmarks[0m [36mtests[0m[36m::[0m[34;1mtest[0m
[32;1m        PASS[0m [   0.096s] [35;1mxtask::bin/xtask[0m [36mcommands::changeset::tests[0m[36m::[0m[34;1mit_templatizes_with_prs_in_title_when_empty_issues[0m
[32;1m        PASS[0m [   1.024s] [35;1mapollo-router::type_conditions[0m [34;1mtest_type_conditions_enabled_shouldnt_make_article_fetch[0m
[32;1m        PASS[0m [   0.833s] [35;1mhello-world::bin/hello-world[0m [36mhello_world::tests[0m[36m::[0m[34;1mdisplay_message[0m
[32;1m        PASS[0m [   0.909s] [35;1mexternal-subgraph::bin/external-subgraph[0m [36mecho_co_processor::tests[0m[36m::[0m[34;1mdisplay_message[0m
[32;1m        PASS[0m [   0.853s] [35;1mforbid_anonymous_operations_rhai::bin/forbid_anonymous_operations_rhai[0m [36mtests[0m[36m::[0m[34;1mtest_router_forbids_anonymous_operation[0m
[32;1m        PASS[0m [   1.047s] [35;1masync-allow-client-id::bin/async-allow-client-id[0m [36mallow_client_id_from_file::tests[0m[36m::[0m[34;1mplugin_registered[0m
[32;1m        PASS[0m [   0.104s] [35;1mxtask::bin/xtask[0m [36mcommands::changeset::tests[0m[36m::[0m[34;1mit_templatizes_without_prs_in_title_when_issues_present[0m
[32;1m        PASS[0m [   1.080s] [35;1mapollo-router::type_conditions[0m [34;1mtest_type_conditions_enabled_list_of_list_of_list[0m
[32;1m        PASS[0m [   0.857s] [35;1mop-name-to-header::bin/op-name-to-header[0m [36mtests[0m[36m::[0m[34;1mtest_subgraph_processes_operation_name[0m
[32;1m        PASS[0m [   1.064s] [35;1mjwt-claims::bin/jwt-claims[0m [36mtests[0m[36m::[0m[34;1mit_accepts_when_auth_prefix_has_correct_format_and_valid_jwt[0m
[32;1m        PASS[0m [   0.743s] [35;1mrhai-error-response-mutate::bin/rhai-error-response-mutate[0m [36mtests[0m[36m::[0m[34;1mtest_subgraph_mutates_error[0m
[32;1m        PASS[0m [   1.046s] [35;1mpropagate-status-code::bin/propagate-status-code[0m [36mpropagate_status_code::tests[0m[36m::[0m[34;1mplugin_registered[0m
[32;1m        PASS[0m [   0.688s] [35;1mrhai-subgraph-request-log::bin/rhai-subgraph-request-log[0m [36mtests[0m[36m::[0m[34;1mtest_subgraph_logs_data[0m
[32;1m        PASS[0m [   0.900s] [35;1mrhai-data-response-mutate::bin/rhai-data-response-mutate[0m [36mtests[0m[36m::[0m[34;1mtest_subgraph_mutates_data[0m
[32;1m        PASS[0m [   0.719s] [35;1mthrow-error::bin/throw-error[0m [36mtests[0m[36m::[0m[34;1mtest_subgraph_graphql_error_error[0m
[32;1m        PASS[0m [   1.401s] [35;1mcache-control::bin/cache-control[0m [36mtests[0m[36m::[0m[34;1mtest_cache_control_missing[0m
[32;1m        PASS[0m [   0.816s] [35;1mrhai-logging::bin/rhai-logging[0m [36mtests[0m[36m::[0m[34;1mtest_subgraph_processes_operation_name[0m
[32;1m        PASS[0m [   0.865s] [35;1mrhai-surrogate-cache-key::bin/rhai-surrogate-cache-key[0m [36mtests[0m[36m::[0m[34;1mtest_surrogate_cache_key_created[0m
[32;1m        PASS[0m [   1.518s] [35;1mcache-control::bin/cache-control[0m [36mtests[0m[36m::[0m[34;1mtest_cache_control_public[0m
[32;1m        PASS[0m [   1.483s] [35;1mcookies-to-headers::bin/cookies-to-headers[0m [36mtests[0m[36m::[0m[34;1mtest_subgraph_processes_cookies[0m
[32;1m        PASS[0m [   1.524s] [35;1mcache-control::bin/cache-control[0m [36mtests[0m[36m::[0m[34;1mtest_subgraph_cache_no_cache[0m
[32;1m        PASS[0m [   1.599s] [35;1mcache-control::bin/cache-control[0m [36mtests[0m[36m::[0m[34;1mtest_cache_control_mixed[0m
[32;1m        PASS[0m [   1.531s] [35;1mcache-control::bin/cache-control[0m [36mtests[0m[36m::[0m[34;1mtest_subgraph_cache_no_store[0m
[32;1m        PASS[0m [   2.171s] [35;1mjwt-claims::bin/jwt-claims[0m [36mtests[0m[36m::[0m[34;1mload_plugin[0m
[32;1m        PASS[0m [  12.890s] [35;1mapollo-router::integration_tests[0m [36mintegration::telemetry::logging[0m[36m::[0m[34;1mtest_json_promote_span_attributes[0m
[33;1m  TRY 1 SLOW[0m [> 30.000s] [35;1mapollo-router::integration_tests[0m [36mintegration::coprocessor[0m[36m::[0m[34;1mtest_coprocessor_response_handling[0m
[31;1m        FAIL[0m [  17.819s] [35;1mapollo-router::integration_tests[0m [36mintegration::telemetry::metrics[0m[36m::[0m[34;1mtest_gauges_on_reload[0m

[35;1m--- [0m[35;1mSTDOUT:              [0m[35;1mapollo-router::integration_tests[0m [36mintegration::telemetry::metrics[0m[36m::[0m[34;1mtest_gauges_on_reload[0m[35;1m ---[0m

running 1 test
[2m2025-11-13T03:17:14.467468Z[0m [32m INFO[0m Loading supergraph from file
[2m2025-11-13T03:17:32.229303Z[0m [32m INFO[0m Mock server shutting down
[2m2025-11-13T03:17:32.229391Z[0m [32m INFO[0m Mock server shutting down
test integration::telemetry::metrics::test_gauges_on_reload ... FAILED

failures:

failures:
    integration::telemetry::metrics::test_gauges_on_reload

test result: FAILED. 0 passed; 1 failed; 0 ignored; 0 measured; 338 filtered out; finished in 17.78s

[0m
[35;1m--- [0m[35;1mSTDERR:              [0m[35;1mapollo-router::integration_tests[0m [36mintegration::telemetry::metrics[0m[36m::[0m[34;1mtest_gauges_on_reload[0m[35;1m ---[0m

thread 'integration::telemetry::metrics::test_gauges_on_reload' panicked at apollo-router/tests/integration/../common.rs:1326:9:
'apollo_router_cache_storage_estimated_size\{kind="query planner",type="memory",otel_scope_name="apollo/router"\} ' not detected in metrics
# HELP apollo_router_cache_size Cache size
# TYPE apollo_router_cache_size gauge
apollo_router_cache_size{kind="APQ",type="memory",otel_scope_name="apollo/router"} 0
apollo_router_cache_size{kind="introspection",type="memory",otel_scope_name="apollo/router"} 0
apollo_router_cache_size{kind="query planner",type="memory",otel_scope_name="apollo/router"} 0
# HELP apollo_router_compute_jobs_queued Number of computation jobs (parsing, planning, …) waiting to be scheduled
# TYPE apollo_router_compute_jobs_queued gauge
apollo_router_compute_jobs_queued{otel_scope_name="apollo/router"} 0
# HELP apollo_router_jemalloc_active Total active bytes in jemalloc
# TYPE apollo_router_jemalloc_active gauge
apollo_router_jemalloc_active{otel_scope_name="apollo/router"} 58232832
# HELP apollo_router_jemalloc_allocated Total bytes allocated by jemalloc
# TYPE apollo_router_jemalloc_allocated gauge
apollo_router_jemalloc_allocated{otel_scope_name="apollo/router"} 52572080
# HELP apollo_router_jemalloc_mapped Total mapped bytes in jemalloc
# TYPE apollo_router_jemalloc_mapped gauge
apollo_router_jemalloc_mapped{otel_scope_name="apollo/router"} 198656000
# HELP apollo_router_jemalloc_metadata Total metadata bytes in jemalloc
# TYPE apollo_router_jemalloc_metadata gauge
apollo_router_jemalloc_metadata{otel_scope_name="apollo/router"} 25581568
# HELP apollo_router_jemalloc_resident Total resident bytes in jemalloc
# TYPE apollo_router_jemalloc_resident gauge
apollo_router_jemalloc_resident{otel_scope_name="apollo/router"} 86642688
# HELP apollo_router_jemalloc_retained Total retained bytes in jemalloc
# TYPE apollo_router_jemalloc_retained gauge
apollo_router_jemalloc_retained{otel_scope_name="apollo/router"} 114343936
# TYPE apollo_router_lifecycle_license gauge
apollo_router_lifecycle_license{license_state="licensed",otel_scope_name="apollo/router"} 1
# HELP apollo_router_open_connections Number of currently connected clients
# TYPE apollo_router_open_connections gauge
apollo_router_open_connections{config_hash="07b110985a198589c1959379fe49f733c76aa1fd17a2147e929ce6b0d74819f9",http_connection_state="active",launch_id="",schema_id="dd8960ccefda82ca58e8ac0bc266459fd49ee8215fd6b3cc72e7bc3d7f3464b9",server_address="127.0.0.1",server_port="35729",otel_scope_name="apollo/router"} 0
apollo_router_open_connections{config_hash="97bb7554e9b56dea82d14df2191640983789cb0c706834fa19c860351f34bd8a",http_connection_state="active",launch_id="",schema_id="dd8960ccefda82ca58e8ac0bc266459fd49ee8215fd6b3cc72e7bc3d7f3464b9",server_address="127.0.0.1",server_port="35607",otel_scope_name="apollo/router"} 1
# HELP apollo_router_pipelines Number of active router pipelines
# TYPE apollo_router_pipelines gauge
apollo_router_pipelines{config_hash="97bb7554e9b56dea82d14df2191640983789cb0c706834fa19c860351f34bd8a",launch_id="",schema_id="dd8960ccefda82ca58e8ac0bc266459fd49ee8215fd6b3cc72e7bc3d7f3464b9",otel_scope_name="apollo/router"} 1
# HELP apollo_router_query_planning_warmup_duration Time spent warming up the query planner queries in seconds
# TYPE apollo_router_query_planning_warmup_duration histogram
apollo_router_query_planning_warmup_duration_bucket{otel_scope_name="apollo/router",le="0.001"} 1
apollo_router_query_planning_warmup_duration_bucket{otel_scope_name="apollo/router",le="0.005"} 1
apollo_router_query_planning_warmup_duration_bucket{otel_scope_name="apollo/router",le="0.015"} 1
apollo_router_query_planning_warmup_duration_bucket{otel_scope_name="apollo/router",le="0.05"} 1
apollo_router_query_planning_warmup_duration_bucket{otel_scope_name="apollo/router",le="0.1"} 1
apollo_router_query_planning_warmup_duration_bucket{otel_scope_name="apollo/router",le="0.2"} 1
apollo_router_query_planning_warmup_duration_bucket{otel_scope_name="apollo/router",le="0.3"} 1
apollo_router_query_planning_warmup_duration_bucket{otel_scope_name="apollo/router",le="0.4"} 1
apollo_router_query_planning_warmup_duration_bucket{otel_scope_name="apollo/router",le="0.5"} 1
apollo_router_query_planning_warmup_duration_bucket{otel_scope_name="apollo/router",le="1"} 1
apollo_router_query_planning_warmup_duration_bucket{otel_scope_name="apollo/router",le="5"} 1
apollo_router_query_planning_warmup_duration_bucket{otel_scope_name="apollo/router",le="10"} 1
apollo_router_query_planning_warmup_duration_bucket{otel_scope_name="apollo/router",le="+Inf"} 1
apollo_router_query_planning_warmup_duration_sum{otel_scope_name="apollo/router"} 0.000046168
apollo_router_query_planning_warmup_duration_count{otel_scope_name="apollo/router"} 1
# HELP apollo_router_state_change_total Router state changes
# TYPE apollo_router_state_change_total counter
apollo_router_state_change_total{event="UpdateConfiguration",previous_state="Running",state="Running",otel_scope_name="apollo/router"} 1
# HELP apollo_router_telemetry_studio_reports_total The number of reports submitted to Studio by the Router
# TYPE apollo_router_telemetry_studio_reports_total counter
apollo_router_telemetry_studio_reports_total{report_protocol="otlp",report_type="traces",otel_scope_name="apollo/router"} 1
apollo_router_telemetry_studio_reports_total{report_extended_references_enabled="true",report_protocol="apollo",report_type="metrics",otel_scope_name="apollo/router"} 1
# HELP target_info Target metadata
# TYPE target_info gauge
target_info{process_executable_name="router",service_name="unknown_service:router",service_version="2.8.0"} 1

stack backtrace:
   0:     0x558788241862 - std::backtrace_rs::backtrace::libunwind::trace::h2d45396358f41939
                               at /rustc/1159e78c4747b02ef996e55082b704c09b970588/library/std/src/../../backtrace/src/backtrace/libunwind.rs:117:9
   1:     0x558788241862 - std::backtrace_rs::backtrace::trace_unsynchronized::hffcefc0b67f1d6e2
                               at /rustc/1159e78c4747b02ef996e55082b704c09b970588/library/std/src/../../backtrace/src/backtrace/mod.rs:66:14
   2:     0x558788241862 - std::sys::backtrace::_print_fmt::hd72f71d23b436b92
                               at /rustc/1159e78c4747b02ef996e55082b704c09b970588/library/std/src/sys/backtrace.rs:66:9
   3:     0x558788241862 - <std::sys::backtrace::BacktraceLock::print::DisplayBacktrace as core::fmt::Display>::fmt::hdcfcb6d4c8489523
                               at /rustc/1159e78c4747b02ef996e55082b704c09b970588/library/std/src/sys/backtrace.rs:39:26
   4:     0x558788271703 - core::fmt::rt::Argument::fmt::h2c56b3114963061a
                               at /rustc/1159e78c4747b02ef996e55082b704c09b970588/library/core/src/fmt/rt.rs:173:76
   5:     0x558788271703 - core::fmt::write::h8a494366950f23bb
                               at /rustc/1159e78c4747b02ef996e55082b704c09b970588/library/core/src/fmt/mod.rs:1468:25
   6:     0x55878823c123 - std::io::default_write_fmt::ha27fbccbc65eb6fa
                               at /rustc/1159e78c4747b02ef996e55082b704c09b970588/library/std/src/io/mod.rs:639:11
   7:     0x55878823c123 - std::io::Write::write_fmt::h6556609fca33d0b1
                               at /rustc/1159e78c4747b02ef996e55082b704c09b970588/library/std/src/io/mod.rs:1954:13
   8:     0x5587882416b2 - std::sys::backtrace::BacktraceLock::print::hb2a626a81e06b2dc
                               at /rustc/1159e78c4747b02ef996e55082b704c09b970588/library/std/src/sys/backtrace.rs:42:9
   9:     0x5587882436f9 - std::panicking::default_hook::{{closure}}::h4f78485264f12d10
                               at /rustc/1159e78c4747b02ef996e55082b704c09b970588/library/std/src/panicking.rs:300:27
  10:     0x5587882434db - std::panicking::default_hook::h2c66fc99e962531d
                               at /rustc/1159e78c4747b02ef996e55082b704c09b970588/library/std/src/panicking.rs:327:9
  11:     0x558788244105 - std::panicking::rust_panic_with_hook::h33ac55f64bbd807d
                               at /rustc/1159e78c4747b02ef996e55082b704c09b970588/library/std/src/panicking.rs:833:13
  12:     0x558788243e9a - std::panicking::begin_panic_handler::{{closure}}::h30e7cb89678a57fe
                               at /rustc/1159e78c4747b02ef996e55082b704c09b970588/library/std/src/panicking.rs:706:13
  13:     0x558788241d69 - std::sys::backtrace::__rust_end_short_backtrace::hed60f27456c16ced
                               at /rustc/1159e78c4747b02ef996e55082b704c09b970588/library/std/src/sys/backtrace.rs:174:18
  14:     0x558788243b2d - __rustc[de2ca18b4c54d5b8]::rust_begin_unwind
                               at /rustc/1159e78c4747b02ef996e55082b704c09b970588/library/std/src/panicking.rs:697:5
  15:     0x55878826dd30 - core::panicking::panic_fmt::h62f63d096dd276af
                               at /rustc/1159e78c4747b02ef996e55082b704c09b970588/library/core/src/panicking.rs:75:14
  16:     0x558781f395f7 - integration_tests::integration::common::IntegrationTest::assert_metrics_contains::{{closure}}::hb3bf1a10e2a5dddc
                               at /root/project/apollo-router/tests/integration/../common.rs:1326:9
  17:     0x5587819d533a - integration_tests::integration::telemetry::metrics::test_gauges_on_reload::{{closure}}::h39d0eacfa5cfc2f0
                               at /root/project/apollo-router/tests/integration/telemetry/metrics.rs:317:10
  18:     0x558781b1da32 - <core::pin::Pin<P> as core::future::future::Future>::poll::h59964df56356515a
                               at /rustc/1159e78c4747b02ef996e55082b704c09b970588/library/core/src/future/future.rs:133:9
  19:     0x558781a2898d - tokio::runtime::park::CachedParkThread::block_on::{{closure}}::h99a1c01384b0a79b
                               at /root/.cargo/registry/src/index.crates.io-1949cf8c6b5b557f/tokio-1.48.0/src/runtime/park.rs:285:71
  20:     0x558781a270f6 - tokio::task::coop::with_budget::ha185223116166ce4
                               at /root/.cargo/registry/src/index.crates.io-1949cf8c6b5b557f/tokio-1.48.0/src/task/coop/mod.rs:167:5
  21:     0x558781a270f6 - tokio::task::coop::budget::ha733ca61bde2edaf
                               at /root/.cargo/registry/src/index.crates.io-1949cf8c6b5b557f/tokio-1.48.0/src/task/coop/mod.rs:133:5
  22:     0x558781a270f6 - tokio::runtime::park::CachedParkThread::block_on::hbd985400d5b3dc8c
                               at /root/.cargo/registry/src/index.crates.io-1949cf8c6b5b557f/tokio-1.48.0/src/runtime/park.rs:285:31
  23:     0x5587820b3574 - tokio::runtime::context::blocking::BlockingRegionGuard::block_on::h3cf29540820bb880
                               at /root/.cargo/registry/src/index.crates.io-1949cf8c6b5b557f/tokio-1.48.0/src/runtime/context/blocking.rs:66:14
  24:     0x558781cc0978 - tokio::runtime::scheduler::multi_thread::MultiThread::block_on::{{closure}}::h368bef83ee5af5d1
                               at /root/.cargo/registry/src/index.crates.io-1949cf8c6b5b557f/tokio-1.48.0/src/runtime/scheduler/multi_thread/mod.rs:87:22
  25:     0x558781a54046 - tokio::runtime::context::runtime::enter_runtime::hfb5131736755618d
                               at /root/.cargo/registry/src/index.crates.io-1949cf8c6b5b557f/tokio-1.48.0/src/runtime/context/runtime.rs:65:16
  26:     0x558781cc0904 - tokio::runtime::scheduler::multi_thread::MultiThread::block_on::hb60b7b74dc6d2c7f
                               at /root/.cargo/registry/src/index.crates.io-1949cf8c6b5b557f/tokio-1.48.0/src/runtime/scheduler/multi_thread/mod.rs:86:9
  27:     0x5587818bf9d4 - tokio::runtime::runtime::Runtime::block_on_inner::hb2451b6dd4b09b66
                               at /root/.cargo/registry/src/index.crates.io-1949cf8c6b5b557f/tokio-1.48.0/src/runtime/runtime.rs:370:50
  28:     0x5587818c02ec - tokio::runtime::runtime::Runtime::block_on::h9206977fab45046e
                               at /root/.cargo/registry/src/index.crates.io-1949cf8c6b5b557f/tokio-1.48.0/src/runtime/runtime.rs:342:18
  29:     0x5587819d28e6 - integration_tests::integration::telemetry::metrics::test_gauges_on_reload::h73cdb27062d98a0b
                               at /root/project/apollo-router/tests/integration/telemetry/metrics.rs:353:15
  30:     0x5587819d2777 - integration_tests::integration::telemetry::metrics::test_gauges_on_reload::{{closure}}::ha63b3867fdbaa875
                               at /root/project/apollo-router/tests/integration/telemetry/metrics.rs:286:33
  31:     0x55878168c4e6 - core::ops::function::FnOnce::call_once::h51a3a789aa689bfe
                               at /rustc/1159e78c4747b02ef996e55082b704c09b970588/library/core/src/ops/function.rs:253:5
  32:     0x55878239232b - core::ops::function::FnOnce::call_once::h1f9474f1347fff52
                               at /rustc/1159e78c4747b02ef996e55082b704c09b970588/library/core/src/ops/function.rs:253:5
  33:     0x55878239232b - test::__rust_begin_short_backtrace::ha52ab26e77157f03
                               at /rustc/1159e78c4747b02ef996e55082b704c09b970588/library/test/src/lib.rs:648:18
  34:     0x558782391465 - test::run_test_in_process::{{closure}}::h229c1a11a50b261f
                               at /rustc/1159e78c4747b02ef996e55082b704c09b970588/library/test/src/lib.rs:671:74
  35:     0x558782391465 - <core::panic::unwind_safe::AssertUnwindSafe<F> as core::ops::function::FnOnce<()>>::call_once::h78821afbf97b39a9
                               at /rustc/1159e78c4747b02ef996e55082b704c09b970588/library/core/src/panic/unwind_safe.rs:272:9
  36:     0x558782391465 - std::panicking::catch_unwind::do_call::h53abf3ed5bd32ba3
                               at /rustc/1159e78c4747b02ef996e55082b704c09b970588/library/std/src/panicking.rs:589:40
  37:     0x558782391465 - std::panicking::catch_unwind::h6deb5fe1e91873c9
                               at /rustc/1159e78c4747b02ef996e55082b704c09b970588/library/std/src/panicking.rs:552:19
  38:     0x558782391465 - std::panic::catch_unwind::hea0829b6b565654b
                               at /rustc/1159e78c4747b02ef996e55082b704c09b970588/library/std/src/panic.rs:359:14
  39:     0x558782391465 - test::run_test_in_process::hdc44dfecea3db21b
                               at /rustc/1159e78c4747b02ef996e55082b704c09b970588/library/test/src/lib.rs:671:27
  40:     0x558782391465 - test::run_test::{{closure}}::h0364ba59bf23f652
                               at /rustc/1159e78c4747b02ef996e55082b704c09b970588/library/test/src/lib.rs:592:43
  41:     0x558782355064 - test::run_test::{{closure}}::h32730b304eec05da
                               at /rustc/1159e78c4747b02ef996e55082b704c09b970588/library/test/src/lib.rs:622:41
  42:     0x558782355064 - std::sys::backtrace::__rust_begin_short_backtrace::h177cb952fc54ad2c
                               at /rustc/1159e78c4747b02ef996e55082b704c09b970588/library/std/src/sys/backtrace.rs:158:18
  43:     0x558782358a3a - std::thread::Builder::spawn_unchecked_::{{closure}}::{{closure}}::h119d903520007597
                               at /rustc/1159e78c4747b02ef996e55082b704c09b970588/library/std/src/thread/mod.rs:559:17
  44:     0x558782358a3a - <core::panic::unwind_safe::AssertUnwindSafe<F> as core::ops::function::FnOnce<()>>::call_once::hab88401d606702a6
                               at /rustc/1159e78c4747b02ef996e55082b704c09b970588/library/core/src/panic/unwind_safe.rs:272:9
  45:     0x558782358a3a - std::panicking::catch_unwind::do_call::h163fe12cca9901c2
                               at /rustc/1159e78c4747b02ef996e55082b704c09b970588/library/std/src/panicking.rs:589:40
  46:     0x558782358a3a - std::panicking::catch_unwind::he81557d0e17cc1bc
                               at /rustc/1159e78c4747b02ef996e55082b704c09b970588/library/std/src/panicking.rs:552:19
  47:     0x558782358a3a - std::panic::catch_unwind::hc2b8e79c20593955
                               at /rustc/1159e78c4747b02ef996e55082b704c09b970588/library/std/src/panic.rs:359:14
  48:     0x558782358a3a - std::thread::Builder::spawn_unchecked_::{{closure}}::hfa6b4978e07815cc
                               at /rustc/1159e78c4747b02ef996e55082b704c09b970588/library/std/src/thread/mod.rs:557:30
  49:     0x558782358a3a - core::ops::function::FnOnce::call_once{{vtable.shim}}::hddcd7484a13fd793
                               at /rustc/1159e78c4747b02ef996e55082b704c09b970588/library/core/src/ops/function.rs:253:5
  50:     0x558788247aef - <alloc::boxed::Box<F,A> as core::ops::function::FnOnce<Args>>::call_once::h5924238c754de3b8
                               at /rustc/1159e78c4747b02ef996e55082b704c09b970588/library/alloc/src/boxed.rs:1971:9
  51:     0x558788247aef - std::sys::pal::unix::thread::Thread::new::thread_start::hb6e99e73da4d28f8
                               at /rustc/1159e78c4747b02ef996e55082b704c09b970588/library/std/src/sys/pal/unix/thread.rs:107:17
  52:     0x7fc38e6bd1ca - start_thread
  53:     0x7fc38eb268d3 - __GI___clone
  54:                0x0 - <unknown>
[0m
[35;1m  TRY 1 FAIL[0m [  19.637s] [35;1mapollo-router::integration_tests[0m [36mintegration::telemetry::metrics[0m[36m::[0m[34;1mtest_subgraph_auth_metrics[0m

[35;1m--- [0m[35;1mTRY[0m [35;1m1[0m [35;1mSTDOUT:        [0m[35;1mapollo-router::integration_tests[0m [36mintegration::telemetry::metrics[0m[36m::[0m[34;1mtest_subgraph_auth_metrics[0m[35;1m ---[0m

running 1 test
[2m2025-11-13T03:17:15.167707Z[0m [32m INFO[0m Loading supergraph from file
[2m2025-11-13T03:17:34.732921Z[0m [32m INFO[0m Mock server shutting down
[2m2025-11-13T03:17:34.732984Z[0m [32m INFO[0m Mock server shutting down
test integration::telemetry::metrics::test_subgraph_auth_metrics ... FAILED

failures:

failures:
    integration::telemetry::metrics::test_subgraph_auth_metrics

test result: FAILED. 0 passed; 1 failed; 0 ignored; 0 measured; 338 filtered out; finished in 19.59s

[0m
[35;1m--- [0m[35;1mTRY[0m [35;1m1[0m [35;1mSTDERR:        [0m[35;1mapollo-router::integration_tests[0m [36mintegration::telemetry::metrics[0m[36m::[0m[34;1mtest_subgraph_auth_metrics[0m[35;1m ---[0m

thread 'integration::telemetry::metrics::test_subgraph_auth_metrics' panicked at apollo-router/tests/integration/../common.rs:1326:9:
'apollo_router_operations_authentication_aws_sigv4_total\{authentication_aws_sigv4_failed="false",subgraph_service_name="products",otel_scope_name="apollo/router"\} 2' not detected in metrics
# HELP apollo_router_cache_hit_time Time to get a value from the cache in seconds
# TYPE apollo_router_cache_hit_time histogram
apollo_router_cache_hit_time_bucket{kind="query planner",storage="memory",otel_scope_name="apollo/router",le="0.001"} 1
apollo_router_cache_hit_time_bucket{kind="query planner",storage="memory",otel_scope_name="apollo/router",le="0.005"} 1
apollo_router_cache_hit_time_bucket{kind="query planner",storage="memory",otel_scope_name="apollo/router",le="0.015"} 1
apollo_router_cache_hit_time_bucket{kind="query planner",storage="memory",otel_scope_name="apollo/router",le="0.05"} 1
apollo_router_cache_hit_time_bucket{kind="query planner",storage="memory",otel_scope_name="apollo/router",le="0.1"} 1
apollo_router_cache_hit_time_bucket{kind="query planner",storage="memory",otel_scope_name="apollo/router",le="0.2"} 1
apollo_router_cache_hit_time_bucket{kind="query planner",storage="memory",otel_scope_name="apollo/router",le="0.3"} 1
apollo_router_cache_hit_time_bucket{kind="query planner",storage="memory",otel_scope_name="apollo/router",le="0.4"} 1
apollo_router_cache_hit_time_bucket{kind="query planner",storage="memory",otel_scope_name="apollo/router",le="0.5"} 1
apollo_router_cache_hit_time_bucket{kind="query planner",storage="memory",otel_scope_name="apollo/router",le="1"} 1
apollo_router_cache_hit_time_bucket{kind="query planner",storage="memory",otel_scope_name="apollo/router",le="5"} 1
apollo_router_cache_hit_time_bucket{kind="query planner",storage="memory",otel_scope_name="apollo/router",le="10"} 1
apollo_router_cache_hit_time_bucket{kind="query planner",storage="memory",otel_scope_name="apollo/router",le="+Inf"} 1
apollo_router_cache_hit_time_sum{kind="query planner",storage="memory",otel_scope_name="apollo/router"} 0.000021262
apollo_router_cache_hit_time_count{kind="query planner",storage="memory",otel_scope_name="apollo/router"} 1
# HELP apollo_router_cache_miss_time Time to check the cache for an uncached value in seconds
# TYPE apollo_router_cache_miss_time histogram
apollo_router_cache_miss_time_bucket{kind="query planner",storage="memory",otel_scope_name="apollo/router",le="0.001"} 2
apollo_router_cache_miss_time_bucket{kind="query planner",storage="memory",otel_scope_name="apollo/router",le="0.005"} 2
apollo_router_cache_miss_time_bucket{kind="query planner",storage="memory",otel_scope_name="apollo/router",le="0.015"} 2
apollo_router_cache_miss_time_bucket{kind="query planner",storage="memory",otel_scope_name="apollo/router",le="0.05"} 2
apollo_router_cache_miss_time_bucket{kind="query planner",storage="memory",otel_scope_name="apollo/router",le="0.1"} 2
apollo_router_cache_miss_time_bucket{kind="query planner",storage="memory",otel_scope_name="apollo/router",le="0.2"} 2
apollo_router_cache_miss_time_bucket{kind="query planner",storage="memory",otel_scope_name="apollo/router",le="0.3"} 2
apollo_router_cache_miss_time_bucket{kind="query planner",storage="memory",otel_scope_name="apollo/router",le="0.4"} 2
apollo_router_cache_miss_time_bucket{kind="query planner",storage="memory",otel_scope_name="apollo/router",le="0.5"} 2
apollo_router_cache_miss_time_bucket{kind="query planner",storage="memory",otel_scope_name="apollo/router",le="1"} 2
apollo_router_cache_miss_time_bucket{kind="query planner",storage="memory",otel_scope_name="apollo/router",le="5"} 2
apollo_router_cache_miss_time_bucket{kind="query planner",storage="memory",otel_scope_name="apollo/router",le="10"} 2
apollo_router_cache_miss_time_bucket{kind="query planner",storage="memory",otel_scope_name="apollo/router",le="+Inf"} 2
apollo_router_cache_miss_time_sum{kind="query planner",storage="memory",otel_scope_name="apollo/router"} 0.000013283000000000001
apollo_router_cache_miss_time_count{kind="query planner",storage="memory",otel_scope_name="apollo/router"} 2
# HELP apollo_router_cache_size Cache size
# TYPE apollo_router_cache_size gauge
apollo_router_cache_size{kind="APQ",type="memory",otel_scope_name="apollo/router"} 0
apollo_router_cache_size{kind="introspection",type="memory",otel_scope_name="apollo/router"} 0
apollo_router_cache_size{kind="query planner",type="memory",otel_scope_name="apollo/router"} 0
# HELP apollo_router_compute_jobs_active_jobs Number of computation jobs in progress
# TYPE apollo_router_compute_jobs_active_jobs gauge
apollo_router_compute_jobs_active_jobs{job_type="query_parsing",otel_scope_name="apollo/router"} 0
apollo_router_compute_jobs_active_jobs{job_type="query_planning",otel_scope_name="apollo/router"} 0
# HELP apollo_router_compute_jobs_duration_seconds Total job processing time
# TYPE apollo_router_compute_jobs_duration_seconds histogram
apollo_router_compute_jobs_duration_seconds_bucket{job_outcome="executed_ok",job_type="query_parsing",otel_scope_name="apollo/router",le="0.001"} 0
apollo_router_compute_jobs_duration_seconds_bucket{job_outcome="executed_ok",job_type="query_parsing",otel_scope_name="apollo/router",le="0.005"} 1
apollo_router_compute_jobs_duration_seconds_bucket{job_outcome="executed_ok",job_type="query_parsing",otel_scope_name="apollo/router",le="0.015"} 2
apollo_router_compute_jobs_duration_seconds_bucket{job_outcome="executed_ok",job_type="query_parsing",otel_scope_name="apollo/router",le="0.05"} 2
apollo_router_compute_jobs_duration_seconds_bucket{job_outcome="executed_ok",job_type="query_parsing",otel_scope_name="apollo/router",le="0.1"} 2
apollo_router_compute_jobs_duration_seconds_bucket{job_outcome="executed_ok",job_type="query_parsing",otel_scope_name="apollo/router",le="0.2"} 2
apollo_router_compute_jobs_duration_seconds_bucket{job_outcome="executed_ok",job_type="query_parsing",otel_scope_name="apollo/router",le="0.3"} 2
apollo_router_compute_jobs_duration_seconds_bucket{job_outcome="executed_ok",job_type="query_parsing",otel_scope_name="apollo/router",le="0.4"} 2
apollo_router_compute_jobs_duration_seconds_bucket{job_outcome="executed_ok",job_type="query_parsing",otel_scope_name="apollo/router",le="0.5"} 2
apollo_router_compute_jobs_duration_seconds_bucket{job_outcome="executed_ok",job_type="query_parsing",otel_scope_name="apollo/router",le="1"} 2
apollo_router_compute_jobs_duration_seconds_bucket{job_outcome="executed_ok",job_type="query_parsing",otel_scope_name="apollo/router",le="5"} 2
apollo_router_compute_jobs_duration_seconds_bucket{job_outcome="executed_ok",job_type="query_parsing",otel_scope_name="apollo/router",le="10"} 2
apollo_router_compute_jobs_duration_seconds_bucket{job_outcome="executed_ok",job_type="query_parsing",otel_scope_name="apollo/router",le="+Inf"} 2
apollo_router_compute_jobs_duration_seconds_sum{job_outcome="executed_ok",job_type="query_parsing",otel_scope_name="apollo/router"} 0.010417543999999999
apollo_router_compute_jobs_duration_seconds_count{job_outcome="executed_ok",job_type="query_parsing",otel_scope_name="apollo/router"} 2
apollo_router_compute_jobs_duration_seconds_bucket{job_outcome="executed_ok",job_type="query_planning",otel_scope_name="apollo/router",le="0.001"} 0
apollo_router_compute_jobs_duration_seconds_bucket{job_outcome="executed_ok",job_type="query_planning",otel_scope_name="apollo/router",le="0.005"} 1
apollo_router_compute_jobs_duration_seconds_bucket{job_outcome="executed_ok",job_type="query_planning",otel_scope_name="apollo/router",le="0.015"} 1
apollo_router_compute_jobs_duration_seconds_bucket{job_outcome="executed_ok",job_type="query_planning",otel_scope_name="apollo/router",le="0.05"} 2
apollo_router_compute_jobs_duration_seconds_bucket{job_outcome="executed_ok",job_type="query_planning",otel_scope_name="apollo/router",le="0.1"} 2
apollo_router_compute_jobs_duration_seconds_bucket{job_outcome="executed_ok",job_type="query_planning",otel_scope_name="apollo/router",le="0.2"} 2
apollo_router_compute_jobs_duration_seconds_bucket{job_outcome="executed_ok",job_type="query_planning",otel_scope_name="apollo/router",le="0.3"} 2
apollo_router_compute_jobs_duration_seconds_bucket{job_outcome="executed_ok",job_type="query_planning",otel_scope_name="apollo/router",le="0.4"} 2
apollo_router_compute_jobs_duration_seconds_bucket{job_outcome="executed_ok",job_type="query_planning",otel_scope_name="apollo/router",le="0.5"} 2
apollo_router_compute_jobs_duration_seconds_bucket{job_outcome="executed_ok",job_type="query_planning",otel_scope_name="apollo/router",le="1"} 2
apollo_router_compute_jobs_duration_seconds_bucket{job_outcome="executed_ok",job_type="query_planning",otel_scope_name="apollo/router",le="5"} 2
apollo_router_compute_jobs_duration_seconds_bucket{job_outcome="executed_ok",job_type="query_planning",otel_scope_name="apollo/router",le="10"} 2
apollo_router_compute_jobs_duration_seconds_bucket{job_outcome="executed_ok",job_type="query_planning",otel_scope_name="apollo/router",le="+Inf"} 2
apollo_router_compute_jobs_duration_seconds_sum{job_outcome="executed_ok",job_type="query_planning",otel_scope_name="apollo/router"} 0.021127871
apollo_router_compute_jobs_duration_seconds_count{job_outcome="executed_ok",job_type="query_planning",otel_scope_name="apollo/router"} 2
# HELP apollo_router_compute_jobs_execution_duration_seconds Time to execute the job, after it has been pulled from the queue
# TYPE apollo_router_compute_jobs_execution_duration_seconds histogram
apollo_router_compute_jobs_execution_duration_seconds_bucket{job_type="query_parsing",otel_scope_name="apollo/router",le="0.001"} 1
apollo_router_compute_jobs_execution_duration_seconds_bucket{job_type="query_parsing",otel_scope_name="apollo/router",le="0.005"} 2
apollo_router_compute_jobs_execution_duration_seconds_bucket{job_type="query_parsing",otel_scope_name="apollo/router",le="0.015"} 2
apollo_router_compute_jobs_execution_duration_seconds_bucket{job_type="query_parsing",otel_scope_name="apollo/router",le="0.05"} 2
apollo_router_compute_jobs_execution_duration_seconds_bucket{job_type="query_parsing",otel_scope_name="apollo/router",le="0.1"} 2
apollo_router_compute_jobs_execution_duration_seconds_bucket{job_type="query_parsing",otel_scope_name="apollo/router",le="0.2"} 2
apollo_router_compute_jobs_execution_duration_seconds_bucket{job_type="query_parsing",otel_scope_name="apollo/router",le="0.3"} 2
apollo_router_compute_jobs_execution_duration_seconds_bucket{job_type="query_parsing",otel_scope_name="apollo/router",le="0.4"} 2
apollo_router_compute_jobs_execution_duration_seconds_bucket{job_type="query_parsing",otel_scope_name="apollo/router",le="0.5"} 2
apollo_router_compute_jobs_execution_duration_seconds_bucket{job_type="query_parsing",otel_scope_name="apollo/router",le="1"} 2
apollo_router_compute_jobs_execution_duration_seconds_bucket{job_type="query_parsing",otel_scope_name="apollo/router",le="5"} 2
apollo_router_compute_jobs_execution_duration_seconds_bucket{job_type="query_parsing",otel_scope_name="apollo/router",le="10"} 2
apollo_router_compute_jobs_execution_duration_seconds_bucket{job_type="query_parsing",otel_scope_name="apollo/router",le="+Inf"} 2
apollo_router_compute_jobs_execution_duration_seconds_sum{job_type="query_parsing",otel_scope_name="apollo/router"} 0.005338694
apollo_router_compute_jobs_execution_duration_seconds_count{job_type="query_parsing",otel_scope_name="apollo/router"} 2
apollo_router_compute_jobs_execution_duration_seconds_bucket{job_type="query_planning",otel_scope_name="apollo/router",le="0.001"} 0
apollo_router_compute_jobs_execution_duration_seconds_bucket{job_type="query_planning",otel_scope_name="apollo/router",le="0.005"} 1
apollo_router_compute_jobs_execution_duration_seconds_bucket{job_type="query_planning",otel_scope_name="apollo/router",le="0.015"} 1
apollo_router_compute_jobs_execution_duration_seconds_bucket{job_type="query_planning",otel_scope_name="apollo/router",le="0.05"} 2
apollo_router_compute_jobs_execution_duration_seconds_bucket{job_type="query_planning",otel_scope_name="apollo/router",le="0.1"} 2
apollo_router_compute_jobs_execution_duration_seconds_bucket{job_type="query_planning",otel_scope_name="apollo/router",le="0.2"} 2
apollo_router_compute_jobs_execution_duration_seconds_bucket{job_type="query_planning",otel_scope_name="apollo/router",le="0.3"} 2
apollo_router_compute_jobs_execution_duration_seconds_bucket{job_type="query_planning",otel_scope_name="apollo/router",le="0.4"} 2
apollo_router_compute_jobs_execution_duration_seconds_bucket{job_type="query_planning",otel_scope_name="apollo/router",le="0.5"} 2
apollo_router_compute_jobs_execution_duration_seconds_bucket{job_type="query_planning",otel_scope_name="apollo/router",le="1"} 2
apollo_router_compute_jobs_execution_duration_seconds_bucket{job_type="query_planning",otel_scope_name="apollo/router",le="5"} 2
apollo_router_compute_jobs_execution_duration_seconds_bucket{job_type="query_planning",otel_scope_name="apollo/router",le="10"} 2
apollo_router_compute_jobs_execution_duration_seconds_bucket{job_type="query_planning",otel_scope_name="apollo/router",le="+Inf"} 2
apollo_router_compute_jobs_execution_duration_seconds_sum{job_type="query_planning",otel_scope_name="apollo/router"} 0.019602136
apollo_router_compute_jobs_execution_duration_seconds_count{job_type="query_planning",otel_scope_name="apollo/router"} 2
# HELP apollo_router_compute_jobs_queue_wait_duration_seconds Time spent by the job in the compute queue
# TYPE apollo_router_compute_jobs_queue_wait_duration_seconds histogram
apollo_router_compute_jobs_queue_wait_duration_seconds_bucket{job_type="query_parsing",otel_scope_name="apollo/router",le="0.001"} 2
apollo_router_compute_jobs_queue_wait_duration_seconds_bucket{job_type="query_parsing",otel_scope_name="apollo/router",le="0.005"} 2
apollo_router_compute_jobs_queue_wait_duration_seconds_bucket{job_type="query_parsing",otel_scope_name="apollo/router",le="0.015"} 2
apollo_router_compute_jobs_queue_wait_duration_seconds_bucket{job_type="query_parsing",otel_scope_name="apollo/router",le="0.05"} 2
apollo_router_compute_jobs_queue_wait_duration_seconds_bucket{job_type="query_parsing",otel_scope_name="apollo/router",le="0.1"} 2
apollo_router_compute_jobs_queue_wait_duration_seconds_bucket{job_type="query_parsing",otel_scope_name="apollo/router",le="0.2"} 2
apollo_router_compute_jobs_queue_wait_duration_seconds_bucket{job_type="query_parsing",otel_scope_name="apollo/router",le="0.3"} 2
apollo_router_compute_jobs_queue_wait_duration_seconds_bucket{job_type="query_parsing",otel_scope_name="apollo/router",le="0.4"} 2
apollo_router_compute_jobs_queue_wait_duration_seconds_bucket{job_type="query_parsing",otel_scope_name="apollo/router",le="0.5"} 2
apollo_router_compute_jobs_queue_wait_duration_seconds_bucket{job_type="query_parsing",otel_scope_name="apollo/router",le="1"} 2
apollo_router_compute_jobs_queue_wait_duration_seconds_bucket{job_type="query_parsing",otel_scope_name="apollo/router",le="5"} 2
apollo_router_compute_jobs_queue_wait_duration_seconds_bucket{job_type="query_parsing",otel_scope_name="apollo/router",le="10"} 2
apollo_router_compute_jobs_queue_wait_duration_seconds_bucket{job_type="query_parsing",otel_scope_name="apollo/router",le="+Inf"} 2
apollo_router_compute_jobs_queue_wait_duration_seconds_sum{job_type="query_parsing",otel_scope_name="apollo/router"} 0.000974418
apollo_router_compute_jobs_queue_wait_duration_seconds_count{job_type="query_parsing",otel_scope_name="apollo/router"} 2
apollo_router_compute_jobs_queue_wait_duration_seconds_bucket{job_type="query_planning",otel_scope_name="apollo/router",le="0.001"} 2
apollo_router_compute_jobs_queue_wait_duration_seconds_bucket{job_type="query_planning",otel_scope_name="apollo/router",le="0.005"} 2
apollo_router_compute_jobs_queue_wait_duration_seconds_bucket{job_type="query_planning",otel_scope_name="apollo/router",le="0.015"} 2
apollo_router_compute_jobs_queue_wait_duration_seconds_bucket{job_type="query_planning",otel_scope_name="apollo/router",le="0.05"} 2
apollo_router_compute_jobs_queue_wait_duration_seconds_bucket{job_type="query_planning",otel_scope_name="apollo/router",le="0.1"} 2
apollo_router_compute_jobs_queue_wait_duration_seconds_bucket{job_type="query_planning",otel_scope_name="apollo/router",le="0.2"} 2
apollo_router_compute_jobs_queue_wait_duration_seconds_bucket{job_type="query_planning",otel_scope_name="apollo/router",le="0.3"} 2
apollo_router_compute_jobs_queue_wait_duration_seconds_bucket{job_type="query_planning",otel_scope_name="apollo/router",le="0.4"} 2
apollo_router_compute_jobs_queue_wait_duration_seconds_bucket{job_type="query_planning",otel_scope_name="apollo/router",le="0.5"} 2
apollo_router_compute_jobs_queue_wait_duration_seconds_bucket{job_type="query_planning",otel_scope_name="apollo/router",le="1"} 2
apollo_router_compute_jobs_queue_wait_duration_seconds_bucket{job_type="query_planning",otel_scope_name="apollo/router",le="5"} 2
apollo_router_compute_jobs_queue_wait_duration_seconds_bucket{job_type="query_planning",otel_scope_name="apollo/router",le="10"} 2
apollo_router_compute_jobs_queue_wait_duration_seconds_bucket{job_type="query_planning",otel_scope_name="apollo/router",le="+Inf"} 2
apollo_router_compute_jobs_queue_wait_duration_seconds_sum{job_type="query_planning",otel_scope_name="apollo/router"} 0.000857104
apollo_router_compute_jobs_queue_wait_duration_seconds_count{job_type="query_planning",otel_scope_name="apollo/router"} 2
# HELP apollo_router_compute_jobs_queued Number of computation jobs (parsing, planning, …) waiting to be scheduled
# TYPE apollo_router_compute_jobs_queued gauge
apollo_router_compute_jobs_queued{otel_scope_name="apollo/router"} 0
# TYPE apollo_router_exporter_span_lru_size gauge
apollo_router_exporter_span_lru_size{otel_scope_name="apollo/router"} 1
# HELP apollo_router_jemalloc_active Total active bytes in jemalloc
# TYPE apollo_router_jemalloc_active gauge
apollo_router_jemalloc_active{otel_scope_name="apollo/router"} 56778752
# HELP apollo_router_jemalloc_allocated Total bytes allocated by jemalloc
# TYPE apollo_router_jemalloc_allocated gauge
apollo_router_jemalloc_allocated{otel_scope_name="apollo/router"} 51261792
# HELP apollo_router_jemalloc_mapped Total mapped bytes in jemalloc
# TYPE apollo_router_jemalloc_mapped gauge
apollo_router_jemalloc_mapped{otel_scope_name="apollo/router"} 190754816
# HELP apollo_router_jemalloc_metadata Total metadata bytes in jemalloc
# TYPE apollo_router_jemalloc_metadata gauge
apollo_router_jemalloc_metadata{otel_scope_name="apollo/router"} 23023296
# HELP apollo_router_jemalloc_resident Total resident bytes in jemalloc
# TYPE apollo_router_jemalloc_resident gauge
apollo_router_jemalloc_resident{otel_scope_name="apollo/router"} 84635648
# HELP apollo_router_jemalloc_retained Total retained bytes in jemalloc
# TYPE apollo_router_jemalloc_retained gauge
apollo_router_jemalloc_retained{otel_scope_name="apollo/router"} 108089344
# TYPE apollo_router_lifecycle_license gauge
apollo_router_lifecycle_license{license_state="licensed",otel_scope_name="apollo/router"} 1
# HELP apollo_router_lifecycle_query_planner_init_total Rust query planner initialization
# TYPE apollo_router_lifecycle_query_planner_init_total counter
apollo_router_lifecycle_query_planner_init_total{init_is_success="true",otel_scope_name="apollo/router"} 3
# HELP apollo_router_open_connections Number of currently connected clients
# TYPE apollo_router_open_connections gauge
apollo_router_open_connections{config_hash="3c202ccb5076e5e942bac810334edb69999a1adc6aafb8053f4aea44cb18a75a",http_connection_state="active",launch_id="",schema_id="dd8960ccefda82ca58e8ac0bc266459fd49ee8215fd6b3cc72e7bc3d7f3464b9",server_address="127.0.0.1",server_port="41529",otel_scope_name="apollo/router"} 0
apollo_router_open_connections{config_hash="3c202ccb5076e5e942bac810334edb69999a1adc6aafb8053f4aea44cb18a75a",http_connection_state="active",launch_id="",schema_id="dd8960ccefda82ca58e8ac0bc266459fd49ee8215fd6b3cc72e7bc3d7f3464b9",server_address="127.0.0.1",server_port="45965",otel_scope_name="apollo/router"} 0
apollo_router_open_connections{config_hash="3c202ccb5076e5e942bac810334edb69999a1adc6aafb8053f4aea44cb18a75a",http_connection_state="terminating",launch_id="",schema_id="dd8960ccefda82ca58e8ac0bc266459fd49ee8215fd6b3cc72e7bc3d7f3464b9",server_address="127.0.0.1",server_port="41529",otel_scope_name="apollo/router"} 0
apollo_router_open_connections{config_hash="b1a7f0e61ec658d4285c9f04e29a088eb09455eb8a7d785ead92878136b899ec",http_connection_state="active",launch_id="",schema_id="dd8960ccefda82ca58e8ac0bc266459fd49ee8215fd6b3cc72e7bc3d7f3464b9",server_address="127.0.0.1",server_port="45037",otel_scope_name="apollo/router"} 1
# HELP apollo_router_operations_authentication_aws_sigv4_total Number of subgraph requests signed with AWS SigV4
# TYPE apollo_router_operations_authentication_aws_sigv4_total counter
apollo_router_operations_authentication_aws_sigv4_total{authentication_aws_sigv4_failed="false",subgraph_service_name="products",otel_scope_name="apollo/router"} 3
# HELP apollo_router_operations_telemetry_total Telemetry exporters enabled
# TYPE apollo_router_operations_telemetry_total counter
apollo_router_operations_telemetry_total{telemetry_metrics_prometheus="true",otel_scope_name="apollo/router"} 3
# HELP apollo_router_operations_total The number of graphql operations performed by the Router
# TYPE apollo_router_operations_total counter
apollo_router_operations_total{http_response_status_code="200",otel_scope_name="apollo/router"} 3
# HELP apollo_router_overhead_seconds Router processing overhead (time not spent waiting for subgraphs or connectors to respond).
# TYPE apollo_router_overhead_seconds histogram
apollo_router_overhead_seconds_bucket{subgraph_active_requests="false",otel_scope_name="apollo/router",le="0.001"} 0
apollo_router_overhead_seconds_bucket{subgraph_active_requests="false",otel_scope_name="apollo/router",le="0.005"} 0
apollo_router_overhead_seconds_bucket{subgraph_active_requests="false",otel_scope_name="apollo/router",le="0.015"} 1
apollo_router_overhead_seconds_bucket{subgraph_active_requests="false",otel_scope_name="apollo/router",le="0.05"} 3
apollo_router_overhead_seconds_bucket{subgraph_active_requests="false",otel_scope_name="apollo/router",le="0.1"} 3
apollo_router_overhead_seconds_bucket{subgraph_active_requests="false",otel_scope_name="apollo/router",le="0.2"} 3
apollo_router_overhead_seconds_bucket{subgraph_active_requests="false",otel_scope_name="apollo/router",le="0.3"} 3
apollo_router_overhead_seconds_bucket{subgraph_active_requests="false",otel_scope_name="apollo/router",le="0.4"} 3
apollo_router_overhead_seconds_bucket{subgraph_active_requests="false",otel_scope_name="apollo/router",le="0.5"} 3
apollo_router_overhead_seconds_bucket{subgraph_active_requests="false",otel_scope_name="apollo/router",le="1"} 3
apollo_router_overhead_seconds_bucket{subgraph_active_requests="false",otel_scope_name="apollo/router",le="5"} 3
apollo_router_overhead_seconds_bucket{subgraph_active_requests="false",otel_scope_name="apollo/router",le="10"} 3
apollo_router_overhead_seconds_bucket{subgraph_active_requests="false",otel_scope_name="apollo/router",le="+Inf"} 3
apollo_router_overhead_seconds_sum{subgraph_active_requests="false",otel_scope_name="apollo/router"} 0.07519028999999999
apollo_router_overhead_seconds_count{subgraph_active_requests="false",otel_scope_name="apollo/router"} 3
# HELP apollo_router_pipelines Number of active router pipelines
# TYPE apollo_router_pipelines gauge
apollo_router_pipelines{config_hash="3c202ccb5076e5e942bac810334edb69999a1adc6aafb8053f4aea44cb18a75a",launch_id="",schema_id="dd8960ccefda82ca58e8ac0bc266459fd49ee8215fd6b3cc72e7bc3d7f3464b9",otel_scope_name="apollo/router"} 0
apollo_router_pipelines{config_hash="b1a7f0e61ec658d4285c9f04e29a088eb09455eb8a7d785ead92878136b899ec",launch_id="",schema_id="dd8960ccefda82ca58e8ac0bc266459fd49ee8215fd6b3cc72e7bc3d7f3464b9",otel_scope_name="apollo/router"} 1
# HELP apollo_router_query_planning_plan_duration Duration of the query planning, in seconds.
# TYPE apollo_router_query_planning_plan_duration histogram
apollo_router_query_planning_plan_duration_bucket{outcome="success",planner="rust",otel_scope_name="apollo/router",le="0.001"} 0
apollo_router_query_planning_plan_duration_bucket{outcome="success",planner="rust",otel_scope_name="apollo/router",le="0.005"} 2
apollo_router_query_planning_plan_duration_bucket{outcome="success",planner="rust",otel_scope_name="apollo/router",le="0.015"} 2
apollo_router_query_planning_plan_duration_bucket{outcome="success",planner="rust",otel_scope_name="apollo/router",le="0.05"} 2
apollo_router_query_planning_plan_duration_bucket{outcome="success",planner="rust",otel_scope_name="apollo/router",le="0.1"} 2
apollo_router_query_planning_plan_duration_bucket{outcome="success",planner="rust",otel_scope_name="apollo/router",le="0.2"} 2
apollo_router_query_planning_plan_duration_bucket{outcome="success",planner="rust",otel_scope_name="apollo/router",le="0.3"} 2
apollo_router_query_planning_plan_duration_bucket{outcome="success",planner="rust",otel_scope_name="apollo/router",le="0.4"} 2
apollo_router_query_planning_plan_duration_bucket{outcome="success",planner="rust",otel_scope_name="apollo/router",le="0.5"} 2
apollo_router_query_planning_plan_duration_bucket{outcome="success",planner="rust",otel_scope_name="apollo/router",le="1"} 2
apollo_router_query_planning_plan_duration_bucket{outcome="success",planner="rust",otel_scope_name="apollo/router",le="5"} 2
apollo_router_query_planning_plan_duration_bucket{outcome="success",planner="rust",otel_scope_name="apollo/router",le="10"} 2
apollo_router_query_planning_plan_duration_bucket{outcome="success",planner="rust",otel_scope_name="apollo/router",le="+Inf"} 2
apollo_router_query_planning_plan_duration_sum{outcome="success",planner="rust",otel_scope_name="apollo/router"} 0.0044630880000000005
apollo_router_query_planning_plan_duration_count{outcome="success",planner="rust",otel_scope_name="apollo/router"} 2
# HELP apollo_router_query_planning_plan_evaluated_paths Number of paths (including intermediate ones) considered to plan a query before starting to generate a plan
# TYPE apollo_router_query_planning_plan_evaluated_paths histogram
apollo_router_query_planning_plan_evaluated_paths_bucket{otel_scope_name="apollo/router",le="0.001"} 0
apollo_router_query_planning_plan_evaluated_paths_bucket{otel_scope_name="apollo/router",le="0.005"} 0
apollo_router_query_planning_plan_evaluated_paths_bucket{otel_scope_name="apollo/router",le="0.015"} 0
apollo_router_query_planning_plan_evaluated_paths_bucket{otel_scope_name="apollo/router",le="0.05"} 0
apollo_router_query_planning_plan_evaluated_paths_bucket{otel_scope_name="apollo/router",le="0.1"} 0
apollo_router_query_planning_plan_evaluated_paths_bucket{otel_scope_name="apollo/router",le="0.2"} 0
apollo_router_query_planning_plan_evaluated_paths_bucket{otel_scope_name="apollo/router",le="0.3"} 0
apollo_router_query_planning_plan_evaluated_paths_bucket{otel_scope_name="apollo/router",le="0.4"} 0
apollo_router_query_planning_plan_evaluated_paths_bucket{otel_scope_name="apollo/router",le="0.5"} 0
apollo_router_query_planning_plan_evaluated_paths_bucket{otel_scope_name="apollo/router",le="1"} 0
apollo_router_query_planning_plan_evaluated_paths_bucket{otel_scope_name="apollo/router",le="5"} 2
apollo_router_query_planning_plan_evaluated_paths_bucket{otel_scope_name="apollo/router",le="10"} 2
apollo_router_query_planning_plan_evaluated_paths_bucket{otel_scope_name="apollo/router",le="+Inf"} 2
apollo_router_query_planning_plan_evaluated_paths_sum{otel_scope_name="apollo/router"} 4
apollo_router_query_planning_plan_evaluated_paths_count{otel_scope_name="apollo/router"} 2
# HELP apollo_router_query_planning_plan_evaluated_plans Number of query plans evaluated for a query before choosing the best one
# TYPE apollo_router_query_planning_plan_evaluated_plans histogram
apollo_router_query_planning_plan_evaluated_plans_bucket{otel_scope_name="apollo/router",le="0.001"} 0
apollo_router_query_planning_plan_evaluated_plans_bucket{otel_scope_name="apollo/router",le="0.005"} 0
apollo_router_query_planning_plan_evaluated_plans_bucket{otel_scope_name="apollo/router",le="0.015"} 0
apollo_router_query_planning_plan_evaluated_plans_bucket{otel_scope_name="apollo/router",le="0.05"} 0
apollo_router_query_planning_plan_evaluated_plans_bucket{otel_scope_name="apollo/router",le="0.1"} 0
apollo_router_query_planning_plan_evaluated_plans_bucket{otel_scope_name="apollo/router",le="0.2"} 0
apollo_router_query_planning_plan_evaluated_plans_bucket{otel_scope_name="apollo/router",le="0.3"} 0
apollo_router_query_planning_plan_evaluated_plans_bucket{otel_scope_name="apollo/router",le="0.4"} 0
apollo_router_query_planning_plan_evaluated_plans_bucket{otel_scope_name="apollo/router",le="0.5"} 0
apollo_router_query_planning_plan_evaluated_plans_bucket{otel_scope_name="apollo/router",le="1"} 2
apollo_router_query_planning_plan_evaluated_plans_bucket{otel_scope_name="apollo/router",le="5"} 2
apollo_router_query_planning_plan_evaluated_plans_bucket{otel_scope_name="apollo/router",le="10"} 2
apollo_router_query_planning_plan_evaluated_plans_bucket{otel_scope_name="apollo/router",le="+Inf"} 2
apollo_router_query_planning_plan_evaluated_plans_sum{otel_scope_name="apollo/router"} 2
apollo_router_query_planning_plan_evaluated_plans_count{otel_scope_name="apollo/router"} 2
# HELP apollo_router_query_planning_total_duration Duration of the time the router waited for a query plan, including both the queue time and planning time, in seconds.
# TYPE apollo_router_query_planning_total_duration histogram
apollo_router_query_planning_total_duration_bucket{otel_scope_name="apollo/router",le="0.001"} 0
apollo_router_query_planning_total_duration_bucket{otel_scope_name="apollo/router",le="0.005"} 0
apollo_router_query_planning_total_duration_bucket{otel_scope_name="apollo/router",le="0.015"} 1
apollo_router_query_planning_total_duration_bucket{otel_scope_name="apollo/router",le="0.05"} 2
apollo_router_query_planning_total_duration_bucket{otel_scope_name="apollo/router",le="0.1"} 2
apollo_router_query_planning_total_duration_bucket{otel_scope_name="apollo/router",le="0.2"} 2
apollo_router_query_planning_total_duration_bucket{otel_scope_name="apollo/router",le="0.3"} 2
apollo_router_query_planning_total_duration_bucket{otel_scope_name="apollo/router",le="0.4"} 2
apollo_router_query_planning_total_duration_bucket{otel_scope_name="apollo/router",le="0.5"} 2
apollo_router_query_planning_total_duration_bucket{otel_scope_name="apollo/router",le="1"} 2
apollo_router_query_planning_total_duration_bucket{otel_scope_name="apollo/router",le="5"} 2
apollo_router_query_planning_total_duration_bucket{otel_scope_name="apollo/router",le="10"} 2
apollo_router_query_planning_total_duration_bucket{otel_scope_name="apollo/router",le="+Inf"} 2
apollo_router_query_planning_total_duration_sum{otel_scope_name="apollo/router"} 0.028348453000000003
apollo_router_query_planning_total_duration_count{otel_scope_name="apollo/router"} 2
# HELP apollo_router_query_planning_warmup_duration Time spent warming up the query planner queries in seconds
# TYPE apollo_router_query_planning_warmup_duration histogram
apollo_router_query_planning_warmup_duration_bucket{otel_scope_name="apollo/router",le="0.001"} 3
apollo_router_query_planning_warmup_duration_bucket{otel_scope_name="apollo/router",le="0.005"} 3
apollo_router_query_planning_warmup_duration_bucket{otel_scope_name="apollo/router",le="0.015"} 3
apollo_router_query_planning_warmup_duration_bucket{otel_scope_name="apollo/router",le="0.05"} 3
apollo_router_query_planning_warmup_duration_bucket{otel_scope_name="apollo/router",le="0.1"} 3
apollo_router_query_planning_warmup_duration_bucket{otel_scope_name="apollo/router",le="0.2"} 3
apollo_router_query_planning_warmup_duration_bucket{otel_scope_name="apollo/router",le="0.3"} 3
apollo_router_query_planning_warmup_duration_bucket{otel_scope_name="apollo/router",le="0.4"} 3
apollo_router_query_planning_warmup_duration_bucket{otel_scope_name="apollo/router",le="0.5"} 3
apollo_router_query_planning_warmup_duration_bucket{otel_scope_name="apollo/router",le="1"} 3
apollo_router_query_planning_warmup_duration_bucket{otel_scope_name="apollo/router",le="5"} 3
apollo_router_query_planning_warmup_duration_bucket{otel_scope_name="apollo/router",le="10"} 3
apollo_router_query_planning_warmup_duration_bucket{otel_scope_name="apollo/router",le="+Inf"} 3
apollo_router_query_planning_warmup_duration_sum{otel_scope_name="apollo/router"} 0.000107075
apollo_router_query_planning_warmup_duration_count{otel_scope_name="apollo/router"} 3
# HELP apollo_router_schema_load_duration Time spent loading the supergraph schema, in seconds.
# TYPE apollo_router_schema_load_duration histogram
apollo_router_schema_load_duration_bucket{otel_scope_name="apollo/router",le="0.001"} 0
apollo_router_schema_load_duration_bucket{otel_scope_name="apollo/router",le="0.005"} 0
apollo_router_schema_load_duration_bucket{otel_scope_name="apollo/router",le="0.015"} 1
apollo_router_schema_load_duration_bucket{otel_scope_name="apollo/router",le="0.05"} 2
apollo_router_schema_load_duration_bucket{otel_scope_name="apollo/router",le="0.1"} 2
apollo_router_schema_load_duration_bucket{otel_scope_name="apollo/router",le="0.2"} 2
apollo_router_schema_load_duration_bucket{otel_scope_name="apollo/router",le="0.3"} 2
apollo_router_schema_load_duration_bucket{otel_scope_name="apollo/router",le="0.4"} 2
apollo_router_schema_load_duration_bucket{otel_scope_name="apollo/router",le="0.5"} 2
apollo_router_schema_load_duration_bucket{otel_scope_name="apollo/router",le="1"} 2
apollo_router_schema_load_duration_bucket{otel_scope_name="apollo/router",le="5"} 2
apollo_router_schema_load_duration_bucket{otel_scope_name="apollo/router",le="10"} 2
apollo_router_schema_load_duration_bucket{otel_scope_name="apollo/router",le="+Inf"} 2
apollo_router_schema_load_duration_sum{otel_scope_name="apollo/router"} 0.033111978
apollo_router_schema_load_duration_count{otel_scope_name="apollo/router"} 2
# HELP apollo_router_session_count_active Amount of in-flight sessions
# TYPE apollo_router_session_count_active gauge
apollo_router_session_count_active{otel_scope_name="apollo/router"} 0
# HELP apollo_router_state_change_total Router state changes
# TYPE apollo_router_state_change_total counter
apollo_router_state_change_total{event="UpdateConfiguration",previous_state="Running",state="Running",otel_scope_name="apollo/router"} 2
apollo_router_state_change_total{event="UpdateSchema",previous_state="Startup",state="Running",otel_scope_name="apollo/router"} 1
# TYPE apollo_router_supergraph_federation gauge
apollo_router_supergraph_federation{federation_version="2",otel_scope_name="apollo/router"} 1
# HELP apollo_router_telemetry_studio_reports_total The number of reports submitted to Studio by the Router
# TYPE apollo_router_telemetry_studio_reports_total counter
apollo_router_telemetry_studio_reports_total{report_protocol="otlp",report_type="traces",otel_scope_name="apollo/router"} 2
apollo_router_telemetry_studio_reports_total{report_extended_references_enabled="true",report_protocol="apollo",report_type="metrics",otel_scope_name="apollo/router"} 2
# HELP http_client_request_duration_seconds Duration of HTTP client requests.
# TYPE http_client_request_duration_seconds histogram
http_client_request_duration_seconds_bucket{subgraph_name="products",otel_scope_name="apollo/router",le="0.001"} 0
http_client_request_duration_seconds_bucket{subgraph_name="products",otel_scope_name="apollo/router",le="0.005"} 1
http_client_request_duration_seconds_bucket{subgraph_name="products",otel_scope_name="apollo/router",le="0.015"} 3
http_client_request_duration_seconds_bucket{subgraph_name="products",otel_scope_name="apollo/router",le="0.05"} 3
http_client_request_duration_seconds_bucket{subgraph_name="products",otel_scope_name="apollo/router",le="0.1"} 3
http_client_request_duration_seconds_bucket{subgraph_name="products",otel_scope_name="apollo/router",le="0.2"} 3
http_client_request_duration_seconds_bucket{subgraph_name="products",otel_scope_name="apollo/router",le="0.3"} 3
http_client_request_duration_seconds_bucket{subgraph_name="products",otel_scope_name="apollo/router",le="0.4"} 3
http_client_request_duration_seconds_bucket{subgraph_name="products",otel_scope_name="apollo/router",le="0.5"} 3
http_client_request_duration_seconds_bucket{subgraph_name="products",otel_scope_name="apollo/router",le="1"} 3
http_client_request_duration_seconds_bucket{subgraph_name="products",otel_scope_name="apollo/router",le="5"} 3
http_client_request_duration_seconds_bucket{subgraph_name="products",otel_scope_name="apollo/router",le="10"} 3
http_client_request_duration_seconds_bucket{subgraph_name="products",otel_scope_name="apollo/router",le="+Inf"} 3
http_client_request_duration_seconds_sum{subgraph_name="products",otel_scope_name="apollo/router"} 0.027539607
http_client_request_duration_seconds_count{subgraph_name="products",otel_scope_name="apollo/router"} 3
# HELP http_client_response_body_size_bytes Size of HTTP client response bodies.
# TYPE http_client_response_body_size_bytes histogram
http_client_response_body_size_bytes_bucket{subgraph_name="products",otel_scope_name="apollo/router",le="0.001"} 0
http_client_response_body_size_bytes_bucket{subgraph_name="products",otel_scope_name="apollo/router",le="0.005"} 0
http_client_response_body_size_bytes_bucket{subgraph_name="products",otel_scope_name="apollo/router",le="0.015"} 0
http_client_response_body_size_bytes_bucket{subgraph_name="products",otel_scope_name="apollo/router",le="0.05"} 0
http_client_response_body_size_bytes_bucket{subgraph_name="products",otel_scope_name="apollo/router",le="0.1"} 0
http_client_response_body_size_bytes_bucket{subgraph_name="products",otel_scope_name="apollo/router",le="0.2"} 0
http_client_response_body_size_bytes_bucket{subgraph_name="products",otel_scope_name="apollo/router",le="0.3"} 0
http_client_response_body_size_bytes_bucket{subgraph_name="products",otel_scope_name="apollo/router",le="0.4"} 0
http_client_response_body_size_bytes_bucket{subgraph_name="products",otel_scope_name="apollo/router",le="0.5"} 0
http_client_response_body_size_bytes_bucket{subgraph_name="products",otel_scope_name="apollo/router",le="1"} 0
http_client_response_body_size_bytes_bucket{subgraph_name="products",otel_scope_name="apollo/router",le="5"} 0
http_client_response_body_size_bytes_bucket{subgraph_name="products",otel_scope_name="apollo/router",le="10"} 0
http_client_response_body_size_bytes_bucket{subgraph_name="products",otel_scope_name="apollo/router",le="+Inf"} 3
http_client_response_body_size_bytes_sum{subgraph_name="products",otel_scope_name="apollo/router"} 231
http_client_response_body_size_bytes_count{subgraph_name="products",otel_scope_name="apollo/router"} 3
# HELP http_server_active_requests Number of active HTTP server requests.
# TYPE http_server_active_requests gauge
http_server_active_requests{http_request_method="POST",otel_scope_name="apollo/router"} 0
# HELP http_server_request_body_size_bytes Size of HTTP server request bodies.
# TYPE http_server_request_body_size_bytes histogram
http_server_request_body_size_bytes_bucket{http_request_method="POST",http_response_status_code="200",server_address="127.0.0.1",server_port="41529",otel_scope_name="apollo/router",le="0.001"} 0
http_server_request_body_size_bytes_bucket{http_request_method="POST",http_response_status_code="200",server_address="127.0.0.1",server_port="41529",otel_scope_name="apollo/router",le="0.005"} 0
http_server_request_body_size_bytes_bucket{http_request_method="POST",http_response_status_code="200",server_address="127.0.0.1",server_port="41529",otel_scope_name="apollo/router",le="0.015"} 0
http_server_request_body_size_bytes_bucket{http_request_method="POST",http_response_status_code="200",server_address="127.0.0.1",server_port="41529",otel_scope_name="apollo/router",le="0.05"} 0
http_server_request_body_size_bytes_bucket{http_request_method="POST",http_response_status_code="200",server_address="127.0.0.1",server_port="41529",otel_scope_name="apollo/router",le="0.1"} 0
http_server_request_body_size_bytes_bucket{http_request_method="POST",http_response_status_code="200",server_address="127.0.0.1",server_port="41529",otel_scope_name="apollo/router",le="0.2"} 0
http_server_request_body_size_bytes_bucket{http_request_method="POST",http_response_status_code="200",server_address="127.0.0.1",server_port="41529",otel_scope_name="apollo/router",le="0.3"} 0
http_server_request_body_size_bytes_bucket{http_request_method="POST",http_response_status_code="200",server_address="127.0.0.1",server_port="41529",otel_scope_name="apollo/router",le="0.4"} 0
http_server_request_body_size_bytes_bucket{http_request_method="POST",http_response_status_code="200",server_address="127.0.0.1",server_port="41529",otel_scope_name="apollo/router",le="0.5"} 0
http_server_request_body_size_bytes_bucket{http_request_method="POST",http_response_status_code="200",server_address="127.0.0.1",server_port="41529",otel_scope_name="apollo/router",le="1"} 0
http_server_request_body_size_bytes_bucket{http_request_method="POST",http_response_status_code="200",server_address="127.0.0.1",server_port="41529",otel_scope_name="apollo/router",le="5"} 0
http_server_request_body_size_bytes_bucket{http_request_method="POST",http_response_status_code="200",server_address="127.0.0.1",server_port="41529",otel_scope_name="apollo/router",le="10"} 0
http_server_request_body_size_bytes_bucket{http_request_method="POST",http_response_status_code="200",server_address="127.0.0.1",server_port="41529",otel_scope_name="apollo/router",le="+Inf"} 1
http_server_request_body_size_bytes_sum{http_request_method="POST",http_response_status_code="200",server_address="127.0.0.1",server_port="41529",otel_scope_name="apollo/router"} 65
http_server_request_body_size_bytes_count{http_request_method="POST",http_response_status_code="200",server_address="127.0.0.1",server_port="41529",otel_scope_name="apollo/router"} 1
http_server_request_body_size_bytes_bucket{http_request_method="POST",http_response_status_code="200",server_address="127.0.0.1",server_port="45965",otel_scope_name="apollo/router",le="0.001"} 0
http_server_request_body_size_bytes_bucket{http_request_method="POST",http_response_status_code="200",server_address="127.0.0.1",server_port="45965",otel_scope_name="apollo/router",le="0.005"} 0
http_server_request_body_size_bytes_bucket{http_request_method="POST",http_response_status_code="200",server_address="127.0.0.1",server_port="45965",otel_scope_name="apollo/router",le="0.015"} 0
http_server_request_body_size_bytes_bucket{http_request_method="POST",http_response_status_code="200",server_address="127.0.0.1",server_port="45965",otel_scope_name="apollo/router",le="0.05"} 0
http_server_request_body_size_bytes_bucket{http_request_method="POST",http_response_status_code="200",server_address="127.0.0.1",server_port="45965",otel_scope_name="apollo/router",le="0.1"} 0
http_server_request_body_size_bytes_bucket{http_request_method="POST",http_response_status_code="200",server_address="127.0.0.1",server_port="45965",otel_scope_name="apollo/router",le="0.2"} 0
http_server_request_body_size_bytes_bucket{http_request_method="POST",http_response_status_code="200",server_address="127.0.0.1",server_port="45965",otel_scope_name="apollo/router",le="0.3"} 0
http_server_request_body_size_bytes_bucket{http_request_method="POST",http_response_status_code="200",server_address="127.0.0.1",server_port="45965",otel_scope_name="apollo/router",le="0.4"} 0
http_server_request_body_size_bytes_bucket{http_request_method="POST",http_response_status_code="200",server_address="127.0.0.1",server_port="45965",otel_scope_name="apollo/router",le="0.5"} 0
http_server_request_body_size_bytes_bucket{http_request_method="POST",http_response_status_code="200",server_address="127.0.0.1",server_port="45965",otel_scope_name="apollo/router",le="1"} 0
http_server_request_body_size_bytes_bucket{http_request_method="POST",http_response_status_code="200",server_address="127.0.0.1",server_port="45965",otel_scope_name="apollo/router",le="5"} 0
http_server_request_body_size_bytes_bucket{http_request_method="POST",http_response_status_code="200",server_address="127.0.0.1",server_port="45965",otel_scope_name="apollo/router",le="10"} 0
http_server_request_body_size_bytes_bucket{http_request_method="POST",http_response_status_code="200",server_address="127.0.0.1",server_port="45965",otel_scope_name="apollo/router",le="+Inf"} 2
http_server_request_body_size_bytes_sum{http_request_method="POST",http_response_status_code="200",server_address="127.0.0.1",server_port="45965",otel_scope_name="apollo/router"} 130
http_server_request_body_size_bytes_count{http_request_method="POST",http_response_status_code="200",server_address="127.0.0.1",server_port="45965",otel_scope_name="apollo/router"} 2
# HELP http_server_request_duration_seconds Duration of HTTP server requests.
# TYPE http_server_request_duration_seconds histogram
http_server_request_duration_seconds_bucket{http_request_method="POST",http_response_status_code="200",server_address="127.0.0.1",server_port="41529",otel_scope_name="apollo/router",le="0.001"} 0
http_server_request_duration_seconds_bucket{http_request_method="POST",http_response_status_code="200",server_address="127.0.0.1",server_port="41529",otel_scope_name="apollo/router",le="0.005"} 0
http_server_request_duration_seconds_bucket{http_request_method="POST",http_response_status_code="200",server_address="127.0.0.1",server_port="41529",otel_scope_name="apollo/router",le="0.015"} 0
http_server_request_duration_seconds_bucket{http_request_method="POST",http_response_status_code="200",server_address="127.0.0.1",server_port="41529",otel_scope_name="apollo/router",le="0.05"} 1
http_server_request_duration_seconds_bucket{http_request_method="POST",http_response_status_code="200",server_address="127.0.0.1",server_port="41529",otel_scope_name="apollo/router",le="0.1"} 1
http_server_request_duration_seconds_bucket{http_request_method="POST",http_response_status_code="200",server_address="127.0.0.1",server_port="41529",otel_scope_name="apollo/router",le="0.2"} 1
http_server_request_duration_seconds_bucket{http_request_method="POST",http_response_status_code="200",server_address="127.0.0.1",server_port="41529",otel_scope_name="apollo/router",le="0.3"} 1
http_server_request_duration_seconds_bucket{http_request_method="POST",http_response_status_code="200",server_address="127.0.0.1",server_port="41529",otel_scope_name="apollo/router",le="0.4"} 1
http_server_request_duration_seconds_bucket{http_request_method="POST",http_response_status_code="200",server_address="127.0.0.1",server_port="41529",otel_scope_name="apollo/router",le="0.5"} 1
http_server_request_duration_seconds_bucket{http_request_method="POST",http_response_status_code="200",server_address="127.0.0.1",server_port="41529",otel_scope_name="apollo/router",le="1"} 1
http_server_request_duration_seconds_bucket{http_request_method="POST",http_response_status_code="200",server_address="127.0.0.1",server_port="41529",otel_scope_name="apollo/router",le="5"} 1
http_server_request_duration_seconds_bucket{http_request_method="POST",http_response_status_code="200",server_address="127.0.0.1",server_port="41529",otel_scope_name="apollo/router",le="10"} 1
http_server_request_duration_seconds_bucket{http_request_method="POST",http_response_status_code="200",server_address="127.0.0.1",server_port="41529",otel_scope_name="apollo/router",le="+Inf"} 1
http_server_request_duration_seconds_sum{http_request_method="POST",http_response_status_code="200",server_address="127.0.0.1",server_port="41529",otel_scope_name="apollo/router"} 0.047294792
http_server_request_duration_seconds_count{http_request_method="POST",http_response_status_code="200",server_address="127.0.0.1",server_port="41529",otel_scope_name="apollo/router"} 1
http_server_request_duration_seconds_bucket{http_request_method="POST",http_response_status_code="200",server_address="127.0.0.1",server_port="45965",otel_scope_name="apollo/router",le="0.001"} 0
http_server_request_duration_seconds_bucket{http_request_method="POST",http_response_status_code="200",server_address="127.0.0.1",server_port="45965",otel_scope_name="apollo/router",le="0.005"} 0
http_server_request_duration_seconds_bucket{http_request_method="POST",http_response_status_code="200",server_address="127.0.0.1",server_port="45965",otel_scope_name="apollo/router",le="0.015"} 1
http_server_request_duration_seconds_bucket{http_request_method="POST",http_response_status_code="200",server_address="127.0.0.1",server_port="45965",otel_scope_name="apollo/router",le="0.05"} 2
http_server_request_duration_seconds_bucket{http_request_method="POST",http_response_status_code="200",server_address="127.0.0.1",server_port="45965",otel_scope_name="apollo/router",le="0.1"} 2
http_server_request_duration_seconds_bucket{http_request_method="POST",http_response_status_code="200",server_address="127.0.0.1",server_port="45965",otel_scope_name="apollo/router",le="0.2"} 2
http_server_request_duration_seconds_bucket{http_request_method="POST",http_response_status_code="200",server_address="127.0.0.1",server_port="45965",otel_scope_name="apollo/router",le="0.3"} 2
http_server_request_duration_seconds_bucket{http_request_method="POST",http_response_status_code="200",server_address="127.0.0.1",server_port="45965",otel_scope_name="apollo/router",le="0.4"} 2
http_server_request_duration_seconds_bucket{http_request_method="POST",http_response_status_code="200",server_address="127.0.0.1",server_port="45965",otel_scope_name="apollo/router",le="0.5"} 2
http_server_request_duration_seconds_bucket{http_request_method="POST",http_response_status_code="200",server_address="127.0.0.1",server_port="45965",otel_scope_name="apollo/router",le="1"} 2
http_server_request_duration_seconds_bucket{http_request_method="POST",http_response_status_code="200",server_address="127.0.0.1",server_port="45965",otel_scope_name="apollo/router",le="5"} 2
http_server_request_duration_seconds_bucket{http_request_method="POST",http_response_status_code="200",server_address="127.0.0.1",server_port="45965",otel_scope_name="apollo/router",le="10"} 2
http_server_request_duration_seconds_bucket{http_request_method="POST",http_response_status_code="200",server_address="127.0.0.1",server_port="45965",otel_scope_name="apollo/router",le="+Inf"} 2
http_server_request_duration_seconds_sum{http_request_method="POST",http_response_status_code="200",server_address="127.0.0.1",server_port="45965",otel_scope_name="apollo/router"} 0.046311964000000004
http_server_request_duration_seconds_count{http_request_method="POST",http_response_status_code="200",server_address="127.0.0.1",server_port="45965",otel_scope_name="apollo/router"} 2
# HELP target_info Target metadata
# TYPE target_info gauge
target_info{process_executable_name="router",service_name="unknown_service:router",service_version="2.8.0"} 1

stack backtrace:
   0:     0x556c49a3e862 - std::backtrace_rs::backtrace::libunwind::trace::h2d45396358f41939
                               at /rustc/1159e78c4747b02ef996e55082b704c09b970588/library/std/src/../../backtrace/src/backtrace/libunwind.rs:117:9
   1:     0x556c49a3e862 - std::backtrace_rs::backtrace::trace_unsynchronized::hffcefc0b67f1d6e2
                               at /rustc/1159e78c4747b02ef996e55082b704c09b970588/library/std/src/../../backtrace/src/backtrace/mod.rs:66:14
   2:     0x556c49a3e862 - std::sys::backtrace::_print_fmt::hd72f71d23b436b92
                               at /rustc/1159e78c4747b02ef996e55082b704c09b970588/library/std/src/sys/backtrace.rs:66:9
   3:     0x556c49a3e862 - <std::sys::backtrace::BacktraceLock::print::DisplayBacktrace as core::fmt::Display>::fmt::hdcfcb6d4c8489523
                               at /rustc/1159e78c4747b02ef996e55082b704c09b970588/library/std/src/sys/backtrace.rs:39:26
   4:     0x556c49a6e703 - core::fmt::rt::Argument::fmt::h2c56b3114963061a
                               at /rustc/1159e78c4747b02ef996e55082b704c09b970588/library/core/src/fmt/rt.rs:173:76
   5:     0x556c49a6e703 - core::fmt::write::h8a494366950f23bb
                               at /rustc/1159e78c4747b02ef996e55082b704c09b970588/library/core/src/fmt/mod.rs:1468:25
   6:     0x556c49a39123 - std::io::default_write_fmt::ha27fbccbc65eb6fa
                               at /rustc/1159e78c4747b02ef996e55082b704c09b970588/library/std/src/io/mod.rs:639:11
   7:     0x556c49a39123 - std::io::Write::write_fmt::h6556609fca33d0b1
                               at /rustc/1159e78c4747b02ef996e55082b704c09b970588/library/std/src/io/mod.rs:1954:13
   8:     0x556c49a3e6b2 - std::sys::backtrace::BacktraceLock::print::hb2a626a81e06b2dc
                               at /rustc/1159e78c4747b02ef996e55082b704c09b970588/library/std/src/sys/backtrace.rs:42:9
   9:     0x556c49a406f9 - std::panicking::default_hook::{{closure}}::h4f78485264f12d10
                               at /rustc/1159e78c4747b02ef996e55082b704c09b970588/library/std/src/panicking.rs:300:27
  10:     0x556c49a404db - std::panicking::default_hook::h2c66fc99e962531d
                               at /rustc/1159e78c4747b02ef996e55082b704c09b970588/library/std/src/panicking.rs:327:9
  11:     0x556c49a41105 - std::panicking::rust_panic_with_hook::h33ac55f64bbd807d
                               at /rustc/1159e78c4747b02ef996e55082b704c09b970588/library/std/src/panicking.rs:833:13
  12:     0x556c49a40e9a - std::panicking::begin_panic_handler::{{closure}}::h30e7cb89678a57fe
                               at /rustc/1159e78c4747b02ef996e55082b704c09b970588/library/std/src/panicking.rs:706:13
  13:     0x556c49a3ed69 - std::sys::backtrace::__rust_end_short_backtrace::hed60f27456c16ced
                               at /rustc/1159e78c4747b02ef996e55082b704c09b970588/library/std/src/sys/backtrace.rs:174:18
  14:     0x556c49a40b2d - __rustc[de2ca18b4c54d5b8]::rust_begin_unwind
                               at /rustc/1159e78c4747b02ef996e55082b704c09b970588/library/std/src/panicking.rs:697:5
  15:     0x556c49a6ad30 - core::panicking::panic_fmt::h62f63d096dd276af
                               at /rustc/1159e78c4747b02ef996e55082b704c09b970588/library/core/src/panicking.rs:75:14
  16:     0x556c437365f7 - integration_tests::integration::common::IntegrationTest::assert_metrics_contains::{{closure}}::hb3bf1a10e2a5dddc
                               at /root/project/apollo-router/tests/integration/../common.rs:1326:9
  17:     0x556c431ca1f6 - integration_tests::integration::telemetry::metrics::test_subgraph_auth_metrics::{{closure}}::h6d20674e11c6450c
                               at /root/project/apollo-router/tests/integration/telemetry/metrics.rs:127:212
  18:     0x556c4331aa32 - <core::pin::Pin<P> as core::future::future::Future>::poll::h59964df56356515a
                               at /rustc/1159e78c4747b02ef996e55082b704c09b970588/library/core/src/future/future.rs:133:9
  19:     0x556c4322598d - tokio::runtime::park::CachedParkThread::block_on::{{closure}}::h99a1c01384b0a79b
                               at /root/.cargo/registry/src/index.crates.io-1949cf8c6b5b557f/tokio-1.48.0/src/runtime/park.rs:285:71
  20:     0x556c432240f6 - tokio::task::coop::with_budget::ha185223116166ce4
                               at /root/.cargo/registry/src/index.crates.io-1949cf8c6b5b557f/tokio-1.48.0/src/task/coop/mod.rs:167:5
  21:     0x556c432240f6 - tokio::task::coop::budget::ha733ca61bde2edaf
                               at /root/.cargo/registry/src/index.crates.io-1949cf8c6b5b557f/tokio-1.48.0/src/task/coop/mod.rs:133:5
  22:     0x556c432240f6 - tokio::runtime::park::CachedParkThread::block_on::hbd985400d5b3dc8c
                               at /root/.cargo/registry/src/index.crates.io-1949cf8c6b5b557f/tokio-1.48.0/src/runtime/park.rs:285:31
  23:     0x556c438b0574 - tokio::runtime::context::blocking::BlockingRegionGuard::block_on::h3cf29540820bb880
                               at /root/.cargo/registry/src/index.crates.io-1949cf8c6b5b557f/tokio-1.48.0/src/runtime/context/blocking.rs:66:14
  24:     0x556c434bd978 - tokio::runtime::scheduler::multi_thread::MultiThread::block_on::{{closure}}::h368bef83ee5af5d1
                               at /root/.cargo/registry/src/index.crates.io-1949cf8c6b5b557f/tokio-1.48.0/src/runtime/scheduler/multi_thread/mod.rs:87:22
  25:     0x556c43251046 - tokio::runtime::context::runtime::enter_runtime::hfb5131736755618d
                               at /root/.cargo/registry/src/index.crates.io-1949cf8c6b5b557f/tokio-1.48.0/src/runtime/context/runtime.rs:65:16
  26:     0x556c434bd904 - tokio::runtime::scheduler::multi_thread::MultiThread::block_on::hb60b7b74dc6d2c7f
                               at /root/.cargo/registry/src/index.crates.io-1949cf8c6b5b557f/tokio-1.48.0/src/runtime/scheduler/multi_thread/mod.rs:86:9
  27:     0x556c430bc9d4 - tokio::runtime::runtime::Runtime::block_on_inner::hb2451b6dd4b09b66
                               at /root/.cargo/registry/src/index.crates.io-1949cf8c6b5b557f/tokio-1.48.0/src/runtime/runtime.rs:370:50
  28:     0x556c430bd2ec - tokio::runtime::runtime::Runtime::block_on::h9206977fab45046e
                               at /root/.cargo/registry/src/index.crates.io-1949cf8c6b5b557f/tokio-1.48.0/src/runtime/runtime.rs:342:18
  29:     0x556c431c8896 - integration_tests::integration::telemetry::metrics::test_subgraph_auth_metrics::h3b2af921bd45de9a
                               at /root/project/apollo-router/tests/integration/telemetry/metrics.rs:127:217
  30:     0x556c431c8727 - integration_tests::integration::telemetry::metrics::test_subgraph_auth_metrics::{{closure}}::hc50cf7b567acacaf
                               at /root/project/apollo-router/tests/integration/telemetry/metrics.rs:91:38
  31:     0x556c42e915f6 - core::ops::function::FnOnce::call_once::hb64c12159efada38
                               at /rustc/1159e78c4747b02ef996e55082b704c09b970588/library/core/src/ops/function.rs:253:5
  32:     0x556c43b8f32b - core::ops::function::FnOnce::call_once::h1f9474f1347fff52
                               at /rustc/1159e78c4747b02ef996e55082b704c09b970588/library/core/src/ops/function.rs:253:5
  33:     0x556c43b8f32b - test::__rust_begin_short_backtrace::ha52ab26e77157f03
                               at /rustc/1159e78c4747b02ef996e55082b704c09b970588/library/test/src/lib.rs:648:18
  34:     0x556c43b8e465 - test::run_test_in_process::{{closure}}::h229c1a11a50b261f
                               at /rustc/1159e78c4747b02ef996e55082b704c09b970588/library/test/src/lib.rs:671:74
  35:     0x556c43b8e465 - <core::panic::unwind_safe::AssertUnwindSafe<F> as core::ops::function::FnOnce<()>>::call_once::h78821afbf97b39a9
                               at /rustc/1159e78c4747b02ef996e55082b704c09b970588/library/core/src/panic/unwind_safe.rs:272:9
  36:     0x556c43b8e465 - std::panicking::catch_unwind::do_call::h53abf3ed5bd32ba3
                               at /rustc/1159e78c4747b02ef996e55082b704c09b970588/library/std/src/panicking.rs:589:40
  37:     0x556c43b8e465 - std::panicking::catch_unwind::h6deb5fe1e91873c9
                               at /rustc/1159e78c4747b02ef996e55082b704c09b970588/library/std/src/panicking.rs:552:19
  38:     0x556c43b8e465 - std::panic::catch_unwind::hea0829b6b565654b
                               at /rustc/1159e78c4747b02ef996e55082b704c09b970588/library/std/src/panic.rs:359:14
  39:     0x556c43b8e465 - test::run_test_in_process::hdc44dfecea3db21b
                               at /rustc/1159e78c4747b02ef996e55082b704c09b970588/library/test/src/lib.rs:671:27
  40:     0x556c43b8e465 - test::run_test::{{closure}}::h0364ba59bf23f652
                               at /rustc/1159e78c4747b02ef996e55082b704c09b970588/library/test/src/lib.rs:592:43
  41:     0x556c43b52064 - test::run_test::{{closure}}::h32730b304eec05da
                               at /rustc/1159e78c4747b02ef996e55082b704c09b970588/library/test/src/lib.rs:622:41
  42:     0x556c43b52064 - std::sys::backtrace::__rust_begin_short_backtrace::h177cb952fc54ad2c
                               at /rustc/1159e78c4747b02ef996e55082b704c09b970588/library/std/src/sys/backtrace.rs:158:18
  43:     0x556c43b55a3a - std::thread::Builder::spawn_unchecked_::{{closure}}::{{closure}}::h119d903520007597
                               at /rustc/1159e78c4747b02ef996e55082b704c09b970588/library/std/src/thread/mod.rs:559:17
  44:     0x556c43b55a3a - <core::panic::unwind_safe::AssertUnwindSafe<F> as core::ops::function::FnOnce<()>>::call_once::hab88401d606702a6
                               at /rustc/1159e78c4747b02ef996e55082b704c09b970588/library/core/src/panic/unwind_safe.rs:272:9
  45:     0x556c43b55a3a - std::panicking::catch_unwind::do_call::h163fe12cca9901c2
                               at /rustc/1159e78c4747b02ef996e55082b704c09b970588/library/std/src/panicking.rs:589:40
  46:     0x556c43b55a3a - std::panicking::catch_unwind::he81557d0e17cc1bc
                               at /rustc/1159e78c4747b02ef996e55082b704c09b970588/library/std/src/panicking.rs:552:19
  47:     0x556c43b55a3a - std::panic::catch_unwind::hc2b8e79c20593955
                               at /rustc/1159e78c4747b02ef996e55082b704c09b970588/library/std/src/panic.rs:359:14
  48:     0x556c43b55a3a - std::thread::Builder::spawn_unchecked_::{{closure}}::hfa6b4978e07815cc
                               at /rustc/1159e78c4747b02ef996e55082b704c09b970588/library/std/src/thread/mod.rs:557:30
  49:     0x556c43b55a3a - core::ops::function::FnOnce::call_once{{vtable.shim}}::hddcd7484a13fd793
                               at /rustc/1159e78c4747b02ef996e55082b704c09b970588/library/core/src/ops/function.rs:253:5
  50:     0x556c49a44aef - <alloc::boxed::Box<F,A> as core::ops::function::FnOnce<Args>>::call_once::h5924238c754de3b8
                               at /rustc/1159e78c4747b02ef996e55082b704c09b970588/library/alloc/src/boxed.rs:1971:9
  51:     0x556c49a44aef - std::sys::pal::unix::thread::Thread::new::thread_start::hb6e99e73da4d28f8
                               at /rustc/1159e78c4747b02ef996e55082b704c09b970588/library/std/src/sys/pal/unix/thread.rs:107:17
  52:     0x7f75d484e1ca - start_thread
  53:     0x7f75d4cb78d3 - __GI___clone
  54:                0x0 - <unknown>
[0m
[35;1m   RETRY 2/3[0m [         ] [35;1mapollo-router::integration_tests[0m [36mintegration::telemetry::metrics[0m[36m::[0m[34;1mtest_subgraph_auth_metrics[0m
[32;1m        PASS[0m [  52.166s] [35;1mapollo-router::integration_tests[0m [36mintegration::coprocessor[0m[36m::[0m[34;1mtest_coprocessor_response_handling[0m
[33;1m        SLOW[0m [> 30.000s] [35;1mapollo-router::samples[0m [34;1m/enterprise/entity-cache/invalidation-entity-key[0m
[35;1m  TRY 2 FAIL[0m [  18.786s] [35;1mapollo-router::integration_tests[0m [36mintegration::telemetry::metrics[0m[36m::[0m[34;1mtest_subgraph_auth_metrics[0m

[35;1m--- [0m[35;1mTRY[0m [35;1m2[0m [35;1mSTDOUT:        [0m[35;1mapollo-router::integration_tests[0m [36mintegration::telemetry::metrics[0m[36m::[0m[34;1mtest_subgraph_auth_metrics[0m[35;1m ---[0m

running 1 test
[2m2025-11-13T03:17:35.035635Z[0m [32m INFO[0m Loading supergraph from file
[2m2025-11-13T03:17:53.777779Z[0m [32m INFO[0m Mock server shutting down
[2m2025-11-13T03:17:53.777793Z[0m [32m INFO[0m Mock server shutting down
test integration::telemetry::metrics::test_subgraph_auth_metrics ... FAILED

failures:

failures:
    integration::telemetry::metrics::test_subgraph_auth_metrics

test result: FAILED. 0 passed; 1 failed; 0 ignored; 0 measured; 338 filtered out; finished in 18.75s

[0m
[35;1m--- [0m[35;1mTRY[0m [35;1m2[0m [35;1mSTDERR:        [0m[35;1mapollo-router::integration_tests[0m [36mintegration::telemetry::metrics[0m[36m::[0m[34;1mtest_subgraph_auth_metrics[0m[35;1m ---[0m

thread 'integration::telemetry::metrics::test_subgraph_auth_metrics' panicked at apollo-router/tests/integration/../common.rs:1326:9:
'apollo_router_operations_authentication_aws_sigv4_total\{authentication_aws_sigv4_failed="false",subgraph_service_name="products",otel_scope_name="apollo/router"\} 2' not detected in metrics
# HELP apollo_router_cache_hit_time Time to get a value from the cache in seconds
# TYPE apollo_router_cache_hit_time histogram
apollo_router_cache_hit_time_bucket{kind="query planner",storage="memory",otel_scope_name="apollo/router",le="0.001"} 1
apollo_router_cache_hit_time_bucket{kind="query planner",storage="memory",otel_scope_name="apollo/router",le="0.005"} 1
apollo_router_cache_hit_time_bucket{kind="query planner",storage="memory",otel_scope_name="apollo/router",le="0.015"} 1
apollo_router_cache_hit_time_bucket{kind="query planner",storage="memory",otel_scope_name="apollo/router",le="0.05"} 1
apollo_router_cache_hit_time_bucket{kind="query planner",storage="memory",otel_scope_name="apollo/router",le="0.1"} 1
apollo_router_cache_hit_time_bucket{kind="query planner",storage="memory",otel_scope_name="apollo/router",le="0.2"} 1
apollo_router_cache_hit_time_bucket{kind="query planner",storage="memory",otel_scope_name="apollo/router",le="0.3"} 1
apollo_router_cache_hit_time_bucket{kind="query planner",storage="memory",otel_scope_name="apollo/router",le="0.4"} 1
apollo_router_cache_hit_time_bucket{kind="query planner",storage="memory",otel_scope_name="apollo/router",le="0.5"} 1
apollo_router_cache_hit_time_bucket{kind="query planner",storage="memory",otel_scope_name="apollo/router",le="1"} 1
apollo_router_cache_hit_time_bucket{kind="query planner",storage="memory",otel_scope_name="apollo/router",le="5"} 1
apollo_router_cache_hit_time_bucket{kind="query planner",storage="memory",otel_scope_name="apollo/router",le="10"} 1
apollo_router_cache_hit_time_bucket{kind="query planner",storage="memory",otel_scope_name="apollo/router",le="+Inf"} 1
apollo_router_cache_hit_time_sum{kind="query planner",storage="memory",otel_scope_name="apollo/router"} 0.000016467
apollo_router_cache_hit_time_count{kind="query planner",storage="memory",otel_scope_name="apollo/router"} 1
# HELP apollo_router_cache_miss_time Time to check the cache for an uncached value in seconds
# TYPE apollo_router_cache_miss_time histogram
apollo_router_cache_miss_time_bucket{kind="query planner",storage="memory",otel_scope_name="apollo/router",le="0.001"} 2
apollo_router_cache_miss_time_bucket{kind="query planner",storage="memory",otel_scope_name="apollo/router",le="0.005"} 2
apollo_router_cache_miss_time_bucket{kind="query planner",storage="memory",otel_scope_name="apollo/router",le="0.015"} 2
apollo_router_cache_miss_time_bucket{kind="query planner",storage="memory",otel_scope_name="apollo/router",le="0.05"} 2
apollo_router_cache_miss_time_bucket{kind="query planner",storage="memory",otel_scope_name="apollo/router",le="0.1"} 2
apollo_router_cache_miss_time_bucket{kind="query planner",storage="memory",otel_scope_name="apollo/router",le="0.2"} 2
apollo_router_cache_miss_time_bucket{kind="query planner",storage="memory",otel_scope_name="apollo/router",le="0.3"} 2
apollo_router_cache_miss_time_bucket{kind="query planner",storage="memory",otel_scope_name="apollo/router",le="0.4"} 2
apollo_router_cache_miss_time_bucket{kind="query planner",storage="memory",otel_scope_name="apollo/router",le="0.5"} 2
apollo_router_cache_miss_time_bucket{kind="query planner",storage="memory",otel_scope_name="apollo/router",le="1"} 2
apollo_router_cache_miss_time_bucket{kind="query planner",storage="memory",otel_scope_name="apollo/router",le="5"} 2
apollo_router_cache_miss_time_bucket{kind="query planner",storage="memory",otel_scope_name="apollo/router",le="10"} 2
apollo_router_cache_miss_time_bucket{kind="query planner",storage="memory",otel_scope_name="apollo/router",le="+Inf"} 2
apollo_router_cache_miss_time_sum{kind="query planner",storage="memory",otel_scope_name="apollo/router"} 0.000010398000000000001
apollo_router_cache_miss_time_count{kind="query planner",storage="memory",otel_scope_name="apollo/router"} 2
# HELP apollo_router_cache_size Cache size
# TYPE apollo_router_cache_size gauge
apollo_router_cache_size{kind="APQ",type="memory",otel_scope_name="apollo/router"} 0
apollo_router_cache_size{kind="introspection",type="memory",otel_scope_name="apollo/router"} 0
apollo_router_cache_size{kind="query planner",type="memory",otel_scope_name="apollo/router"} 0
# HELP apollo_router_compute_jobs_active_jobs Number of computation jobs in progress
# TYPE apollo_router_compute_jobs_active_jobs gauge
apollo_router_compute_jobs_active_jobs{job_type="query_parsing",otel_scope_name="apollo/router"} 0
apollo_router_compute_jobs_active_jobs{job_type="query_planning",otel_scope_name="apollo/router"} 0
# HELP apollo_router_compute_jobs_duration_seconds Total job processing time
# TYPE apollo_router_compute_jobs_duration_seconds histogram
apollo_router_compute_jobs_duration_seconds_bucket{job_outcome="executed_ok",job_type="query_parsing",otel_scope_name="apollo/router",le="0.001"} 0
apollo_router_compute_jobs_duration_seconds_bucket{job_outcome="executed_ok",job_type="query_parsing",otel_scope_name="apollo/router",le="0.005"} 1
apollo_router_compute_jobs_duration_seconds_bucket{job_outcome="executed_ok",job_type="query_parsing",otel_scope_name="apollo/router",le="0.015"} 2
apollo_router_compute_jobs_duration_seconds_bucket{job_outcome="executed_ok",job_type="query_parsing",otel_scope_name="apollo/router",le="0.05"} 2
apollo_router_compute_jobs_duration_seconds_bucket{job_outcome="executed_ok",job_type="query_parsing",otel_scope_name="apollo/router",le="0.1"} 2
apollo_router_compute_jobs_duration_seconds_bucket{job_outcome="executed_ok",job_type="query_parsing",otel_scope_name="apollo/router",le="0.2"} 2
apollo_router_compute_jobs_duration_seconds_bucket{job_outcome="executed_ok",job_type="query_parsing",otel_scope_name="apollo/router",le="0.3"} 2
apollo_router_compute_jobs_duration_seconds_bucket{job_outcome="executed_ok",job_type="query_parsing",otel_scope_name="apollo/router",le="0.4"} 2
apollo_router_compute_jobs_duration_seconds_bucket{job_outcome="executed_ok",job_type="query_parsing",otel_scope_name="apollo/router",le="0.5"} 2
apollo_router_compute_jobs_duration_seconds_bucket{job_outcome="executed_ok",job_type="query_parsing",otel_scope_name="apollo/router",le="1"} 2
apollo_router_compute_jobs_duration_seconds_bucket{job_outcome="executed_ok",job_type="query_parsing",otel_scope_name="apollo/router",le="5"} 2
apollo_router_compute_jobs_duration_seconds_bucket{job_outcome="executed_ok",job_type="query_parsing",otel_scope_name="apollo/router",le="10"} 2
apollo_router_compute_jobs_duration_seconds_bucket{job_outcome="executed_ok",job_type="query_parsing",otel_scope_name="apollo/router",le="+Inf"} 2
apollo_router_compute_jobs_duration_seconds_sum{job_outcome="executed_ok",job_type="query_parsing",otel_scope_name="apollo/router"} 0.0073163080000000005
apollo_router_compute_jobs_duration_seconds_count{job_outcome="executed_ok",job_type="query_parsing",otel_scope_name="apollo/router"} 2
apollo_router_compute_jobs_duration_seconds_bucket{job_outcome="executed_ok",job_type="query_planning",otel_scope_name="apollo/router",le="0.001"} 0
apollo_router_compute_jobs_duration_seconds_bucket{job_outcome="executed_ok",job_type="query_planning",otel_scope_name="apollo/router",le="0.005"} 2
apollo_router_compute_jobs_duration_seconds_bucket{job_outcome="executed_ok",job_type="query_planning",otel_scope_name="apollo/router",le="0.015"} 2
apollo_router_compute_jobs_duration_seconds_bucket{job_outcome="executed_ok",job_type="query_planning",otel_scope_name="apollo/router",le="0.05"} 2
apollo_router_compute_jobs_duration_seconds_bucket{job_outcome="executed_ok",job_type="query_planning",otel_scope_name="apollo/router",le="0.1"} 2
apollo_router_compute_jobs_duration_seconds_bucket{job_outcome="executed_ok",job_type="query_planning",otel_scope_name="apollo/router",le="0.2"} 2
apollo_router_compute_jobs_duration_seconds_bucket{job_outcome="executed_ok",job_type="query_planning",otel_scope_name="apollo/router",le="0.3"} 2
apollo_router_compute_jobs_duration_seconds_bucket{job_outcome="executed_ok",job_type="query_planning",otel_scope_name="apollo/router",le="0.4"} 2
apollo_router_compute_jobs_duration_seconds_bucket{job_outcome="executed_ok",job_type="query_planning",otel_scope_name="apollo/router",le="0.5"} 2
apollo_router_compute_jobs_duration_seconds_bucket{job_outcome="executed_ok",job_type="query_planning",otel_scope_name="apollo/router",le="1"} 2
apollo_router_compute_jobs_duration_seconds_bucket{job_outcome="executed_ok",job_type="query_planning",otel_scope_name="apollo/router",le="5"} 2
apollo_router_compute_jobs_duration_seconds_bucket{job_outcome="executed_ok",job_type="query_planning",otel_scope_name="apollo/router",le="10"} 2
apollo_router_compute_jobs_duration_seconds_bucket{job_outcome="executed_ok",job_type="query_planning",otel_scope_name="apollo/router",le="+Inf"} 2
apollo_router_compute_jobs_duration_seconds_sum{job_outcome="executed_ok",job_type="query_planning",otel_scope_name="apollo/router"} 0.00785362
apollo_router_compute_jobs_duration_seconds_count{job_outcome="executed_ok",job_type="query_planning",otel_scope_name="apollo/router"} 2
# HELP apollo_router_compute_jobs_execution_duration_seconds Time to execute the job, after it has been pulled from the queue
# TYPE apollo_router_compute_jobs_execution_duration_seconds histogram
apollo_router_compute_jobs_execution_duration_seconds_bucket{job_type="query_parsing",otel_scope_name="apollo/router",le="0.001"} 2
apollo_router_compute_jobs_execution_duration_seconds_bucket{job_type="query_parsing",otel_scope_name="apollo/router",le="0.005"} 2
apollo_router_compute_jobs_execution_duration_seconds_bucket{job_type="query_parsing",otel_scope_name="apollo/router",le="0.015"} 2
apollo_router_compute_jobs_execution_duration_seconds_bucket{job_type="query_parsing",otel_scope_name="apollo/router",le="0.05"} 2
apollo_router_compute_jobs_execution_duration_seconds_bucket{job_type="query_parsing",otel_scope_name="apollo/router",le="0.1"} 2
apollo_router_compute_jobs_execution_duration_seconds_bucket{job_type="query_parsing",otel_scope_name="apollo/router",le="0.2"} 2
apollo_router_compute_jobs_execution_duration_seconds_bucket{job_type="query_parsing",otel_scope_name="apollo/router",le="0.3"} 2
apollo_router_compute_jobs_execution_duration_seconds_bucket{job_type="query_parsing",otel_scope_name="apollo/router",le="0.4"} 2
apollo_router_compute_jobs_execution_duration_seconds_bucket{job_type="query_parsing",otel_scope_name="apollo/router",le="0.5"} 2
apollo_router_compute_jobs_execution_duration_seconds_bucket{job_type="query_parsing",otel_scope_name="apollo/router",le="1"} 2
apollo_router_compute_jobs_execution_duration_seconds_bucket{job_type="query_parsing",otel_scope_name="apollo/router",le="5"} 2
apollo_router_compute_jobs_execution_duration_seconds_bucket{job_type="query_parsing",otel_scope_name="apollo/router",le="10"} 2
apollo_router_compute_jobs_execution_duration_seconds_bucket{job_type="query_parsing",otel_scope_name="apollo/router",le="+Inf"} 2
apollo_router_compute_jobs_execution_duration_seconds_sum{job_type="query_parsing",otel_scope_name="apollo/router"} 0.000863698
apollo_router_compute_jobs_execution_duration_seconds_count{job_type="query_parsing",otel_scope_name="apollo/router"} 2
apollo_router_compute_jobs_execution_duration_seconds_bucket{job_type="query_planning",otel_scope_name="apollo/router",le="0.001"} 0
apollo_router_compute_jobs_execution_duration_seconds_bucket{job_type="query_planning",otel_scope_name="apollo/router",le="0.005"} 2
apollo_router_compute_jobs_execution_duration_seconds_bucket{job_type="query_planning",otel_scope_name="apollo/router",le="0.015"} 2
apollo_router_compute_jobs_execution_duration_seconds_bucket{job_type="query_planning",otel_scope_name="apollo/router",le="0.05"} 2
apollo_router_compute_jobs_execution_duration_seconds_bucket{job_type="query_planning",otel_scope_name="apollo/router",le="0.1"} 2
apollo_router_compute_jobs_execution_duration_seconds_bucket{job_type="query_planning",otel_scope_name="apollo/router",le="0.2"} 2
apollo_router_compute_jobs_execution_duration_seconds_bucket{job_type="query_planning",otel_scope_name="apollo/router",le="0.3"} 2
apollo_router_compute_jobs_execution_duration_seconds_bucket{job_type="query_planning",otel_scope_name="apollo/router",le="0.4"} 2
apollo_router_compute_jobs_execution_duration_seconds_bucket{job_type="query_planning",otel_scope_name="apollo/router",le="0.5"} 2
apollo_router_compute_jobs_execution_duration_seconds_bucket{job_type="query_planning",otel_scope_name="apollo/router",le="1"} 2
apollo_router_compute_jobs_execution_duration_seconds_bucket{job_type="query_planning",otel_scope_name="apollo/router",le="5"} 2
apollo_router_compute_jobs_execution_duration_seconds_bucket{job_type="query_planning",otel_scope_name="apollo/router",le="10"} 2
apollo_router_compute_jobs_execution_duration_seconds_bucket{job_type="query_planning",otel_scope_name="apollo/router",le="+Inf"} 2
apollo_router_compute_jobs_execution_duration_seconds_sum{job_type="query_planning",otel_scope_name="apollo/router"} 0.006798225
apollo_router_compute_jobs_execution_duration_seconds_count{job_type="query_planning",otel_scope_name="apollo/router"} 2
# HELP apollo_router_compute_jobs_queue_wait_duration_seconds Time spent by the job in the compute queue
# TYPE apollo_router_compute_jobs_queue_wait_duration_seconds histogram
apollo_router_compute_jobs_queue_wait_duration_seconds_bucket{job_type="query_parsing",otel_scope_name="apollo/router",le="0.001"} 2
apollo_router_compute_jobs_queue_wait_duration_seconds_bucket{job_type="query_parsing",otel_scope_name="apollo/router",le="0.005"} 2
apollo_router_compute_jobs_queue_wait_duration_seconds_bucket{job_type="query_parsing",otel_scope_name="apollo/router",le="0.015"} 2
apollo_router_compute_jobs_queue_wait_duration_seconds_bucket{job_type="query_parsing",otel_scope_name="apollo/router",le="0.05"} 2
apollo_router_compute_jobs_queue_wait_duration_seconds_bucket{job_type="query_parsing",otel_scope_name="apollo/router",le="0.1"} 2
apollo_router_compute_jobs_queue_wait_duration_seconds_bucket{job_type="query_parsing",otel_scope_name="apollo/router",le="0.2"} 2
apollo_router_compute_jobs_queue_wait_duration_seconds_bucket{job_type="query_parsing",otel_scope_name="apollo/router",le="0.3"} 2
apollo_router_compute_jobs_queue_wait_duration_seconds_bucket{job_type="query_parsing",otel_scope_name="apollo/router",le="0.4"} 2
apollo_router_compute_jobs_queue_wait_duration_seconds_bucket{job_type="query_parsing",otel_scope_name="apollo/router",le="0.5"} 2
apollo_router_compute_jobs_queue_wait_duration_seconds_bucket{job_type="query_parsing",otel_scope_name="apollo/router",le="1"} 2
apollo_router_compute_jobs_queue_wait_duration_seconds_bucket{job_type="query_parsing",otel_scope_name="apollo/router",le="5"} 2
apollo_router_compute_jobs_queue_wait_duration_seconds_bucket{job_type="query_parsing",otel_scope_name="apollo/router",le="10"} 2
apollo_router_compute_jobs_queue_wait_duration_seconds_bucket{job_type="query_parsing",otel_scope_name="apollo/router",le="+Inf"} 2
apollo_router_compute_jobs_queue_wait_duration_seconds_sum{job_type="query_parsing",otel_scope_name="apollo/router"} 0.0011195559999999998
apollo_router_compute_jobs_queue_wait_duration_seconds_count{job_type="query_parsing",otel_scope_name="apollo/router"} 2
apollo_router_compute_jobs_queue_wait_duration_seconds_bucket{job_type="query_planning",otel_scope_name="apollo/router",le="0.001"} 2
apollo_router_compute_jobs_queue_wait_duration_seconds_bucket{job_type="query_planning",otel_scope_name="apollo/router",le="0.005"} 2
apollo_router_compute_jobs_queue_wait_duration_seconds_bucket{job_type="query_planning",otel_scope_name="apollo/router",le="0.015"} 2
apollo_router_compute_jobs_queue_wait_duration_seconds_bucket{job_type="query_planning",otel_scope_name="apollo/router",le="0.05"} 2
apollo_router_compute_jobs_queue_wait_duration_seconds_bucket{job_type="query_planning",otel_scope_name="apollo/router",le="0.1"} 2
apollo_router_compute_jobs_queue_wait_duration_seconds_bucket{job_type="query_planning",otel_scope_name="apollo/router",le="0.2"} 2
apollo_router_compute_jobs_queue_wait_duration_seconds_bucket{job_type="query_planning",otel_scope_name="apollo/router",le="0.3"} 2
apollo_router_compute_jobs_queue_wait_duration_seconds_bucket{job_type="query_planning",otel_scope_name="apollo/router",le="0.4"} 2
apollo_router_compute_jobs_queue_wait_duration_seconds_bucket{job_type="query_planning",otel_scope_name="apollo/router",le="0.5"} 2
apollo_router_compute_jobs_queue_wait_duration_seconds_bucket{job_type="query_planning",otel_scope_name="apollo/router",le="1"} 2
apollo_router_compute_jobs_queue_wait_duration_seconds_bucket{job_type="query_planning",otel_scope_name="apollo/router",le="5"} 2
apollo_router_compute_jobs_queue_wait_duration_seconds_bucket{job_type="query_planning",otel_scope_name="apollo/router",le="10"} 2
apollo_router_compute_jobs_queue_wait_duration_seconds_bucket{job_type="query_planning",otel_scope_name="apollo/router",le="+Inf"} 2
apollo_router_compute_jobs_queue_wait_duration_seconds_sum{job_type="query_planning",otel_scope_name="apollo/router"} 0.000710362
apollo_router_compute_jobs_queue_wait_duration_seconds_count{job_type="query_planning",otel_scope_name="apollo/router"} 2
# HELP apollo_router_compute_jobs_queued Number of computation jobs (parsing, planning, …) waiting to be scheduled
# TYPE apollo_router_compute_jobs_queued gauge
apollo_router_compute_jobs_queued{otel_scope_name="apollo/router"} 0
# TYPE apollo_router_exporter_span_lru_size gauge
apollo_router_exporter_span_lru_size{otel_scope_name="apollo/router"} 1
# HELP apollo_router_jemalloc_active Total active bytes in jemalloc
# TYPE apollo_router_jemalloc_active gauge
apollo_router_jemalloc_active{otel_scope_name="apollo/router"} 58298368
# HELP apollo_router_jemalloc_allocated Total bytes allocated by jemalloc
# TYPE apollo_router_jemalloc_allocated gauge
apollo_router_jemalloc_allocated{otel_scope_name="apollo/router"} 52173472
# HELP apollo_router_jemalloc_mapped Total mapped bytes in jemalloc
# TYPE apollo_router_jemalloc_mapped gauge
apollo_router_jemalloc_mapped{otel_scope_name="apollo/router"} 202092544
# HELP apollo_router_jemalloc_metadata Total metadata bytes in jemalloc
# TYPE apollo_router_jemalloc_metadata gauge
apollo_router_jemalloc_metadata{otel_scope_name="apollo/router"} 23613712
# HELP apollo_router_jemalloc_resident Total resident bytes in jemalloc
# TYPE apollo_router_jemalloc_resident gauge
apollo_router_jemalloc_resident{otel_scope_name="apollo/router"} 85979136
# HELP apollo_router_jemalloc_retained Total retained bytes in jemalloc
# TYPE apollo_router_jemalloc_retained gauge
apollo_router_jemalloc_retained{otel_scope_name="apollo/router"} 117723136
# TYPE apollo_router_lifecycle_license gauge
apollo_router_lifecycle_license{license_state="licensed",otel_scope_name="apollo/router"} 1
# HELP apollo_router_lifecycle_query_planner_init_total Rust query planner initialization
# TYPE apollo_router_lifecycle_query_planner_init_total counter
apollo_router_lifecycle_query_planner_init_total{init_is_success="true",otel_scope_name="apollo/router"} 3
# HELP apollo_router_open_connections Number of currently connected clients
# TYPE apollo_router_open_connections gauge
apollo_router_open_connections{config_hash="397b1a639f9c0c6e0f7187350e9d0c240dae65329769b3d9d38ec47530c213ca",http_connection_state="active",launch_id="",schema_id="dd8960ccefda82ca58e8ac0bc266459fd49ee8215fd6b3cc72e7bc3d7f3464b9",server_address="127.0.0.1",server_port="34703",otel_scope_name="apollo/router"} 0
apollo_router_open_connections{config_hash="397b1a639f9c0c6e0f7187350e9d0c240dae65329769b3d9d38ec47530c213ca",http_connection_state="active",launch_id="",schema_id="dd8960ccefda82ca58e8ac0bc266459fd49ee8215fd6b3cc72e7bc3d7f3464b9",server_address="127.0.0.1",server_port="38099",otel_scope_name="apollo/router"} 0
apollo_router_open_connections{config_hash="397b1a639f9c0c6e0f7187350e9d0c240dae65329769b3d9d38ec47530c213ca",http_connection_state="terminating",launch_id="",schema_id="dd8960ccefda82ca58e8ac0bc266459fd49ee8215fd6b3cc72e7bc3d7f3464b9",server_address="127.0.0.1",server_port="38099",otel_scope_name="apollo/router"} 0
apollo_router_open_connections{config_hash="4b7120ed514ad4f21592bbb047cd87a2dc8544363f3009420d962f3066d77314",http_connection_state="active",launch_id="",schema_id="dd8960ccefda82ca58e8ac0bc266459fd49ee8215fd6b3cc72e7bc3d7f3464b9",server_address="127.0.0.1",server_port="45477",otel_scope_name="apollo/router"} 1
# HELP apollo_router_operations_authentication_aws_sigv4_total Number of subgraph requests signed with AWS SigV4
# TYPE apollo_router_operations_authentication_aws_sigv4_total counter
apollo_router_operations_authentication_aws_sigv4_total{authentication_aws_sigv4_failed="false",subgraph_service_name="products",otel_scope_name="apollo/router"} 3
# HELP apollo_router_operations_telemetry_total Telemetry exporters enabled
# TYPE apollo_router_operations_telemetry_total counter
apollo_router_operations_telemetry_total{telemetry_metrics_prometheus="true",otel_scope_name="apollo/router"} 3
# HELP apollo_router_operations_total The number of graphql operations performed by the Router
# TYPE apollo_router_operations_total counter
apollo_router_operations_total{http_response_status_code="200",otel_scope_name="apollo/router"} 3
# HELP apollo_router_overhead_seconds Router processing overhead (time not spent waiting for subgraphs or connectors to respond).
# TYPE apollo_router_overhead_seconds histogram
apollo_router_overhead_seconds_bucket{subgraph_active_requests="false",otel_scope_name="apollo/router",le="0.001"} 0
apollo_router_overhead_seconds_bucket{subgraph_active_requests="false",otel_scope_name="apollo/router",le="0.005"} 1
apollo_router_overhead_seconds_bucket{subgraph_active_requests="false",otel_scope_name="apollo/router",le="0.015"} 2
apollo_router_overhead_seconds_bucket{subgraph_active_requests="false",otel_scope_name="apollo/router",le="0.05"} 3
apollo_router_overhead_seconds_bucket{subgraph_active_requests="false",otel_scope_name="apollo/router",le="0.1"} 3
apollo_router_overhead_seconds_bucket{subgraph_active_requests="false",otel_scope_name="apollo/router",le="0.2"} 3
apollo_router_overhead_seconds_bucket{subgraph_active_requests="false",otel_scope_name="apollo/router",le="0.3"} 3
apollo_router_overhead_seconds_bucket{subgraph_active_requests="false",otel_scope_name="apollo/router",le="0.4"} 3
apollo_router_overhead_seconds_bucket{subgraph_active_requests="false",otel_scope_name="apollo/router",le="0.5"} 3
apollo_router_overhead_seconds_bucket{subgraph_active_requests="false",otel_scope_name="apollo/router",le="1"} 3
apollo_router_overhead_seconds_bucket{subgraph_active_requests="false",otel_scope_name="apollo/router",le="5"} 3
apollo_router_overhead_seconds_bucket{subgraph_active_requests="false",otel_scope_name="apollo/router",le="10"} 3
apollo_router_overhead_seconds_bucket{subgraph_active_requests="false",otel_scope_name="apollo/router",le="+Inf"} 3
apollo_router_overhead_seconds_sum{subgraph_active_requests="false",otel_scope_name="apollo/router"} 0.039209086
apollo_router_overhead_seconds_count{subgraph_active_requests="false",otel_scope_name="apollo/router"} 3
# HELP apollo_router_pipelines Number of active router pipelines
# TYPE apollo_router_pipelines gauge
apollo_router_pipelines{config_hash="397b1a639f9c0c6e0f7187350e9d0c240dae65329769b3d9d38ec47530c213ca",launch_id="",schema_id="dd8960ccefda82ca58e8ac0bc266459fd49ee8215fd6b3cc72e7bc3d7f3464b9",otel_scope_name="apollo/router"} 0
apollo_router_pipelines{config_hash="4b7120ed514ad4f21592bbb047cd87a2dc8544363f3009420d962f3066d77314",launch_id="",schema_id="dd8960ccefda82ca58e8ac0bc266459fd49ee8215fd6b3cc72e7bc3d7f3464b9",otel_scope_name="apollo/router"} 1
# HELP apollo_router_query_planning_plan_duration Duration of the query planning, in seconds.
# TYPE apollo_router_query_planning_plan_duration histogram
apollo_router_query_planning_plan_duration_bucket{outcome="success",planner="rust",otel_scope_name="apollo/router",le="0.001"} 0
apollo_router_query_planning_plan_duration_bucket{outcome="success",planner="rust",otel_scope_name="apollo/router",le="0.005"} 2
apollo_router_query_planning_plan_duration_bucket{outcome="success",planner="rust",otel_scope_name="apollo/router",le="0.015"} 2
apollo_router_query_planning_plan_duration_bucket{outcome="success",planner="rust",otel_scope_name="apollo/router",le="0.05"} 2
apollo_router_query_planning_plan_duration_bucket{outcome="success",planner="rust",otel_scope_name="apollo/router",le="0.1"} 2
apollo_router_query_planning_plan_duration_bucket{outcome="success",planner="rust",otel_scope_name="apollo/router",le="0.2"} 2
apollo_router_query_planning_plan_duration_bucket{outcome="success",planner="rust",otel_scope_name="apollo/router",le="0.3"} 2
apollo_router_query_planning_plan_duration_bucket{outcome="success",planner="rust",otel_scope_name="apollo/router",le="0.4"} 2
apollo_router_query_planning_plan_duration_bucket{outcome="success",planner="rust",otel_scope_name="apollo/router",le="0.5"} 2
apollo_router_query_planning_plan_duration_bucket{outcome="success",planner="rust",otel_scope_name="apollo/router",le="1"} 2
apollo_router_query_planning_plan_duration_bucket{outcome="success",planner="rust",otel_scope_name="apollo/router",le="5"} 2
apollo_router_query_planning_plan_duration_bucket{outcome="success",planner="rust",otel_scope_name="apollo/router",le="10"} 2
apollo_router_query_planning_plan_duration_bucket{outcome="success",planner="rust",otel_scope_name="apollo/router",le="+Inf"} 2
apollo_router_query_planning_plan_duration_sum{outcome="success",planner="rust",otel_scope_name="apollo/router"} 0.004238067
apollo_router_query_planning_plan_duration_count{outcome="success",planner="rust",otel_scope_name="apollo/router"} 2
# HELP apollo_router_query_planning_plan_evaluated_paths Number of paths (including intermediate ones) considered to plan a query before starting to generate a plan
# TYPE apollo_router_query_planning_plan_evaluated_paths histogram
apollo_router_query_planning_plan_evaluated_paths_bucket{otel_scope_name="apollo/router",le="0.001"} 0
apollo_router_query_planning_plan_evaluated_paths_bucket{otel_scope_name="apollo/router",le="0.005"} 0
apollo_router_query_planning_plan_evaluated_paths_bucket{otel_scope_name="apollo/router",le="0.015"} 0
apollo_router_query_planning_plan_evaluated_paths_bucket{otel_scope_name="apollo/router",le="0.05"} 0
apollo_router_query_planning_plan_evaluated_paths_bucket{otel_scope_name="apollo/router",le="0.1"} 0
apollo_router_query_planning_plan_evaluated_paths_bucket{otel_scope_name="apollo/router",le="0.2"} 0
apollo_router_query_planning_plan_evaluated_paths_bucket{otel_scope_name="apollo/router",le="0.3"} 0
apollo_router_query_planning_plan_evaluated_paths_bucket{otel_scope_name="apollo/router",le="0.4"} 0
apollo_router_query_planning_plan_evaluated_paths_bucket{otel_scope_name="apollo/router",le="0.5"} 0
apollo_router_query_planning_plan_evaluated_paths_bucket{otel_scope_name="apollo/router",le="1"} 0
apollo_router_query_planning_plan_evaluated_paths_bucket{otel_scope_name="apollo/router",le="5"} 2
apollo_router_query_planning_plan_evaluated_paths_bucket{otel_scope_name="apollo/router",le="10"} 2
apollo_router_query_planning_plan_evaluated_paths_bucket{otel_scope_name="apollo/router",le="+Inf"} 2
apollo_router_query_planning_plan_evaluated_paths_sum{otel_scope_name="apollo/router"} 4
apollo_router_query_planning_plan_evaluated_paths_count{otel_scope_name="apollo/router"} 2
# HELP apollo_router_query_planning_plan_evaluated_plans Number of query plans evaluated for a query before choosing the best one
# TYPE apollo_router_query_planning_plan_evaluated_plans histogram
apollo_router_query_planning_plan_evaluated_plans_bucket{otel_scope_name="apollo/router",le="0.001"} 0
apollo_router_query_planning_plan_evaluated_plans_bucket{otel_scope_name="apollo/router",le="0.005"} 0
apollo_router_query_planning_plan_evaluated_plans_bucket{otel_scope_name="apollo/router",le="0.015"} 0
apollo_router_query_planning_plan_evaluated_plans_bucket{otel_scope_name="apollo/router",le="0.05"} 0
apollo_router_query_planning_plan_evaluated_plans_bucket{otel_scope_name="apollo/router",le="0.1"} 0
apollo_router_query_planning_plan_evaluated_plans_bucket{otel_scope_name="apollo/router",le="0.2"} 0
apollo_router_query_planning_plan_evaluated_plans_bucket{otel_scope_name="apollo/router",le="0.3"} 0
apollo_router_query_planning_plan_evaluated_plans_bucket{otel_scope_name="apollo/router",le="0.4"} 0
apollo_router_query_planning_plan_evaluated_plans_bucket{otel_scope_name="apollo/router",le="0.5"} 0
apollo_router_query_planning_plan_evaluated_plans_bucket{otel_scope_name="apollo/router",le="1"} 2
apollo_router_query_planning_plan_evaluated_plans_bucket{otel_scope_name="apollo/router",le="5"} 2
apollo_router_query_planning_plan_evaluated_plans_bucket{otel_scope_name="apollo/router",le="10"} 2
apollo_router_query_planning_plan_evaluated_plans_bucket{otel_scope_name="apollo/router",le="+Inf"} 2
apollo_router_query_planning_plan_evaluated_plans_sum{otel_scope_name="apollo/router"} 2
apollo_router_query_planning_plan_evaluated_plans_count{otel_scope_name="apollo/router"} 2
# HELP apollo_router_query_planning_total_duration Duration of the time the router waited for a query plan, including both the queue time and planning time, in seconds.
# TYPE apollo_router_query_planning_total_duration histogram
apollo_router_query_planning_total_duration_bucket{otel_scope_name="apollo/router",le="0.001"} 0
apollo_router_query_planning_total_duration_bucket{otel_scope_name="apollo/router",le="0.005"} 0
apollo_router_query_planning_total_duration_bucket{otel_scope_name="apollo/router",le="0.015"} 2
apollo_router_query_planning_total_duration_bucket{otel_scope_name="apollo/router",le="0.05"} 2
apollo_router_query_planning_total_duration_bucket{otel_scope_name="apollo/router",le="0.1"} 2
apollo_router_query_planning_total_duration_bucket{otel_scope_name="apollo/router",le="0.2"} 2
apollo_router_query_planning_total_duration_bucket{otel_scope_name="apollo/router",le="0.3"} 2
apollo_router_query_planning_total_duration_bucket{otel_scope_name="apollo/router",le="0.4"} 2
apollo_router_query_planning_total_duration_bucket{otel_scope_name="apollo/router",le="0.5"} 2
apollo_router_query_planning_total_duration_bucket{otel_scope_name="apollo/router",le="1"} 2
apollo_router_query_planning_total_duration_bucket{otel_scope_name="apollo/router",le="5"} 2
apollo_router_query_planning_total_duration_bucket{otel_scope_name="apollo/router",le="10"} 2
apollo_router_query_planning_total_duration_bucket{otel_scope_name="apollo/router",le="+Inf"} 2
apollo_router_query_planning_total_duration_sum{otel_scope_name="apollo/router"} 0.012042075
apollo_router_query_planning_total_duration_count{otel_scope_name="apollo/router"} 2
# HELP apollo_router_query_planning_warmup_duration Time spent warming up the query planner queries in seconds
# TYPE apollo_router_query_planning_warmup_duration histogram
apollo_router_query_planning_warmup_duration_bucket{otel_scope_name="apollo/router",le="0.001"} 3
apollo_router_query_planning_warmup_duration_bucket{otel_scope_name="apollo/router",le="0.005"} 3
apollo_router_query_planning_warmup_duration_bucket{otel_scope_name="apollo/router",le="0.015"} 3
apollo_router_query_planning_warmup_duration_bucket{otel_scope_name="apollo/router",le="0.05"} 3
apollo_router_query_planning_warmup_duration_bucket{otel_scope_name="apollo/router",le="0.1"} 3
apollo_router_query_planning_warmup_duration_bucket{otel_scope_name="apollo/router",le="0.2"} 3
apollo_router_query_planning_warmup_duration_bucket{otel_scope_name="apollo/router",le="0.3"} 3
apollo_router_query_planning_warmup_duration_bucket{otel_scope_name="apollo/router",le="0.4"} 3
apollo_router_query_planning_warmup_duration_bucket{otel_scope_name="apollo/router",le="0.5"} 3
apollo_router_query_planning_warmup_duration_bucket{otel_scope_name="apollo/router",le="1"} 3
apollo_router_query_planning_warmup_duration_bucket{otel_scope_name="apollo/router",le="5"} 3
apollo_router_query_planning_warmup_duration_bucket{otel_scope_name="apollo/router",le="10"} 3
apollo_router_query_planning_warmup_duration_bucket{otel_scope_name="apollo/router",le="+Inf"} 3
apollo_router_query_planning_warmup_duration_sum{otel_scope_name="apollo/router"} 0.000102772
apollo_router_query_planning_warmup_duration_count{otel_scope_name="apollo/router"} 3
# HELP apollo_router_schema_load_duration Time spent loading the supergraph schema, in seconds.
# TYPE apollo_router_schema_load_duration histogram
apollo_router_schema_load_duration_bucket{otel_scope_name="apollo/router",le="0.001"} 0
apollo_router_schema_load_duration_bucket{otel_scope_name="apollo/router",le="0.005"} 0
apollo_router_schema_load_duration_bucket{otel_scope_name="apollo/router",le="0.015"} 2
apollo_router_schema_load_duration_bucket{otel_scope_name="apollo/router",le="0.05"} 2
apollo_router_schema_load_duration_bucket{otel_scope_name="apollo/router",le="0.1"} 2
apollo_router_schema_load_duration_bucket{otel_scope_name="apollo/router",le="0.2"} 2
apollo_router_schema_load_duration_bucket{otel_scope_name="apollo/router",le="0.3"} 2
apollo_router_schema_load_duration_bucket{otel_scope_name="apollo/router",le="0.4"} 2
apollo_router_schema_load_duration_bucket{otel_scope_name="apollo/router",le="0.5"} 2
apollo_router_schema_load_duration_bucket{otel_scope_name="apollo/router",le="1"} 2
apollo_router_schema_load_duration_bucket{otel_scope_name="apollo/router",le="5"} 2
apollo_router_schema_load_duration_bucket{otel_scope_name="apollo/router",le="10"} 2
apollo_router_schema_load_duration_bucket{otel_scope_name="apollo/router",le="+Inf"} 2
apollo_router_schema_load_duration_sum{otel_scope_name="apollo/router"} 0.010772292
apollo_router_schema_load_duration_count{otel_scope_name="apollo/router"} 2
# HELP apollo_router_session_count_active Amount of in-flight sessions
# TYPE apollo_router_session_count_active gauge
apollo_router_session_count_active{otel_scope_name="apollo/router"} 0
# HELP apollo_router_state_change_total Router state changes
# TYPE apollo_router_state_change_total counter
apollo_router_state_change_total{event="UpdateConfiguration",previous_state="Running",state="Running",otel_scope_name="apollo/router"} 2
apollo_router_state_change_total{event="UpdateSchema",previous_state="Startup",state="Running",otel_scope_name="apollo/router"} 1
# TYPE apollo_router_supergraph_federation gauge
apollo_router_supergraph_federation{federation_version="2",otel_scope_name="apollo/router"} 1
# HELP apollo_router_telemetry_studio_reports_total The number of reports submitted to Studio by the Router
# TYPE apollo_router_telemetry_studio_reports_total counter
apollo_router_telemetry_studio_reports_total{report_protocol="otlp",report_type="traces",otel_scope_name="apollo/router"} 2
apollo_router_telemetry_studio_reports_total{report_extended_references_enabled="true",report_protocol="apollo",report_type="metrics",otel_scope_name="apollo/router"} 2
# HELP http_client_request_duration_seconds Duration of HTTP client requests.
# TYPE http_client_request_duration_seconds histogram
http_client_request_duration_seconds_bucket{subgraph_name="products",otel_scope_name="apollo/router",le="0.001"} 0
http_client_request_duration_seconds_bucket{subgraph_name="products",otel_scope_name="apollo/router",le="0.005"} 1
http_client_request_duration_seconds_bucket{subgraph_name="products",otel_scope_name="apollo/router",le="0.015"} 3
http_client_request_duration_seconds_bucket{subgraph_name="products",otel_scope_name="apollo/router",le="0.05"} 3
http_client_request_duration_seconds_bucket{subgraph_name="products",otel_scope_name="apollo/router",le="0.1"} 3
http_client_request_duration_seconds_bucket{subgraph_name="products",otel_scope_name="apollo/router",le="0.2"} 3
http_client_request_duration_seconds_bucket{subgraph_name="products",otel_scope_name="apollo/router",le="0.3"} 3
http_client_request_duration_seconds_bucket{subgraph_name="products",otel_scope_name="apollo/router",le="0.4"} 3
http_client_request_duration_seconds_bucket{subgraph_name="products",otel_scope_name="apollo/router",le="0.5"} 3
http_client_request_duration_seconds_bucket{subgraph_name="products",otel_scope_name="apollo/router",le="1"} 3
http_client_request_duration_seconds_bucket{subgraph_name="products",otel_scope_name="apollo/router",le="5"} 3
http_client_request_duration_seconds_bucket{subgraph_name="products",otel_scope_name="apollo/router",le="10"} 3
http_client_request_duration_seconds_bucket{subgraph_name="products",otel_scope_name="apollo/router",le="+Inf"} 3
http_client_request_duration_seconds_sum{subgraph_name="products",otel_scope_name="apollo/router"} 0.017975387000000002
http_client_request_duration_seconds_count{subgraph_name="products",otel_scope_name="apollo/router"} 3
# HELP http_client_response_body_size_bytes Size of HTTP client response bodies.
# TYPE http_client_response_body_size_bytes histogram
http_client_response_body_size_bytes_bucket{subgraph_name="products",otel_scope_name="apollo/router",le="0.001"} 0
http_client_response_body_size_bytes_bucket{subgraph_name="products",otel_scope_name="apollo/router",le="0.005"} 0
http_client_response_body_size_bytes_bucket{subgraph_name="products",otel_scope_name="apollo/router",le="0.015"} 0
http_client_response_body_size_bytes_bucket{subgraph_name="products",otel_scope_name="apollo/router",le="0.05"} 0
http_client_response_body_size_bytes_bucket{subgraph_name="products",otel_scope_name="apollo/router",le="0.1"} 0
http_client_response_body_size_bytes_bucket{subgraph_name="products",otel_scope_name="apollo/router",le="0.2"} 0
http_client_response_body_size_bytes_bucket{subgraph_name="products",otel_scope_name="apollo/router",le="0.3"} 0
http_client_response_body_size_bytes_bucket{subgraph_name="products",otel_scope_name="apollo/router",le="0.4"} 0
http_client_response_body_size_bytes_bucket{subgraph_name="products",otel_scope_name="apollo/router",le="0.5"} 0
http_client_response_body_size_bytes_bucket{subgraph_name="products",otel_scope_name="apollo/router",le="1"} 0
http_client_response_body_size_bytes_bucket{subgraph_name="products",otel_scope_name="apollo/router",le="5"} 0
http_client_response_body_size_bytes_bucket{subgraph_name="products",otel_scope_name="apollo/router",le="10"} 0
http_client_response_body_size_bytes_bucket{subgraph_name="products",otel_scope_name="apollo/router",le="+Inf"} 3
http_client_response_body_size_bytes_sum{subgraph_name="products",otel_scope_name="apollo/router"} 231
http_client_response_body_size_bytes_count{subgraph_name="products",otel_scope_name="apollo/router"} 3
# HELP http_server_active_requests Number of active HTTP server requests.
# TYPE http_server_active_requests gauge
http_server_active_requests{http_request_method="POST",otel_scope_name="apollo/router"} 0
# HELP http_server_request_body_size_bytes Size of HTTP server request bodies.
# TYPE http_server_request_body_size_bytes histogram
http_server_request_body_size_bytes_bucket{http_request_method="POST",http_response_status_code="200",server_address="127.0.0.1",server_port="34703",otel_scope_name="apollo/router",le="0.001"} 0
http_server_request_body_size_bytes_bucket{http_request_method="POST",http_response_status_code="200",server_address="127.0.0.1",server_port="34703",otel_scope_name="apollo/router",le="0.005"} 0
http_server_request_body_size_bytes_bucket{http_request_method="POST",http_response_status_code="200",server_address="127.0.0.1",server_port="34703",otel_scope_name="apollo/router",le="0.015"} 0
http_server_request_body_size_bytes_bucket{http_request_method="POST",http_response_status_code="200",server_address="127.0.0.1",server_port="34703",otel_scope_name="apollo/router",le="0.05"} 0
http_server_request_body_size_bytes_bucket{http_request_method="POST",http_response_status_code="200",server_address="127.0.0.1",server_port="34703",otel_scope_name="apollo/router",le="0.1"} 0
http_server_request_body_size_bytes_bucket{http_request_method="POST",http_response_status_code="200",server_address="127.0.0.1",server_port="34703",otel_scope_name="apollo/router",le="0.2"} 0
http_server_request_body_size_bytes_bucket{http_request_method="POST",http_response_status_code="200",server_address="127.0.0.1",server_port="34703",otel_scope_name="apollo/router",le="0.3"} 0
http_server_request_body_size_bytes_bucket{http_request_method="POST",http_response_status_code="200",server_address="127.0.0.1",server_port="34703",otel_scope_name="apollo/router",le="0.4"} 0
http_server_request_body_size_bytes_bucket{http_request_method="POST",http_response_status_code="200",server_address="127.0.0.1",server_port="34703",otel_scope_name="apollo/router",le="0.5"} 0
http_server_request_body_size_bytes_bucket{http_request_method="POST",http_response_status_code="200",server_address="127.0.0.1",server_port="34703",otel_scope_name="apollo/router",le="1"} 0
http_server_request_body_size_bytes_bucket{http_request_method="POST",http_response_status_code="200",server_address="127.0.0.1",server_port="34703",otel_scope_name="apollo/router",le="5"} 0
http_server_request_body_size_bytes_bucket{http_request_method="POST",http_response_status_code="200",server_address="127.0.0.1",server_port="34703",otel_scope_name="apollo/router",le="10"} 0
http_server_request_body_size_bytes_bucket{http_request_method="POST",http_response_status_code="200",server_address="127.0.0.1",server_port="34703",otel_scope_name="apollo/router",le="+Inf"} 2
http_server_request_body_size_bytes_sum{http_request_method="POST",http_response_status_code="200",server_address="127.0.0.1",server_port="34703",otel_scope_name="apollo/router"} 130
http_server_request_body_size_bytes_count{http_request_method="POST",http_response_status_code="200",server_address="127.0.0.1",server_port="34703",otel_scope_name="apollo/router"} 2
http_server_request_body_size_bytes_bucket{http_request_method="POST",http_response_status_code="200",server_address="127.0.0.1",server_port="38099",otel_scope_name="apollo/router",le="0.001"} 0
http_server_request_body_size_bytes_bucket{http_request_method="POST",http_response_status_code="200",server_address="127.0.0.1",server_port="38099",otel_scope_name="apollo/router",le="0.005"} 0
http_server_request_body_size_bytes_bucket{http_request_method="POST",http_response_status_code="200",server_address="127.0.0.1",server_port="38099",otel_scope_name="apollo/router",le="0.015"} 0
http_server_request_body_size_bytes_bucket{http_request_method="POST",http_response_status_code="200",server_address="127.0.0.1",server_port="38099",otel_scope_name="apollo/router",le="0.05"} 0
http_server_request_body_size_bytes_bucket{http_request_method="POST",http_response_status_code="200",server_address="127.0.0.1",server_port="38099",otel_scope_name="apollo/router",le="0.1"} 0
http_server_request_body_size_bytes_bucket{http_request_method="POST",http_response_status_code="200",server_address="127.0.0.1",server_port="38099",otel_scope_name="apollo/router",le="0.2"} 0
http_server_request_body_size_bytes_bucket{http_request_method="POST",http_response_status_code="200",server_address="127.0.0.1",server_port="38099",otel_scope_name="apollo/router",le="0.3"} 0
http_server_request_body_size_bytes_bucket{http_request_method="POST",http_response_status_code="200",server_address="127.0.0.1",server_port="38099",otel_scope_name="apollo/router",le="0.4"} 0
http_server_request_body_size_bytes_bucket{http_request_method="POST",http_response_status_code="200",server_address="127.0.0.1",server_port="38099",otel_scope_name="apollo/router",le="0.5"} 0
http_server_request_body_size_bytes_bucket{http_request_method="POST",http_response_status_code="200",server_address="127.0.0.1",server_port="38099",otel_scope_name="apollo/router",le="1"} 0
http_server_request_body_size_bytes_bucket{http_request_method="POST",http_response_status_code="200",server_address="127.0.0.1",server_port="38099",otel_scope_name="apollo/router",le="5"} 0
http_server_request_body_size_bytes_bucket{http_request_method="POST",http_response_status_code="200",server_address="127.0.0.1",server_port="38099",otel_scope_name="apollo/router",le="10"} 0
http_server_request_body_size_bytes_bucket{http_request_method="POST",http_response_status_code="200",server_address="127.0.0.1",server_port="38099",otel_scope_name="apollo/router",le="+Inf"} 1
http_server_request_body_size_bytes_sum{http_request_method="POST",http_response_status_code="200",server_address="127.0.0.1",server_port="38099",otel_scope_name="apollo/router"} 65
http_server_request_body_size_bytes_count{http_request_method="POST",http_response_status_code="200",server_address="127.0.0.1",server_port="38099",otel_scope_name="apollo/router"} 1
# HELP http_server_request_duration_seconds Duration of HTTP server requests.
# TYPE http_server_request_duration_seconds histogram
http_server_request_duration_seconds_bucket{http_request_method="POST",http_response_status_code="200",server_address="127.0.0.1",server_port="34703",otel_scope_name="apollo/router",le="0.001"} 0
http_server_request_duration_seconds_bucket{http_request_method="POST",http_response_status_code="200",server_address="127.0.0.1",server_port="34703",otel_scope_name="apollo/router",le="0.005"} 0
http_server_request_duration_seconds_bucket{http_request_method="POST",http_response_status_code="200",server_address="127.0.0.1",server_port="34703",otel_scope_name="apollo/router",le="0.015"} 1
http_server_request_duration_seconds_bucket{http_request_method="POST",http_response_status_code="200",server_address="127.0.0.1",server_port="34703",otel_scope_name="apollo/router",le="0.05"} 2
http_server_request_duration_seconds_bucket{http_request_method="POST",http_response_status_code="200",server_address="127.0.0.1",server_port="34703",otel_scope_name="apollo/router",le="0.1"} 2
http_server_request_duration_seconds_bucket{http_request_method="POST",http_response_status_code="200",server_address="127.0.0.1",server_port="34703",otel_scope_name="apollo/router",le="0.2"} 2
http_server_request_duration_seconds_bucket{http_request_method="POST",http_response_status_code="200",server_address="127.0.0.1",server_port="34703",otel_scope_name="apollo/router",le="0.3"} 2
http_server_request_duration_seconds_bucket{http_request_method="POST",http_response_status_code="200",server_address="127.0.0.1",server_port="34703",otel_scope_name="apollo/router",le="0.4"} 2
http_server_request_duration_seconds_bucket{http_request_method="POST",http_response_status_code="200",server_address="127.0.0.1",server_port="34703",otel_scope_name="apollo/router",le="0.5"} 2
http_server_request_duration_seconds_bucket{http_request_method="POST",http_response_status_code="200",server_address="127.0.0.1",server_port="34703",otel_scope_name="apollo/router",le="1"} 2
http_server_request_duration_seconds_bucket{http_request_method="POST",http_response_status_code="200",server_address="127.0.0.1",server_port="34703",otel_scope_name="apollo/router",le="5"} 2
http_server_request_duration_seconds_bucket{http_request_method="POST",http_response_status_code="200",server_address="127.0.0.1",server_port="34703",otel_scope_name="apollo/router",le="10"} 2
http_server_request_duration_seconds_bucket{http_request_method="POST",http_response_status_code="200",server_address="127.0.0.1",server_port="34703",otel_scope_name="apollo/router",le="+Inf"} 2
http_server_request_duration_seconds_sum{http_request_method="POST",http_response_status_code="200",server_address="127.0.0.1",server_port="34703",otel_scope_name="apollo/router"} 0.033917695
http_server_request_duration_seconds_count{http_request_method="POST",http_response_status_code="200",server_address="127.0.0.1",server_port="34703",otel_scope_name="apollo/router"} 2
http_server_request_duration_seconds_bucket{http_request_method="POST",http_response_status_code="200",server_address="127.0.0.1",server_port="38099",otel_scope_name="apollo/router",le="0.001"} 0
http_server_request_duration_seconds_bucket{http_request_method="POST",http_response_status_code="200",server_address="127.0.0.1",server_port="38099",otel_scope_name="apollo/router",le="0.005"} 0
http_server_request_duration_seconds_bucket{http_request_method="POST",http_response_status_code="200",server_address="127.0.0.1",server_port="38099",otel_scope_name="apollo/router",le="0.015"} 0
http_server_request_duration_seconds_bucket{http_request_method="POST",http_response_status_code="200",server_address="127.0.0.1",server_port="38099",otel_scope_name="apollo/router",le="0.05"} 1
http_server_request_duration_seconds_bucket{http_request_method="POST",http_response_status_code="200",server_address="127.0.0.1",server_port="38099",otel_scope_name="apollo/router",le="0.1"} 1
http_server_request_duration_seconds_bucket{http_request_method="POST",http_response_status_code="200",server_address="127.0.0.1",server_port="38099",otel_scope_name="apollo/router",le="0.2"} 1
http_server_request_duration_seconds_bucket{http_request_method="POST",http_response_status_code="200",server_address="127.0.0.1",server_port="38099",otel_scope_name="apollo/router",le="0.3"} 1
http_server_request_duration_seconds_bucket{http_request_method="POST",http_response_status_code="200",server_address="127.0.0.1",server_port="38099",otel_scope_name="apollo/router",le="0.4"} 1
http_server_request_duration_seconds_bucket{http_request_method="POST",http_response_status_code="200",server_address="127.0.0.1",server_port="38099",otel_scope_name="apollo/router",le="0.5"} 1
http_server_request_duration_seconds_bucket{http_request_method="POST",http_response_status_code="200",server_address="127.0.0.1",server_port="38099",otel_scope_name="apollo/router",le="1"} 1
http_server_request_duration_seconds_bucket{http_request_method="POST",http_response_status_code="200",server_address="127.0.0.1",server_port="38099",otel_scope_name="apollo/router",le="5"} 1
http_server_request_duration_seconds_bucket{http_request_method="POST",http_response_status_code="200",server_address="127.0.0.1",server_port="38099",otel_scope_name="apollo/router",le="10"} 1
http_server_request_duration_seconds_bucket{http_request_method="POST",http_response_status_code="200",server_address="127.0.0.1",server_port="38099",otel_scope_name="apollo/router",le="+Inf"} 1
http_server_request_duration_seconds_sum{http_request_method="POST",http_response_status_code="200",server_address="127.0.0.1",server_port="38099",otel_scope_name="apollo/router"} 0.019767889
http_server_request_duration_seconds_count{http_request_method="POST",http_response_status_code="200",server_address="127.0.0.1",server_port="38099",otel_scope_name="apollo/router"} 1
# HELP target_info Target metadata
# TYPE target_info gauge
target_info{process_executable_name="router",service_name="unknown_service:router",service_version="2.8.0"} 1

stack backtrace:
   0:     0x55e753265862 - std::backtrace_rs::backtrace::libunwind::trace::h2d45396358f41939
                               at /rustc/1159e78c4747b02ef996e55082b704c09b970588/library/std/src/../../backtrace/src/backtrace/libunwind.rs:117:9
   1:     0x55e753265862 - std::backtrace_rs::backtrace::trace_unsynchronized::hffcefc0b67f1d6e2
                               at /rustc/1159e78c4747b02ef996e55082b704c09b970588/library/std/src/../../backtrace/src/backtrace/mod.rs:66:14
   2:     0x55e753265862 - std::sys::backtrace::_print_fmt::hd72f71d23b436b92
                               at /rustc/1159e78c4747b02ef996e55082b704c09b970588/library/std/src/sys/backtrace.rs:66:9
   3:     0x55e753265862 - <std::sys::backtrace::BacktraceLock::print::DisplayBacktrace as core::fmt::Display>::fmt::hdcfcb6d4c8489523
                               at /rustc/1159e78c4747b02ef996e55082b704c09b970588/library/std/src/sys/backtrace.rs:39:26
   4:     0x55e753295703 - core::fmt::rt::Argument::fmt::h2c56b3114963061a
                               at /rustc/1159e78c4747b02ef996e55082b704c09b970588/library/core/src/fmt/rt.rs:173:76
   5:     0x55e753295703 - core::fmt::write::h8a494366950f23bb
                               at /rustc/1159e78c4747b02ef996e55082b704c09b970588/library/core/src/fmt/mod.rs:1468:25
   6:     0x55e753260123 - std::io::default_write_fmt::ha27fbccbc65eb6fa
                               at /rustc/1159e78c4747b02ef996e55082b704c09b970588/library/std/src/io/mod.rs:639:11
   7:     0x55e753260123 - std::io::Write::write_fmt::h6556609fca33d0b1
                               at /rustc/1159e78c4747b02ef996e55082b704c09b970588/library/std/src/io/mod.rs:1954:13
   8:     0x55e7532656b2 - std::sys::backtrace::BacktraceLock::print::hb2a626a81e06b2dc
                               at /rustc/1159e78c4747b02ef996e55082b704c09b970588/library/std/src/sys/backtrace.rs:42:9
   9:     0x55e7532676f9 - std::panicking::default_hook::{{closure}}::h4f78485264f12d10
                               at /rustc/1159e78c4747b02ef996e55082b704c09b970588/library/std/src/panicking.rs:300:27
  10:     0x55e7532674db - std::panicking::default_hook::h2c66fc99e962531d
                               at /rustc/1159e78c4747b02ef996e55082b704c09b970588/library/std/src/panicking.rs:327:9
  11:     0x55e753268105 - std::panicking::rust_panic_with_hook::h33ac55f64bbd807d
                               at /rustc/1159e78c4747b02ef996e55082b704c09b970588/library/std/src/panicking.rs:833:13
  12:     0x55e753267e9a - std::panicking::begin_panic_handler::{{closure}}::h30e7cb89678a57fe
                               at /rustc/1159e78c4747b02ef996e55082b704c09b970588/library/std/src/panicking.rs:706:13
  13:     0x55e753265d69 - std::sys::backtrace::__rust_end_short_backtrace::hed60f27456c16ced
                               at /rustc/1159e78c4747b02ef996e55082b704c09b970588/library/std/src/sys/backtrace.rs:174:18
  14:     0x55e753267b2d - __rustc[de2ca18b4c54d5b8]::rust_begin_unwind
                               at /rustc/1159e78c4747b02ef996e55082b704c09b970588/library/std/src/panicking.rs:697:5
  15:     0x55e753291d30 - core::panicking::panic_fmt::h62f63d096dd276af
                               at /rustc/1159e78c4747b02ef996e55082b704c09b970588/library/core/src/panicking.rs:75:14
  16:     0x55e74cf5d5f7 - integration_tests::integration::common::IntegrationTest::assert_metrics_contains::{{closure}}::hb3bf1a10e2a5dddc
                               at /root/project/apollo-router/tests/integration/../common.rs:1326:9
  17:     0x55e74c9f11f6 - integration_tests::integration::telemetry::metrics::test_subgraph_auth_metrics::{{closure}}::h6d20674e11c6450c
                               at /root/project/apollo-router/tests/integration/telemetry/metrics.rs:127:212
  18:     0x55e74cb41a32 - <core::pin::Pin<P> as core::future::future::Future>::poll::h59964df56356515a
                               at /rustc/1159e78c4747b02ef996e55082b704c09b970588/library/core/src/future/future.rs:133:9
  19:     0x55e74ca4c98d - tokio::runtime::park::CachedParkThread::block_on::{{closure}}::h99a1c01384b0a79b
                               at /root/.cargo/registry/src/index.crates.io-1949cf8c6b5b557f/tokio-1.48.0/src/runtime/park.rs:285:71
  20:     0x55e74ca4b0f6 - tokio::task::coop::with_budget::ha185223116166ce4
                               at /root/.cargo/registry/src/index.crates.io-1949cf8c6b5b557f/tokio-1.48.0/src/task/coop/mod.rs:167:5
  21:     0x55e74ca4b0f6 - tokio::task::coop::budget::ha733ca61bde2edaf
                               at /root/.cargo/registry/src/index.crates.io-1949cf8c6b5b557f/tokio-1.48.0/src/task/coop/mod.rs:133:5
  22:     0x55e74ca4b0f6 - tokio::runtime::park::CachedParkThread::block_on::hbd985400d5b3dc8c
                               at /root/.cargo/registry/src/index.crates.io-1949cf8c6b5b557f/tokio-1.48.0/src/runtime/park.rs:285:31
  23:     0x55e74d0d7574 - tokio::runtime::context::blocking::BlockingRegionGuard::block_on::h3cf29540820bb880
                               at /root/.cargo/registry/src/index.crates.io-1949cf8c6b5b557f/tokio-1.48.0/src/runtime/context/blocking.rs:66:14
  24:     0x55e74cce4978 - tokio::runtime::scheduler::multi_thread::MultiThread::block_on::{{closure}}::h368bef83ee5af5d1
                               at /root/.cargo/registry/src/index.crates.io-1949cf8c6b5b557f/tokio-1.48.0/src/runtime/scheduler/multi_thread/mod.rs:87:22
  25:     0x55e74ca78046 - tokio::runtime::context::runtime::enter_runtime::hfb5131736755618d
                               at /root/.cargo/registry/src/index.crates.io-1949cf8c6b5b557f/tokio-1.48.0/src/runtime/context/runtime.rs:65:16
  26:     0x55e74cce4904 - tokio::runtime::scheduler::multi_thread::MultiThread::block_on::hb60b7b74dc6d2c7f
                               at /root/.cargo/registry/src/index.crates.io-1949cf8c6b5b557f/tokio-1.48.0/src/runtime/scheduler/multi_thread/mod.rs:86:9
  27:     0x55e74c8e39d4 - tokio::runtime::runtime::Runtime::block_on_inner::hb2451b6dd4b09b66
                               at /root/.cargo/registry/src/index.crates.io-1949cf8c6b5b557f/tokio-1.48.0/src/runtime/runtime.rs:370:50
  28:     0x55e74c8e42ec - tokio::runtime::runtime::Runtime::block_on::h9206977fab45046e
                               at /root/.cargo/registry/src/index.crates.io-1949cf8c6b5b557f/tokio-1.48.0/src/runtime/runtime.rs:342:18
  29:     0x55e74c9ef896 - integration_tests::integration::telemetry::metrics::test_subgraph_auth_metrics::h3b2af921bd45de9a
                               at /root/project/apollo-router/tests/integration/telemetry/metrics.rs:127:217
  30:     0x55e74c9ef727 - integration_tests::integration::telemetry::metrics::test_subgraph_auth_metrics::{{closure}}::hc50cf7b567acacaf
                               at /root/project/apollo-router/tests/integration/telemetry/metrics.rs:91:38
  31:     0x55e74c6b85f6 - core::ops::function::FnOnce::call_once::hb64c12159efada38
                               at /rustc/1159e78c4747b02ef996e55082b704c09b970588/library/core/src/ops/function.rs:253:5
  32:     0x55e74d3b632b - core::ops::function::FnOnce::call_once::h1f9474f1347fff52
                               at /rustc/1159e78c4747b02ef996e55082b704c09b970588/library/core/src/ops/function.rs:253:5
  33:     0x55e74d3b632b - test::__rust_begin_short_backtrace::ha52ab26e77157f03
                               at /rustc/1159e78c4747b02ef996e55082b704c09b970588/library/test/src/lib.rs:648:18
  34:     0x55e74d3b5465 - test::run_test_in_process::{{closure}}::h229c1a11a50b261f
                               at /rustc/1159e78c4747b02ef996e55082b704c09b970588/library/test/src/lib.rs:671:74
  35:     0x55e74d3b5465 - <core::panic::unwind_safe::AssertUnwindSafe<F> as core::ops::function::FnOnce<()>>::call_once::h78821afbf97b39a9
                               at /rustc/1159e78c4747b02ef996e55082b704c09b970588/library/core/src/panic/unwind_safe.rs:272:9
  36:     0x55e74d3b5465 - std::panicking::catch_unwind::do_call::h53abf3ed5bd32ba3
                               at /rustc/1159e78c4747b02ef996e55082b704c09b970588/library/std/src/panicking.rs:589:40
  37:     0x55e74d3b5465 - std::panicking::catch_unwind::h6deb5fe1e91873c9
                               at /rustc/1159e78c4747b02ef996e55082b704c09b970588/library/std/src/panicking.rs:552:19
  38:     0x55e74d3b5465 - std::panic::catch_unwind::hea0829b6b565654b
                               at /rustc/1159e78c4747b02ef996e55082b704c09b970588/library/std/src/panic.rs:359:14
  39:     0x55e74d3b5465 - test::run_test_in_process::hdc44dfecea3db21b
                               at /rustc/1159e78c4747b02ef996e55082b704c09b970588/library/test/src/lib.rs:671:27
  40:     0x55e74d3b5465 - test::run_test::{{closure}}::h0364ba59bf23f652
                               at /rustc/1159e78c4747b02ef996e55082b704c09b970588/library/test/src/lib.rs:592:43
  41:     0x55e74d379064 - test::run_test::{{closure}}::h32730b304eec05da
                               at /rustc/1159e78c4747b02ef996e55082b704c09b970588/library/test/src/lib.rs:622:41
  42:     0x55e74d379064 - std::sys::backtrace::__rust_begin_short_backtrace::h177cb952fc54ad2c
                               at /rustc/1159e78c4747b02ef996e55082b704c09b970588/library/std/src/sys/backtrace.rs:158:18
  43:     0x55e74d37ca3a - std::thread::Builder::spawn_unchecked_::{{closure}}::{{closure}}::h119d903520007597
                               at /rustc/1159e78c4747b02ef996e55082b704c09b970588/library/std/src/thread/mod.rs:559:17
  44:     0x55e74d37ca3a - <core::panic::unwind_safe::AssertUnwindSafe<F> as core::ops::function::FnOnce<()>>::call_once::hab88401d606702a6
                               at /rustc/1159e78c4747b02ef996e55082b704c09b970588/library/core/src/panic/unwind_safe.rs:272:9
  45:     0x55e74d37ca3a - std::panicking::catch_unwind::do_call::h163fe12cca9901c2
                               at /rustc/1159e78c4747b02ef996e55082b704c09b970588/library/std/src/panicking.rs:589:40
  46:     0x55e74d37ca3a - std::panicking::catch_unwind::he81557d0e17cc1bc
                               at /rustc/1159e78c4747b02ef996e55082b704c09b970588/library/std/src/panicking.rs:552:19
  47:     0x55e74d37ca3a - std::panic::catch_unwind::hc2b8e79c20593955
                               at /rustc/1159e78c4747b02ef996e55082b704c09b970588/library/std/src/panic.rs:359:14
  48:     0x55e74d37ca3a - std::thread::Builder::spawn_unchecked_::{{closure}}::hfa6b4978e07815cc
                               at /rustc/1159e78c4747b02ef996e55082b704c09b970588/library/std/src/thread/mod.rs:557:30
  49:     0x55e74d37ca3a - core::ops::function::FnOnce::call_once{{vtable.shim}}::hddcd7484a13fd793
                               at /rustc/1159e78c4747b02ef996e55082b704c09b970588/library/core/src/ops/function.rs:253:5
  50:     0x55e75326baef - <alloc::boxed::Box<F,A> as core::ops::function::FnOnce<Args>>::call_once::h5924238c754de3b8
                               at /rustc/1159e78c4747b02ef996e55082b704c09b970588/library/alloc/src/boxed.rs:1971:9
  51:     0x55e75326baef - std::sys::pal::unix::thread::Thread::new::thread_start::hb6e99e73da4d28f8
                               at /rustc/1159e78c4747b02ef996e55082b704c09b970588/library/std/src/sys/pal/unix/thread.rs:107:17
  52:     0x7f23a02371ca - start_thread
  53:     0x7f23a06a08d3 - __GI___clone
  54:                0x0 - <unknown>
[0m
[35;1m   RETRY 3/3[0m [         ] [35;1mapollo-router::integration_tests[0m [36mintegration::telemetry::metrics[0m[36m::[0m[34;1mtest_subgraph_auth_metrics[0m
[31;1m  TRY 3 FAIL[0m [  18.652s] [35;1mapollo-router::integration_tests[0m [36mintegration::telemetry::metrics[0m[36m::[0m[34;1mtest_subgraph_auth_metrics[0m

[35;1m--- [0m[35;1mTRY[0m [35;1m3[0m [35;1mSTDOUT:        [0m[35;1mapollo-router::integration_tests[0m [36mintegration::telemetry::metrics[0m[36m::[0m[34;1mtest_subgraph_auth_metrics[0m[35;1m ---[0m

running 1 test
[2m2025-11-13T03:17:53.982106Z[0m [32m INFO[0m Loading supergraph from file
[2m2025-11-13T03:18:12.590620Z[0m [32m INFO[0m Mock server shutting down
[2m2025-11-13T03:18:12.590797Z[0m [32m INFO[0m Mock server shutting down
test integration::telemetry::metrics::test_subgraph_auth_metrics ... FAILED

failures:

failures:
    integration::telemetry::metrics::test_subgraph_auth_metrics

test result: FAILED. 0 passed; 1 failed; 0 ignored; 0 measured; 338 filtered out; finished in 18.62s

[0m
[35;1m--- [0m[35;1mTRY[0m [35;1m3[0m [35;1mSTDERR:        [0m[35;1mapollo-router::integration_tests[0m [36mintegration::telemetry::metrics[0m[36m::[0m[34;1mtest_subgraph_auth_metrics[0m[35;1m ---[0m

thread 'integration::telemetry::metrics::test_subgraph_auth_metrics' panicked at apollo-router/tests/integration/../common.rs:1326:9:
'apollo_router_operations_authentication_aws_sigv4_total\{authentication_aws_sigv4_failed="false",subgraph_service_name="products",otel_scope_name="apollo/router"\} 2' not detected in metrics
# HELP apollo_router_cache_hit_time Time to get a value from the cache in seconds
# TYPE apollo_router_cache_hit_time histogram
apollo_router_cache_hit_time_bucket{kind="query planner",storage="memory",otel_scope_name="apollo/router",le="0.001"} 1
apollo_router_cache_hit_time_bucket{kind="query planner",storage="memory",otel_scope_name="apollo/router",le="0.005"} 1
apollo_router_cache_hit_time_bucket{kind="query planner",storage="memory",otel_scope_name="apollo/router",le="0.015"} 1
apollo_router_cache_hit_time_bucket{kind="query planner",storage="memory",otel_scope_name="apollo/router",le="0.05"} 1
apollo_router_cache_hit_time_bucket{kind="query planner",storage="memory",otel_scope_name="apollo/router",le="0.1"} 1
apollo_router_cache_hit_time_bucket{kind="query planner",storage="memory",otel_scope_name="apollo/router",le="0.2"} 1
apollo_router_cache_hit_time_bucket{kind="query planner",storage="memory",otel_scope_name="apollo/router",le="0.3"} 1
apollo_router_cache_hit_time_bucket{kind="query planner",storage="memory",otel_scope_name="apollo/router",le="0.4"} 1
apollo_router_cache_hit_time_bucket{kind="query planner",storage="memory",otel_scope_name="apollo/router",le="0.5"} 1
apollo_router_cache_hit_time_bucket{kind="query planner",storage="memory",otel_scope_name="apollo/router",le="1"} 1
apollo_router_cache_hit_time_bucket{kind="query planner",storage="memory",otel_scope_name="apollo/router",le="5"} 1
apollo_router_cache_hit_time_bucket{kind="query planner",storage="memory",otel_scope_name="apollo/router",le="10"} 1
apollo_router_cache_hit_time_bucket{kind="query planner",storage="memory",otel_scope_name="apollo/router",le="+Inf"} 1
apollo_router_cache_hit_time_sum{kind="query planner",storage="memory",otel_scope_name="apollo/router"} 0.000020714
apollo_router_cache_hit_time_count{kind="query planner",storage="memory",otel_scope_name="apollo/router"} 1
# HELP apollo_router_cache_miss_time Time to check the cache for an uncached value in seconds
# TYPE apollo_router_cache_miss_time histogram
apollo_router_cache_miss_time_bucket{kind="query planner",storage="memory",otel_scope_name="apollo/router",le="0.001"} 2
apollo_router_cache_miss_time_bucket{kind="query planner",storage="memory",otel_scope_name="apollo/router",le="0.005"} 2
apollo_router_cache_miss_time_bucket{kind="query planner",storage="memory",otel_scope_name="apollo/router",le="0.015"} 2
apollo_router_cache_miss_time_bucket{kind="query planner",storage="memory",otel_scope_name="apollo/router",le="0.05"} 2
apollo_router_cache_miss_time_bucket{kind="query planner",storage="memory",otel_scope_name="apollo/router",le="0.1"} 2
apollo_router_cache_miss_time_bucket{kind="query planner",storage="memory",otel_scope_name="apollo/router",le="0.2"} 2
apollo_router_cache_miss_time_bucket{kind="query planner",storage="memory",otel_scope_name="apollo/router",le="0.3"} 2
apollo_router_cache_miss_time_bucket{kind="query planner",storage="memory",otel_scope_name="apollo/router",le="0.4"} 2
apollo_router_cache_miss_time_bucket{kind="query planner",storage="memory",otel_scope_name="apollo/router",le="0.5"} 2
apollo_router_cache_miss_time_bucket{kind="query planner",storage="memory",otel_scope_name="apollo/router",le="1"} 2
apollo_router_cache_miss_time_bucket{kind="query planner",storage="memory",otel_scope_name="apollo/router",le="5"} 2
apollo_router_cache_miss_time_bucket{kind="query planner",storage="memory",otel_scope_name="apollo/router",le="10"} 2
apollo_router_cache_miss_time_bucket{kind="query planner",storage="memory",otel_scope_name="apollo/router",le="+Inf"} 2
apollo_router_cache_miss_time_sum{kind="query planner",storage="memory",otel_scope_name="apollo/router"} 0.000010965000000000001
apollo_router_cache_miss_time_count{kind="query planner",storage="memory",otel_scope_name="apollo/router"} 2
# HELP apollo_router_cache_size Cache size
# TYPE apollo_router_cache_size gauge
apollo_router_cache_size{kind="APQ",type="memory",otel_scope_name="apollo/router"} 0
apollo_router_cache_size{kind="introspection",type="memory",otel_scope_name="apollo/router"} 0
apollo_router_cache_size{kind="query planner",type="memory",otel_scope_name="apollo/router"} 0
# HELP apollo_router_compute_jobs_active_jobs Number of computation jobs in progress
# TYPE apollo_router_compute_jobs_active_jobs gauge
apollo_router_compute_jobs_active_jobs{job_type="query_parsing",otel_scope_name="apollo/router"} 0
apollo_router_compute_jobs_active_jobs{job_type="query_planning",otel_scope_name="apollo/router"} 0
# HELP apollo_router_compute_jobs_duration_seconds Total job processing time
# TYPE apollo_router_compute_jobs_duration_seconds histogram
apollo_router_compute_jobs_duration_seconds_bucket{job_outcome="executed_ok",job_type="query_parsing",otel_scope_name="apollo/router",le="0.001"} 0
apollo_router_compute_jobs_duration_seconds_bucket{job_outcome="executed_ok",job_type="query_parsing",otel_scope_name="apollo/router",le="0.005"} 2
apollo_router_compute_jobs_duration_seconds_bucket{job_outcome="executed_ok",job_type="query_parsing",otel_scope_name="apollo/router",le="0.015"} 2
apollo_router_compute_jobs_duration_seconds_bucket{job_outcome="executed_ok",job_type="query_parsing",otel_scope_name="apollo/router",le="0.05"} 2
apollo_router_compute_jobs_duration_seconds_bucket{job_outcome="executed_ok",job_type="query_parsing",otel_scope_name="apollo/router",le="0.1"} 2
apollo_router_compute_jobs_duration_seconds_bucket{job_outcome="executed_ok",job_type="query_parsing",otel_scope_name="apollo/router",le="0.2"} 2
apollo_router_compute_jobs_duration_seconds_bucket{job_outcome="executed_ok",job_type="query_parsing",otel_scope_name="apollo/router",le="0.3"} 2
apollo_router_compute_jobs_duration_seconds_bucket{job_outcome="executed_ok",job_type="query_parsing",otel_scope_name="apollo/router",le="0.4"} 2
apollo_router_compute_jobs_duration_seconds_bucket{job_outcome="executed_ok",job_type="query_parsing",otel_scope_name="apollo/router",le="0.5"} 2
apollo_router_compute_jobs_duration_seconds_bucket{job_outcome="executed_ok",job_type="query_parsing",otel_scope_name="apollo/router",le="1"} 2
apollo_router_compute_jobs_duration_seconds_bucket{job_outcome="executed_ok",job_type="query_parsing",otel_scope_name="apollo/router",le="5"} 2
apollo_router_compute_jobs_duration_seconds_bucket{job_outcome="executed_ok",job_type="query_parsing",otel_scope_name="apollo/router",le="10"} 2
apollo_router_compute_jobs_duration_seconds_bucket{job_outcome="executed_ok",job_type="query_parsing",otel_scope_name="apollo/router",le="+Inf"} 2
apollo_router_compute_jobs_duration_seconds_sum{job_outcome="executed_ok",job_type="query_parsing",otel_scope_name="apollo/router"} 0.007924232
apollo_router_compute_jobs_duration_seconds_count{job_outcome="executed_ok",job_type="query_parsing",otel_scope_name="apollo/router"} 2
apollo_router_compute_jobs_duration_seconds_bucket{job_outcome="executed_ok",job_type="query_planning",otel_scope_name="apollo/router",le="0.001"} 0
apollo_router_compute_jobs_duration_seconds_bucket{job_outcome="executed_ok",job_type="query_planning",otel_scope_name="apollo/router",le="0.005"} 2
apollo_router_compute_jobs_duration_seconds_bucket{job_outcome="executed_ok",job_type="query_planning",otel_scope_name="apollo/router",le="0.015"} 2
apollo_router_compute_jobs_duration_seconds_bucket{job_outcome="executed_ok",job_type="query_planning",otel_scope_name="apollo/router",le="0.05"} 2
apollo_router_compute_jobs_duration_seconds_bucket{job_outcome="executed_ok",job_type="query_planning",otel_scope_name="apollo/router",le="0.1"} 2
apollo_router_compute_jobs_duration_seconds_bucket{job_outcome="executed_ok",job_type="query_planning",otel_scope_name="apollo/router",le="0.2"} 2
apollo_router_compute_jobs_duration_seconds_bucket{job_outcome="executed_ok",job_type="query_planning",otel_scope_name="apollo/router",le="0.3"} 2
apollo_router_compute_jobs_duration_seconds_bucket{job_outcome="executed_ok",job_type="query_planning",otel_scope_name="apollo/router",le="0.4"} 2
apollo_router_compute_jobs_duration_seconds_bucket{job_outcome="executed_ok",job_type="query_planning",otel_scope_name="apollo/router",le="0.5"} 2
apollo_router_compute_jobs_duration_seconds_bucket{job_outcome="executed_ok",job_type="query_planning",otel_scope_name="apollo/router",le="1"} 2
apollo_router_compute_jobs_duration_seconds_bucket{job_outcome="executed_ok",job_type="query_planning",otel_scope_name="apollo/router",le="5"} 2
apollo_router_compute_jobs_duration_seconds_bucket{job_outcome="executed_ok",job_type="query_planning",otel_scope_name="apollo/router",le="10"} 2
apollo_router_compute_jobs_duration_seconds_bucket{job_outcome="executed_ok",job_type="query_planning",otel_scope_name="apollo/router",le="+Inf"} 2
apollo_router_compute_jobs_duration_seconds_sum{job_outcome="executed_ok",job_type="query_planning",otel_scope_name="apollo/router"} 0.0067851230000000005
apollo_router_compute_jobs_duration_seconds_count{job_outcome="executed_ok",job_type="query_planning",otel_scope_name="apollo/router"} 2
# HELP apollo_router_compute_jobs_execution_duration_seconds Time to execute the job, after it has been pulled from the queue
# TYPE apollo_router_compute_jobs_execution_duration_seconds histogram
apollo_router_compute_jobs_execution_duration_seconds_bucket{job_type="query_parsing",otel_scope_name="apollo/router",le="0.001"} 2
apollo_router_compute_jobs_execution_duration_seconds_bucket{job_type="query_parsing",otel_scope_name="apollo/router",le="0.005"} 2
apollo_router_compute_jobs_execution_duration_seconds_bucket{job_type="query_parsing",otel_scope_name="apollo/router",le="0.015"} 2
apollo_router_compute_jobs_execution_duration_seconds_bucket{job_type="query_parsing",otel_scope_name="apollo/router",le="0.05"} 2
apollo_router_compute_jobs_execution_duration_seconds_bucket{job_type="query_parsing",otel_scope_name="apollo/router",le="0.1"} 2
apollo_router_compute_jobs_execution_duration_seconds_bucket{job_type="query_parsing",otel_scope_name="apollo/router",le="0.2"} 2
apollo_router_compute_jobs_execution_duration_seconds_bucket{job_type="query_parsing",otel_scope_name="apollo/router",le="0.3"} 2
apollo_router_compute_jobs_execution_duration_seconds_bucket{job_type="query_parsing",otel_scope_name="apollo/router",le="0.4"} 2
apollo_router_compute_jobs_execution_duration_seconds_bucket{job_type="query_parsing",otel_scope_name="apollo/router",le="0.5"} 2
apollo_router_compute_jobs_execution_duration_seconds_bucket{job_type="query_parsing",otel_scope_name="apollo/router",le="1"} 2
apollo_router_compute_jobs_execution_duration_seconds_bucket{job_type="query_parsing",otel_scope_name="apollo/router",le="5"} 2
apollo_router_compute_jobs_execution_duration_seconds_bucket{job_type="query_parsing",otel_scope_name="apollo/router",le="10"} 2
apollo_router_compute_jobs_execution_duration_seconds_bucket{job_type="query_parsing",otel_scope_name="apollo/router",le="+Inf"} 2
apollo_router_compute_jobs_execution_duration_seconds_sum{job_type="query_parsing",otel_scope_name="apollo/router"} 0.0010294689999999999
apollo_router_compute_jobs_execution_duration_seconds_count{job_type="query_parsing",otel_scope_name="apollo/router"} 2
apollo_router_compute_jobs_execution_duration_seconds_bucket{job_type="query_planning",otel_scope_name="apollo/router",le="0.001"} 0
apollo_router_compute_jobs_execution_duration_seconds_bucket{job_type="query_planning",otel_scope_name="apollo/router",le="0.005"} 2
apollo_router_compute_jobs_execution_duration_seconds_bucket{job_type="query_planning",otel_scope_name="apollo/router",le="0.015"} 2
apollo_router_compute_jobs_execution_duration_seconds_bucket{job_type="query_planning",otel_scope_name="apollo/router",le="0.05"} 2
apollo_router_compute_jobs_execution_duration_seconds_bucket{job_type="query_planning",otel_scope_name="apollo/router",le="0.1"} 2
apollo_router_compute_jobs_execution_duration_seconds_bucket{job_type="query_planning",otel_scope_name="apollo/router",le="0.2"} 2
apollo_router_compute_jobs_execution_duration_seconds_bucket{job_type="query_planning",otel_scope_name="apollo/router",le="0.3"} 2
apollo_router_compute_jobs_execution_duration_seconds_bucket{job_type="query_planning",otel_scope_name="apollo/router",le="0.4"} 2
apollo_router_compute_jobs_execution_duration_seconds_bucket{job_type="query_planning",otel_scope_name="apollo/router",le="0.5"} 2
apollo_router_compute_jobs_execution_duration_seconds_bucket{job_type="query_planning",otel_scope_name="apollo/router",le="1"} 2
apollo_router_compute_jobs_execution_duration_seconds_bucket{job_type="query_planning",otel_scope_name="apollo/router",le="5"} 2
apollo_router_compute_jobs_execution_duration_seconds_bucket{job_type="query_planning",otel_scope_name="apollo/router",le="10"} 2
apollo_router_compute_jobs_execution_duration_seconds_bucket{job_type="query_planning",otel_scope_name="apollo/router",le="+Inf"} 2
apollo_router_compute_jobs_execution_duration_seconds_sum{job_type="query_planning",otel_scope_name="apollo/router"} 0.005792522
apollo_router_compute_jobs_execution_duration_seconds_count{job_type="query_planning",otel_scope_name="apollo/router"} 2
# HELP apollo_router_compute_jobs_queue_wait_duration_seconds Time spent by the job in the compute queue
# TYPE apollo_router_compute_jobs_queue_wait_duration_seconds histogram
apollo_router_compute_jobs_queue_wait_duration_seconds_bucket{job_type="query_parsing",otel_scope_name="apollo/router",le="0.001"} 2
apollo_router_compute_jobs_queue_wait_duration_seconds_bucket{job_type="query_parsing",otel_scope_name="apollo/router",le="0.005"} 2
apollo_router_compute_jobs_queue_wait_duration_seconds_bucket{job_type="query_parsing",otel_scope_name="apollo/router",le="0.015"} 2
apollo_router_compute_jobs_queue_wait_duration_seconds_bucket{job_type="query_parsing",otel_scope_name="apollo/router",le="0.05"} 2
apollo_router_compute_jobs_queue_wait_duration_seconds_bucket{job_type="query_parsing",otel_scope_name="apollo/router",le="0.1"} 2
apollo_router_compute_jobs_queue_wait_duration_seconds_bucket{job_type="query_parsing",otel_scope_name="apollo/router",le="0.2"} 2
apollo_router_compute_jobs_queue_wait_duration_seconds_bucket{job_type="query_parsing",otel_scope_name="apollo/router",le="0.3"} 2
apollo_router_compute_jobs_queue_wait_duration_seconds_bucket{job_type="query_parsing",otel_scope_name="apollo/router",le="0.4"} 2
apollo_router_compute_jobs_queue_wait_duration_seconds_bucket{job_type="query_parsing",otel_scope_name="apollo/router",le="0.5"} 2
apollo_router_compute_jobs_queue_wait_duration_seconds_bucket{job_type="query_parsing",otel_scope_name="apollo/router",le="1"} 2
apollo_router_compute_jobs_queue_wait_duration_seconds_bucket{job_type="query_parsing",otel_scope_name="apollo/router",le="5"} 2
apollo_router_compute_jobs_queue_wait_duration_seconds_bucket{job_type="query_parsing",otel_scope_name="apollo/router",le="10"} 2
apollo_router_compute_jobs_queue_wait_duration_seconds_bucket{job_type="query_parsing",otel_scope_name="apollo/router",le="+Inf"} 2
apollo_router_compute_jobs_queue_wait_duration_seconds_sum{job_type="query_parsing",otel_scope_name="apollo/router"} 0.001249217
apollo_router_compute_jobs_queue_wait_duration_seconds_count{job_type="query_parsing",otel_scope_name="apollo/router"} 2
apollo_router_compute_jobs_queue_wait_duration_seconds_bucket{job_type="query_planning",otel_scope_name="apollo/router",le="0.001"} 2
apollo_router_compute_jobs_queue_wait_duration_seconds_bucket{job_type="query_planning",otel_scope_name="apollo/router",le="0.005"} 2
apollo_router_compute_jobs_queue_wait_duration_seconds_bucket{job_type="query_planning",otel_scope_name="apollo/router",le="0.015"} 2
apollo_router_compute_jobs_queue_wait_duration_seconds_bucket{job_type="query_planning",otel_scope_name="apollo/router",le="0.05"} 2
apollo_router_compute_jobs_queue_wait_duration_seconds_bucket{job_type="query_planning",otel_scope_name="apollo/router",le="0.1"} 2
apollo_router_compute_jobs_queue_wait_duration_seconds_bucket{job_type="query_planning",otel_scope_name="apollo/router",le="0.2"} 2
apollo_router_compute_jobs_queue_wait_duration_seconds_bucket{job_type="query_planning",otel_scope_name="apollo/router",le="0.3"} 2
apollo_router_compute_jobs_queue_wait_duration_seconds_bucket{job_type="query_planning",otel_scope_name="apollo/router",le="0.4"} 2
apollo_router_compute_jobs_queue_wait_duration_seconds_bucket{job_type="query_planning",otel_scope_name="apollo/router",le="0.5"} 2
apollo_router_compute_jobs_queue_wait_duration_seconds_bucket{job_type="query_planning",otel_scope_name="apollo/router",le="1"} 2
apollo_router_compute_jobs_queue_wait_duration_seconds_bucket{job_type="query_planning",otel_scope_name="apollo/router",le="5"} 2
apollo_router_compute_jobs_queue_wait_duration_seconds_bucket{job_type="query_planning",otel_scope_name="apollo/router",le="10"} 2
apollo_router_compute_jobs_queue_wait_duration_seconds_bucket{job_type="query_planning",otel_scope_name="apollo/router",le="+Inf"} 2
apollo_router_compute_jobs_queue_wait_duration_seconds_sum{job_type="query_planning",otel_scope_name="apollo/router"} 0.000649976
apollo_router_compute_jobs_queue_wait_duration_seconds_count{job_type="query_planning",otel_scope_name="apollo/router"} 2
# HELP apollo_router_compute_jobs_queued Number of computation jobs (parsing, planning, …) waiting to be scheduled
# TYPE apollo_router_compute_jobs_queued gauge
apollo_router_compute_jobs_queued{otel_scope_name="apollo/router"} 0
# TYPE apollo_router_exporter_span_lru_size gauge
apollo_router_exporter_span_lru_size{otel_scope_name="apollo/router"} 1
# HELP apollo_router_jemalloc_active Total active bytes in jemalloc
# TYPE apollo_router_jemalloc_active gauge
apollo_router_jemalloc_active{otel_scope_name="apollo/router"} 59301888
# HELP apollo_router_jemalloc_allocated Total bytes allocated by jemalloc
# TYPE apollo_router_jemalloc_allocated gauge
apollo_router_jemalloc_allocated{otel_scope_name="apollo/router"} 53482320
# HELP apollo_router_jemalloc_mapped Total mapped bytes in jemalloc
# TYPE apollo_router_jemalloc_mapped gauge
apollo_router_jemalloc_mapped{otel_scope_name="apollo/router"} 199172096
# HELP apollo_router_jemalloc_metadata Total metadata bytes in jemalloc
# TYPE apollo_router_jemalloc_metadata gauge
apollo_router_jemalloc_metadata{otel_scope_name="apollo/router"} 23488896
# HELP apollo_router_jemalloc_resident Total resident bytes in jemalloc
# TYPE apollo_router_jemalloc_resident gauge
apollo_router_jemalloc_resident{otel_scope_name="apollo/router"} 85065728
# HELP apollo_router_jemalloc_retained Total retained bytes in jemalloc
# TYPE apollo_router_jemalloc_retained gauge
apollo_router_jemalloc_retained{otel_scope_name="apollo/router"} 116973568
# TYPE apollo_router_lifecycle_license gauge
apollo_router_lifecycle_license{license_state="licensed",otel_scope_name="apollo/router"} 1
# HELP apollo_router_lifecycle_query_planner_init_total Rust query planner initialization
# TYPE apollo_router_lifecycle_query_planner_init_total counter
apollo_router_lifecycle_query_planner_init_total{init_is_success="true",otel_scope_name="apollo/router"} 3
# HELP apollo_router_open_connections Number of currently connected clients
# TYPE apollo_router_open_connections gauge
apollo_router_open_connections{config_hash="866c975e588e7048d99d1a84f5696f29385061ca09831a16fbe322024c7559ac",http_connection_state="active",launch_id="",schema_id="dd8960ccefda82ca58e8ac0bc266459fd49ee8215fd6b3cc72e7bc3d7f3464b9",server_address="127.0.0.1",server_port="33181",otel_scope_name="apollo/router"} 0
apollo_router_open_connections{config_hash="866c975e588e7048d99d1a84f5696f29385061ca09831a16fbe322024c7559ac",http_connection_state="active",launch_id="",schema_id="dd8960ccefda82ca58e8ac0bc266459fd49ee8215fd6b3cc72e7bc3d7f3464b9",server_address="127.0.0.1",server_port="44641",otel_scope_name="apollo/router"} 0
apollo_router_open_connections{config_hash="866c975e588e7048d99d1a84f5696f29385061ca09831a16fbe322024c7559ac",http_connection_state="terminating",launch_id="",schema_id="dd8960ccefda82ca58e8ac0bc266459fd49ee8215fd6b3cc72e7bc3d7f3464b9",server_address="127.0.0.1",server_port="44641",otel_scope_name="apollo/router"} 0
apollo_router_open_connections{config_hash="a27573e1e0b22476b8b7e892c991eb667d767e37475bd03bbcadf3c5d4341ada",http_connection_state="active",launch_id="",schema_id="dd8960ccefda82ca58e8ac0bc266459fd49ee8215fd6b3cc72e7bc3d7f3464b9",server_address="127.0.0.1",server_port="39943",otel_scope_name="apollo/router"} 1
# HELP apollo_router_operations_authentication_aws_sigv4_total Number of subgraph requests signed with AWS SigV4
# TYPE apollo_router_operations_authentication_aws_sigv4_total counter
apollo_router_operations_authentication_aws_sigv4_total{authentication_aws_sigv4_failed="false",subgraph_service_name="products",otel_scope_name="apollo/router"} 3
# HELP apollo_router_operations_telemetry_total Telemetry exporters enabled
# TYPE apollo_router_operations_telemetry_total counter
apollo_router_operations_telemetry_total{telemetry_metrics_prometheus="true",otel_scope_name="apollo/router"} 3
# HELP apollo_router_operations_total The number of graphql operations performed by the Router
# TYPE apollo_router_operations_total counter
apollo_router_operations_total{http_response_status_code="200",otel_scope_name="apollo/router"} 3
# HELP apollo_router_overhead_seconds Router processing overhead (time not spent waiting for subgraphs or connectors to respond).
# TYPE apollo_router_overhead_seconds histogram
apollo_router_overhead_seconds_bucket{subgraph_active_requests="false",otel_scope_name="apollo/router",le="0.001"} 0
apollo_router_overhead_seconds_bucket{subgraph_active_requests="false",otel_scope_name="apollo/router",le="0.005"} 0
apollo_router_overhead_seconds_bucket{subgraph_active_requests="false",otel_scope_name="apollo/router",le="0.015"} 2
apollo_router_overhead_seconds_bucket{subgraph_active_requests="false",otel_scope_name="apollo/router",le="0.05"} 3
apollo_router_overhead_seconds_bucket{subgraph_active_requests="false",otel_scope_name="apollo/router",le="0.1"} 3
apollo_router_overhead_seconds_bucket{subgraph_active_requests="false",otel_scope_name="apollo/router",le="0.2"} 3
apollo_router_overhead_seconds_bucket{subgraph_active_requests="false",otel_scope_name="apollo/router",le="0.3"} 3
apollo_router_overhead_seconds_bucket{subgraph_active_requests="false",otel_scope_name="apollo/router",le="0.4"} 3
apollo_router_overhead_seconds_bucket{subgraph_active_requests="false",otel_scope_name="apollo/router",le="0.5"} 3
apollo_router_overhead_seconds_bucket{subgraph_active_requests="false",otel_scope_name="apollo/router",le="1"} 3
apollo_router_overhead_seconds_bucket{subgraph_active_requests="false",otel_scope_name="apollo/router",le="5"} 3
apollo_router_overhead_seconds_bucket{subgraph_active_requests="false",otel_scope_name="apollo/router",le="10"} 3
apollo_router_overhead_seconds_bucket{subgraph_active_requests="false",otel_scope_name="apollo/router",le="+Inf"} 3
apollo_router_overhead_seconds_sum{subgraph_active_requests="false",otel_scope_name="apollo/router"} 0.038470798
apollo_router_overhead_seconds_count{subgraph_active_requests="false",otel_scope_name="apollo/router"} 3
# HELP apollo_router_pipelines Number of active router pipelines
# TYPE apollo_router_pipelines gauge
apollo_router_pipelines{config_hash="866c975e588e7048d99d1a84f5696f29385061ca09831a16fbe322024c7559ac",launch_id="",schema_id="dd8960ccefda82ca58e8ac0bc266459fd49ee8215fd6b3cc72e7bc3d7f3464b9",otel_scope_name="apollo/router"} 0
apollo_router_pipelines{config_hash="a27573e1e0b22476b8b7e892c991eb667d767e37475bd03bbcadf3c5d4341ada",launch_id="",schema_id="dd8960ccefda82ca58e8ac0bc266459fd49ee8215fd6b3cc72e7bc3d7f3464b9",otel_scope_name="apollo/router"} 1
# HELP apollo_router_query_planning_plan_duration Duration of the query planning, in seconds.
# TYPE apollo_router_query_planning_plan_duration histogram
apollo_router_query_planning_plan_duration_bucket{outcome="success",planner="rust",otel_scope_name="apollo/router",le="0.001"} 0
apollo_router_query_planning_plan_duration_bucket{outcome="success",planner="rust",otel_scope_name="apollo/router",le="0.005"} 2
apollo_router_query_planning_plan_duration_bucket{outcome="success",planner="rust",otel_scope_name="apollo/router",le="0.015"} 2
apollo_router_query_planning_plan_duration_bucket{outcome="success",planner="rust",otel_scope_name="apollo/router",le="0.05"} 2
apollo_router_query_planning_plan_duration_bucket{outcome="success",planner="rust",otel_scope_name="apollo/router",le="0.1"} 2
apollo_router_query_planning_plan_duration_bucket{outcome="success",planner="rust",otel_scope_name="apollo/router",le="0.2"} 2
apollo_router_query_planning_plan_duration_bucket{outcome="success",planner="rust",otel_scope_name="apollo/router",le="0.3"} 2
apollo_router_query_planning_plan_duration_bucket{outcome="success",planner="rust",otel_scope_name="apollo/router",le="0.4"} 2
apollo_router_query_planning_plan_duration_bucket{outcome="success",planner="rust",otel_scope_name="apollo/router",le="0.5"} 2
apollo_router_query_planning_plan_duration_bucket{outcome="success",planner="rust",otel_scope_name="apollo/router",le="1"} 2
apollo_router_query_planning_plan_duration_bucket{outcome="success",planner="rust",otel_scope_name="apollo/router",le="5"} 2
apollo_router_query_planning_plan_duration_bucket{outcome="success",planner="rust",otel_scope_name="apollo/router",le="10"} 2
apollo_router_query_planning_plan_duration_bucket{outcome="success",planner="rust",otel_scope_name="apollo/router",le="+Inf"} 2
apollo_router_query_planning_plan_duration_sum{outcome="success",planner="rust",otel_scope_name="apollo/router"} 0.003601418
apollo_router_query_planning_plan_duration_count{outcome="success",planner="rust",otel_scope_name="apollo/router"} 2
# HELP apollo_router_query_planning_plan_evaluated_paths Number of paths (including intermediate ones) considered to plan a query before starting to generate a plan
# TYPE apollo_router_query_planning_plan_evaluated_paths histogram
apollo_router_query_planning_plan_evaluated_paths_bucket{otel_scope_name="apollo/router",le="0.001"} 0
apollo_router_query_planning_plan_evaluated_paths_bucket{otel_scope_name="apollo/router",le="0.005"} 0
apollo_router_query_planning_plan_evaluated_paths_bucket{otel_scope_name="apollo/router",le="0.015"} 0
apollo_router_query_planning_plan_evaluated_paths_bucket{otel_scope_name="apollo/router",le="0.05"} 0
apollo_router_query_planning_plan_evaluated_paths_bucket{otel_scope_name="apollo/router",le="0.1"} 0
apollo_router_query_planning_plan_evaluated_paths_bucket{otel_scope_name="apollo/router",le="0.2"} 0
apollo_router_query_planning_plan_evaluated_paths_bucket{otel_scope_name="apollo/router",le="0.3"} 0
apollo_router_query_planning_plan_evaluated_paths_bucket{otel_scope_name="apollo/router",le="0.4"} 0
apollo_router_query_planning_plan_evaluated_paths_bucket{otel_scope_name="apollo/router",le="0.5"} 0
apollo_router_query_planning_plan_evaluated_paths_bucket{otel_scope_name="apollo/router",le="1"} 0
apollo_router_query_planning_plan_evaluated_paths_bucket{otel_scope_name="apollo/router",le="5"} 2
apollo_router_query_planning_plan_evaluated_paths_bucket{otel_scope_name="apollo/router",le="10"} 2
apollo_router_query_planning_plan_evaluated_paths_bucket{otel_scope_name="apollo/router",le="+Inf"} 2
apollo_router_query_planning_plan_evaluated_paths_sum{otel_scope_name="apollo/router"} 4
apollo_router_query_planning_plan_evaluated_paths_count{otel_scope_name="apollo/router"} 2
# HELP apollo_router_query_planning_plan_evaluated_plans Number of query plans evaluated for a query before choosing the best one
# TYPE apollo_router_query_planning_plan_evaluated_plans histogram
apollo_router_query_planning_plan_evaluated_plans_bucket{otel_scope_name="apollo/router",le="0.001"} 0
apollo_router_query_planning_plan_evaluated_plans_bucket{otel_scope_name="apollo/router",le="0.005"} 0
apollo_router_query_planning_plan_evaluated_plans_bucket{otel_scope_name="apollo/router",le="0.015"} 0
apollo_router_query_planning_plan_evaluated_plans_bucket{otel_scope_name="apollo/router",le="0.05"} 0
apollo_router_query_planning_plan_evaluated_plans_bucket{otel_scope_name="apollo/router",le="0.1"} 0
apollo_router_query_planning_plan_evaluated_plans_bucket{otel_scope_name="apollo/router",le="0.2"} 0
apollo_router_query_planning_plan_evaluated_plans_bucket{otel_scope_name="apollo/router",le="0.3"} 0
apollo_router_query_planning_plan_evaluated_plans_bucket{otel_scope_name="apollo/router",le="0.4"} 0
apollo_router_query_planning_plan_evaluated_plans_bucket{otel_scope_name="apollo/router",le="0.5"} 0
apollo_router_query_planning_plan_evaluated_plans_bucket{otel_scope_name="apollo/router",le="1"} 2
apollo_router_query_planning_plan_evaluated_plans_bucket{otel_scope_name="apollo/router",le="5"} 2
apollo_router_query_planning_plan_evaluated_plans_bucket{otel_scope_name="apollo/router",le="10"} 2
apollo_router_query_planning_plan_evaluated_plans_bucket{otel_scope_name="apollo/router",le="+Inf"} 2
apollo_router_query_planning_plan_evaluated_plans_sum{otel_scope_name="apollo/router"} 2
apollo_router_query_planning_plan_evaluated_plans_count{otel_scope_name="apollo/router"} 2
# HELP apollo_router_query_planning_total_duration Duration of the time the router waited for a query plan, including both the queue time and planning time, in seconds.
# TYPE apollo_router_query_planning_total_duration histogram
apollo_router_query_planning_total_duration_bucket{otel_scope_name="apollo/router",le="0.001"} 0
apollo_router_query_planning_total_duration_bucket{otel_scope_name="apollo/router",le="0.005"} 1
apollo_router_query_planning_total_duration_bucket{otel_scope_name="apollo/router",le="0.015"} 2
apollo_router_query_planning_total_duration_bucket{otel_scope_name="apollo/router",le="0.05"} 2
apollo_router_query_planning_total_duration_bucket{otel_scope_name="apollo/router",le="0.1"} 2
apollo_router_query_planning_total_duration_bucket{otel_scope_name="apollo/router",le="0.2"} 2
apollo_router_query_planning_total_duration_bucket{otel_scope_name="apollo/router",le="0.3"} 2
apollo_router_query_planning_total_duration_bucket{otel_scope_name="apollo/router",le="0.4"} 2
apollo_router_query_planning_total_duration_bucket{otel_scope_name="apollo/router",le="0.5"} 2
apollo_router_query_planning_total_duration_bucket{otel_scope_name="apollo/router",le="1"} 2
apollo_router_query_planning_total_duration_bucket{otel_scope_name="apollo/router",le="5"} 2
apollo_router_query_planning_total_duration_bucket{otel_scope_name="apollo/router",le="10"} 2
apollo_router_query_planning_total_duration_bucket{otel_scope_name="apollo/router",le="+Inf"} 2
apollo_router_query_planning_total_duration_sum{otel_scope_name="apollo/router"} 0.010180108
apollo_router_query_planning_total_duration_count{otel_scope_name="apollo/router"} 2
# HELP apollo_router_query_planning_warmup_duration Time spent warming up the query planner queries in seconds
# TYPE apollo_router_query_planning_warmup_duration histogram
apollo_router_query_planning_warmup_duration_bucket{otel_scope_name="apollo/router",le="0.001"} 3
apollo_router_query_planning_warmup_duration_bucket{otel_scope_name="apollo/router",le="0.005"} 3
apollo_router_query_planning_warmup_duration_bucket{otel_scope_name="apollo/router",le="0.015"} 3
apollo_router_query_planning_warmup_duration_bucket{otel_scope_name="apollo/router",le="0.05"} 3
apollo_router_query_planning_warmup_duration_bucket{otel_scope_name="apollo/router",le="0.1"} 3
apollo_router_query_planning_warmup_duration_bucket{otel_scope_name="apollo/router",le="0.2"} 3
apollo_router_query_planning_warmup_duration_bucket{otel_scope_name="apollo/router",le="0.3"} 3
apollo_router_query_planning_warmup_duration_bucket{otel_scope_name="apollo/router",le="0.4"} 3
apollo_router_query_planning_warmup_duration_bucket{otel_scope_name="apollo/router",le="0.5"} 3
apollo_router_query_planning_warmup_duration_bucket{otel_scope_name="apollo/router",le="1"} 3
apollo_router_query_planning_warmup_duration_bucket{otel_scope_name="apollo/router",le="5"} 3
apollo_router_query_planning_warmup_duration_bucket{otel_scope_name="apollo/router",le="10"} 3
apollo_router_query_planning_warmup_duration_bucket{otel_scope_name="apollo/router",le="+Inf"} 3
apollo_router_query_planning_warmup_duration_sum{otel_scope_name="apollo/router"} 0.000088188
apollo_router_query_planning_warmup_duration_count{otel_scope_name="apollo/router"} 3
# HELP apollo_router_schema_load_duration Time spent loading the supergraph schema, in seconds.
# TYPE apollo_router_schema_load_duration histogram
apollo_router_schema_load_duration_bucket{otel_scope_name="apollo/router",le="0.001"} 0
apollo_router_schema_load_duration_bucket{otel_scope_name="apollo/router",le="0.005"} 0
apollo_router_schema_load_duration_bucket{otel_scope_name="apollo/router",le="0.015"} 2
apollo_router_schema_load_duration_bucket{otel_scope_name="apollo/router",le="0.05"} 2
apollo_router_schema_load_duration_bucket{otel_scope_name="apollo/router",le="0.1"} 2
apollo_router_schema_load_duration_bucket{otel_scope_name="apollo/router",le="0.2"} 2
apollo_router_schema_load_duration_bucket{otel_scope_name="apollo/router",le="0.3"} 2
apollo_router_schema_load_duration_bucket{otel_scope_name="apollo/router",le="0.4"} 2
apollo_router_schema_load_duration_bucket{otel_scope_name="apollo/router",le="0.5"} 2
apollo_router_schema_load_duration_bucket{otel_scope_name="apollo/router",le="1"} 2
apollo_router_schema_load_duration_bucket{otel_scope_name="apollo/router",le="5"} 2
apollo_router_schema_load_duration_bucket{otel_scope_name="apollo/router",le="10"} 2
apollo_router_schema_load_duration_bucket{otel_scope_name="apollo/router",le="+Inf"} 2
apollo_router_schema_load_duration_sum{otel_scope_name="apollo/router"} 0.010202564
apollo_router_schema_load_duration_count{otel_scope_name="apollo/router"} 2
# HELP apollo_router_session_count_active Amount of in-flight sessions
# TYPE apollo_router_session_count_active gauge
apollo_router_session_count_active{otel_scope_name="apollo/router"} 0
# HELP apollo_router_state_change_total Router state changes
# TYPE apollo_router_state_change_total counter
apollo_router_state_change_total{event="UpdateConfiguration",previous_state="Running",state="Running",otel_scope_name="apollo/router"} 2
apollo_router_state_change_total{event="UpdateSchema",previous_state="Startup",state="Running",otel_scope_name="apollo/router"} 1
# TYPE apollo_router_supergraph_federation gauge
apollo_router_supergraph_federation{federation_version="2",otel_scope_name="apollo/router"} 1
# HELP apollo_router_telemetry_studio_reports_total The number of reports submitted to Studio by the Router
# TYPE apollo_router_telemetry_studio_reports_total counter
apollo_router_telemetry_studio_reports_total{report_protocol="otlp",report_type="traces",otel_scope_name="apollo/router"} 2
apollo_router_telemetry_studio_reports_total{report_extended_references_enabled="true",report_protocol="apollo",report_type="metrics",otel_scope_name="apollo/router"} 2
# HELP http_client_request_duration_seconds Duration of HTTP client requests.
# TYPE http_client_request_duration_seconds histogram
http_client_request_duration_seconds_bucket{subgraph_name="products",otel_scope_name="apollo/router",le="0.001"} 0
http_client_request_duration_seconds_bucket{subgraph_name="products",otel_scope_name="apollo/router",le="0.005"} 2
http_client_request_duration_seconds_bucket{subgraph_name="products",otel_scope_name="apollo/router",le="0.015"} 3
http_client_request_duration_seconds_bucket{subgraph_name="products",otel_scope_name="apollo/router",le="0.05"} 3
http_client_request_duration_seconds_bucket{subgraph_name="products",otel_scope_name="apollo/router",le="0.1"} 3
http_client_request_duration_seconds_bucket{subgraph_name="products",otel_scope_name="apollo/router",le="0.2"} 3
http_client_request_duration_seconds_bucket{subgraph_name="products",otel_scope_name="apollo/router",le="0.3"} 3
http_client_request_duration_seconds_bucket{subgraph_name="products",otel_scope_name="apollo/router",le="0.4"} 3
http_client_request_duration_seconds_bucket{subgraph_name="products",otel_scope_name="apollo/router",le="0.5"} 3
http_client_request_duration_seconds_bucket{subgraph_name="products",otel_scope_name="apollo/router",le="1"} 3
http_client_request_duration_seconds_bucket{subgraph_name="products",otel_scope_name="apollo/router",le="5"} 3
http_client_request_duration_seconds_bucket{subgraph_name="products",otel_scope_name="apollo/router",le="10"} 3
http_client_request_duration_seconds_bucket{subgraph_name="products",otel_scope_name="apollo/router",le="+Inf"} 3
http_client_request_duration_seconds_sum{subgraph_name="products",otel_scope_name="apollo/router"} 0.017709915
http_client_request_duration_seconds_count{subgraph_name="products",otel_scope_name="apollo/router"} 3
# HELP http_client_response_body_size_bytes Size of HTTP client response bodies.
# TYPE http_client_response_body_size_bytes histogram
http_client_response_body_size_bytes_bucket{subgraph_name="products",otel_scope_name="apollo/router",le="0.001"} 0
http_client_response_body_size_bytes_bucket{subgraph_name="products",otel_scope_name="apollo/router",le="0.005"} 0
http_client_response_body_size_bytes_bucket{subgraph_name="products",otel_scope_name="apollo/router",le="0.015"} 0
http_client_response_body_size_bytes_bucket{subgraph_name="products",otel_scope_name="apollo/router",le="0.05"} 0
http_client_response_body_size_bytes_bucket{subgraph_name="products",otel_scope_name="apollo/router",le="0.1"} 0
http_client_response_body_size_bytes_bucket{subgraph_name="products",otel_scope_name="apollo/router",le="0.2"} 0
http_client_response_body_size_bytes_bucket{subgraph_name="products",otel_scope_name="apollo/router",le="0.3"} 0
http_client_response_body_size_bytes_bucket{subgraph_name="products",otel_scope_name="apollo/router",le="0.4"} 0
http_client_response_body_size_bytes_bucket{subgraph_name="products",otel_scope_name="apollo/router",le="0.5"} 0
http_client_response_body_size_bytes_bucket{subgraph_name="products",otel_scope_name="apollo/router",le="1"} 0
http_client_response_body_size_bytes_bucket{subgraph_name="products",otel_scope_name="apollo/router",le="5"} 0
http_client_response_body_size_bytes_bucket{subgraph_name="products",otel_scope_name="apollo/router",le="10"} 0
http_client_response_body_size_bytes_bucket{subgraph_name="products",otel_scope_name="apollo/router",le="+Inf"} 3
http_client_response_body_size_bytes_sum{subgraph_name="products",otel_scope_name="apollo/router"} 231
http_client_response_body_size_bytes_count{subgraph_name="products",otel_scope_name="apollo/router"} 3
# HELP http_server_active_requests Number of active HTTP server requests.
# TYPE http_server_active_requests gauge
http_server_active_requests{http_request_method="POST",otel_scope_name="apollo/router"} 0
# HELP http_server_request_body_size_bytes Size of HTTP server request bodies.
# TYPE http_server_request_body_size_bytes histogram
http_server_request_body_size_bytes_bucket{http_request_method="POST",http_response_status_code="200",server_address="127.0.0.1",server_port="33181",otel_scope_name="apollo/router",le="0.001"} 0
http_server_request_body_size_bytes_bucket{http_request_method="POST",http_response_status_code="200",server_address="127.0.0.1",server_port="33181",otel_scope_name="apollo/router",le="0.005"} 0
http_server_request_body_size_bytes_bucket{http_request_method="POST",http_response_status_code="200",server_address="127.0.0.1",server_port="33181",otel_scope_name="apollo/router",le="0.015"} 0
http_server_request_body_size_bytes_bucket{http_request_method="POST",http_response_status_code="200",server_address="127.0.0.1",server_port="33181",otel_scope_name="apollo/router",le="0.05"} 0
http_server_request_body_size_bytes_bucket{http_request_method="POST",http_response_status_code="200",server_address="127.0.0.1",server_port="33181",otel_scope_name="apollo/router",le="0.1"} 0
http_server_request_body_size_bytes_bucket{http_request_method="POST",http_response_status_code="200",server_address="127.0.0.1",server_port="33181",otel_scope_name="apollo/router",le="0.2"} 0
http_server_request_body_size_bytes_bucket{http_request_method="POST",http_response_status_code="200",server_address="127.0.0.1",server_port="33181",otel_scope_name="apollo/router",le="0.3"} 0
http_server_request_body_size_bytes_bucket{http_request_method="POST",http_response_status_code="200",server_address="127.0.0.1",server_port="33181",otel_scope_name="apollo/router",le="0.4"} 0
http_server_request_body_size_bytes_bucket{http_request_method="POST",http_response_status_code="200",server_address="127.0.0.1",server_port="33181",otel_scope_name="apollo/router",le="0.5"} 0
http_server_request_body_size_bytes_bucket{http_request_method="POST",http_response_status_code="200",server_address="127.0.0.1",server_port="33181",otel_scope_name="apollo/router",le="1"} 0
http_server_request_body_size_bytes_bucket{http_request_method="POST",http_response_status_code="200",server_address="127.0.0.1",server_port="33181",otel_scope_name="apollo/router",le="5"} 0
http_server_request_body_size_bytes_bucket{http_request_method="POST",http_response_status_code="200",server_address="127.0.0.1",server_port="33181",otel_scope_name="apollo/router",le="10"} 0
http_server_request_body_size_bytes_bucket{http_request_method="POST",http_response_status_code="200",server_address="127.0.0.1",server_port="33181",otel_scope_name="apollo/router",le="+Inf"} 2
http_server_request_body_size_bytes_sum{http_request_method="POST",http_response_status_code="200",server_address="127.0.0.1",server_port="33181",otel_scope_name="apollo/router"} 130
http_server_request_body_size_bytes_count{http_request_method="POST",http_response_status_code="200",server_address="127.0.0.1",server_port="33181",otel_scope_name="apollo/router"} 2
http_server_request_body_size_bytes_bucket{http_request_method="POST",http_response_status_code="200",server_address="127.0.0.1",server_port="44641",otel_scope_name="apollo/router",le="0.001"} 0
http_server_request_body_size_bytes_bucket{http_request_method="POST",http_response_status_code="200",server_address="127.0.0.1",server_port="44641",otel_scope_name="apollo/router",le="0.005"} 0
http_server_request_body_size_bytes_bucket{http_request_method="POST",http_response_status_code="200",server_address="127.0.0.1",server_port="44641",otel_scope_name="apollo/router",le="0.015"} 0
http_server_request_body_size_bytes_bucket{http_request_method="POST",http_response_status_code="200",server_address="127.0.0.1",server_port="44641",otel_scope_name="apollo/router",le="0.05"} 0
http_server_request_body_size_bytes_bucket{http_request_method="POST",http_response_status_code="200",server_address="127.0.0.1",server_port="44641",otel_scope_name="apollo/router",le="0.1"} 0
http_server_request_body_size_bytes_bucket{http_request_method="POST",http_response_status_code="200",server_address="127.0.0.1",server_port="44641",otel_scope_name="apollo/router",le="0.2"} 0
http_server_request_body_size_bytes_bucket{http_request_method="POST",http_response_status_code="200",server_address="127.0.0.1",server_port="44641",otel_scope_name="apollo/router",le="0.3"} 0
http_server_request_body_size_bytes_bucket{http_request_method="POST",http_response_status_code="200",server_address="127.0.0.1",server_port="44641",otel_scope_name="apollo/router",le="0.4"} 0
http_server_request_body_size_bytes_bucket{http_request_method="POST",http_response_status_code="200",server_address="127.0.0.1",server_port="44641",otel_scope_name="apollo/router",le="0.5"} 0
http_server_request_body_size_bytes_bucket{http_request_method="POST",http_response_status_code="200",server_address="127.0.0.1",server_port="44641",otel_scope_name="apollo/router",le="1"} 0
http_server_request_body_size_bytes_bucket{http_request_method="POST",http_response_status_code="200",server_address="127.0.0.1",server_port="44641",otel_scope_name="apollo/router",le="5"} 0
http_server_request_body_size_bytes_bucket{http_request_method="POST",http_response_status_code="200",server_address="127.0.0.1",server_port="44641",otel_scope_name="apollo/router",le="10"} 0
http_server_request_body_size_bytes_bucket{http_request_method="POST",http_response_status_code="200",server_address="127.0.0.1",server_port="44641",otel_scope_name="apollo/router",le="+Inf"} 1
http_server_request_body_size_bytes_sum{http_request_method="POST",http_response_status_code="200",server_address="127.0.0.1",server_port="44641",otel_scope_name="apollo/router"} 65
http_server_request_body_size_bytes_count{http_request_method="POST",http_response_status_code="200",server_address="127.0.0.1",server_port="44641",otel_scope_name="apollo/router"} 1
# HELP http_server_request_duration_seconds Duration of HTTP server requests.
# TYPE http_server_request_duration_seconds histogram
http_server_request_duration_seconds_bucket{http_request_method="POST",http_response_status_code="200",server_address="127.0.0.1",server_port="33181",otel_scope_name="apollo/router",le="0.001"} 0
http_server_request_duration_seconds_bucket{http_request_method="POST",http_response_status_code="200",server_address="127.0.0.1",server_port="33181",otel_scope_name="apollo/router",le="0.005"} 0
http_server_request_duration_seconds_bucket{http_request_method="POST",http_response_status_code="200",server_address="127.0.0.1",server_port="33181",otel_scope_name="apollo/router",le="0.015"} 1
http_server_request_duration_seconds_bucket{http_request_method="POST",http_response_status_code="200",server_address="127.0.0.1",server_port="33181",otel_scope_name="apollo/router",le="0.05"} 2
http_server_request_duration_seconds_bucket{http_request_method="POST",http_response_status_code="200",server_address="127.0.0.1",server_port="33181",otel_scope_name="apollo/router",le="0.1"} 2
http_server_request_duration_seconds_bucket{http_request_method="POST",http_response_status_code="200",server_address="127.0.0.1",server_port="33181",otel_scope_name="apollo/router",le="0.2"} 2
http_server_request_duration_seconds_bucket{http_request_method="POST",http_response_status_code="200",server_address="127.0.0.1",server_port="33181",otel_scope_name="apollo/router",le="0.3"} 2
http_server_request_duration_seconds_bucket{http_request_method="POST",http_response_status_code="200",server_address="127.0.0.1",server_port="33181",otel_scope_name="apollo/router",le="0.4"} 2
http_server_request_duration_seconds_bucket{http_request_method="POST",http_response_status_code="200",server_address="127.0.0.1",server_port="33181",otel_scope_name="apollo/router",le="0.5"} 2
http_server_request_duration_seconds_bucket{http_request_method="POST",http_response_status_code="200",server_address="127.0.0.1",server_port="33181",otel_scope_name="apollo/router",le="1"} 2
http_server_request_duration_seconds_bucket{http_request_method="POST",http_response_status_code="200",server_address="127.0.0.1",server_port="33181",otel_scope_name="apollo/router",le="5"} 2
http_server_request_duration_seconds_bucket{http_request_method="POST",http_response_status_code="200",server_address="127.0.0.1",server_port="33181",otel_scope_name="apollo/router",le="10"} 2
http_server_request_duration_seconds_bucket{http_request_method="POST",http_response_status_code="200",server_address="127.0.0.1",server_port="33181",otel_scope_name="apollo/router",le="+Inf"} 2
http_server_request_duration_seconds_sum{http_request_method="POST",http_response_status_code="200",server_address="127.0.0.1",server_port="33181",otel_scope_name="apollo/router"} 0.034547932
http_server_request_duration_seconds_count{http_request_method="POST",http_response_status_code="200",server_address="127.0.0.1",server_port="33181",otel_scope_name="apollo/router"} 2
http_server_request_duration_seconds_bucket{http_request_method="POST",http_response_status_code="200",server_address="127.0.0.1",server_port="44641",otel_scope_name="apollo/router",le="0.001"} 0
http_server_request_duration_seconds_bucket{http_request_method="POST",http_response_status_code="200",server_address="127.0.0.1",server_port="44641",otel_scope_name="apollo/router",le="0.005"} 0
http_server_request_duration_seconds_bucket{http_request_method="POST",http_response_status_code="200",server_address="127.0.0.1",server_port="44641",otel_scope_name="apollo/router",le="0.015"} 0
http_server_request_duration_seconds_bucket{http_request_method="POST",http_response_status_code="200",server_address="127.0.0.1",server_port="44641",otel_scope_name="apollo/router",le="0.05"} 1
http_server_request_duration_seconds_bucket{http_request_method="POST",http_response_status_code="200",server_address="127.0.0.1",server_port="44641",otel_scope_name="apollo/router",le="0.1"} 1
http_server_request_duration_seconds_bucket{http_request_method="POST",http_response_status_code="200",server_address="127.0.0.1",server_port="44641",otel_scope_name="apollo/router",le="0.2"} 1
http_server_request_duration_seconds_bucket{http_request_method="POST",http_response_status_code="200",server_address="127.0.0.1",server_port="44641",otel_scope_name="apollo/router",le="0.3"} 1
http_server_request_duration_seconds_bucket{http_request_method="POST",http_response_status_code="200",server_address="127.0.0.1",server_port="44641",otel_scope_name="apollo/router",le="0.4"} 1
http_server_request_duration_seconds_bucket{http_request_method="POST",http_response_status_code="200",server_address="127.0.0.1",server_port="44641",otel_scope_name="apollo/router",le="0.5"} 1
http_server_request_duration_seconds_bucket{http_request_method="POST",http_response_status_code="200",server_address="127.0.0.1",server_port="44641",otel_scope_name="apollo/router",le="1"} 1
http_server_request_duration_seconds_bucket{http_request_method="POST",http_response_status_code="200",server_address="127.0.0.1",server_port="44641",otel_scope_name="apollo/router",le="5"} 1
http_server_request_duration_seconds_bucket{http_request_method="POST",http_response_status_code="200",server_address="127.0.0.1",server_port="44641",otel_scope_name="apollo/router",le="10"} 1
http_server_request_duration_seconds_bucket{http_request_method="POST",http_response_status_code="200",server_address="127.0.0.1",server_port="44641",otel_scope_name="apollo/router",le="+Inf"} 1
http_server_request_duration_seconds_sum{http_request_method="POST",http_response_status_code="200",server_address="127.0.0.1",server_port="44641",otel_scope_name="apollo/router"} 0.017695872
http_server_request_duration_seconds_count{http_request_method="POST",http_response_status_code="200",server_address="127.0.0.1",server_port="44641",otel_scope_name="apollo/router"} 1
# HELP target_info Target metadata
# TYPE target_info gauge
target_info{process_executable_name="router",service_name="unknown_service:router",service_version="2.8.0"} 1

stack backtrace:
   0:     0x56272d647862 - std::backtrace_rs::backtrace::libunwind::trace::h2d45396358f41939
                               at /rustc/1159e78c4747b02ef996e55082b704c09b970588/library/std/src/../../backtrace/src/backtrace/libunwind.rs:117:9
   1:     0x56272d647862 - std::backtrace_rs::backtrace::trace_unsynchronized::hffcefc0b67f1d6e2
                               at /rustc/1159e78c4747b02ef996e55082b704c09b970588/library/std/src/../../backtrace/src/backtrace/mod.rs:66:14
   2:     0x56272d647862 - std::sys::backtrace::_print_fmt::hd72f71d23b436b92
                               at /rustc/1159e78c4747b02ef996e55082b704c09b970588/library/std/src/sys/backtrace.rs:66:9
   3:     0x56272d647862 - <std::sys::backtrace::BacktraceLock::print::DisplayBacktrace as core::fmt::Display>::fmt::hdcfcb6d4c8489523
                               at /rustc/1159e78c4747b02ef996e55082b704c09b970588/library/std/src/sys/backtrace.rs:39:26
   4:     0x56272d677703 - core::fmt::rt::Argument::fmt::h2c56b3114963061a
                               at /rustc/1159e78c4747b02ef996e55082b704c09b970588/library/core/src/fmt/rt.rs:173:76
   5:     0x56272d677703 - core::fmt::write::h8a494366950f23bb
                               at /rustc/1159e78c4747b02ef996e55082b704c09b970588/library/core/src/fmt/mod.rs:1468:25
   6:     0x56272d642123 - std::io::default_write_fmt::ha27fbccbc65eb6fa
                               at /rustc/1159e78c4747b02ef996e55082b704c09b970588/library/std/src/io/mod.rs:639:11
   7:     0x56272d642123 - std::io::Write::write_fmt::h6556609fca33d0b1
                               at /rustc/1159e78c4747b02ef996e55082b704c09b970588/library/std/src/io/mod.rs:1954:13
   8:     0x56272d6476b2 - std::sys::backtrace::BacktraceLock::print::hb2a626a81e06b2dc
                               at /rustc/1159e78c4747b02ef996e55082b704c09b970588/library/std/src/sys/backtrace.rs:42:9
   9:     0x56272d6496f9 - std::panicking::default_hook::{{closure}}::h4f78485264f12d10
                               at /rustc/1159e78c4747b02ef996e55082b704c09b970588/library/std/src/panicking.rs:300:27
  10:     0x56272d6494db - std::panicking::default_hook::h2c66fc99e962531d
                               at /rustc/1159e78c4747b02ef996e55082b704c09b970588/library/std/src/panicking.rs:327:9
  11:     0x56272d64a105 - std::panicking::rust_panic_with_hook::h33ac55f64bbd807d
                               at /rustc/1159e78c4747b02ef996e55082b704c09b970588/library/std/src/panicking.rs:833:13
  12:     0x56272d649e9a - std::panicking::begin_panic_handler::{{closure}}::h30e7cb89678a57fe
                               at /rustc/1159e78c4747b02ef996e55082b704c09b970588/library/std/src/panicking.rs:706:13
  13:     0x56272d647d69 - std::sys::backtrace::__rust_end_short_backtrace::hed60f27456c16ced
                               at /rustc/1159e78c4747b02ef996e55082b704c09b970588/library/std/src/sys/backtrace.rs:174:18
  14:     0x56272d649b2d - __rustc[de2ca18b4c54d5b8]::rust_begin_unwind
                               at /rustc/1159e78c4747b02ef996e55082b704c09b970588/library/std/src/panicking.rs:697:5
  15:     0x56272d673d30 - core::panicking::panic_fmt::h62f63d096dd276af
                               at /rustc/1159e78c4747b02ef996e55082b704c09b970588/library/core/src/panicking.rs:75:14
  16:     0x56272733f5f7 - integration_tests::integration::common::IntegrationTest::assert_metrics_contains::{{closure}}::hb3bf1a10e2a5dddc
                               at /root/project/apollo-router/tests/integration/../common.rs:1326:9
  17:     0x562726dd31f6 - integration_tests::integration::telemetry::metrics::test_subgraph_auth_metrics::{{closure}}::h6d20674e11c6450c
                               at /root/project/apollo-router/tests/integration/telemetry/metrics.rs:127:212
  18:     0x562726f23a32 - <core::pin::Pin<P> as core::future::future::Future>::poll::h59964df56356515a
                               at /rustc/1159e78c4747b02ef996e55082b704c09b970588/library/core/src/future/future.rs:133:9
  19:     0x562726e2e98d - tokio::runtime::park::CachedParkThread::block_on::{{closure}}::h99a1c01384b0a79b
                               at /root/.cargo/registry/src/index.crates.io-1949cf8c6b5b557f/tokio-1.48.0/src/runtime/park.rs:285:71
  20:     0x562726e2d0f6 - tokio::task::coop::with_budget::ha185223116166ce4
                               at /root/.cargo/registry/src/index.crates.io-1949cf8c6b5b557f/tokio-1.48.0/src/task/coop/mod.rs:167:5
  21:     0x562726e2d0f6 - tokio::task::coop::budget::ha733ca61bde2edaf
                               at /root/.cargo/registry/src/index.crates.io-1949cf8c6b5b557f/tokio-1.48.0/src/task/coop/mod.rs:133:5
  22:     0x562726e2d0f6 - tokio::runtime::park::CachedParkThread::block_on::hbd985400d5b3dc8c
                               at /root/.cargo/registry/src/index.crates.io-1949cf8c6b5b557f/tokio-1.48.0/src/runtime/park.rs:285:31
  23:     0x5627274b9574 - tokio::runtime::context::blocking::BlockingRegionGuard::block_on::h3cf29540820bb880
                               at /root/.cargo/registry/src/index.crates.io-1949cf8c6b5b557f/tokio-1.48.0/src/runtime/context/blocking.rs:66:14
  24:     0x5627270c6978 - tokio::runtime::scheduler::multi_thread::MultiThread::block_on::{{closure}}::h368bef83ee5af5d1
                               at /root/.cargo/registry/src/index.crates.io-1949cf8c6b5b557f/tokio-1.48.0/src/runtime/scheduler/multi_thread/mod.rs:87:22
  25:     0x562726e5a046 - tokio::runtime::context::runtime::enter_runtime::hfb5131736755618d
                               at /root/.cargo/registry/src/index.crates.io-1949cf8c6b5b557f/tokio-1.48.0/src/runtime/context/runtime.rs:65:16
  26:     0x5627270c6904 - tokio::runtime::scheduler::multi_thread::MultiThread::block_on::hb60b7b74dc6d2c7f
                               at /root/.cargo/registry/src/index.crates.io-1949cf8c6b5b557f/tokio-1.48.0/src/runtime/scheduler/multi_thread/mod.rs:86:9
  27:     0x562726cc59d4 - tokio::runtime::runtime::Runtime::block_on_inner::hb2451b6dd4b09b66
                               at /root/.cargo/registry/src/index.crates.io-1949cf8c6b5b557f/tokio-1.48.0/src/runtime/runtime.rs:370:50
  28:     0x562726cc62ec - tokio::runtime::runtime::Runtime::block_on::h9206977fab45046e
                               at /root/.cargo/registry/src/index.crates.io-1949cf8c6b5b557f/tokio-1.48.0/src/runtime/runtime.rs:342:18
  29:     0x562726dd1896 - integration_tests::integration::telemetry::metrics::test_subgraph_auth_metrics::h3b2af921bd45de9a
                               at /root/project/apollo-router/tests/integration/telemetry/metrics.rs:127:217
  30:     0x562726dd1727 - integration_tests::integration::telemetry::metrics::test_subgraph_auth_metrics::{{closure}}::hc50cf7b567acacaf
                               at /root/project/apollo-router/tests/integration/telemetry/metrics.rs:91:38
  31:     0x562726a9a5f6 - core::ops::function::FnOnce::call_once::hb64c12159efada38
                               at /rustc/1159e78c4747b02ef996e55082b704c09b970588/library/core/src/ops/function.rs:253:5
  32:     0x56272779832b - core::ops::function::FnOnce::call_once::h1f9474f1347fff52
                               at /rustc/1159e78c4747b02ef996e55082b704c09b970588/library/core/src/ops/function.rs:253:5
  33:     0x56272779832b - test::__rust_begin_short_backtrace::ha52ab26e77157f03
                               at /rustc/1159e78c4747b02ef996e55082b704c09b970588/library/test/src/lib.rs:648:18
  34:     0x562727797465 - test::run_test_in_process::{{closure}}::h229c1a11a50b261f
                               at /rustc/1159e78c4747b02ef996e55082b704c09b970588/library/test/src/lib.rs:671:74
  35:     0x562727797465 - <core::panic::unwind_safe::AssertUnwindSafe<F> as core::ops::function::FnOnce<()>>::call_once::h78821afbf97b39a9
                               at /rustc/1159e78c4747b02ef996e55082b704c09b970588/library/core/src/panic/unwind_safe.rs:272:9
  36:     0x562727797465 - std::panicking::catch_unwind::do_call::h53abf3ed5bd32ba3
                               at /rustc/1159e78c4747b02ef996e55082b704c09b970588/library/std/src/panicking.rs:589:40
  37:     0x562727797465 - std::panicking::catch_unwind::h6deb5fe1e91873c9
                               at /rustc/1159e78c4747b02ef996e55082b704c09b970588/library/std/src/panicking.rs:552:19
  38:     0x562727797465 - std::panic::catch_unwind::hea0829b6b565654b
                               at /rustc/1159e78c4747b02ef996e55082b704c09b970588/library/std/src/panic.rs:359:14
  39:     0x562727797465 - test::run_test_in_process::hdc44dfecea3db21b
                               at /rustc/1159e78c4747b02ef996e55082b704c09b970588/library/test/src/lib.rs:671:27
  40:     0x562727797465 - test::run_test::{{closure}}::h0364ba59bf23f652
                               at /rustc/1159e78c4747b02ef996e55082b704c09b970588/library/test/src/lib.rs:592:43
  41:     0x56272775b064 - test::run_test::{{closure}}::h32730b304eec05da
                               at /rustc/1159e78c4747b02ef996e55082b704c09b970588/library/test/src/lib.rs:622:41
  42:     0x56272775b064 - std::sys::backtrace::__rust_begin_short_backtrace::h177cb952fc54ad2c
                               at /rustc/1159e78c4747b02ef996e55082b704c09b970588/library/std/src/sys/backtrace.rs:158:18
  43:     0x56272775ea3a - std::thread::Builder::spawn_unchecked_::{{closure}}::{{closure}}::h119d903520007597
                               at /rustc/1159e78c4747b02ef996e55082b704c09b970588/library/std/src/thread/mod.rs:559:17
  44:     0x56272775ea3a - <core::panic::unwind_safe::AssertUnwindSafe<F> as core::ops::function::FnOnce<()>>::call_once::hab88401d606702a6
                               at /rustc/1159e78c4747b02ef996e55082b704c09b970588/library/core/src/panic/unwind_safe.rs:272:9
  45:     0x56272775ea3a - std::panicking::catch_unwind::do_call::h163fe12cca9901c2
                               at /rustc/1159e78c4747b02ef996e55082b704c09b970588/library/std/src/panicking.rs:589:40
  46:     0x56272775ea3a - std::panicking::catch_unwind::he81557d0e17cc1bc
                               at /rustc/1159e78c4747b02ef996e55082b704c09b970588/library/std/src/panicking.rs:552:19
  47:     0x56272775ea3a - std::panic::catch_unwind::hc2b8e79c20593955
                               at /rustc/1159e78c4747b02ef996e55082b704c09b970588/library/std/src/panic.rs:359:14
  48:     0x56272775ea3a - std::thread::Builder::spawn_unchecked_::{{closure}}::hfa6b4978e07815cc
                               at /rustc/1159e78c4747b02ef996e55082b704c09b970588/library/std/src/thread/mod.rs:557:30
  49:     0x56272775ea3a - core::ops::function::FnOnce::call_once{{vtable.shim}}::hddcd7484a13fd793
                               at /rustc/1159e78c4747b02ef996e55082b704c09b970588/library/core/src/ops/function.rs:253:5
  50:     0x56272d64daef - <alloc::boxed::Box<F,A> as core::ops::function::FnOnce<Args>>::call_once::h5924238c754de3b8
                               at /rustc/1159e78c4747b02ef996e55082b704c09b970588/library/alloc/src/boxed.rs:1971:9
  51:     0x56272d64daef - std::sys::pal::unix::thread::Thread::new::thread_start::hb6e99e73da4d28f8
                               at /rustc/1159e78c4747b02ef996e55082b704c09b970588/library/std/src/sys/pal/unix/thread.rs:107:17
  52:     0x7fcbadf3f1ca - start_thread
  53:     0x7fcbae3a88d3 - __GI___clone
  54:                0x0 - <unknown>
[0m
[33;1m        SLOW[0m [> 60.000s] [35;1mapollo-router::samples[0m [34;1m/enterprise/entity-cache/invalidation-entity-key[0m
[31;1m        FAIL[0m [  62.110s] [35;1mapollo-router::samples[0m [34;1m/enterprise/entity-cache/invalidation-entity-key[0m

[35;1m--- [0m[35;1mSTDOUT:              [0m[35;1mapollo-router::samples[0m [34;1m/enterprise/entity-cache/invalidation-entity-key[0m[35;1m ---[0m

running 1 test
[2m2025-11-13T03:17:20.998132Z[0m [32m INFO[0m Loading supergraph from file
test at path: "/root/project/apollo-router/tests/samples/enterprise/entity-cache/invalidation-entity-key"
# Entity cache invalidation

This tests entity cache invalidation based on entity keys. This is the expected process:
- a query is sent to the router, for which multiple entities will be requested
- we reload the subgraph with a mock mutation where the response has an extension to invalidate one of the entities
- we do the same query, we should see an `_entities` query that only requests that specific entity

============


subgraphs listening on http://127.0.0.1:40769/
got subgraph mocks: {"invalidation-entity-key-products": "http://127.0.0.1:40769/", "invalidation-entity-key-reviews": "http://127.0.0.1:40769/"}

query: {"query":"query InvalidationEntityKey { topProducts { reviews { body } } }"}

header: {}

response headers: {"cache-control": "max-age=10,public", "content-type": "application/json", "vary": "origin", "date": "Thu, 13 Nov 2025 03:17:22 GMT", "transfer-encoding": "chunked"}
reloading subgraphs with: {"invalidation-entity-key-reviews": Subgraph { snapshot: None, requests: Some([SubgraphRequestMock { request: HttpRequest { method: None, path: None, headers: {}, body: Some(Object {"query": String("mutation InvalidationEntityKey__invalidation_entity_key_reviews__0 { invalidateProductReview }"), "operationName": String("InvalidationEntityKey__invalidation_entity_key_reviews__0")}) }, response: HttpResponse { status: None, headers: {"Content-Type": "application/json"}, body: Object {"data": Object {"invalidateProductReview": Number(1)}, "extensions": Object {"invalidation": Array [Object {"kind": String("entity"), "subgraph": String("invalidation-entity-key-reviews"), "type": String("Product"), "key": Object {"upc": String("1")}}]}} } }, SubgraphRequestMock { request: HttpRequest { method: None, path: None, headers: {}, body: Some(Object {"query": String("query InvalidationEntityKey__invalidation_entity_key_reviews__1($representations: [_Any!]!) { _entities(representations: $representations) { ... on Product { reviews { body } } } }"), "operationName": String("InvalidationEntityKey__invalidation_entity_key_reviews__1"), "variables": Object {"representations": Array [Object {"upc": String("1"), "__typename": String("Product")}]}}) }, response: HttpResponse { status: Some(500), headers: {"Cache-Control": "public, max-age=10", "Content-Type": "application/json"}, body: Object {} } }]) }}

query: {"query":"query InvalidationEntityKey { topProducts { reviews { body } } }"}

header: {}

response headers: {"cache-control": "max-age=10,public", "content-type": "application/json", "vary": "origin", "date": "Thu, 13 Nov 2025 03:17:22 GMT", "transfer-encoding": "chunked"}

query: {"query":"mutation InvalidationEntityKey { invalidateProductReview }"}

header: {}

response headers: {"cache-control": "no-store", "content-type": "application/json", "vary": "origin", "date": "Thu, 13 Nov 2025 03:17:22 GMT", "transfer-encoding": "chunked"}

query: {"query":"query InvalidationEntityKey { topProducts { reviews { body } } }"}

header: {}

[2m2025-11-13T03:18:23.045627Z[0m [32m INFO[0m Mock server shutting down
[2m2025-11-13T03:18:23.045621Z[0m [32m INFO[0m Mock server shutting down
[2m2025-11-13T03:18:23.045806Z[0m [32m INFO[0m Mock server shutting down
test /enterprise/entity-cache/invalidation-entity-key ... FAILED

failures:

---- /enterprise/entity-cache/invalidation-entity-key ----
test panicked: unable to send successful request to router, error sending request for url (http://127.0.0.1:43211/)


failures:
    /enterprise/entity-cache/invalidation-entity-key

test result: FAILED. 0 passed; 1 failed; 0 ignored; 0 measured; 17 filtered out; finished in 62.07s

[0m
[35;1m--- [0m[35;1mSTDERR:              [0m[35;1mapollo-router::samples[0m [34;1m/enterprise/entity-cache/invalidation-entity-key[0m[35;1m ---[0m

thread '<unnamed>' panicked at apollo-router/tests/./common.rs:950:25:
unable to send successful request to router, error sending request for url (http://127.0.0.1:43211/)
stack backtrace:
   0:     0x56151e309342 - std::backtrace_rs::backtrace::libunwind::trace::h2d45396358f41939
                               at /rustc/1159e78c4747b02ef996e55082b704c09b970588/library/std/src/../../backtrace/src/backtrace/libunwind.rs:117:9
   1:     0x56151e309342 - std::backtrace_rs::backtrace::trace_unsynchronized::hffcefc0b67f1d6e2
                               at /rustc/1159e78c4747b02ef996e55082b704c09b970588/library/std/src/../../backtrace/src/backtrace/mod.rs:66:14
   2:     0x56151e309342 - std::sys::backtrace::_print_fmt::hd72f71d23b436b92
                               at /rustc/1159e78c4747b02ef996e55082b704c09b970588/library/std/src/sys/backtrace.rs:66:9
   3:     0x56151e309342 - <std::sys::backtrace::BacktraceLock::print::DisplayBacktrace as core::fmt::Display>::fmt::hdcfcb6d4c8489523
                               at /rustc/1159e78c4747b02ef996e55082b704c09b970588/library/std/src/sys/backtrace.rs:39:26
   4:     0x56151e337fd3 - core::fmt::rt::Argument::fmt::h2c56b3114963061a
                               at /rustc/1159e78c4747b02ef996e55082b704c09b970588/library/core/src/fmt/rt.rs:173:76
   5:     0x56151e337fd3 - core::fmt::write::h8a494366950f23bb
                               at /rustc/1159e78c4747b02ef996e55082b704c09b970588/library/core/src/fmt/mod.rs:1468:25
   6:     0x56151e3043e3 - std::io::default_write_fmt::ha27fbccbc65eb6fa
                               at /rustc/1159e78c4747b02ef996e55082b704c09b970588/library/std/src/io/mod.rs:639:11
   7:     0x56151e3043e3 - std::io::Write::write_fmt::h6556609fca33d0b1
                               at /rustc/1159e78c4747b02ef996e55082b704c09b970588/library/std/src/io/mod.rs:1954:13
   8:     0x56151e309192 - std::sys::backtrace::BacktraceLock::print::hb2a626a81e06b2dc
                               at /rustc/1159e78c4747b02ef996e55082b704c09b970588/library/std/src/sys/backtrace.rs:42:9
   9:     0x56151e30ac63 - std::panicking::default_hook::{{closure}}::h4f78485264f12d10
                               at /rustc/1159e78c4747b02ef996e55082b704c09b970588/library/std/src/panicking.rs:300:27
  10:     0x56151e30aa45 - std::panicking::default_hook::h2c66fc99e962531d
                               at /rustc/1159e78c4747b02ef996e55082b704c09b970588/library/std/src/panicking.rs:327:9
  11:     0x56151e30b675 - std::panicking::rust_panic_with_hook::h33ac55f64bbd807d
                               at /rustc/1159e78c4747b02ef996e55082b704c09b970588/library/std/src/panicking.rs:833:13
  12:     0x56151e30b40a - std::panicking::begin_panic_handler::{{closure}}::h30e7cb89678a57fe
                               at /rustc/1159e78c4747b02ef996e55082b704c09b970588/library/std/src/panicking.rs:706:13
  13:     0x56151e309849 - std::sys::backtrace::__rust_end_short_backtrace::hed60f27456c16ced
                               at /rustc/1159e78c4747b02ef996e55082b704c09b970588/library/std/src/sys/backtrace.rs:174:18
  14:     0x56151e30b09d - __rustc[de2ca18b4c54d5b8]::rust_begin_unwind
                               at /rustc/1159e78c4747b02ef996e55082b704c09b970588/library/std/src/panicking.rs:697:5
  15:     0x56151e334620 - core::panicking::panic_fmt::h62f63d096dd276af
                               at /rustc/1159e78c4747b02ef996e55082b704c09b970588/library/core/src/panicking.rs:75:14
  16:     0x5615198b7927 - samples::common::IntegrationTest::execute_query::{{closure}}::{{closure}}::h4cdb1a41a385ae63
                               at /root/project/apollo-router/tests/./common.rs:950:25
  17:     0x5615198a224e - <tracing_futures::Instrumented<T> as core::future::future::Future>::poll::hc20a62a39bbfdb14
                               at /root/.cargo/registry/src/index.crates.io-1949cf8c6b5b557f/tracing-futures-0.2.5/src/lib.rs:283:20
  18:     0x5615198b699f - samples::common::IntegrationTest::execute_query::{{closure}}::hbdf2861d1befce12
                               at /root/project/apollo-router/tests/./common.rs:955:14
  19:     0x5615198a232d - <tracing_futures::WithDispatch<T> as core::future::future::Future>::poll::{{closure}}::h26bc4947571123d5
                               at /root/.cargo/registry/src/index.crates.io-1949cf8c6b5b557f/tracing-futures-0.2.5/src/lib.rs:455:54
  20:     0x5615198f56a1 - tracing_core::dispatcher::with_default::hf826dbbf9235c397
                               at /root/.cargo/registry/src/index.crates.io-1949cf8c6b5b557f/tracing-core-0.1.34/src/dispatcher.rs:262:5
  21:     0x5615198a22fa - <tracing_futures::WithDispatch<T> as core::future::future::Future>::poll::h53c9d136bf941389
                               at /root/.cargo/registry/src/index.crates.io-1949cf8c6b5b557f/tracing-futures-0.2.5/src/lib.rs:455:9
  22:     0x561519756f11 - samples::TestExecution::request::{{closure}}::h5494a4ffb76014f5
                               at /root/project/apollo-router/tests/samples_tests.rs:567:14
  23:     0x56151974d131 - samples::TestExecution::execute_action::{{closure}}::hadf2eda4754bbd71
                               at /root/project/apollo-router/tests/samples_tests.rs:238:18
  24:     0x56151974be91 - samples::test::{{closure}}::h5658603f564d5271
                               at /root/project/apollo-router/tests/samples_tests.rs:157:67
  25:     0x5615197c3f99 - <core::panic::unwind_safe::AssertUnwindSafe<F> as core::future::future::Future>::poll::h2429b5aa83457c90
                               at /rustc/1159e78c4747b02ef996e55082b704c09b970588/library/core/src/panic/unwind_safe.rs:297:9
  26:     0x56151984bf0d - <futures_util::future::future::catch_unwind::CatchUnwind<Fut> as core::future::future::Future>::poll::{{closure}}::h7a49f7a8dcf3a6e8
                               at /root/.cargo/registry/src/index.crates.io-1949cf8c6b5b557f/futures-util-0.3.31/src/future/future/catch_unwind.rs:37:44
  27:     0x5615197c525a - <core::panic::unwind_safe::AssertUnwindSafe<F> as core::ops::function::FnOnce<()>>::call_once::h7bc97815947155d3
                               at /rustc/1159e78c4747b02ef996e55082b704c09b970588/library/core/src/panic/unwind_safe.rs:272:9
  28:     0x561519825c73 - std::panicking::catch_unwind::do_call::hdda07ffe9ed578b4
                               at /rustc/1159e78c4747b02ef996e55082b704c09b970588/library/std/src/panicking.rs:589:40
  29:     0x56151985f69b - __rust_try
  30:     0x56151984fac4 - std::panicking::catch_unwind::h4d5bb97086844532
                               at /rustc/1159e78c4747b02ef996e55082b704c09b970588/library/std/src/panicking.rs:552:19
  31:     0x56151984fac4 - std::panic::catch_unwind::h7f7ac0f88a56779f
                               at /rustc/1159e78c4747b02ef996e55082b704c09b970588/library/std/src/panic.rs:359:14
  32:     0x56151984be62 - <futures_util::future::future::catch_unwind::CatchUnwind<Fut> as core::future::future::Future>::poll::ha26ba356a1331f16
                               at /root/.cargo/registry/src/index.crates.io-1949cf8c6b5b557f/futures-util-0.3.31/src/future/future/catch_unwind.rs:37:9
  33:     0x5615197e5b7b - <core::pin::Pin<P> as core::future::future::Future>::poll::hb983550cacc9d040
                               at /rustc/1159e78c4747b02ef996e55082b704c09b970588/library/core/src/future/future.rs:133:9
  34:     0x56151988372b - tokio::runtime::park::CachedParkThread::block_on::{{closure}}::h46e0f59366e95435
                               at /root/.cargo/registry/src/index.crates.io-1949cf8c6b5b557f/tokio-1.48.0/src/runtime/park.rs:285:71
  35:     0x5615198827af - tokio::task::coop::with_budget::h4682aed31809e3f3
                               at /root/.cargo/registry/src/index.crates.io-1949cf8c6b5b557f/tokio-1.48.0/src/task/coop/mod.rs:167:5
  36:     0x5615198827af - tokio::task::coop::budget::h99745de22071ff36
                               at /root/.cargo/registry/src/index.crates.io-1949cf8c6b5b557f/tokio-1.48.0/src/task/coop/mod.rs:133:5
  37:     0x5615198827af - tokio::runtime::park::CachedParkThread::block_on::h4daba8a376f578a7
                               at /root/.cargo/registry/src/index.crates.io-1949cf8c6b5b557f/tokio-1.48.0/src/runtime/park.rs:285:31
  38:     0x561519874a9f - tokio::runtime::context::blocking::BlockingRegionGuard::block_on::h5a0e176aa775d505
                               at /root/.cargo/registry/src/index.crates.io-1949cf8c6b5b557f/tokio-1.48.0/src/runtime/context/blocking.rs:66:14
  39:     0x561519874eaf - tokio::runtime::scheduler::multi_thread::MultiThread::block_on::{{closure}}::h76d060983cb0761d
                               at /root/.cargo/registry/src/index.crates.io-1949cf8c6b5b557f/tokio-1.48.0/src/runtime/scheduler/multi_thread/mod.rs:87:22
  40:     0x56151988a43a - tokio::runtime::context::runtime::enter_runtime::h93a6bf4f6270fdb3
                               at /root/.cargo/registry/src/index.crates.io-1949cf8c6b5b557f/tokio-1.48.0/src/runtime/context/runtime.rs:65:16
  41:     0x561519874d57 - tokio::runtime::scheduler::multi_thread::MultiThread::block_on::h63ced914378e3429
                               at /root/.cargo/registry/src/index.crates.io-1949cf8c6b5b557f/tokio-1.48.0/src/runtime/scheduler/multi_thread/mod.rs:86:9
  42:     0x561519830fa2 - tokio::runtime::runtime::Runtime::block_on_inner::hc86e7aaa7f33158d
                               at /root/.cargo/registry/src/index.crates.io-1949cf8c6b5b557f/tokio-1.48.0/src/runtime/runtime.rs:370:50
  43:     0x56151983163c - tokio::runtime::runtime::Runtime::block_on::h33ecad46a724a928
                               at /root/.cargo/registry/src/index.crates.io-1949cf8c6b5b557f/tokio-1.48.0/src/runtime/runtime.rs:340:18
  44:     0x56151974babc - samples::test::h4c3c68ca347ff333
                               at /root/project/apollo-router/tests/samples_tests.rs:153:21
  45:     0x56151974b41c - samples::lookup_dir::{{closure}}::h9904b78d14f63cf8
                               at /root/project/apollo-router/tests/samples_tests.rs:132:54
  46:     0x561519805cca - libtest_mimic::Trial::test::{{closure}}::hf00bd4ce13c9923e
                               at /root/.cargo/registry/src/index.crates.io-1949cf8c6b5b557f/libtest-mimic-0.8.1/src/lib.rs:119:54
  47:     0x561519860646 - core::ops::function::FnOnce::call_once{{vtable.shim}}::h99c54dbb83e01843
                               at /rustc/1159e78c4747b02ef996e55082b704c09b970588/library/core/src/ops/function.rs:253:5
  48:     0x56151e1905bd - <alloc::boxed::Box<F,A> as core::ops::function::FnOnce<Args>>::call_once::h539b60f61d483980
                               at /rustc/1159e78c4747b02ef996e55082b704c09b970588/library/alloc/src/boxed.rs:1971:9
  49:     0x56151e17e8b0 - libtest_mimic::run_single::{{closure}}::h35ae4807efc9c6f0
                               at /root/.cargo/registry/src/index.crates.io-1949cf8c6b5b557f/libtest-mimic-0.8.1/src/lib.rs:576:43
  50:     0x56151e1967a0 - <core::panic::unwind_safe::AssertUnwindSafe<F> as core::ops::function::FnOnce<()>>::call_once::h5e950f644f6ec83b
                               at /rustc/1159e78c4747b02ef996e55082b704c09b970588/library/core/src/panic/unwind_safe.rs:272:9
  51:     0x56151e19ada1 - std::panicking::catch_unwind::do_call::hf9e2143ee7dfb2c6
                               at /rustc/1159e78c4747b02ef996e55082b704c09b970588/library/std/src/panicking.rs:589:40
  52:     0x56151e16259b - __rust_try
  53:     0x56151e15d9d7 - std::panicking::catch_unwind::hb30dd09f21f59a89
                               at /rustc/1159e78c4747b02ef996e55082b704c09b970588/library/std/src/panicking.rs:552:19
  54:     0x56151e15d9d7 - std::panic::catch_unwind::h9964d6a5e820f006
                               at /rustc/1159e78c4747b02ef996e55082b704c09b970588/library/std/src/panic.rs:359:14
  55:     0x56151e17e861 - libtest_mimic::run_single::h49a32d72ab580a33
                               at /root/.cargo/registry/src/index.crates.io-1949cf8c6b5b557f/libtest-mimic-0.8.1/src/lib.rs:576:5
  56:     0x56151e17e5f6 - libtest_mimic::run::{{closure}}::{{closure}}::h6002599c058d702d
                               at /root/.cargo/registry/src/index.crates.io-1949cf8c6b5b557f/libtest-mimic-0.8.1/src/lib.rs:531:43
  57:     0x56151e15d966 - std::sys::backtrace::__rust_begin_short_backtrace::hd4a35897796dc8c0
                               at /rustc/1159e78c4747b02ef996e55082b704c09b970588/library/std/src/sys/backtrace.rs:158:18
  58:     0x56151e192392 - std::thread::Builder::spawn_unchecked_::{{closure}}::{{closure}}::hf398193470edf921
                               at /rustc/1159e78c4747b02ef996e55082b704c09b970588/library/std/src/thread/mod.rs:559:17
  59:     0x56151e1967d1 - <core::panic::unwind_safe::AssertUnwindSafe<F> as core::ops::function::FnOnce<()>>::call_once::h96c0bec8f218bd8c
                               at /rustc/1159e78c4747b02ef996e55082b704c09b970588/library/core/src/panic/unwind_safe.rs:272:9
  60:     0x56151e19ad20 - std::panicking::catch_unwind::do_call::h7a128ccfa2f83014
                               at /rustc/1159e78c4747b02ef996e55082b704c09b970588/library/std/src/panicking.rs:589:40
  61:     0x56151e19371b - __rust_try
  62:     0x56151e191f81 - std::panicking::catch_unwind::h86f43b3d68e40336
                               at /rustc/1159e78c4747b02ef996e55082b704c09b970588/library/std/src/panicking.rs:552:19
  63:     0x56151e191f81 - std::panic::catch_unwind::h5835dfc914b82508
                               at /rustc/1159e78c4747b02ef996e55082b704c09b970588/library/std/src/panic.rs:359:14
  64:     0x56151e191f81 - std::thread::Builder::spawn_unchecked_::{{closure}}::h289bceba9f3d1f5f
                               at /rustc/1159e78c4747b02ef996e55082b704c09b970588/library/std/src/thread/mod.rs:557:30
  65:     0x56151e18d63f - core::ops::function::FnOnce::call_once{{vtable.shim}}::h589dc32921c38de7
                               at /rustc/1159e78c4747b02ef996e55082b704c09b970588/library/core/src/ops/function.rs:253:5
  66:     0x56151e30edff - <alloc::boxed::Box<F,A> as core::ops::function::FnOnce<Args>>::call_once::h5924238c754de3b8
                               at /rustc/1159e78c4747b02ef996e55082b704c09b970588/library/alloc/src/boxed.rs:1971:9
  67:     0x56151e30edff - std::sys::pal::unix::thread::Thread::new::thread_start::hb6e99e73da4d28f8
                               at /rustc/1159e78c4747b02ef996e55082b704c09b970588/library/std/src/sys/pal/unix/thread.rs:107:17
  68:     0x7ff5b90ab1ca - start_thread
  69:     0x7ff5b95148d3 - __GI___clone
  70:                0x0 - <unknown>
[0m
------------
[31;1m     Summary[0m [ 125.394s] [1m4334[0m tests run: [1m4323[0m [32;1mpassed[0m ([1m1[0m [33;1mslow[0m, [1m5[0m [33;1mflaky[0m), [1m11[0m [31;1mfailed[0m, [1m99[0m [33;1mskipped[0m
[33;1m        SKIP[0m [         ] [35;1mapollo-federation[0m [36mschema::schema_upgrader::tests[0m[36m::[0m[34;1mupdate_federation_directive_non_string_arguments[0m
[33;1m        SKIP[0m [         ] [35;1mapollo-federation[0m [36mschema::validators::from_context::tests[0m[36m::[0m[34;1mtest_fromcontext_on_directive_definition[0m
[33;1m        SKIP[0m [         ] [35;1mapollo-federation::main[0m [36mcomposition::compose_directive::composition[0m[36m::[0m[34;1mcomposes_custom_directive_with_nullable_array_arguments[0m
[33;1m        SKIP[0m [         ] [35;1mapollo-federation::main[0m [36mcomposition::compose_directive::composition[0m[36m::[0m[34;1mcomposes_custom_tag_directive_when_renamed[0m
[33;1m        SKIP[0m [         ] [35;1mapollo-federation::main[0m [36mcomposition::compose_directive::composition[0m[36m::[0m[34;1mcomposes_custom_tag_when_federation_tag_is_renamed[0m
[33;1m        SKIP[0m [         ] [35;1mapollo-federation::main[0m [36mcomposition::compose_directive::composition[0m[36m::[0m[34;1mcomposes_repeatable_custom_directives[0m
[33;1m        SKIP[0m [         ] [35;1mapollo-federation::main[0m [36mcomposition::compose_directive::federation_directives::hints_for_default_composed_federation_directives[0m[36m::[0m[34;1mcase_1[0m
[33;1m        SKIP[0m [         ] [35;1mapollo-federation::main[0m [36mcomposition::compose_directive::federation_directives::hints_for_default_composed_federation_directives[0m[36m::[0m[34;1mcase_2[0m
[33;1m        SKIP[0m [         ] [35;1mapollo-federation::main[0m [36mcomposition::compose_directive::federation_directives::hints_for_default_composed_federation_directives[0m[36m::[0m[34;1mcase_3[0m
[33;1m        SKIP[0m [         ] [35;1mapollo-federation::main[0m [36mcomposition::compose_directive::federation_directives::hints_for_default_composed_federation_directives[0m[36m::[0m[34;1mcase_4[0m
[33;1m        SKIP[0m [         ] [35;1mapollo-federation::main[0m [36mcomposition::compose_directive::federation_directives::hints_for_renamed_default_composed_federation_directives[0m[36m::[0m[34;1mcase_1[0m
[33;1m        SKIP[0m [         ] [35;1mapollo-federation::main[0m [36mcomposition::compose_directive::federation_directives::hints_for_renamed_default_composed_federation_directives[0m[36m::[0m[34;1mcase_2[0m
[33;1m        SKIP[0m [         ] [35;1mapollo-federation::main[0m [36mcomposition::compose_directive::federation_directives::hints_for_renamed_default_composed_federation_directives[0m[36m::[0m[34;1mcase_3[0m
[33;1m        SKIP[0m [         ] [35;1mapollo-federation::main[0m [36mcomposition::compose_directive::federation_directives::hints_for_renamed_default_composed_federation_directives[0m[36m::[0m[34;1mcase_4[0m
[33;1m        SKIP[0m [         ] [35;1mapollo-federation::main[0m [36mcomposition::compose_directive::inconsistent_feature_versions::composes_mismatched_versions_with_latest_used_definition[0m[36m::[0m[34;1mcase_1[0m
[33;1m        SKIP[0m [         ] [35;1mapollo-federation::main[0m [36mcomposition::compose_directive::inconsistent_feature_versions::composes_mismatched_versions_with_latest_used_definition[0m[36m::[0m[34;1mcase_2[0m
[33;1m        SKIP[0m [         ] [35;1mapollo-federation::main[0m [36mcomposition::compose_directive::inconsistent_feature_versions[0m[36m::[0m[34;1mhints_when_mismatched_versions_are_not_composed[0m
[33;1m        SKIP[0m [         ] [35;1mapollo-federation::main[0m [36mcomposition::compose_directive::inconsistent_imports::composes_mismatched_imports_with_unqualified_name[0m[36m::[0m[34;1mcase_1[0m
[33;1m        SKIP[0m [         ] [35;1mapollo-federation::main[0m [36mcomposition::compose_directive::inconsistent_imports::composes_mismatched_imports_with_unqualified_name[0m[36m::[0m[34;1mcase_2[0m
[33;1m        SKIP[0m [         ] [35;1mapollo-federation::main[0m [36mcomposition::compose_directive::inconsistent_imports[0m[36m::[0m[34;1merrors_when_exported_but_undefined[0m
[33;1m        SKIP[0m [         ] [35;1mapollo-federation::main[0m [36mcomposition::compose_directive::inconsistent_imports[0m[36m::[0m[34;1mhints_when_imported_with_mismatched_name_but_not_exported[0m
[33;1m        SKIP[0m [         ] [35;1mapollo-federation::main[0m [36mcomposition::compose_directive::simple_cases[0m[36m::[0m[34;1msimple_success_case[0m
[33;1m        SKIP[0m [         ] [35;1mapollo-federation::main[0m [36mcomposition::compose_directive::simple_cases[0m[36m::[0m[34;1msimple_success_case_no_import[0m
[33;1m        SKIP[0m [         ] [35;1mapollo-federation::main[0m [36mcomposition::compose_directive::simple_cases[0m[36m::[0m[34;1msimple_success_case_renamed_compose_directive[0m
[33;1m        SKIP[0m [         ] [35;1mapollo-federation::main[0m [36mcomposition::compose_interface_object[0m[36m::[0m[34;1minterface_object_composes_references_to_interface_object[0m
[33;1m        SKIP[0m [         ] [35;1mapollo-federation::main[0m [36mcomposition::compose_interface_object[0m[36m::[0m[34;1minterface_object_composes_valid_usages_correctly[0m
[33;1m        SKIP[0m [         ] [35;1mapollo-federation::main[0m [36mcomposition::compose_interface_object[0m[36m::[0m[34;1minterface_object_does_not_error_when_optimizing_unnecessary_loops[0m
[33;1m        SKIP[0m [         ] [35;1mapollo-federation::main[0m [36mcomposition::compose_interface_object[0m[36m::[0m[34;1minterface_object_errors_if_interface_has_key_but_subgraph_doesnt_know_all_implementations[0m
[33;1m        SKIP[0m [         ] [35;1mapollo-federation::main[0m [36mcomposition::compose_interface_object[0m[36m::[0m[34;1minterface_object_errors_if_missing_in_some_subgraph[0m
[33;1m        SKIP[0m [         ] [35;1mapollo-federation::main[0m [36mcomposition::compose_interface_object[0m[36m::[0m[34;1minterface_object_errors_if_subgraph_defines_both_interface_object_and_implementations[0m
[33;1m        SKIP[0m [         ] [35;1mapollo-federation::main[0m [36mcomposition::compose_interface_object[0m[36m::[0m[34;1minterface_object_errors_if_used_with_no_corresponding_interface[0m
[33;1m        SKIP[0m [         ] [35;1mapollo-federation::main[0m [36mcomposition::compose_interface_object[0m[36m::[0m[34;1minterface_object_fed354_repro_failure[0m
[33;1m        SKIP[0m [         ] [35;1mapollo-federation::main[0m [36mcomposition::compose_misc[0m[36m::[0m[34;1mmisc_existing_authenticated_directive_with_fed1[0m
[33;1m        SKIP[0m [         ] [35;1mapollo-federation::main[0m [36mcomposition::compose_misc[0m[36m::[0m[34;1mmisc_handles_fragments_in_requires_using_inaccessible_types[0m
[33;1m        SKIP[0m [         ] [35;1mapollo-federation::main[0m [36mcomposition::compose_misc[0m[36m::[0m[34;1mmisc_works_with_normal_graphql_type_extension_when_definition_is_empty[0m
[33;1m        SKIP[0m [         ] [35;1mapollo-federation::main[0m [36mcomposition::connectors::tests[0m[36m::[0m[34;1mrequires_the_http_arg_for_connect[0m
[33;1m        SKIP[0m [         ] [35;1mapollo-federation::main[0m [36mcomposition::connectors::tests[0m[36m::[0m[34;1mrequires_the_http_arg_for_source[0m
[33;1m        SKIP[0m [         ] [35;1mapollo-federation::main[0m [36mcomposition::demand_control[0m[36m::[0m[34;1mcomposes_directives_imported_from_cost_spec[0m
[33;1m        SKIP[0m [         ] [35;1mapollo-federation::main[0m [36mcomposition::demand_control[0m[36m::[0m[34;1mcomposes_directives_imported_from_federation_spec[0m
[33;1m        SKIP[0m [         ] [35;1mapollo-federation::main[0m [36mcomposition::demand_control[0m[36m::[0m[34;1mcomposes_fully_qualified_directive_names[0m
[33;1m        SKIP[0m [         ] [35;1mapollo-federation::main[0m [36mcomposition::demand_control[0m[36m::[0m[34;1mcomposes_renamed_directives_imported_from_cost_spec[0m
[33;1m        SKIP[0m [         ] [35;1mapollo-federation::main[0m [36mcomposition::demand_control[0m[36m::[0m[34;1mcomposes_renamed_directives_imported_from_federation_spec[0m
[33;1m        SKIP[0m [         ] [35;1mapollo-federation::main[0m [36mcomposition::demand_control[0m[36m::[0m[34;1merrors_when_subgraphs_use_different_names[0m
[33;1m        SKIP[0m [         ] [35;1mapollo-federation::main[0m [36mcomposition::demand_control[0m[36m::[0m[34;1mhints_when_merging_listsize_arguments[0m
[33;1m        SKIP[0m [         ] [35;1mapollo-federation::main[0m [36mcomposition::external::tests[0m[36m::[0m[34;1merrors_on_incompatible_argument_types_in_external_declaration[0m
[33;1m        SKIP[0m [         ] [35;1mapollo-federation::main[0m [36mcomposition::external::tests[0m[36m::[0m[34;1merrors_on_incompatible_types_with_external[0m
[33;1m        SKIP[0m [         ] [35;1mapollo-federation::main[0m [36mcomposition::external::tests[0m[36m::[0m[34;1merrors_on_missing_arguments_to_external_declaration[0m
[33;1m        SKIP[0m [         ] [35;1mapollo-federation::main[0m [36mcomposition::external::tests[0m[36m::[0m[34;1mexternal_marked_on_type[0m
[33;1m        SKIP[0m [         ] [35;1mapollo-federation::main[0m [36mcomposition::override_directive[0m[36m::[0m[34;1mdoes_not_allow_override_on_interface_fields[0m
[33;1m        SKIP[0m [         ] [35;1mapollo-federation::main[0m [36mcomposition::override_directive::interface_object[0m[36m::[0m[34;1mdoes_not_allow_override_on_interface_object_fields[0m
[33;1m        SKIP[0m [         ] [35;1mapollo-federation::main[0m [36mcomposition::override_directive::interface_object[0m[36m::[0m[34;1mdoes_not_allow_override_when_overriden_field_is_an_interface_object_field[0m
[33;1m        SKIP[0m [         ] [35;1mapollo-federation::main[0m [36mcomposition::override_directive[0m[36m::[0m[34;1minvalid_override_key_field_breaks_composition[0m
[33;1m        SKIP[0m [         ] [35;1mapollo-federation::main[0m [36mcomposition::override_directive[0m[36m::[0m[34;1mmultiple_override_error[0m
[33;1m        SKIP[0m [         ] [35;1mapollo-federation::main[0m [36mcomposition::override_directive[0m[36m::[0m[34;1moverride_field_in_provides[0m
[33;1m        SKIP[0m [         ] [35;1mapollo-federation::main[0m [36mcomposition::override_directive[0m[36m::[0m[34;1moverride_field_in_requires[0m
[33;1m        SKIP[0m [         ] [35;1mapollo-federation::main[0m [36mcomposition::override_directive[0m[36m::[0m[34;1moverride_field_necessary_for_interface[0m
[33;1m        SKIP[0m [         ] [35;1mapollo-federation::main[0m [36mcomposition::override_directive[0m[36m::[0m[34;1moverride_field_that_is_key_in_another_type[0m
[33;1m        SKIP[0m [         ] [35;1mapollo-federation::main[0m [36mcomposition::override_directive[0m[36m::[0m[34;1moverride_from_self_error[0m
[33;1m        SKIP[0m [         ] [35;1mapollo-federation::main[0m [36mcomposition::override_directive[0m[36m::[0m[34;1moverride_key_field[0m
[33;1m        SKIP[0m [         ] [35;1mapollo-federation::main[0m [36mcomposition::override_directive[0m[36m::[0m[34;1moverride_key_field_with_changed_type_definition[0m
[33;1m        SKIP[0m [         ] [35;1mapollo-federation::main[0m [36mcomposition::override_directive[0m[36m::[0m[34;1moverride_single_field[0m
[33;1m        SKIP[0m [         ] [35;1mapollo-federation::main[0m [36mcomposition::override_directive[0m[36m::[0m[34;1moverride_with_external_on_overridden_field[0m
[33;1m        SKIP[0m [         ] [35;1mapollo-federation::main[0m [36mcomposition::override_directive[0m[36m::[0m[34;1moverride_with_provides_on_overridden_field[0m
[33;1m        SKIP[0m [         ] [35;1mapollo-federation::main[0m [36mcomposition::override_directive[0m[36m::[0m[34;1moverride_with_requires_on_overridden_field[0m
[33;1m        SKIP[0m [         ] [35;1mapollo-federation::main[0m [36mcomposition::override_directive::progressive_override::composition_validation[0m[36m::[0m[34;1merrors_on_overridden_fields_in_requires_fieldset[0m
[33;1m        SKIP[0m [         ] [35;1mapollo-federation::main[0m [36mcomposition::override_directive::progressive_override::composition_validation[0m[36m::[0m[34;1mverify_forced_jump_from_s1_to_s2_due_to_override[0m
[33;1m        SKIP[0m [         ] [35;1mapollo-federation::main[0m [36mcomposition::override_directive::progressive_override::label_validation::allows_valid_labels[0m[36m::[0m[34;1mcase_1_alphanumeric[0m
[33;1m        SKIP[0m [         ] [35;1mapollo-federation::main[0m [36mcomposition::override_directive::progressive_override::label_validation::allows_valid_labels[0m[36m::[0m[34;1mcase_2_alphanumeric_with_special_chars[0m
[33;1m        SKIP[0m [         ] [35;1mapollo-federation::main[0m [36mcomposition::override_directive::progressive_override::label_validation::allows_valid_percent_based_labels[0m[36m::[0m[34;1mcase_1_half_percent[0m
[33;1m        SKIP[0m [         ] [35;1mapollo-federation::main[0m [36mcomposition::override_directive::progressive_override::label_validation::allows_valid_percent_based_labels[0m[36m::[0m[34;1mcase_2_one[0m
[33;1m        SKIP[0m [         ] [35;1mapollo-federation::main[0m [36mcomposition::override_directive::progressive_override::label_validation::allows_valid_percent_based_labels[0m[36m::[0m[34;1mcase_3_one_percent[0m
[33;1m        SKIP[0m [         ] [35;1mapollo-federation::main[0m [36mcomposition::override_directive::progressive_override::label_validation::allows_valid_percent_based_labels[0m[36m::[0m[34;1mcase_4_ninety_nine[0m
[33;1m        SKIP[0m [         ] [35;1mapollo-federation::main[0m [36mcomposition::override_directive::progressive_override::label_validation::disallows_invalid_labels[0m[36m::[0m[34;1mcase_1_starts_with_non_alpha[0m
[33;1m        SKIP[0m [         ] [35;1mapollo-federation::main[0m [36mcomposition::override_directive::progressive_override::label_validation::disallows_invalid_labels[0m[36m::[0m[34;1mcase_2_includes_invalid_chars[0m
[33;1m        SKIP[0m [         ] [35;1mapollo-federation::main[0m [36mcomposition::override_directive::progressive_override::label_validation::disallows_invalid_percent_based_labels[0m[36m::[0m[34;1mcase_1_point_one[0m
[33;1m        SKIP[0m [         ] [35;1mapollo-federation::main[0m [36mcomposition::override_directive::progressive_override::label_validation::disallows_invalid_percent_based_labels[0m[36m::[0m[34;1mcase_2_one_hundred_and_one[0m
[33;1m        SKIP[0m [         ] [35;1mapollo-federation::main[0m [36mcomposition::override_directive::progressive_override::label_validation::disallows_invalid_percent_based_labels[0m[36m::[0m[34;1mcase_3_large_precision[0m
[33;1m        SKIP[0m [         ] [35;1mapollo-federation::main[0m [36mcomposition::override_directive::progressive_override::label_validation::disallows_invalid_percent_based_labels[0m[36m::[0m[34;1mcase_4_not_a_number[0m
[33;1m        SKIP[0m [         ] [35;1mapollo-federation::main[0m [36mcomposition::override_directive::progressive_override[0m[36m::[0m[34;1mverify_override_labels_are_present_in_supergraph[0m
[33;1m        SKIP[0m [         ] [35;1mapollo-federation::main[0m [36mcomposition::subscription[0m[36m::[0m[34;1mdirectives_incompatible_with_subscriptions_wont_compose[0m
[33;1m        SKIP[0m [         ] [35;1mapollo-federation::main[0m [36mcomposition::subscription[0m[36m::[0m[34;1msubscription_name_collisions_across_subgraphs_should_not_compose[0m
[33;1m        SKIP[0m [         ] [35;1mapollo-federation::main[0m [36mcomposition::subscription[0m[36m::[0m[34;1mtype_subscription_appears_in_the_supergraph[0m
[33;1m        SKIP[0m [         ] [35;1mapollo-federation::main[0m [36mcomposition::supergraph_reversibility::interface_object_tests[0m[36m::[0m[34;1mcorrectly_extract_external_fields_of_concrete_type_only_provided_by_an_interface_object[0m
[33;1m        SKIP[0m [         ] [35;1mapollo-federation::main[0m [36mcomposition::supergraph_reversibility::source_preserving_tests[0m[36m::[0m[34;1mpreserves_the_source_of_enum_members[0m
[33;1m        SKIP[0m [         ] [35;1mapollo-federation::main[0m [36mcomposition::supergraph_reversibility::source_preserving_tests[0m[36m::[0m[34;1mpreserves_the_source_of_union_members[0m
[33;1m        SKIP[0m [         ] [35;1mapollo-federation::main[0m [36mcomposition::validation_errors::interface_object_tests[0m[36m::[0m[34;1mfails_on_interface_object_usage_with_missing_key_on_interface[0m
[33;1m        SKIP[0m [         ] [35;1mapollo-federation::main[0m [36mcomposition::validation_errors::interface_object_tests[0m[36m::[0m[34;1mfails_on_interface_object_with_some_unreachable_implementation[0m
[33;1m        SKIP[0m [         ] [35;1mapollo-federation::main[0m [36mcomposition::validation_errors::non_resolvable_keys_tests[0m[36m::[0m[34;1mfails_if_key_is_declared_non_resolvable_but_would_be_needed[0m
[33;1m        SKIP[0m [         ] [35;1mapollo-federation::main[0m [36mcomposition::validation_errors::other_validation_errors_tests[0m[36m::[0m[34;1merrors_when_max_validation_subgraph_paths_is_exceeded[0m
[33;1m        SKIP[0m [         ] [35;1mapollo-federation::main[0m [36mcomposition::validation_errors::requires_tests[0m[36m::[0m[34;1mfails_if_it_cannot_satisfy_a_requires[0m
[33;1m        SKIP[0m [         ] [35;1mapollo-federation::main[0m [36mcomposition::validation_errors::requires_tests[0m[36m::[0m[34;1mfails_if_no_usable_post_requires_keys[0m
[33;1m        SKIP[0m [         ] [35;1mapollo-federation::main[0m [36mcomposition::validation_errors::shared_field_runtime_types_tests[0m[36m::[0m[34;1merrors_for_interfaces[0m
[33;1m        SKIP[0m [         ] [35;1mapollo-federation::main[0m [36mcomposition::validation_errors::shared_field_runtime_types_tests[0m[36m::[0m[34;1merrors_for_unions[0m
[33;1m        SKIP[0m [         ] [35;1mapollo-router::integration_tests[0m [36mintegration::file_upload[0m[36m::[0m[34;1mit_uploads_a_massive_file[0m
[33;1m        SKIP[0m [         ] [35;1mapollo-router::integration_tests[0m [36mintegration::subscription_load_test[0m[36m::[0m[34;1mtest_subscription_load[0m
[33;1m        SKIP[0m [         ] [35;1mapollo-router::integration_tests[0m [36mintegration::subscription_load_test[0m[36m::[0m[34;1mtest_subscription_load_federated[0m
[33;1m        SKIP[0m [         ] [35;1mapollo-router::integration_tests[0m [36mintegration::subscription_load_test[0m[36m::[0m[34;1mtest_subscription_memory_usage[0m
[33;1m        SKIP[0m [         ] [35;1mapollo-router::integration_tests[0m [36mintegration::subscription_load_test[0m[36m::[0m[34;1mtest_subscription_with_dedup_load_standalone[0m
[33;1m        SKIP[0m [         ] [35;1mapollo-router::integration_tests[0m [36mintegration::subscription_load_test[0m[36m::[0m[34;1mtest_subscription_without_dedup_load_standalone[0m
[33;1m        SLOW[0m [  52.166s] [35;1mapollo-router::integration_tests[0m [36mintegration::coprocessor[0m[36m::[0m[34;1mtest_coprocessor_response_handling[0m
[33;1m   FLAKY 3/3[0m [   4.763s] [35;1mapollo-router::integration_tests[0m [36mintegration::redis[0m[36m::[0m[34;1mquery_planner_redis_update_defer[0m
[33;1m   FLAKY 3/3[0m [   4.538s] [35;1mapollo-router::integration_tests[0m [36mintegration::redis[0m[36m::[0m[34;1mquery_planner_redis_update_query_fragments[0m
[33;1m   FLAKY 2/3[0m [   2.265s] [35;1mapollo-router::integration_tests[0m [36mintegration::telemetry::events[0m[36m::[0m[34;1mtest_events_with_request_header_condition[0m
[33;1m   FLAKY 2/3[0m [   2.461s] [35;1mapollo-router::integration_tests[0m [36mintegration::telemetry::logging[0m[36m::[0m[34;1mtest_json_sampler_off[0m
[33;1m   FLAKY 2/3[0m [   6.943s] [35;1mapollo-router::integration_tests[0m [36mintegration::telemetry::metrics[0m[36m::[0m[34;1mtest_bad_queries[0m
[31;1m        FAIL[0m [  22.949s] [35;1mapollo-router::integration_tests[0m [36mintegration::entity_cache[0m[36m::[0m[34;1mtest_cache_error_metrics[0m

[31;1m--- [0m[31;1mSTDOUT:              [0m[35;1mapollo-router::integration_tests[0m [36mintegration::entity_cache[0m[36m::[0m[34;1mtest_cache_error_metrics[0m[31;1m ---[0m

running 1 test
[2m2025-11-13T03:16:59.700649Z[0m [32m INFO[0m Loading supergraph from file
[2m2025-11-13T03:17:22.564564Z[0m [32m INFO[0m Mock server shutting down
[2m2025-11-13T03:17:22.568094Z[0m [32m INFO[0m Mock server shutting down
test integration::entity_cache::test_cache_error_metrics ... FAILED

failures:

failures:
    integration::entity_cache::test_cache_error_metrics

test result: FAILED. 0 passed; 1 failed; 0 ignored; 0 measured; 338 filtered out; finished in 22.89s

[0m
[31;1m--- [0m[31;1mSTDERR:              [0m[35;1mapollo-router::integration_tests[0m [36mintegration::entity_cache[0m[36m::[0m[34;1mtest_cache_error_metrics[0m[31;1m ---[0m

thread 'integration::entity_cache::test_cache_error_metrics' panicked at apollo-router/tests/integration/../common.rs:1326:9:
'apollo_router_cache_redis_errors_total\{error_type="io",kind="entity",otel_scope_name="apollo/router"\} 1' not detected in metrics
# HELP apollo_router_cache_hit_time Time to get a value from the cache in seconds
# TYPE apollo_router_cache_hit_time histogram
apollo_router_cache_hit_time_bucket{kind="query planner",storage="memory",otel_scope_name="apollo/router",le="0.001"} 1
apollo_router_cache_hit_time_bucket{kind="query planner",storage="memory",otel_scope_name="apollo/router",le="0.005"} 1
apollo_router_cache_hit_time_bucket{kind="query planner",storage="memory",otel_scope_name="apollo/router",le="0.015"} 1
apollo_router_cache_hit_time_bucket{kind="query planner",storage="memory",otel_scope_name="apollo/router",le="0.05"} 1
apollo_router_cache_hit_time_bucket{kind="query planner",storage="memory",otel_scope_name="apollo/router",le="0.1"} 1
apollo_router_cache_hit_time_bucket{kind="query planner",storage="memory",otel_scope_name="apollo/router",le="0.2"} 1
apollo_router_cache_hit_time_bucket{kind="query planner",storage="memory",otel_scope_name="apollo/router",le="0.3"} 1
apollo_router_cache_hit_time_bucket{kind="query planner",storage="memory",otel_scope_name="apollo/router",le="0.4"} 1
apollo_router_cache_hit_time_bucket{kind="query planner",storage="memory",otel_scope_name="apollo/router",le="0.5"} 1
apollo_router_cache_hit_time_bucket{kind="query planner",storage="memory",otel_scope_name="apollo/router",le="1"} 1
apollo_router_cache_hit_time_bucket{kind="query planner",storage="memory",otel_scope_name="apollo/router",le="5"} 1
apollo_router_cache_hit_time_bucket{kind="query planner",storage="memory",otel_scope_name="apollo/router",le="10"} 1
apollo_router_cache_hit_time_bucket{kind="query planner",storage="memory",otel_scope_name="apollo/router",le="+Inf"} 1
apollo_router_cache_hit_time_sum{kind="query planner",storage="memory",otel_scope_name="apollo/router"} 0.000022934
apollo_router_cache_hit_time_count{kind="query planner",storage="memory",otel_scope_name="apollo/router"} 1
# HELP apollo_router_cache_miss_time Time to check the cache for an uncached value in seconds
# TYPE apollo_router_cache_miss_time histogram
apollo_router_cache_miss_time_bucket{kind="query planner",storage="memory",otel_scope_name="apollo/router",le="0.001"} 2
apollo_router_cache_miss_time_bucket{kind="query planner",storage="memory",otel_scope_name="apollo/router",le="0.005"} 2
apollo_router_cache_miss_time_bucket{kind="query planner",storage="memory",otel_scope_name="apollo/router",le="0.015"} 2
apollo_router_cache_miss_time_bucket{kind="query planner",storage="memory",otel_scope_name="apollo/router",le="0.05"} 2
apollo_router_cache_miss_time_bucket{kind="query planner",storage="memory",otel_scope_name="apollo/router",le="0.1"} 2
apollo_router_cache_miss_time_bucket{kind="query planner",storage="memory",otel_scope_name="apollo/router",le="0.2"} 2
apollo_router_cache_miss_time_bucket{kind="query planner",storage="memory",otel_scope_name="apollo/router",le="0.3"} 2
apollo_router_cache_miss_time_bucket{kind="query planner",storage="memory",otel_scope_name="apollo/router",le="0.4"} 2
apollo_router_cache_miss_time_bucket{kind="query planner",storage="memory",otel_scope_name="apollo/router",le="0.5"} 2
apollo_router_cache_miss_time_bucket{kind="query planner",storage="memory",otel_scope_name="apollo/router",le="1"} 2
apollo_router_cache_miss_time_bucket{kind="query planner",storage="memory",otel_scope_name="apollo/router",le="5"} 2
apollo_router_cache_miss_time_bucket{kind="query planner",storage="memory",otel_scope_name="apollo/router",le="10"} 2
apollo_router_cache_miss_time_bucket{kind="query planner",storage="memory",otel_scope_name="apollo/router",le="+Inf"} 2
apollo_router_cache_miss_time_sum{kind="query planner",storage="memory",otel_scope_name="apollo/router"} 0.000012645
apollo_router_cache_miss_time_count{kind="query planner",storage="memory",otel_scope_name="apollo/router"} 2
# HELP apollo_router_cache_redis_clients Number of active Redis clients
# TYPE apollo_router_cache_redis_clients gauge
apollo_router_cache_redis_clients{otel_scope_name="apollo/router"} 0
# HELP apollo_router_cache_redis_command_queue_length Number of Redis commands buffered and not yet sent
# TYPE apollo_router_cache_redis_command_queue_length gauge
apollo_router_cache_redis_command_queue_length{kind="entity",otel_scope_name="apollo/router"} 10
# HELP apollo_router_cache_redis_commands_executed_total Number of Redis commands executed
# TYPE apollo_router_cache_redis_commands_executed_total counter
apollo_router_cache_redis_commands_executed_total{kind="entity",otel_scope_name="apollo/router"} 0
# HELP apollo_router_cache_redis_errors_total Number of Redis errors by type
# TYPE apollo_router_cache_redis_errors_total counter
apollo_router_cache_redis_errors_total{error_type="io",kind="entity",otel_scope_name="apollo/router"} 2
apollo_router_cache_redis_errors_total{error_type="timeout",kind="entity",otel_scope_name="apollo/router"} 12
# HELP apollo_router_cache_redis_redelivery_count_total Number of Redis command redeliveries due to connection issues
# TYPE apollo_router_cache_redis_redelivery_count_total counter
apollo_router_cache_redis_redelivery_count_total{kind="entity",otel_scope_name="apollo/router"} 0
# HELP apollo_router_cache_size Cache size
# TYPE apollo_router_cache_size gauge
apollo_router_cache_size{kind="APQ",type="memory",otel_scope_name="apollo/router"} 0
apollo_router_cache_size{kind="query planner",type="memory",otel_scope_name="apollo/router"} 1
# HELP apollo_router_cache_storage_estimated_size Estimated cache storage
# TYPE apollo_router_cache_storage_estimated_size gauge
apollo_router_cache_storage_estimated_size{kind="query planner",type="memory",otel_scope_name="apollo/router"} 2284
# HELP apollo_router_compute_jobs_active_jobs Number of computation jobs in progress
# TYPE apollo_router_compute_jobs_active_jobs gauge
apollo_router_compute_jobs_active_jobs{job_type="query_parsing",otel_scope_name="apollo/router"} 0
apollo_router_compute_jobs_active_jobs{job_type="query_planning",otel_scope_name="apollo/router"} 0
# HELP apollo_router_compute_jobs_duration_seconds Total job processing time
# TYPE apollo_router_compute_jobs_duration_seconds histogram
apollo_router_compute_jobs_duration_seconds_bucket{job_outcome="executed_ok",job_type="query_parsing",otel_scope_name="apollo/router",le="0.001"} 0
apollo_router_compute_jobs_duration_seconds_bucket{job_outcome="executed_ok",job_type="query_parsing",otel_scope_name="apollo/router",le="0.005"} 1
apollo_router_compute_jobs_duration_seconds_bucket{job_outcome="executed_ok",job_type="query_parsing",otel_scope_name="apollo/router",le="0.015"} 2
apollo_router_compute_jobs_duration_seconds_bucket{job_outcome="executed_ok",job_type="query_parsing",otel_scope_name="apollo/router",le="0.05"} 2
apollo_router_compute_jobs_duration_seconds_bucket{job_outcome="executed_ok",job_type="query_parsing",otel_scope_name="apollo/router",le="0.1"} 2
apollo_router_compute_jobs_duration_seconds_bucket{job_outcome="executed_ok",job_type="query_parsing",otel_scope_name="apollo/router",le="0.2"} 2
apollo_router_compute_jobs_duration_seconds_bucket{job_outcome="executed_ok",job_type="query_parsing",otel_scope_name="apollo/router",le="0.3"} 2
apollo_router_compute_jobs_duration_seconds_bucket{job_outcome="executed_ok",job_type="query_parsing",otel_scope_name="apollo/router",le="0.4"} 2
apollo_router_compute_jobs_duration_seconds_bucket{job_outcome="executed_ok",job_type="query_parsing",otel_scope_name="apollo/router",le="0.5"} 2
apollo_router_compute_jobs_duration_seconds_bucket{job_outcome="executed_ok",job_type="query_parsing",otel_scope_name="apollo/router",le="1"} 2
apollo_router_compute_jobs_duration_seconds_bucket{job_outcome="executed_ok",job_type="query_parsing",otel_scope_name="apollo/router",le="5"} 2
apollo_router_compute_jobs_duration_seconds_bucket{job_outcome="executed_ok",job_type="query_parsing",otel_scope_name="apollo/router",le="10"} 2
apollo_router_compute_jobs_duration_seconds_bucket{job_outcome="executed_ok",job_type="query_parsing",otel_scope_name="apollo/router",le="+Inf"} 2
apollo_router_compute_jobs_duration_seconds_sum{job_outcome="executed_ok",job_type="query_parsing",otel_scope_name="apollo/router"} 0.007177538
apollo_router_compute_jobs_duration_seconds_count{job_outcome="executed_ok",job_type="query_parsing",otel_scope_name="apollo/router"} 2
apollo_router_compute_jobs_duration_seconds_bucket{job_outcome="executed_ok",job_type="query_planning",otel_scope_name="apollo/router",le="0.001"} 0
apollo_router_compute_jobs_duration_seconds_bucket{job_outcome="executed_ok",job_type="query_planning",otel_scope_name="apollo/router",le="0.005"} 0
apollo_router_compute_jobs_duration_seconds_bucket{job_outcome="executed_ok",job_type="query_planning",otel_scope_name="apollo/router",le="0.015"} 2
apollo_router_compute_jobs_duration_seconds_bucket{job_outcome="executed_ok",job_type="query_planning",otel_scope_name="apollo/router",le="0.05"} 2
apollo_router_compute_jobs_duration_seconds_bucket{job_outcome="executed_ok",job_type="query_planning",otel_scope_name="apollo/router",le="0.1"} 2
apollo_router_compute_jobs_duration_seconds_bucket{job_outcome="executed_ok",job_type="query_planning",otel_scope_name="apollo/router",le="0.2"} 2
apollo_router_compute_jobs_duration_seconds_bucket{job_outcome="executed_ok",job_type="query_planning",otel_scope_name="apollo/router",le="0.3"} 2
apollo_router_compute_jobs_duration_seconds_bucket{job_outcome="executed_ok",job_type="query_planning",otel_scope_name="apollo/router",le="0.4"} 2
apollo_router_compute_jobs_duration_seconds_bucket{job_outcome="executed_ok",job_type="query_planning",otel_scope_name="apollo/router",le="0.5"} 2
apollo_router_compute_jobs_duration_seconds_bucket{job_outcome="executed_ok",job_type="query_planning",otel_scope_name="apollo/router",le="1"} 2
apollo_router_compute_jobs_duration_seconds_bucket{job_outcome="executed_ok",job_type="query_planning",otel_scope_name="apollo/router",le="5"} 2
apollo_router_compute_jobs_duration_seconds_bucket{job_outcome="executed_ok",job_type="query_planning",otel_scope_name="apollo/router",le="10"} 2
apollo_router_compute_jobs_duration_seconds_bucket{job_outcome="executed_ok",job_type="query_planning",otel_scope_name="apollo/router",le="+Inf"} 2
apollo_router_compute_jobs_duration_seconds_sum{job_outcome="executed_ok",job_type="query_planning",otel_scope_name="apollo/router"} 0.018042335
apollo_router_compute_jobs_duration_seconds_count{job_outcome="executed_ok",job_type="query_planning",otel_scope_name="apollo/router"} 2
# HELP apollo_router_compute_jobs_execution_duration_seconds Time to execute the job, after it has been pulled from the queue
# TYPE apollo_router_compute_jobs_execution_duration_seconds histogram
apollo_router_compute_jobs_execution_duration_seconds_bucket{job_type="query_parsing",otel_scope_name="apollo/router",le="0.001"} 2
apollo_router_compute_jobs_execution_duration_seconds_bucket{job_type="query_parsing",otel_scope_name="apollo/router",le="0.005"} 2
apollo_router_compute_jobs_execution_duration_seconds_bucket{job_type="query_parsing",otel_scope_name="apollo/router",le="0.015"} 2
apollo_router_compute_jobs_execution_duration_seconds_bucket{job_type="query_parsing",otel_scope_name="apollo/router",le="0.05"} 2
apollo_router_compute_jobs_execution_duration_seconds_bucket{job_type="query_parsing",otel_scope_name="apollo/router",le="0.1"} 2
apollo_router_compute_jobs_execution_duration_seconds_bucket{job_type="query_parsing",otel_scope_name="apollo/router",le="0.2"} 2
apollo_router_compute_jobs_execution_duration_seconds_bucket{job_type="query_parsing",otel_scope_name="apollo/router",le="0.3"} 2
apollo_router_compute_jobs_execution_duration_seconds_bucket{job_type="query_parsing",otel_scope_name="apollo/router",le="0.4"} 2
apollo_router_compute_jobs_execution_duration_seconds_bucket{job_type="query_parsing",otel_scope_name="apollo/router",le="0.5"} 2
apollo_router_compute_jobs_execution_duration_seconds_bucket{job_type="query_parsing",otel_scope_name="apollo/router",le="1"} 2
apollo_router_compute_jobs_execution_duration_seconds_bucket{job_type="query_parsing",otel_scope_name="apollo/router",le="5"} 2
apollo_router_compute_jobs_execution_duration_seconds_bucket{job_type="query_parsing",otel_scope_name="apollo/router",le="10"} 2
apollo_router_compute_jobs_execution_duration_seconds_bucket{job_type="query_parsing",otel_scope_name="apollo/router",le="+Inf"} 2
apollo_router_compute_jobs_execution_duration_seconds_sum{job_type="query_parsing",otel_scope_name="apollo/router"} 0.001080023
apollo_router_compute_jobs_execution_duration_seconds_count{job_type="query_parsing",otel_scope_name="apollo/router"} 2
apollo_router_compute_jobs_execution_duration_seconds_bucket{job_type="query_planning",otel_scope_name="apollo/router",le="0.001"} 0
apollo_router_compute_jobs_execution_duration_seconds_bucket{job_type="query_planning",otel_scope_name="apollo/router",le="0.005"} 0
apollo_router_compute_jobs_execution_duration_seconds_bucket{job_type="query_planning",otel_scope_name="apollo/router",le="0.015"} 2
apollo_router_compute_jobs_execution_duration_seconds_bucket{job_type="query_planning",otel_scope_name="apollo/router",le="0.05"} 2
apollo_router_compute_jobs_execution_duration_seconds_bucket{job_type="query_planning",otel_scope_name="apollo/router",le="0.1"} 2
apollo_router_compute_jobs_execution_duration_seconds_bucket{job_type="query_planning",otel_scope_name="apollo/router",le="0.2"} 2
apollo_router_compute_jobs_execution_duration_seconds_bucket{job_type="query_planning",otel_scope_name="apollo/router",le="0.3"} 2
apollo_router_compute_jobs_execution_duration_seconds_bucket{job_type="query_planning",otel_scope_name="apollo/router",le="0.4"} 2
apollo_router_compute_jobs_execution_duration_seconds_bucket{job_type="query_planning",otel_scope_name="apollo/router",le="0.5"} 2
apollo_router_compute_jobs_execution_duration_seconds_bucket{job_type="query_planning",otel_scope_name="apollo/router",le="1"} 2
apollo_router_compute_jobs_execution_duration_seconds_bucket{job_type="query_planning",otel_scope_name="apollo/router",le="5"} 2
apollo_router_compute_jobs_execution_duration_seconds_bucket{job_type="query_planning",otel_scope_name="apollo/router",le="10"} 2
apollo_router_compute_jobs_execution_duration_seconds_bucket{job_type="query_planning",otel_scope_name="apollo/router",le="+Inf"} 2
apollo_router_compute_jobs_execution_duration_seconds_sum{job_type="query_planning",otel_scope_name="apollo/router"} 0.016731647
apollo_router_compute_jobs_execution_duration_seconds_count{job_type="query_planning",otel_scope_name="apollo/router"} 2
# HELP apollo_router_compute_jobs_queue_wait_duration_seconds Time spent by the job in the compute queue
# TYPE apollo_router_compute_jobs_queue_wait_duration_seconds histogram
apollo_router_compute_jobs_queue_wait_duration_seconds_bucket{job_type="query_parsing",otel_scope_name="apollo/router",le="0.001"} 2
apollo_router_compute_jobs_queue_wait_duration_seconds_bucket{job_type="query_parsing",otel_scope_name="apollo/router",le="0.005"} 2
apollo_router_compute_jobs_queue_wait_duration_seconds_bucket{job_type="query_parsing",otel_scope_name="apollo/router",le="0.015"} 2
apollo_router_compute_jobs_queue_wait_duration_seconds_bucket{job_type="query_parsing",otel_scope_name="apollo/router",le="0.05"} 2
apollo_router_compute_jobs_queue_wait_duration_seconds_bucket{job_type="query_parsing",otel_scope_name="apollo/router",le="0.1"} 2
apollo_router_compute_jobs_queue_wait_duration_seconds_bucket{job_type="query_parsing",otel_scope_name="apollo/router",le="0.2"} 2
apollo_router_compute_jobs_queue_wait_duration_seconds_bucket{job_type="query_parsing",otel_scope_name="apollo/router",le="0.3"} 2
apollo_router_compute_jobs_queue_wait_duration_seconds_bucket{job_type="query_parsing",otel_scope_name="apollo/router",le="0.4"} 2
apollo_router_compute_jobs_queue_wait_duration_seconds_bucket{job_type="query_parsing",otel_scope_name="apollo/router",le="0.5"} 2
apollo_router_compute_jobs_queue_wait_duration_seconds_bucket{job_type="query_parsing",otel_scope_name="apollo/router",le="1"} 2
apollo_router_compute_jobs_queue_wait_duration_seconds_bucket{job_type="query_parsing",otel_scope_name="apollo/router",le="5"} 2
apollo_router_compute_jobs_queue_wait_duration_seconds_bucket{job_type="query_parsing",otel_scope_name="apollo/router",le="10"} 2
apollo_router_compute_jobs_queue_wait_duration_seconds_bucket{job_type="query_parsing",otel_scope_name="apollo/router",le="+Inf"} 2
apollo_router_compute_jobs_queue_wait_duration_seconds_sum{job_type="query_parsing",otel_scope_name="apollo/router"} 0.000998045
apollo_router_compute_jobs_queue_wait_duration_seconds_count{job_type="query_parsing",otel_scope_name="apollo/router"} 2
apollo_router_compute_jobs_queue_wait_duration_seconds_bucket{job_type="query_planning",otel_scope_name="apollo/router",le="0.001"} 2
apollo_router_compute_jobs_queue_wait_duration_seconds_bucket{job_type="query_planning",otel_scope_name="apollo/router",le="0.005"} 2
apollo_router_compute_jobs_queue_wait_duration_seconds_bucket{job_type="query_planning",otel_scope_name="apollo/router",le="0.015"} 2
apollo_router_compute_jobs_queue_wait_duration_seconds_bucket{job_type="query_planning",otel_scope_name="apollo/router",le="0.05"} 2
apollo_router_compute_jobs_queue_wait_duration_seconds_bucket{job_type="query_planning",otel_scope_name="apollo/router",le="0.1"} 2
apollo_router_compute_jobs_queue_wait_duration_seconds_bucket{job_type="query_planning",otel_scope_name="apollo/router",le="0.2"} 2
apollo_router_compute_jobs_queue_wait_duration_seconds_bucket{job_type="query_planning",otel_scope_name="apollo/router",le="0.3"} 2
apollo_router_compute_jobs_queue_wait_duration_seconds_bucket{job_type="query_planning",otel_scope_name="apollo/router",le="0.4"} 2
apollo_router_compute_jobs_queue_wait_duration_seconds_bucket{job_type="query_planning",otel_scope_name="apollo/router",le="0.5"} 2
apollo_router_compute_jobs_queue_wait_duration_seconds_bucket{job_type="query_planning",otel_scope_name="apollo/router",le="1"} 2
apollo_router_compute_jobs_queue_wait_duration_seconds_bucket{job_type="query_planning",otel_scope_name="apollo/router",le="5"} 2
apollo_router_compute_jobs_queue_wait_duration_seconds_bucket{job_type="query_planning",otel_scope_name="apollo/router",le="10"} 2
apollo_router_compute_jobs_queue_wait_duration_seconds_bucket{job_type="query_planning",otel_scope_name="apollo/router",le="+Inf"} 2
apollo_router_compute_jobs_queue_wait_duration_seconds_sum{job_type="query_planning",otel_scope_name="apollo/router"} 0.000826611
apollo_router_compute_jobs_queue_wait_duration_seconds_count{job_type="query_planning",otel_scope_name="apollo/router"} 2
# HELP apollo_router_compute_jobs_queued Number of computation jobs (parsing, planning, …) waiting to be scheduled
# TYPE apollo_router_compute_jobs_queued gauge
apollo_router_compute_jobs_queued{otel_scope_name="apollo/router"} 0
# TYPE apollo_router_exporter_span_lru_size gauge
apollo_router_exporter_span_lru_size{otel_scope_name="apollo/router"} 1
# HELP apollo_router_jemalloc_active Total active bytes in jemalloc
# TYPE apollo_router_jemalloc_active gauge
apollo_router_jemalloc_active{otel_scope_name="apollo/router"} 57012224
# HELP apollo_router_jemalloc_allocated Total bytes allocated by jemalloc
# TYPE apollo_router_jemalloc_allocated gauge
apollo_router_jemalloc_allocated{otel_scope_name="apollo/router"} 51849880
# HELP apollo_router_jemalloc_mapped Total mapped bytes in jemalloc
# TYPE apollo_router_jemalloc_mapped gauge
apollo_router_jemalloc_mapped{otel_scope_name="apollo/router"} 189644800
# HELP apollo_router_jemalloc_metadata Total metadata bytes in jemalloc
# TYPE apollo_router_jemalloc_metadata gauge
apollo_router_jemalloc_metadata{otel_scope_name="apollo/router"} 23129424
# HELP apollo_router_jemalloc_resident Total resident bytes in jemalloc
# TYPE apollo_router_jemalloc_resident gauge
apollo_router_jemalloc_resident{otel_scope_name="apollo/router"} 81506304
# HELP apollo_router_jemalloc_retained Total retained bytes in jemalloc
# TYPE apollo_router_jemalloc_retained gauge
apollo_router_jemalloc_retained{otel_scope_name="apollo/router"} 108150784
# TYPE apollo_router_lifecycle_license gauge
apollo_router_lifecycle_license{license_state="licensed",otel_scope_name="apollo/router"} 1
# HELP apollo_router_lifecycle_query_planner_init_total Rust query planner initialization
# TYPE apollo_router_lifecycle_query_planner_init_total counter
apollo_router_lifecycle_query_planner_init_total{init_is_success="true",otel_scope_name="apollo/router"} 2
# HELP apollo_router_open_connections Number of currently connected clients
# TYPE apollo_router_open_connections gauge
apollo_router_open_connections{config_hash="027d91d8c27cc25a8b2675bf90b6aefa788d1ba843d6c20c44776941fa61a70e",http_connection_state="active",launch_id="",schema_id="dd8960ccefda82ca58e8ac0bc266459fd49ee8215fd6b3cc72e7bc3d7f3464b9",server_address="127.0.0.1",server_port="42181",otel_scope_name="apollo/router"} 1
apollo_router_open_connections{config_hash="027d91d8c27cc25a8b2675bf90b6aefa788d1ba843d6c20c44776941fa61a70e",http_connection_state="active",launch_id="",schema_id="dd8960ccefda82ca58e8ac0bc266459fd49ee8215fd6b3cc72e7bc3d7f3464b9",server_address="127.0.0.1",server_port="42203",otel_scope_name="apollo/router"} 0
apollo_router_open_connections{config_hash="027d91d8c27cc25a8b2675bf90b6aefa788d1ba843d6c20c44776941fa61a70e",http_connection_state="terminating",launch_id="",schema_id="dd8960ccefda82ca58e8ac0bc266459fd49ee8215fd6b3cc72e7bc3d7f3464b9",server_address="127.0.0.1",server_port="42203",otel_scope_name="apollo/router"} 0
# HELP apollo_router_operations_telemetry_total Telemetry exporters enabled
# TYPE apollo_router_operations_telemetry_total counter
apollo_router_operations_telemetry_total{telemetry_metrics_prometheus="true",otel_scope_name="apollo/router"} 3
# HELP apollo_router_operations_total The number of graphql operations performed by the Router
# TYPE apollo_router_operations_total counter
apollo_router_operations_total{http_response_status_code="200",otel_scope_name="apollo/router"} 3
# HELP apollo_router_overhead_seconds Router processing overhead (time not spent waiting for subgraphs or connectors to respond).
# TYPE apollo_router_overhead_seconds histogram
apollo_router_overhead_seconds_bucket{subgraph_active_requests="false",otel_scope_name="apollo/router",le="0.001"} 0
apollo_router_overhead_seconds_bucket{subgraph_active_requests="false",otel_scope_name="apollo/router",le="0.005"} 0
apollo_router_overhead_seconds_bucket{subgraph_active_requests="false",otel_scope_name="apollo/router",le="0.015"} 0
apollo_router_overhead_seconds_bucket{subgraph_active_requests="false",otel_scope_name="apollo/router",le="0.05"} 0
apollo_router_overhead_seconds_bucket{subgraph_active_requests="false",otel_scope_name="apollo/router",le="0.1"} 0
apollo_router_overhead_seconds_bucket{subgraph_active_requests="false",otel_scope_name="apollo/router",le="0.2"} 0
apollo_router_overhead_seconds_bucket{subgraph_active_requests="false",otel_scope_name="apollo/router",le="0.3"} 0
apollo_router_overhead_seconds_bucket{subgraph_active_requests="false",otel_scope_name="apollo/router",le="0.4"} 0
apollo_router_overhead_seconds_bucket{subgraph_active_requests="false",otel_scope_name="apollo/router",le="0.5"} 0
apollo_router_overhead_seconds_bucket{subgraph_active_requests="false",otel_scope_name="apollo/router",le="1"} 0
apollo_router_overhead_seconds_bucket{subgraph_active_requests="false",otel_scope_name="apollo/router",le="5"} 3
apollo_router_overhead_seconds_bucket{subgraph_active_requests="false",otel_scope_name="apollo/router",le="10"} 3
apollo_router_overhead_seconds_bucket{subgraph_active_requests="false",otel_scope_name="apollo/router",le="+Inf"} 3
apollo_router_overhead_seconds_sum{subgraph_active_requests="false",otel_scope_name="apollo/router"} 3.092735689
apollo_router_overhead_seconds_count{subgraph_active_requests="false",otel_scope_name="apollo/router"} 3
# HELP apollo_router_pipelines Number of active router pipelines
# TYPE apollo_router_pipelines gauge
apollo_router_pipelines{config_hash="027d91d8c27cc25a8b2675bf90b6aefa788d1ba843d6c20c44776941fa61a70e",launch_id="",schema_id="dd8960ccefda82ca58e8ac0bc266459fd49ee8215fd6b3cc72e7bc3d7f3464b9",otel_scope_name="apollo/router"} 1
# HELP apollo_router_query_planning_plan_duration Duration of the query planning, in seconds.
# TYPE apollo_router_query_planning_plan_duration histogram
apollo_router_query_planning_plan_duration_bucket{outcome="success",planner="rust",otel_scope_name="apollo/router",le="0.001"} 0
apollo_router_query_planning_plan_duration_bucket{outcome="success",planner="rust",otel_scope_name="apollo/router",le="0.005"} 0
apollo_router_query_planning_plan_duration_bucket{outcome="success",planner="rust",otel_scope_name="apollo/router",le="0.015"} 2
apollo_router_query_planning_plan_duration_bucket{outcome="success",planner="rust",otel_scope_name="apollo/router",le="0.05"} 2
apollo_router_query_planning_plan_duration_bucket{outcome="success",planner="rust",otel_scope_name="apollo/router",le="0.1"} 2
apollo_router_query_planning_plan_duration_bucket{outcome="success",planner="rust",otel_scope_name="apollo/router",le="0.2"} 2
apollo_router_query_planning_plan_duration_bucket{outcome="success",planner="rust",otel_scope_name="apollo/router",le="0.3"} 2
apollo_router_query_planning_plan_duration_bucket{outcome="success",planner="rust",otel_scope_name="apollo/router",le="0.4"} 2
apollo_router_query_planning_plan_duration_bucket{outcome="success",planner="rust",otel_scope_name="apollo/router",le="0.5"} 2
apollo_router_query_planning_plan_duration_bucket{outcome="success",planner="rust",otel_scope_name="apollo/router",le="1"} 2
apollo_router_query_planning_plan_duration_bucket{outcome="success",planner="rust",otel_scope_name="apollo/router",le="5"} 2
apollo_router_query_planning_plan_duration_bucket{outcome="success",planner="rust",otel_scope_name="apollo/router",le="10"} 2
apollo_router_query_planning_plan_duration_bucket{outcome="success",planner="rust",otel_scope_name="apollo/router",le="+Inf"} 2
apollo_router_query_planning_plan_duration_sum{outcome="success",planner="rust",otel_scope_name="apollo/router"} 0.012201195
apollo_router_query_planning_plan_duration_count{outcome="success",planner="rust",otel_scope_name="apollo/router"} 2
# HELP apollo_router_query_planning_plan_evaluated_paths Number of paths (including intermediate ones) considered to plan a query before starting to generate a plan
# TYPE apollo_router_query_planning_plan_evaluated_paths histogram
apollo_router_query_planning_plan_evaluated_paths_bucket{otel_scope_name="apollo/router",le="0.001"} 0
apollo_router_query_planning_plan_evaluated_paths_bucket{otel_scope_name="apollo/router",le="0.005"} 0
apollo_router_query_planning_plan_evaluated_paths_bucket{otel_scope_name="apollo/router",le="0.015"} 0
apollo_router_query_planning_plan_evaluated_paths_bucket{otel_scope_name="apollo/router",le="0.05"} 0
apollo_router_query_planning_plan_evaluated_paths_bucket{otel_scope_name="apollo/router",le="0.1"} 0
apollo_router_query_planning_plan_evaluated_paths_bucket{otel_scope_name="apollo/router",le="0.2"} 0
apollo_router_query_planning_plan_evaluated_paths_bucket{otel_scope_name="apollo/router",le="0.3"} 0
apollo_router_query_planning_plan_evaluated_paths_bucket{otel_scope_name="apollo/router",le="0.4"} 0
apollo_router_query_planning_plan_evaluated_paths_bucket{otel_scope_name="apollo/router",le="0.5"} 0
apollo_router_query_planning_plan_evaluated_paths_bucket{otel_scope_name="apollo/router",le="1"} 0
apollo_router_query_planning_plan_evaluated_paths_bucket{otel_scope_name="apollo/router",le="5"} 0
apollo_router_query_planning_plan_evaluated_paths_bucket{otel_scope_name="apollo/router",le="10"} 2
apollo_router_query_planning_plan_evaluated_paths_bucket{otel_scope_name="apollo/router",le="+Inf"} 2
apollo_router_query_planning_plan_evaluated_paths_sum{otel_scope_name="apollo/router"} 12
apollo_router_query_planning_plan_evaluated_paths_count{otel_scope_name="apollo/router"} 2
# HELP apollo_router_query_planning_plan_evaluated_plans Number of query plans evaluated for a query before choosing the best one
# TYPE apollo_router_query_planning_plan_evaluated_plans histogram
apollo_router_query_planning_plan_evaluated_plans_bucket{otel_scope_name="apollo/router",le="0.001"} 0
apollo_router_query_planning_plan_evaluated_plans_bucket{otel_scope_name="apollo/router",le="0.005"} 0
apollo_router_query_planning_plan_evaluated_plans_bucket{otel_scope_name="apollo/router",le="0.015"} 0
apollo_router_query_planning_plan_evaluated_plans_bucket{otel_scope_name="apollo/router",le="0.05"} 0
apollo_router_query_planning_plan_evaluated_plans_bucket{otel_scope_name="apollo/router",le="0.1"} 0
apollo_router_query_planning_plan_evaluated_plans_bucket{otel_scope_name="apollo/router",le="0.2"} 0
apollo_router_query_planning_plan_evaluated_plans_bucket{otel_scope_name="apollo/router",le="0.3"} 0
apollo_router_query_planning_plan_evaluated_plans_bucket{otel_scope_name="apollo/router",le="0.4"} 0
apollo_router_query_planning_plan_evaluated_plans_bucket{otel_scope_name="apollo/router",le="0.5"} 0
apollo_router_query_planning_plan_evaluated_plans_bucket{otel_scope_name="apollo/router",le="1"} 2
apollo_router_query_planning_plan_evaluated_plans_bucket{otel_scope_name="apollo/router",le="5"} 2
apollo_router_query_planning_plan_evaluated_plans_bucket{otel_scope_name="apollo/router",le="10"} 2
apollo_router_query_planning_plan_evaluated_plans_bucket{otel_scope_name="apollo/router",le="+Inf"} 2
apollo_router_query_planning_plan_evaluated_plans_sum{otel_scope_name="apollo/router"} 2
apollo_router_query_planning_plan_evaluated_plans_count{otel_scope_name="apollo/router"} 2
# HELP apollo_router_query_planning_total_duration Duration of the time the router waited for a query plan, including both the queue time and planning time, in seconds.
# TYPE apollo_router_query_planning_total_duration histogram
apollo_router_query_planning_total_duration_bucket{otel_scope_name="apollo/router",le="0.001"} 0
apollo_router_query_planning_total_duration_bucket{otel_scope_name="apollo/router",le="0.005"} 0
apollo_router_query_planning_total_duration_bucket{otel_scope_name="apollo/router",le="0.015"} 2
apollo_router_query_planning_total_duration_bucket{otel_scope_name="apollo/router",le="0.05"} 2
apollo_router_query_planning_total_duration_bucket{otel_scope_name="apollo/router",le="0.1"} 2
apollo_router_query_planning_total_duration_bucket{otel_scope_name="apollo/router",le="0.2"} 2
apollo_router_query_planning_total_duration_bucket{otel_scope_name="apollo/router",le="0.3"} 2
apollo_router_query_planning_total_duration_bucket{otel_scope_name="apollo/router",le="0.4"} 2
apollo_router_query_planning_total_duration_bucket{otel_scope_name="apollo/router",le="0.5"} 2
apollo_router_query_planning_total_duration_bucket{otel_scope_name="apollo/router",le="1"} 2
apollo_router_query_planning_total_duration_bucket{otel_scope_name="apollo/router",le="5"} 2
apollo_router_query_planning_total_duration_bucket{otel_scope_name="apollo/router",le="10"} 2
apollo_router_query_planning_total_duration_bucket{otel_scope_name="apollo/router",le="+Inf"} 2
apollo_router_query_planning_total_duration_sum{otel_scope_name="apollo/router"} 0.024091319
apollo_router_query_planning_total_duration_count{otel_scope_name="apollo/router"} 2
# HELP apollo_router_query_planning_warmup_duration Time spent warming up the query planner queries in seconds
# TYPE apollo_router_query_planning_warmup_duration histogram
apollo_router_query_planning_warmup_duration_bucket{otel_scope_name="apollo/router",le="0.001"} 2
apollo_router_query_planning_warmup_duration_bucket{otel_scope_name="apollo/router",le="0.005"} 2
apollo_router_query_planning_warmup_duration_bucket{otel_scope_name="apollo/router",le="0.015"} 2
apollo_router_query_planning_warmup_duration_bucket{otel_scope_name="apollo/router",le="0.05"} 2
apollo_router_query_planning_warmup_duration_bucket{otel_scope_name="apollo/router",le="0.1"} 2
apollo_router_query_planning_warmup_duration_bucket{otel_scope_name="apollo/router",le="0.2"} 2
apollo_router_query_planning_warmup_duration_bucket{otel_scope_name="apollo/router",le="0.3"} 2
apollo_router_query_planning_warmup_duration_bucket{otel_scope_name="apollo/router",le="0.4"} 2
apollo_router_query_planning_warmup_duration_bucket{otel_scope_name="apollo/router",le="0.5"} 2
apollo_router_query_planning_warmup_duration_bucket{otel_scope_name="apollo/router",le="1"} 2
apollo_router_query_planning_warmup_duration_bucket{otel_scope_name="apollo/router",le="5"} 2
apollo_router_query_planning_warmup_duration_bucket{otel_scope_name="apollo/router",le="10"} 2
apollo_router_query_planning_warmup_duration_bucket{otel_scope_name="apollo/router",le="+Inf"} 2
apollo_router_query_planning_warmup_duration_sum{otel_scope_name="apollo/router"} 0.000056442
apollo_router_query_planning_warmup_duration_count{otel_scope_name="apollo/router"} 2
# HELP apollo_router_schema_load_duration Time spent loading the supergraph schema, in seconds.
# TYPE apollo_router_schema_load_duration histogram
apollo_router_schema_load_duration_bucket{otel_scope_name="apollo/router",le="0.001"} 0
apollo_router_schema_load_duration_bucket{otel_scope_name="apollo/router",le="0.005"} 0
apollo_router_schema_load_duration_bucket{otel_scope_name="apollo/router",le="0.015"} 1
apollo_router_schema_load_duration_bucket{otel_scope_name="apollo/router",le="0.05"} 1
apollo_router_schema_load_duration_bucket{otel_scope_name="apollo/router",le="0.1"} 1
apollo_router_schema_load_duration_bucket{otel_scope_name="apollo/router",le="0.2"} 1
apollo_router_schema_load_duration_bucket{otel_scope_name="apollo/router",le="0.3"} 1
apollo_router_schema_load_duration_bucket{otel_scope_name="apollo/router",le="0.4"} 1
apollo_router_schema_load_duration_bucket{otel_scope_name="apollo/router",le="0.5"} 1
apollo_router_schema_load_duration_bucket{otel_scope_name="apollo/router",le="1"} 1
apollo_router_schema_load_duration_bucket{otel_scope_name="apollo/router",le="5"} 1
apollo_router_schema_load_duration_bucket{otel_scope_name="apollo/router",le="10"} 1
apollo_router_schema_load_duration_bucket{otel_scope_name="apollo/router",le="+Inf"} 1
apollo_router_schema_load_duration_sum{otel_scope_name="apollo/router"} 0.007496219
apollo_router_schema_load_duration_count{otel_scope_name="apollo/router"} 1
# HELP apollo_router_session_count_active Amount of in-flight sessions
# TYPE apollo_router_session_count_active gauge
apollo_router_session_count_active{otel_scope_name="apollo/router"} 0
# HELP apollo_router_state_change_total Router state changes
# TYPE apollo_router_state_change_total counter
apollo_router_state_change_total{event="UpdateConfiguration",previous_state="Running",state="Running",otel_scope_name="apollo/router"} 1
apollo_router_state_change_total{event="UpdateSchema",previous_state="Startup",state="Running",otel_scope_name="apollo/router"} 1
# TYPE apollo_router_supergraph_federation gauge
apollo_router_supergraph_federation{federation_version="2",otel_scope_name="apollo/router"} 1
# HELP apollo_router_telemetry_studio_reports_total The number of reports submitted to Studio by the Router
# TYPE apollo_router_telemetry_studio_reports_total counter
apollo_router_telemetry_studio_reports_total{report_protocol="otlp",report_type="traces",otel_scope_name="apollo/router"} 1
apollo_router_telemetry_studio_reports_total{report_extended_references_enabled="true",report_protocol="apollo",report_type="metrics",otel_scope_name="apollo/router"} 2
# HELP experimental_apollo_router_cache_redis_latency_avg_seconds Average Redis command latency
# TYPE experimental_apollo_router_cache_redis_latency_avg_seconds gauge
experimental_apollo_router_cache_redis_latency_avg_seconds{kind="entity",otel_scope_name="apollo/router"} 0
# HELP experimental_apollo_router_cache_redis_network_latency_avg_seconds Average Redis network latency
# TYPE experimental_apollo_router_cache_redis_network_latency_avg_seconds gauge
experimental_apollo_router_cache_redis_network_latency_avg_seconds{kind="entity",otel_scope_name="apollo/router"} 0
# HELP experimental_apollo_router_cache_redis_request_size_avg Average Redis request size
# TYPE experimental_apollo_router_cache_redis_request_size_avg gauge
experimental_apollo_router_cache_redis_request_size_avg{kind="entity",otel_scope_name="apollo/router"} 0
# HELP experimental_apollo_router_cache_redis_response_size_avg Average Redis response size
# TYPE experimental_apollo_router_cache_redis_response_size_avg gauge
experimental_apollo_router_cache_redis_response_size_avg{kind="entity",otel_scope_name="apollo/router"} 0
# HELP http_client_request_duration_seconds Duration of HTTP client requests.
# TYPE http_client_request_duration_seconds histogram
http_client_request_duration_seconds_bucket{subgraph_name="products",otel_scope_name="apollo/router",le="0.001"} 0
http_client_request_duration_seconds_bucket{subgraph_name="products",otel_scope_name="apollo/router",le="0.005"} 0
http_client_request_duration_seconds_bucket{subgraph_name="products",otel_scope_name="apollo/router",le="0.015"} 0
http_client_request_duration_seconds_bucket{subgraph_name="products",otel_scope_name="apollo/router",le="0.05"} 0
http_client_request_duration_seconds_bucket{subgraph_name="products",otel_scope_name="apollo/router",le="0.1"} 0
http_client_request_duration_seconds_bucket{subgraph_name="products",otel_scope_name="apollo/router",le="0.2"} 0
http_client_request_duration_seconds_bucket{subgraph_name="products",otel_scope_name="apollo/router",le="0.3"} 0
http_client_request_duration_seconds_bucket{subgraph_name="products",otel_scope_name="apollo/router",le="0.4"} 0
http_client_request_duration_seconds_bucket{subgraph_name="products",otel_scope_name="apollo/router",le="0.5"} 0
http_client_request_duration_seconds_bucket{subgraph_name="products",otel_scope_name="apollo/router",le="1"} 3
http_client_request_duration_seconds_bucket{subgraph_name="products",otel_scope_name="apollo/router",le="5"} 3
http_client_request_duration_seconds_bucket{subgraph_name="products",otel_scope_name="apollo/router",le="10"} 3
http_client_request_duration_seconds_bucket{subgraph_name="products",otel_scope_name="apollo/router",le="+Inf"} 3
http_client_request_duration_seconds_sum{subgraph_name="products",otel_scope_name="apollo/router"} 1.5158887330000002
http_client_request_duration_seconds_count{subgraph_name="products",otel_scope_name="apollo/router"} 3
http_client_request_duration_seconds_bucket{subgraph_name="reviews",otel_scope_name="apollo/router",le="0.001"} 0
http_client_request_duration_seconds_bucket{subgraph_name="reviews",otel_scope_name="apollo/router",le="0.005"} 0
http_client_request_duration_seconds_bucket{subgraph_name="reviews",otel_scope_name="apollo/router",le="0.015"} 0
http_client_request_duration_seconds_bucket{subgraph_name="reviews",otel_scope_name="apollo/router",le="0.05"} 0
http_client_request_duration_seconds_bucket{subgraph_name="reviews",otel_scope_name="apollo/router",le="0.1"} 0
http_client_request_duration_seconds_bucket{subgraph_name="reviews",otel_scope_name="apollo/router",le="0.2"} 0
http_client_request_duration_seconds_bucket{subgraph_name="reviews",otel_scope_name="apollo/router",le="0.3"} 0
http_client_request_duration_seconds_bucket{subgraph_name="reviews",otel_scope_name="apollo/router",le="0.4"} 0
http_client_request_duration_seconds_bucket{subgraph_name="reviews",otel_scope_name="apollo/router",le="0.5"} 0
http_client_request_duration_seconds_bucket{subgraph_name="reviews",otel_scope_name="apollo/router",le="1"} 3
http_client_request_duration_seconds_bucket{subgraph_name="reviews",otel_scope_name="apollo/router",le="5"} 3
http_client_request_duration_seconds_bucket{subgraph_name="reviews",otel_scope_name="apollo/router",le="10"} 3
http_client_request_duration_seconds_bucket{subgraph_name="reviews",otel_scope_name="apollo/router",le="+Inf"} 3
http_client_request_duration_seconds_sum{subgraph_name="reviews",otel_scope_name="apollo/router"} 1.5205265889999997
http_client_request_duration_seconds_count{subgraph_name="reviews",otel_scope_name="apollo/router"} 3
# HELP http_server_active_requests Number of active HTTP server requests.
# TYPE http_server_active_requests gauge
http_server_active_requests{http_request_method="POST",otel_scope_name="apollo/router"} 0
# HELP http_server_request_body_size_bytes Size of HTTP server request bodies.
# TYPE http_server_request_body_size_bytes histogram
http_server_request_body_size_bytes_bucket{http_request_method="POST",http_response_status_code="200",server_address="127.0.0.1",server_port="42181",otel_scope_name="apollo/router",le="0.001"} 0
http_server_request_body_size_bytes_bucket{http_request_method="POST",http_response_status_code="200",server_address="127.0.0.1",server_port="42181",otel_scope_name="apollo/router",le="0.005"} 0
http_server_request_body_size_bytes_bucket{http_request_method="POST",http_response_status_code="200",server_address="127.0.0.1",server_port="42181",otel_scope_name="apollo/router",le="0.015"} 0
http_server_request_body_size_bytes_bucket{http_request_method="POST",http_response_status_code="200",server_address="127.0.0.1",server_port="42181",otel_scope_name="apollo/router",le="0.05"} 0
http_server_request_body_size_bytes_bucket{http_request_method="POST",http_response_status_code="200",server_address="127.0.0.1",server_port="42181",otel_scope_name="apollo/router",le="0.1"} 0
http_server_request_body_size_bytes_bucket{http_request_method="POST",http_response_status_code="200",server_address="127.0.0.1",server_port="42181",otel_scope_name="apollo/router",le="0.2"} 0
http_server_request_body_size_bytes_bucket{http_request_method="POST",http_response_status_code="200",server_address="127.0.0.1",server_port="42181",otel_scope_name="apollo/router",le="0.3"} 0
http_server_request_body_size_bytes_bucket{http_request_method="POST",http_response_status_code="200",server_address="127.0.0.1",server_port="42181",otel_scope_name="apollo/router",le="0.4"} 0
http_server_request_body_size_bytes_bucket{http_request_method="POST",http_response_status_code="200",server_address="127.0.0.1",server_port="42181",otel_scope_name="apollo/router",le="0.5"} 0
http_server_request_body_size_bytes_bucket{http_request_method="POST",http_response_status_code="200",server_address="127.0.0.1",server_port="42181",otel_scope_name="apollo/router",le="1"} 0
http_server_request_body_size_bytes_bucket{http_request_method="POST",http_response_status_code="200",server_address="127.0.0.1",server_port="42181",otel_scope_name="apollo/router",le="5"} 0
http_server_request_body_size_bytes_bucket{http_request_method="POST",http_response_status_code="200",server_address="127.0.0.1",server_port="42181",otel_scope_name="apollo/router",le="10"} 0
http_server_request_body_size_bytes_bucket{http_request_method="POST",http_response_status_code="200",server_address="127.0.0.1",server_port="42181",otel_scope_name="apollo/router",le="+Inf"} 2
http_server_request_body_size_bytes_sum{http_request_method="POST",http_response_status_code="200",server_address="127.0.0.1",server_port="42181",otel_scope_name="apollo/router"} 122
http_server_request_body_size_bytes_count{http_request_method="POST",http_response_status_code="200",server_address="127.0.0.1",server_port="42181",otel_scope_name="apollo/router"} 2
http_server_request_body_size_bytes_bucket{http_request_method="POST",http_response_status_code="200",server_address="127.0.0.1",server_port="42203",otel_scope_name="apollo/router",le="0.001"} 0
http_server_request_body_size_bytes_bucket{http_request_method="POST",http_response_status_code="200",server_address="127.0.0.1",server_port="42203",otel_scope_name="apollo/router",le="0.005"} 0
http_server_request_body_size_bytes_bucket{http_request_method="POST",http_response_status_code="200",server_address="127.0.0.1",server_port="42203",otel_scope_name="apollo/router",le="0.015"} 0
http_server_request_body_size_bytes_bucket{http_request_method="POST",http_response_status_code="200",server_address="127.0.0.1",server_port="42203",otel_scope_name="apollo/router",le="0.05"} 0
http_server_request_body_size_bytes_bucket{http_request_method="POST",http_response_status_code="200",server_address="127.0.0.1",server_port="42203",otel_scope_name="apollo/router",le="0.1"} 0
http_server_request_body_size_bytes_bucket{http_request_method="POST",http_response_status_code="200",server_address="127.0.0.1",server_port="42203",otel_scope_name="apollo/router",le="0.2"} 0
http_server_request_body_size_bytes_bucket{http_request_method="POST",http_response_status_code="200",server_address="127.0.0.1",server_port="42203",otel_scope_name="apollo/router",le="0.3"} 0
http_server_request_body_size_bytes_bucket{http_request_method="POST",http_response_status_code="200",server_address="127.0.0.1",server_port="42203",otel_scope_name="apollo/router",le="0.4"} 0
http_server_request_body_size_bytes_bucket{http_request_method="POST",http_response_status_code="200",server_address="127.0.0.1",server_port="42203",otel_scope_name="apollo/router",le="0.5"} 0
http_server_request_body_size_bytes_bucket{http_request_method="POST",http_response_status_code="200",server_address="127.0.0.1",server_port="42203",otel_scope_name="apollo/router",le="1"} 0
http_server_request_body_size_bytes_bucket{http_request_method="POST",http_response_status_code="200",server_address="127.0.0.1",server_port="42203",otel_scope_name="apollo/router",le="5"} 0
http_server_request_body_size_bytes_bucket{http_request_method="POST",http_response_status_code="200",server_address="127.0.0.1",server_port="42203",otel_scope_name="apollo/router",le="10"} 0
http_server_request_body_size_bytes_bucket{http_request_method="POST",http_response_status_code="200",server_address="127.0.0.1",server_port="42203",otel_scope_name="apollo/router",le="+Inf"} 1
http_server_request_body_size_bytes_sum{http_request_method="POST",http_response_status_code="200",server_address="127.0.0.1",server_port="42203",otel_scope_name="apollo/router"} 61
http_server_request_body_size_bytes_count{http_request_method="POST",http_response_status_code="200",server_address="127.0.0.1",server_port="42203",otel_scope_name="apollo/router"} 1
# HELP http_server_request_duration_seconds Duration of HTTP server requests.
# TYPE http_server_request_duration_seconds histogram
http_server_request_duration_seconds_bucket{http_request_method="POST",http_response_status_code="200",server_address="127.0.0.1",server_port="42181",otel_scope_name="apollo/router",le="0.001"} 0
http_server_request_duration_seconds_bucket{http_request_method="POST",http_response_status_code="200",server_address="127.0.0.1",server_port="42181",otel_scope_name="apollo/router",le="0.005"} 0
http_server_request_duration_seconds_bucket{http_request_method="POST",http_response_status_code="200",server_address="127.0.0.1",server_port="42181",otel_scope_name="apollo/router",le="0.015"} 0
http_server_request_duration_seconds_bucket{http_request_method="POST",http_response_status_code="200",server_address="127.0.0.1",server_port="42181",otel_scope_name="apollo/router",le="0.05"} 0
http_server_request_duration_seconds_bucket{http_request_method="POST",http_response_status_code="200",server_address="127.0.0.1",server_port="42181",otel_scope_name="apollo/router",le="0.1"} 0
http_server_request_duration_seconds_bucket{http_request_method="POST",http_response_status_code="200",server_address="127.0.0.1",server_port="42181",otel_scope_name="apollo/router",le="0.2"} 0
http_server_request_duration_seconds_bucket{http_request_method="POST",http_response_status_code="200",server_address="127.0.0.1",server_port="42181",otel_scope_name="apollo/router",le="0.3"} 0
http_server_request_duration_seconds_bucket{http_request_method="POST",http_response_status_code="200",server_address="127.0.0.1",server_port="42181",otel_scope_name="apollo/router",le="0.4"} 0
http_server_request_duration_seconds_bucket{http_request_method="POST",http_response_status_code="200",server_address="127.0.0.1",server_port="42181",otel_scope_name="apollo/router",le="0.5"} 0
http_server_request_duration_seconds_bucket{http_request_method="POST",http_response_status_code="200",server_address="127.0.0.1",server_port="42181",otel_scope_name="apollo/router",le="1"} 0
http_server_request_duration_seconds_bucket{http_request_method="POST",http_response_status_code="200",server_address="127.0.0.1",server_port="42181",otel_scope_name="apollo/router",le="5"} 2
http_server_request_duration_seconds_bucket{http_request_method="POST",http_response_status_code="200",server_address="127.0.0.1",server_port="42181",otel_scope_name="apollo/router",le="10"} 2
http_server_request_duration_seconds_bucket{http_request_method="POST",http_response_status_code="200",server_address="127.0.0.1",server_port="42181",otel_scope_name="apollo/router",le="+Inf"} 2
http_server_request_duration_seconds_sum{http_request_method="POST",http_response_status_code="200",server_address="127.0.0.1",server_port="42181",otel_scope_name="apollo/router"} 2.047951325
http_server_request_duration_seconds_count{http_request_method="POST",http_response_status_code="200",server_address="127.0.0.1",server_port="42181",otel_scope_name="apollo/router"} 2
http_server_request_duration_seconds_bucket{http_request_method="POST",http_response_status_code="200",server_address="127.0.0.1",server_port="42203",otel_scope_name="apollo/router",le="0.001"} 0
http_server_request_duration_seconds_bucket{http_request_method="POST",http_response_status_code="200",server_address="127.0.0.1",server_port="42203",otel_scope_name="apollo/router",le="0.005"} 0
http_server_request_duration_seconds_bucket{http_request_method="POST",http_response_status_code="200",server_address="127.0.0.1",server_port="42203",otel_scope_name="apollo/router",le="0.015"} 0
http_server_request_duration_seconds_bucket{http_request_method="POST",http_response_status_code="200",server_address="127.0.0.1",server_port="42203",otel_scope_name="apollo/router",le="0.05"} 0
http_server_request_duration_seconds_bucket{http_request_method="POST",http_response_status_code="200",server_address="127.0.0.1",server_port="42203",otel_scope_name="apollo/router",le="0.1"} 0
http_server_request_duration_seconds_bucket{http_request_method="POST",http_response_status_code="200",server_address="127.0.0.1",server_port="42203",otel_scope_name="apollo/router",le="0.2"} 0
http_server_request_duration_seconds_bucket{http_request_method="POST",http_response_status_code="200",server_address="127.0.0.1",server_port="42203",otel_scope_name="apollo/router",le="0.3"} 0
http_server_request_duration_seconds_bucket{http_request_method="POST",http_response_status_code="200",server_address="127.0.0.1",server_port="42203",otel_scope_name="apollo/router",le="0.4"} 0
http_server_request_duration_seconds_bucket{http_request_method="POST",http_response_status_code="200",server_address="127.0.0.1",server_port="42203",otel_scope_name="apollo/router",le="0.5"} 0
http_server_request_duration_seconds_bucket{http_request_method="POST",http_response_status_code="200",server_address="127.0.0.1",server_port="42203",otel_scope_name="apollo/router",le="1"} 0
http_server_request_duration_seconds_bucket{http_request_method="POST",http_response_status_code="200",server_address="127.0.0.1",server_port="42203",otel_scope_name="apollo/router",le="5"} 1
http_server_request_duration_seconds_bucket{http_request_method="POST",http_response_status_code="200",server_address="127.0.0.1",server_port="42203",otel_scope_name="apollo/router",le="10"} 1
http_server_request_duration_seconds_bucket{http_request_method="POST",http_response_status_code="200",server_address="127.0.0.1",server_port="42203",otel_scope_name="apollo/router",le="+Inf"} 1
http_server_request_duration_seconds_sum{http_request_method="POST",http_response_status_code="200",server_address="127.0.0.1",server_port="42203",otel_scope_name="apollo/router"} 1.044391028
http_server_request_duration_seconds_count{http_request_method="POST",http_response_status_code="200",server_address="127.0.0.1",server_port="42203",otel_scope_name="apollo/router"} 1
# HELP target_info Target metadata
# TYPE target_info gauge
target_info{process_executable_name="router",service_name="unknown_service:router",service_version="2.8.0"} 1

stack backtrace:
   0:     0x5618a9484862 - std::backtrace_rs::backtrace::libunwind::trace::h2d45396358f41939
                               at /rustc/1159e78c4747b02ef996e55082b704c09b970588/library/std/src/../../backtrace/src/backtrace/libunwind.rs:117:9
   1:     0x5618a9484862 - std::backtrace_rs::backtrace::trace_unsynchronized::hffcefc0b67f1d6e2
                               at /rustc/1159e78c4747b02ef996e55082b704c09b970588/library/std/src/../../backtrace/src/backtrace/mod.rs:66:14
   2:     0x5618a9484862 - std::sys::backtrace::_print_fmt::hd72f71d23b436b92
                               at /rustc/1159e78c4747b02ef996e55082b704c09b970588/library/std/src/sys/backtrace.rs:66:9
   3:     0x5618a9484862 - <std::sys::backtrace::BacktraceLock::print::DisplayBacktrace as core::fmt::Display>::fmt::hdcfcb6d4c8489523
                               at /rustc/1159e78c4747b02ef996e55082b704c09b970588/library/std/src/sys/backtrace.rs:39:26
   4:     0x5618a94b4703 - core::fmt::rt::Argument::fmt::h2c56b3114963061a
                               at /rustc/1159e78c4747b02ef996e55082b704c09b970588/library/core/src/fmt/rt.rs:173:76
   5:     0x5618a94b4703 - core::fmt::write::h8a494366950f23bb
                               at /rustc/1159e78c4747b02ef996e55082b704c09b970588/library/core/src/fmt/mod.rs:1468:25
   6:     0x5618a947f123 - std::io::default_write_fmt::ha27fbccbc65eb6fa
                               at /rustc/1159e78c4747b02ef996e55082b704c09b970588/library/std/src/io/mod.rs:639:11
   7:     0x5618a947f123 - std::io::Write::write_fmt::h6556609fca33d0b1
                               at /rustc/1159e78c4747b02ef996e55082b704c09b970588/library/std/src/io/mod.rs:1954:13
   8:     0x5618a94846b2 - std::sys::backtrace::BacktraceLock::print::hb2a626a81e06b2dc
                               at /rustc/1159e78c4747b02ef996e55082b704c09b970588/library/std/src/sys/backtrace.rs:42:9
   9:     0x5618a94866f9 - std::panicking::default_hook::{{closure}}::h4f78485264f12d10
                               at /rustc/1159e78c4747b02ef996e55082b704c09b970588/library/std/src/panicking.rs:300:27
  10:     0x5618a94864db - std::panicking::default_hook::h2c66fc99e962531d
                               at /rustc/1159e78c4747b02ef996e55082b704c09b970588/library/std/src/panicking.rs:327:9
  11:     0x5618a9487105 - std::panicking::rust_panic_with_hook::h33ac55f64bbd807d
                               at /rustc/1159e78c4747b02ef996e55082b704c09b970588/library/std/src/panicking.rs:833:13
  12:     0x5618a9486e9a - std::panicking::begin_panic_handler::{{closure}}::h30e7cb89678a57fe
                               at /rustc/1159e78c4747b02ef996e55082b704c09b970588/library/std/src/panicking.rs:706:13
  13:     0x5618a9484d69 - std::sys::backtrace::__rust_end_short_backtrace::hed60f27456c16ced
                               at /rustc/1159e78c4747b02ef996e55082b704c09b970588/library/std/src/sys/backtrace.rs:174:18
  14:     0x5618a9486b2d - __rustc[de2ca18b4c54d5b8]::rust_begin_unwind
                               at /rustc/1159e78c4747b02ef996e55082b704c09b970588/library/std/src/panicking.rs:697:5
  15:     0x5618a94b0d30 - core::panicking::panic_fmt::h62f63d096dd276af
                               at /rustc/1159e78c4747b02ef996e55082b704c09b970588/library/core/src/panicking.rs:75:14
  16:     0x5618a317c5f7 - integration_tests::integration::common::IntegrationTest::assert_metrics_contains::{{closure}}::hb3bf1a10e2a5dddc
                               at /root/project/apollo-router/tests/integration/../common.rs:1326:9
  17:     0x5618a3385e9d - integration_tests::integration::entity_cache::test_cache_error_metrics::{{closure}}::h96b7a93d243eb795
                               at /root/project/apollo-router/tests/integration/entity_cache.rs:592:10
  18:     0x5618a2d60a32 - <core::pin::Pin<P> as core::future::future::Future>::poll::h59964df56356515a
                               at /rustc/1159e78c4747b02ef996e55082b704c09b970588/library/core/src/future/future.rs:133:9
  19:     0x5618a2c6b98d - tokio::runtime::park::CachedParkThread::block_on::{{closure}}::h99a1c01384b0a79b
                               at /root/.cargo/registry/src/index.crates.io-1949cf8c6b5b557f/tokio-1.48.0/src/runtime/park.rs:285:71
  20:     0x5618a2c6a0f6 - tokio::task::coop::with_budget::ha185223116166ce4
                               at /root/.cargo/registry/src/index.crates.io-1949cf8c6b5b557f/tokio-1.48.0/src/task/coop/mod.rs:167:5
  21:     0x5618a2c6a0f6 - tokio::task::coop::budget::ha733ca61bde2edaf
                               at /root/.cargo/registry/src/index.crates.io-1949cf8c6b5b557f/tokio-1.48.0/src/task/coop/mod.rs:133:5
  22:     0x5618a2c6a0f6 - tokio::runtime::park::CachedParkThread::block_on::hbd985400d5b3dc8c
                               at /root/.cargo/registry/src/index.crates.io-1949cf8c6b5b557f/tokio-1.48.0/src/runtime/park.rs:285:31
  23:     0x5618a32f6574 - tokio::runtime::context::blocking::BlockingRegionGuard::block_on::h3cf29540820bb880
                               at /root/.cargo/registry/src/index.crates.io-1949cf8c6b5b557f/tokio-1.48.0/src/runtime/context/blocking.rs:66:14
  24:     0x5618a2f03978 - tokio::runtime::scheduler::multi_thread::MultiThread::block_on::{{closure}}::h368bef83ee5af5d1
                               at /root/.cargo/registry/src/index.crates.io-1949cf8c6b5b557f/tokio-1.48.0/src/runtime/scheduler/multi_thread/mod.rs:87:22
  25:     0x5618a2c97046 - tokio::runtime::context::runtime::enter_runtime::hfb5131736755618d
                               at /root/.cargo/registry/src/index.crates.io-1949cf8c6b5b557f/tokio-1.48.0/src/runtime/context/runtime.rs:65:16
  26:     0x5618a2f03904 - tokio::runtime::scheduler::multi_thread::MultiThread::block_on::hb60b7b74dc6d2c7f
                               at /root/.cargo/registry/src/index.crates.io-1949cf8c6b5b557f/tokio-1.48.0/src/runtime/scheduler/multi_thread/mod.rs:86:9
  27:     0x5618a2b029d4 - tokio::runtime::runtime::Runtime::block_on_inner::hb2451b6dd4b09b66
                               at /root/.cargo/registry/src/index.crates.io-1949cf8c6b5b557f/tokio-1.48.0/src/runtime/runtime.rs:370:50
  28:     0x5618a2b032ec - tokio::runtime::runtime::Runtime::block_on::h9206977fab45046e
                               at /root/.cargo/registry/src/index.crates.io-1949cf8c6b5b557f/tokio-1.48.0/src/runtime/runtime.rs:342:18
  29:     0x5618a3381c96 - integration_tests::integration::entity_cache::test_cache_error_metrics::h1f38051131b2e264
                               at /root/project/apollo-router/tests/integration/entity_cache.rs:594:37
  30:     0x5618a3381b27 - integration_tests::integration::entity_cache::test_cache_error_metrics::{{closure}}::h1429de29bb942dc4
                               at /root/project/apollo-router/tests/integration/entity_cache.rs:525:36
  31:     0x5618a28d85d6 - core::ops::function::FnOnce::call_once::hc3abb473959a2073
                               at /rustc/1159e78c4747b02ef996e55082b704c09b970588/library/core/src/ops/function.rs:253:5
  32:     0x5618a35d532b - core::ops::function::FnOnce::call_once::h1f9474f1347fff52
                               at /rustc/1159e78c4747b02ef996e55082b704c09b970588/library/core/src/ops/function.rs:253:5
  33:     0x5618a35d532b - test::__rust_begin_short_backtrace::ha52ab26e77157f03
                               at /rustc/1159e78c4747b02ef996e55082b704c09b970588/library/test/src/lib.rs:648:18
  34:     0x5618a35d4465 - test::run_test_in_process::{{closure}}::h229c1a11a50b261f
                               at /rustc/1159e78c4747b02ef996e55082b704c09b970588/library/test/src/lib.rs:671:74
  35:     0x5618a35d4465 - <core::panic::unwind_safe::AssertUnwindSafe<F> as core::ops::function::FnOnce<()>>::call_once::h78821afbf97b39a9
                               at /rustc/1159e78c4747b02ef996e55082b704c09b970588/library/core/src/panic/unwind_safe.rs:272:9
  36:     0x5618a35d4465 - std::panicking::catch_unwind::do_call::h53abf3ed5bd32ba3
                               at /rustc/1159e78c4747b02ef996e55082b704c09b970588/library/std/src/panicking.rs:589:40
  37:     0x5618a35d4465 - std::panicking::catch_unwind::h6deb5fe1e91873c9
                               at /rustc/1159e78c4747b02ef996e55082b704c09b970588/library/std/src/panicking.rs:552:19
  38:     0x5618a35d4465 - std::panic::catch_unwind::hea0829b6b565654b
                               at /rustc/1159e78c4747b02ef996e55082b704c09b970588/library/std/src/panic.rs:359:14
  39:     0x5618a35d4465 - test::run_test_in_process::hdc44dfecea3db21b
                               at /rustc/1159e78c4747b02ef996e55082b704c09b970588/library/test/src/lib.rs:671:27
  40:     0x5618a35d4465 - test::run_test::{{closure}}::h0364ba59bf23f652
                               at /rustc/1159e78c4747b02ef996e55082b704c09b970588/library/test/src/lib.rs:592:43
  41:     0x5618a3598064 - test::run_test::{{closure}}::h32730b304eec05da
                               at /rustc/1159e78c4747b02ef996e55082b704c09b970588/library/test/src/lib.rs:622:41
  42:     0x5618a3598064 - std::sys::backtrace::__rust_begin_short_backtrace::h177cb952fc54ad2c
                               at /rustc/1159e78c4747b02ef996e55082b704c09b970588/library/std/src/sys/backtrace.rs:158:18
  43:     0x5618a359ba3a - std::thread::Builder::spawn_unchecked_::{{closure}}::{{closure}}::h119d903520007597
                               at /rustc/1159e78c4747b02ef996e55082b704c09b970588/library/std/src/thread/mod.rs:559:17
  44:     0x5618a359ba3a - <core::panic::unwind_safe::AssertUnwindSafe<F> as core::ops::function::FnOnce<()>>::call_once::hab88401d606702a6
                               at /rustc/1159e78c4747b02ef996e55082b704c09b970588/library/core/src/panic/unwind_safe.rs:272:9
  45:     0x5618a359ba3a - std::panicking::catch_unwind::do_call::h163fe12cca9901c2
                               at /rustc/1159e78c4747b02ef996e55082b704c09b970588/library/std/src/panicking.rs:589:40
  46:     0x5618a359ba3a - std::panicking::catch_unwind::he81557d0e17cc1bc
                               at /rustc/1159e78c4747b02ef996e55082b704c09b970588/library/std/src/panicking.rs:552:19
  47:     0x5618a359ba3a - std::panic::catch_unwind::hc2b8e79c20593955
                               at /rustc/1159e78c4747b02ef996e55082b704c09b970588/library/std/src/panic.rs:359:14
  48:     0x5618a359ba3a - std::thread::Builder::spawn_unchecked_::{{closure}}::hfa6b4978e07815cc
                               at /rustc/1159e78c4747b02ef996e55082b704c09b970588/library/std/src/thread/mod.rs:557:30
  49:     0x5618a359ba3a - core::ops::function::FnOnce::call_once{{vtable.shim}}::hddcd7484a13fd793
                               at /rustc/1159e78c4747b02ef996e55082b704c09b970588/library/core/src/ops/function.rs:253:5
  50:     0x5618a948aaef - <alloc::boxed::Box<F,A> as core::ops::function::FnOnce<Args>>::call_once::h5924238c754de3b8
                               at /rustc/1159e78c4747b02ef996e55082b704c09b970588/library/alloc/src/boxed.rs:1971:9
  51:     0x5618a948aaef - std::sys::pal::unix::thread::Thread::new::thread_start::hb6e99e73da4d28f8
                               at /rustc/1159e78c4747b02ef996e55082b704c09b970588/library/std/src/sys/pal/unix/thread.rs:107:17
  52:     0x7f37b35361ca - start_thread
  53:     0x7f37b399f8d3 - __GI___clone
  54:                0x0 - <unknown>
[0m
[31;1m        FAIL[0m [  16.685s] [35;1mapollo-router::integration_tests[0m [36mintegration::query_planner[0m[36m::[0m[34;1mfed2_schema_with_new_qp[0m

[31;1m--- [0m[31;1mSTDOUT:              [0m[35;1mapollo-router::integration_tests[0m [36mintegration::query_planner[0m[36m::[0m[34;1mfed2_schema_with_new_qp[0m[31;1m ---[0m

running 1 test
[2m2025-11-13T03:17:04.995669Z[0m [32m INFO[0m Loading supergraph from file
[2m2025-11-13T03:17:21.616868Z[0m [32m INFO[0m Mock server shutting down
[2m2025-11-13T03:17:21.617797Z[0m [32m INFO[0m Mock server shutting down
test integration::query_planner::fed2_schema_with_new_qp ... FAILED

failures:

failures:
    integration::query_planner::fed2_schema_with_new_qp

test result: FAILED. 0 passed; 1 failed; 0 ignored; 0 measured; 338 filtered out; finished in 16.64s

[0m
[31;1m--- [0m[31;1mSTDERR:              [0m[35;1mapollo-router::integration_tests[0m [36mintegration::query_planner[0m[36m::[0m[34;1mfed2_schema_with_new_qp[0m[31;1m ---[0m

thread 'integration::query_planner::fed2_schema_with_new_qp' panicked at apollo-router/tests/integration/../common.rs:1326:9:
'apollo_router_lifecycle_query_planner_init_total\{init_is_success="true",otel_scope_name="apollo/router"\} 1' not detected in metrics
# HELP apollo_router_cache_size Cache size
# TYPE apollo_router_cache_size gauge
apollo_router_cache_size{kind="APQ",type="memory",otel_scope_name="apollo/router"} 0
apollo_router_cache_size{kind="introspection",type="memory",otel_scope_name="apollo/router"} 0
apollo_router_cache_size{kind="query planner",type="memory",otel_scope_name="apollo/router"} 0
# HELP apollo_router_compute_jobs_queued Number of computation jobs (parsing, planning, …) waiting to be scheduled
# TYPE apollo_router_compute_jobs_queued gauge
apollo_router_compute_jobs_queued{otel_scope_name="apollo/router"} 0
# TYPE apollo_router_exporter_span_lru_size gauge
apollo_router_exporter_span_lru_size{otel_scope_name="apollo/router"} 1
# HELP apollo_router_jemalloc_active Total active bytes in jemalloc
# TYPE apollo_router_jemalloc_active gauge
apollo_router_jemalloc_active{otel_scope_name="apollo/router"} 53522432
# HELP apollo_router_jemalloc_allocated Total bytes allocated by jemalloc
# TYPE apollo_router_jemalloc_allocated gauge
apollo_router_jemalloc_allocated{otel_scope_name="apollo/router"} 49830736
# HELP apollo_router_jemalloc_mapped Total mapped bytes in jemalloc
# TYPE apollo_router_jemalloc_mapped gauge
apollo_router_jemalloc_mapped{otel_scope_name="apollo/router"} 187518976
# HELP apollo_router_jemalloc_metadata Total metadata bytes in jemalloc
# TYPE apollo_router_jemalloc_metadata gauge
apollo_router_jemalloc_metadata{otel_scope_name="apollo/router"} 19000800
# HELP apollo_router_jemalloc_resident Total resident bytes in jemalloc
# TYPE apollo_router_jemalloc_resident gauge
apollo_router_jemalloc_resident{otel_scope_name="apollo/router"} 73129984
# HELP apollo_router_jemalloc_retained Total retained bytes in jemalloc
# TYPE apollo_router_jemalloc_retained gauge
apollo_router_jemalloc_retained{otel_scope_name="apollo/router"} 117616640
# TYPE apollo_router_lifecycle_license gauge
apollo_router_lifecycle_license{license_state="licensed",otel_scope_name="apollo/router"} 1
# HELP apollo_router_lifecycle_query_planner_init_total Rust query planner initialization
# TYPE apollo_router_lifecycle_query_planner_init_total counter
apollo_router_lifecycle_query_planner_init_total{init_is_success="true",otel_scope_name="apollo/router"} 2
# HELP apollo_router_open_connections Number of currently connected clients
# TYPE apollo_router_open_connections gauge
apollo_router_open_connections{config_hash="1bcfa841e916a26779f9f55354b6521821852e7c9f56efa169ddb36add28c6c3",http_connection_state="active",launch_id="",schema_id="00232c744c21ed062941b4d219730c3f5418122c598a7a97ab53480101796ed0",server_address="127.0.0.1",server_port="33961",otel_scope_name="apollo/router"} 0
apollo_router_open_connections{config_hash="1bcfa841e916a26779f9f55354b6521821852e7c9f56efa169ddb36add28c6c3",http_connection_state="active",launch_id="",schema_id="00232c744c21ed062941b4d219730c3f5418122c598a7a97ab53480101796ed0",server_address="127.0.0.1",server_port="40523",otel_scope_name="apollo/router"} 1
apollo_router_open_connections{config_hash="1bcfa841e916a26779f9f55354b6521821852e7c9f56efa169ddb36add28c6c3",http_connection_state="terminating",launch_id="",schema_id="00232c744c21ed062941b4d219730c3f5418122c598a7a97ab53480101796ed0",server_address="127.0.0.1",server_port="33961",otel_scope_name="apollo/router"} 0
# HELP apollo_router_pipelines Number of active router pipelines
# TYPE apollo_router_pipelines gauge
apollo_router_pipelines{config_hash="1bcfa841e916a26779f9f55354b6521821852e7c9f56efa169ddb36add28c6c3",launch_id="",schema_id="00232c744c21ed062941b4d219730c3f5418122c598a7a97ab53480101796ed0",otel_scope_name="apollo/router"} 1
# HELP apollo_router_query_planning_warmup_duration Time spent warming up the query planner queries in seconds
# TYPE apollo_router_query_planning_warmup_duration histogram
apollo_router_query_planning_warmup_duration_bucket{otel_scope_name="apollo/router",le="0.001"} 2
apollo_router_query_planning_warmup_duration_bucket{otel_scope_name="apollo/router",le="0.005"} 2
apollo_router_query_planning_warmup_duration_bucket{otel_scope_name="apollo/router",le="0.015"} 2
apollo_router_query_planning_warmup_duration_bucket{otel_scope_name="apollo/router",le="0.05"} 2
apollo_router_query_planning_warmup_duration_bucket{otel_scope_name="apollo/router",le="0.1"} 2
apollo_router_query_planning_warmup_duration_bucket{otel_scope_name="apollo/router",le="0.2"} 2
apollo_router_query_planning_warmup_duration_bucket{otel_scope_name="apollo/router",le="0.3"} 2
apollo_router_query_planning_warmup_duration_bucket{otel_scope_name="apollo/router",le="0.4"} 2
apollo_router_query_planning_warmup_duration_bucket{otel_scope_name="apollo/router",le="0.5"} 2
apollo_router_query_planning_warmup_duration_bucket{otel_scope_name="apollo/router",le="1"} 2
apollo_router_query_planning_warmup_duration_bucket{otel_scope_name="apollo/router",le="5"} 2
apollo_router_query_planning_warmup_duration_bucket{otel_scope_name="apollo/router",le="10"} 2
apollo_router_query_planning_warmup_duration_bucket{otel_scope_name="apollo/router",le="+Inf"} 2
apollo_router_query_planning_warmup_duration_sum{otel_scope_name="apollo/router"} 0.00007527
apollo_router_query_planning_warmup_duration_count{otel_scope_name="apollo/router"} 2
# HELP apollo_router_schema_load_duration Time spent loading the supergraph schema, in seconds.
# TYPE apollo_router_schema_load_duration histogram
apollo_router_schema_load_duration_bucket{otel_scope_name="apollo/router",le="0.001"} 0
apollo_router_schema_load_duration_bucket{otel_scope_name="apollo/router",le="0.005"} 0
apollo_router_schema_load_duration_bucket{otel_scope_name="apollo/router",le="0.015"} 1
apollo_router_schema_load_duration_bucket{otel_scope_name="apollo/router",le="0.05"} 1
apollo_router_schema_load_duration_bucket{otel_scope_name="apollo/router",le="0.1"} 1
apollo_router_schema_load_duration_bucket{otel_scope_name="apollo/router",le="0.2"} 1
apollo_router_schema_load_duration_bucket{otel_scope_name="apollo/router",le="0.3"} 1
apollo_router_schema_load_duration_bucket{otel_scope_name="apollo/router",le="0.4"} 1
apollo_router_schema_load_duration_bucket{otel_scope_name="apollo/router",le="0.5"} 1
apollo_router_schema_load_duration_bucket{otel_scope_name="apollo/router",le="1"} 1
apollo_router_schema_load_duration_bucket{otel_scope_name="apollo/router",le="5"} 1
apollo_router_schema_load_duration_bucket{otel_scope_name="apollo/router",le="10"} 1
apollo_router_schema_load_duration_bucket{otel_scope_name="apollo/router",le="+Inf"} 1
apollo_router_schema_load_duration_sum{otel_scope_name="apollo/router"} 0.009640933
apollo_router_schema_load_duration_count{otel_scope_name="apollo/router"} 1
# HELP apollo_router_state_change_total Router state changes
# TYPE apollo_router_state_change_total counter
apollo_router_state_change_total{event="UpdateConfiguration",previous_state="Running",state="Running",otel_scope_name="apollo/router"} 1
apollo_router_state_change_total{event="UpdateSchema",previous_state="Startup",state="Running",otel_scope_name="apollo/router"} 1
# TYPE apollo_router_supergraph_federation gauge
apollo_router_supergraph_federation{federation_version="2",otel_scope_name="apollo/router"} 1
# HELP target_info Target metadata
# TYPE target_info gauge
target_info{process_executable_name="router",service_name="unknown_service:router",service_version="2.8.0"} 1

stack backtrace:
   0:     0x55d128490862 - std::backtrace_rs::backtrace::libunwind::trace::h2d45396358f41939
                               at /rustc/1159e78c4747b02ef996e55082b704c09b970588/library/std/src/../../backtrace/src/backtrace/libunwind.rs:117:9
   1:     0x55d128490862 - std::backtrace_rs::backtrace::trace_unsynchronized::hffcefc0b67f1d6e2
                               at /rustc/1159e78c4747b02ef996e55082b704c09b970588/library/std/src/../../backtrace/src/backtrace/mod.rs:66:14
   2:     0x55d128490862 - std::sys::backtrace::_print_fmt::hd72f71d23b436b92
                               at /rustc/1159e78c4747b02ef996e55082b704c09b970588/library/std/src/sys/backtrace.rs:66:9
   3:     0x55d128490862 - <std::sys::backtrace::BacktraceLock::print::DisplayBacktrace as core::fmt::Display>::fmt::hdcfcb6d4c8489523
                               at /rustc/1159e78c4747b02ef996e55082b704c09b970588/library/std/src/sys/backtrace.rs:39:26
   4:     0x55d1284c0703 - core::fmt::rt::Argument::fmt::h2c56b3114963061a
                               at /rustc/1159e78c4747b02ef996e55082b704c09b970588/library/core/src/fmt/rt.rs:173:76
   5:     0x55d1284c0703 - core::fmt::write::h8a494366950f23bb
                               at /rustc/1159e78c4747b02ef996e55082b704c09b970588/library/core/src/fmt/mod.rs:1468:25
   6:     0x55d12848b123 - std::io::default_write_fmt::ha27fbccbc65eb6fa
                               at /rustc/1159e78c4747b02ef996e55082b704c09b970588/library/std/src/io/mod.rs:639:11
   7:     0x55d12848b123 - std::io::Write::write_fmt::h6556609fca33d0b1
                               at /rustc/1159e78c4747b02ef996e55082b704c09b970588/library/std/src/io/mod.rs:1954:13
   8:     0x55d1284906b2 - std::sys::backtrace::BacktraceLock::print::hb2a626a81e06b2dc
                               at /rustc/1159e78c4747b02ef996e55082b704c09b970588/library/std/src/sys/backtrace.rs:42:9
   9:     0x55d1284926f9 - std::panicking::default_hook::{{closure}}::h4f78485264f12d10
                               at /rustc/1159e78c4747b02ef996e55082b704c09b970588/library/std/src/panicking.rs:300:27
  10:     0x55d1284924db - std::panicking::default_hook::h2c66fc99e962531d
                               at /rustc/1159e78c4747b02ef996e55082b704c09b970588/library/std/src/panicking.rs:327:9
  11:     0x55d128493105 - std::panicking::rust_panic_with_hook::h33ac55f64bbd807d
                               at /rustc/1159e78c4747b02ef996e55082b704c09b970588/library/std/src/panicking.rs:833:13
  12:     0x55d128492e9a - std::panicking::begin_panic_handler::{{closure}}::h30e7cb89678a57fe
                               at /rustc/1159e78c4747b02ef996e55082b704c09b970588/library/std/src/panicking.rs:706:13
  13:     0x55d128490d69 - std::sys::backtrace::__rust_end_short_backtrace::hed60f27456c16ced
                               at /rustc/1159e78c4747b02ef996e55082b704c09b970588/library/std/src/sys/backtrace.rs:174:18
  14:     0x55d128492b2d - __rustc[de2ca18b4c54d5b8]::rust_begin_unwind
                               at /rustc/1159e78c4747b02ef996e55082b704c09b970588/library/std/src/panicking.rs:697:5
  15:     0x55d1284bcd30 - core::panicking::panic_fmt::h62f63d096dd276af
                               at /rustc/1159e78c4747b02ef996e55082b704c09b970588/library/core/src/panicking.rs:75:14
  16:     0x55d1221885f7 - integration_tests::integration::common::IntegrationTest::assert_metrics_contains::{{closure}}::hb3bf1a10e2a5dddc
                               at /root/project/apollo-router/tests/integration/../common.rs:1326:9
  17:     0x55d1223b125d - integration_tests::integration::query_planner::fed2_schema_with_new_qp::{{closure}}::h135aad844056de1b
                               at /root/project/apollo-router/tests/integration/query_planner/mod.rs:44:10
  18:     0x55d121d6ca32 - <core::pin::Pin<P> as core::future::future::Future>::poll::h59964df56356515a
                               at /rustc/1159e78c4747b02ef996e55082b704c09b970588/library/core/src/future/future.rs:133:9
  19:     0x55d121c7798d - tokio::runtime::park::CachedParkThread::block_on::{{closure}}::h99a1c01384b0a79b
                               at /root/.cargo/registry/src/index.crates.io-1949cf8c6b5b557f/tokio-1.48.0/src/runtime/park.rs:285:71
  20:     0x55d121c760f6 - tokio::task::coop::with_budget::ha185223116166ce4
                               at /root/.cargo/registry/src/index.crates.io-1949cf8c6b5b557f/tokio-1.48.0/src/task/coop/mod.rs:167:5
  21:     0x55d121c760f6 - tokio::task::coop::budget::ha733ca61bde2edaf
                               at /root/.cargo/registry/src/index.crates.io-1949cf8c6b5b557f/tokio-1.48.0/src/task/coop/mod.rs:133:5
  22:     0x55d121c760f6 - tokio::runtime::park::CachedParkThread::block_on::hbd985400d5b3dc8c
                               at /root/.cargo/registry/src/index.crates.io-1949cf8c6b5b557f/tokio-1.48.0/src/runtime/park.rs:285:31
  23:     0x55d122302574 - tokio::runtime::context::blocking::BlockingRegionGuard::block_on::h3cf29540820bb880
                               at /root/.cargo/registry/src/index.crates.io-1949cf8c6b5b557f/tokio-1.48.0/src/runtime/context/blocking.rs:66:14
  24:     0x55d121f0f978 - tokio::runtime::scheduler::multi_thread::MultiThread::block_on::{{closure}}::h368bef83ee5af5d1
                               at /root/.cargo/registry/src/index.crates.io-1949cf8c6b5b557f/tokio-1.48.0/src/runtime/scheduler/multi_thread/mod.rs:87:22
  25:     0x55d121ca3046 - tokio::runtime::context::runtime::enter_runtime::hfb5131736755618d
                               at /root/.cargo/registry/src/index.crates.io-1949cf8c6b5b557f/tokio-1.48.0/src/runtime/context/runtime.rs:65:16
  26:     0x55d121f0f904 - tokio::runtime::scheduler::multi_thread::MultiThread::block_on::hb60b7b74dc6d2c7f
                               at /root/.cargo/registry/src/index.crates.io-1949cf8c6b5b557f/tokio-1.48.0/src/runtime/scheduler/multi_thread/mod.rs:86:9
  27:     0x55d121b0e9d4 - tokio::runtime::runtime::Runtime::block_on_inner::hb2451b6dd4b09b66
                               at /root/.cargo/registry/src/index.crates.io-1949cf8c6b5b557f/tokio-1.48.0/src/runtime/runtime.rs:370:50
  28:     0x55d121b0f2ec - tokio::runtime::runtime::Runtime::block_on::h9206977fab45046e
                               at /root/.cargo/registry/src/index.crates.io-1949cf8c6b5b557f/tokio-1.48.0/src/runtime/runtime.rs:342:18
  29:     0x55d1223afe66 - integration_tests::integration::query_planner::fed2_schema_with_new_qp::h5d678c2b613de3b0
                               at /root/project/apollo-router/tests/integration/query_planner/mod.rs:46:37
  30:     0x55d1223afcf7 - integration_tests::integration::query_planner::fed2_schema_with_new_qp::{{closure}}::ha0475777feb151b8
                               at /root/project/apollo-router/tests/integration/query_planner/mod.rs:31:35
  31:     0x55d1218d4dc6 - core::ops::function::FnOnce::call_once::h05224e2c80cfa8fd
                               at /rustc/1159e78c4747b02ef996e55082b704c09b970588/library/core/src/ops/function.rs:253:5
  32:     0x55d1225e132b - core::ops::function::FnOnce::call_once::h1f9474f1347fff52
                               at /rustc/1159e78c4747b02ef996e55082b704c09b970588/library/core/src/ops/function.rs:253:5
  33:     0x55d1225e132b - test::__rust_begin_short_backtrace::ha52ab26e77157f03
                               at /rustc/1159e78c4747b02ef996e55082b704c09b970588/library/test/src/lib.rs:648:18
  34:     0x55d1225e0465 - test::run_test_in_process::{{closure}}::h229c1a11a50b261f
                               at /rustc/1159e78c4747b02ef996e55082b704c09b970588/library/test/src/lib.rs:671:74
  35:     0x55d1225e0465 - <core::panic::unwind_safe::AssertUnwindSafe<F> as core::ops::function::FnOnce<()>>::call_once::h78821afbf97b39a9
                               at /rustc/1159e78c4747b02ef996e55082b704c09b970588/library/core/src/panic/unwind_safe.rs:272:9
  36:     0x55d1225e0465 - std::panicking::catch_unwind::do_call::h53abf3ed5bd32ba3
                               at /rustc/1159e78c4747b02ef996e55082b704c09b970588/library/std/src/panicking.rs:589:40
  37:     0x55d1225e0465 - std::panicking::catch_unwind::h6deb5fe1e91873c9
                               at /rustc/1159e78c4747b02ef996e55082b704c09b970588/library/std/src/panicking.rs:552:19
  38:     0x55d1225e0465 - std::panic::catch_unwind::hea0829b6b565654b
                               at /rustc/1159e78c4747b02ef996e55082b704c09b970588/library/std/src/panic.rs:359:14
  39:     0x55d1225e0465 - test::run_test_in_process::hdc44dfecea3db21b
                               at /rustc/1159e78c4747b02ef996e55082b704c09b970588/library/test/src/lib.rs:671:27
  40:     0x55d1225e0465 - test::run_test::{{closure}}::h0364ba59bf23f652
                               at /rustc/1159e78c4747b02ef996e55082b704c09b970588/library/test/src/lib.rs:592:43
  41:     0x55d1225a4064 - test::run_test::{{closure}}::h32730b304eec05da
                               at /rustc/1159e78c4747b02ef996e55082b704c09b970588/library/test/src/lib.rs:622:41
  42:     0x55d1225a4064 - std::sys::backtrace::__rust_begin_short_backtrace::h177cb952fc54ad2c
                               at /rustc/1159e78c4747b02ef996e55082b704c09b970588/library/std/src/sys/backtrace.rs:158:18
  43:     0x55d1225a7a3a - std::thread::Builder::spawn_unchecked_::{{closure}}::{{closure}}::h119d903520007597
                               at /rustc/1159e78c4747b02ef996e55082b704c09b970588/library/std/src/thread/mod.rs:559:17
  44:     0x55d1225a7a3a - <core::panic::unwind_safe::AssertUnwindSafe<F> as core::ops::function::FnOnce<()>>::call_once::hab88401d606702a6
                               at /rustc/1159e78c4747b02ef996e55082b704c09b970588/library/core/src/panic/unwind_safe.rs:272:9
  45:     0x55d1225a7a3a - std::panicking::catch_unwind::do_call::h163fe12cca9901c2
                               at /rustc/1159e78c4747b02ef996e55082b704c09b970588/library/std/src/panicking.rs:589:40
  46:     0x55d1225a7a3a - std::panicking::catch_unwind::he81557d0e17cc1bc
                               at /rustc/1159e78c4747b02ef996e55082b704c09b970588/library/std/src/panicking.rs:552:19
  47:     0x55d1225a7a3a - std::panic::catch_unwind::hc2b8e79c20593955
                               at /rustc/1159e78c4747b02ef996e55082b704c09b970588/library/std/src/panic.rs:359:14
  48:     0x55d1225a7a3a - std::thread::Builder::spawn_unchecked_::{{closure}}::hfa6b4978e07815cc
                               at /rustc/1159e78c4747b02ef996e55082b704c09b970588/library/std/src/thread/mod.rs:557:30
  49:     0x55d1225a7a3a - core::ops::function::FnOnce::call_once{{vtable.shim}}::hddcd7484a13fd793
                               at /rustc/1159e78c4747b02ef996e55082b704c09b970588/library/core/src/ops/function.rs:253:5
  50:     0x55d128496aef - <alloc::boxed::Box<F,A> as core::ops::function::FnOnce<Args>>::call_once::h5924238c754de3b8
                               at /rustc/1159e78c4747b02ef996e55082b704c09b970588/library/alloc/src/boxed.rs:1971:9
  51:     0x55d128496aef - std::sys::pal::unix::thread::Thread::new::thread_start::hb6e99e73da4d28f8
                               at /rustc/1159e78c4747b02ef996e55082b704c09b970588/library/std/src/sys/pal/unix/thread.rs:107:17
  52:     0x7f47610a51ca - start_thread
  53:     0x7f476150e8d3 - __GI___clone
  54:                0x0 - <unknown>
[0m
[31;1m  TRY 3 FAIL[0m [   3.308s] [35;1mapollo-router::integration_tests[0m [36mintegration::subscriptions::ws_passthrough[0m[36m::[0m[34;1mtest_subscription_ws_passthrough_dedup[0m

[31;1m--- [0m[31;1mTRY[0m [31;1m3[0m [31;1mSTDOUT:        [0m[35;1mapollo-router::integration_tests[0m [36mintegration::subscriptions::ws_passthrough[0m[36m::[0m[34;1mtest_subscription_ws_passthrough_dedup[0m[31;1m ---[0m

running 1 test
[2m2025-11-13T03:17:14.977634Z[0m [32m INFO[0m Starting axum WebSocket server...
[2m2025-11-13T03:17:15.477542Z[0m [32m INFO[0m Axum server running on 127.0.0.1:44443
[2m2025-11-13T03:17:15.493422Z[0m [32m INFO[0m WebSocket server started at: ws://127.0.0.1:44443/ws
[2m2025-11-13T03:17:15.493558Z[0m [32m INFO[0m Loading supergraph from file
[2m2025-11-13T03:17:17.081253Z[0m [32m INFO[0m WebSocket connection established
[2m2025-11-13T03:17:17.089261Z[0m [32m INFO[0m Starting subscription with 2 events, interval 50ms (configured)
[2m2025-11-13T03:17:17.192443Z[0m [32m INFO[0m Sent 2 subscription events but did not send `complete` message
[2m2025-11-13T03:17:18.208236Z[0m [32m INFO[0m Mock server shutting down
[2m2025-11-13T03:17:18.211100Z[0m [32m INFO[0m Mock server shutting down
test integration::subscriptions::ws_passthrough::test_subscription_ws_passthrough_dedup ... FAILED

failures:

failures:
    integration::subscriptions::ws_passthrough::test_subscription_ws_passthrough_dedup

test result: FAILED. 0 passed; 1 failed; 0 ignored; 0 measured; 338 filtered out; finished in 3.26s

[0m
[31;1m--- [0m[31;1mTRY[0m [31;1m3[0m [31;1mSTDERR:        [0m[35;1mapollo-router::integration_tests[0m [36mintegration::subscriptions::ws_passthrough[0m[36m::[0m[34;1mtest_subscription_ws_passthrough_dedup[0m[31;1m ---[0m

thread 'integration::subscriptions::ws_passthrough::test_subscription_ws_passthrough_dedup' panicked at apollo-router/tests/integration/subscriptions/mod.rs:273:5:
assertion failed: `(left == right)`: Subscription events do not match expected events

[1mDiff[0m [31m< left[0m / [32mright >[0m :
 [
     Object {},
     Object {
         "payload": Object {
             "data": Object {
                 "userWasCreated": Object {
                     "name": String("User 1"),
                     "reviews": Array [
                         Object {
                             "body": String("Review 1 from user 1"),
                         },
                     ],
                 },
             },
         },
     },
     Object {
         "payload": Object {
             "data": Object {
                 "userWasCreated": Object {
                     "name": String("User 2"),
                     "reviews": Array [
                         Object {
                             "body": String("Review 2 from user 2"),
                         },
                     ],
                 },
             },
         },
     },
     Object {
         "payload": Null,
         "errors": Array [
             Object {
[31m<                "message": String("subscription has been closed due to a c[0m[1;48;5;52;31monfigur[0m[31ma[0m[1;48;5;52;31mtion[0m[31m reload"),[0m
[32m>                "message": String("subscription has been closed due to a [0m[1;48;5;22;32ms[0m[32mc[0m[1;48;5;22;32mhem[0m[32ma reload"),[0m
                 "extensions": Object {
[31m<                    "code": String("SUBSCRIPTION_C[0m[1;48;5;52;31mONFIG[0m[31m_RELOAD"),[0m
[32m>                    "code": String("SUBSCRIPTION_[0m[1;48;5;22;32mS[0m[32mC[0m[1;48;5;22;32mHEMA[0m[32m_RELOAD"),[0m
                 },
             },
         ],
     },
 ]


stack backtrace:
   0:     0x55e624e44862 - std::backtrace_rs::backtrace::libunwind::trace::h2d45396358f41939
                               at /rustc/1159e78c4747b02ef996e55082b704c09b970588/library/std/src/../../backtrace/src/backtrace/libunwind.rs:117:9
   1:     0x55e624e44862 - std::backtrace_rs::backtrace::trace_unsynchronized::hffcefc0b67f1d6e2
                               at /rustc/1159e78c4747b02ef996e55082b704c09b970588/library/std/src/../../backtrace/src/backtrace/mod.rs:66:14
   2:     0x55e624e44862 - std::sys::backtrace::_print_fmt::hd72f71d23b436b92
                               at /rustc/1159e78c4747b02ef996e55082b704c09b970588/library/std/src/sys/backtrace.rs:66:9
   3:     0x55e624e44862 - <std::sys::backtrace::BacktraceLock::print::DisplayBacktrace as core::fmt::Display>::fmt::hdcfcb6d4c8489523
                               at /rustc/1159e78c4747b02ef996e55082b704c09b970588/library/std/src/sys/backtrace.rs:39:26
   4:     0x55e624e74703 - core::fmt::rt::Argument::fmt::h2c56b3114963061a
                               at /rustc/1159e78c4747b02ef996e55082b704c09b970588/library/core/src/fmt/rt.rs:173:76
   5:     0x55e624e74703 - core::fmt::write::h8a494366950f23bb
                               at /rustc/1159e78c4747b02ef996e55082b704c09b970588/library/core/src/fmt/mod.rs:1468:25
   6:     0x55e624e3f123 - std::io::default_write_fmt::ha27fbccbc65eb6fa
                               at /rustc/1159e78c4747b02ef996e55082b704c09b970588/library/std/src/io/mod.rs:639:11
   7:     0x55e624e3f123 - std::io::Write::write_fmt::h6556609fca33d0b1
                               at /rustc/1159e78c4747b02ef996e55082b704c09b970588/library/std/src/io/mod.rs:1954:13
   8:     0x55e624e446b2 - std::sys::backtrace::BacktraceLock::print::hb2a626a81e06b2dc
                               at /rustc/1159e78c4747b02ef996e55082b704c09b970588/library/std/src/sys/backtrace.rs:42:9
   9:     0x55e624e466f9 - std::panicking::default_hook::{{closure}}::h4f78485264f12d10
                               at /rustc/1159e78c4747b02ef996e55082b704c09b970588/library/std/src/panicking.rs:300:27
  10:     0x55e624e464db - std::panicking::default_hook::h2c66fc99e962531d
                               at /rustc/1159e78c4747b02ef996e55082b704c09b970588/library/std/src/panicking.rs:327:9
  11:     0x55e624e47105 - std::panicking::rust_panic_with_hook::h33ac55f64bbd807d
                               at /rustc/1159e78c4747b02ef996e55082b704c09b970588/library/std/src/panicking.rs:833:13
  12:     0x55e624e46e9a - std::panicking::begin_panic_handler::{{closure}}::h30e7cb89678a57fe
                               at /rustc/1159e78c4747b02ef996e55082b704c09b970588/library/std/src/panicking.rs:706:13
  13:     0x55e624e44d69 - std::sys::backtrace::__rust_end_short_backtrace::hed60f27456c16ced
                               at /rustc/1159e78c4747b02ef996e55082b704c09b970588/library/std/src/sys/backtrace.rs:174:18
  14:     0x55e624e46b2d - __rustc[de2ca18b4c54d5b8]::rust_begin_unwind
                               at /rustc/1159e78c4747b02ef996e55082b704c09b970588/library/std/src/panicking.rs:697:5
  15:     0x55e624e70d30 - core::panicking::panic_fmt::h62f63d096dd276af
                               at /rustc/1159e78c4747b02ef996e55082b704c09b970588/library/core/src/panicking.rs:75:14
  16:     0x55e61eb081be - integration_tests::integration::subscriptions::verify_subscription_events::{{closure}}::h49df6f8bed1614cb
                               at /root/project/apollo-router/tests/integration/subscriptions/mod.rs:273:5
  17:     0x55e61eba2c9e - integration_tests::integration::subscriptions::ws_passthrough::test_subscription_ws_passthrough_dedup::{{closure}}::hff86b65bf89dc40c
                               at /root/project/apollo-router/tests/integration/subscriptions/ws_passthrough.rs:909:63
  18:     0x55e61e7215ef - <core::pin::Pin<P> as core::future::future::Future>::poll::hcb765372bf9a9be0
                               at /rustc/1159e78c4747b02ef996e55082b704c09b970588/library/core/src/future/future.rs:133:9
  19:     0x55e61e62b9eb - tokio::runtime::park::CachedParkThread::block_on::{{closure}}::had9e378af5849f11
                               at /root/.cargo/registry/src/index.crates.io-1949cf8c6b5b557f/tokio-1.48.0/src/runtime/park.rs:285:71
  20:     0x55e61e62a950 - tokio::task::coop::with_budget::h6c5486694f22ca15
                               at /root/.cargo/registry/src/index.crates.io-1949cf8c6b5b557f/tokio-1.48.0/src/task/coop/mod.rs:167:5
  21:     0x55e61e62a950 - tokio::task::coop::budget::he0a8db83177c8314
                               at /root/.cargo/registry/src/index.crates.io-1949cf8c6b5b557f/tokio-1.48.0/src/task/coop/mod.rs:133:5
  22:     0x55e61e62a950 - tokio::runtime::park::CachedParkThread::block_on::hc4e90ffab65caeec
                               at /root/.cargo/registry/src/index.crates.io-1949cf8c6b5b557f/tokio-1.48.0/src/runtime/park.rs:285:31
  23:     0x55e61ecb68a1 - tokio::runtime::context::blocking::BlockingRegionGuard::block_on::h812dc1a24efcf821
                               at /root/.cargo/registry/src/index.crates.io-1949cf8c6b5b557f/tokio-1.48.0/src/runtime/context/blocking.rs:66:14
  24:     0x55e61e8c3ac2 - tokio::runtime::scheduler::multi_thread::MultiThread::block_on::{{closure}}::hc61f289df102a339
                               at /root/.cargo/registry/src/index.crates.io-1949cf8c6b5b557f/tokio-1.48.0/src/runtime/scheduler/multi_thread/mod.rs:87:22
  25:     0x55e61e65637a - tokio::runtime::context::runtime::enter_runtime::h045d20e3b3e0b850
                               at /root/.cargo/registry/src/index.crates.io-1949cf8c6b5b557f/tokio-1.48.0/src/runtime/context/runtime.rs:65:16
  26:     0x55e61e8c3944 - tokio::runtime::scheduler::multi_thread::MultiThread::block_on::hcf63dde5626233d0
                               at /root/.cargo/registry/src/index.crates.io-1949cf8c6b5b557f/tokio-1.48.0/src/runtime/scheduler/multi_thread/mod.rs:86:9
  27:     0x55e61e4c2c80 - tokio::runtime::runtime::Runtime::block_on_inner::hd795c11ae310e0f0
                               at /root/.cargo/registry/src/index.crates.io-1949cf8c6b5b557f/tokio-1.48.0/src/runtime/runtime.rs:370:50
  28:     0x55e61e4c3094 - tokio::runtime::runtime::Runtime::block_on::h2090ac62d0c850e9
                               at /root/.cargo/registry/src/index.crates.io-1949cf8c6b5b557f/tokio-1.48.0/src/runtime/runtime.rs:342:18
  29:     0x55e61eb9f2f5 - integration_tests::integration::subscriptions::ws_passthrough::test_subscription_ws_passthrough_dedup::h79e79b2503ee4b28
                               at /root/project/apollo-router/tests/integration/subscriptions/ws_passthrough.rs:929:7
  30:     0x55e61eb9f177 - integration_tests::integration::subscriptions::ws_passthrough::test_subscription_ws_passthrough_dedup::{{closure}}::h5f6cfb4d21700673
                               at /root/project/apollo-router/tests/integration/subscriptions/ws_passthrough.rs:819:54
  31:     0x55e61e292fa6 - core::ops::function::FnOnce::call_once::h7dd3a2fb1d861536
                               at /rustc/1159e78c4747b02ef996e55082b704c09b970588/library/core/src/ops/function.rs:253:5
  32:     0x55e61ef9532b - core::ops::function::FnOnce::call_once::h1f9474f1347fff52
                               at /rustc/1159e78c4747b02ef996e55082b704c09b970588/library/core/src/ops/function.rs:253:5
  33:     0x55e61ef9532b - test::__rust_begin_short_backtrace::ha52ab26e77157f03
                               at /rustc/1159e78c4747b02ef996e55082b704c09b970588/library/test/src/lib.rs:648:18
  34:     0x55e61ef94465 - test::run_test_in_process::{{closure}}::h229c1a11a50b261f
                               at /rustc/1159e78c4747b02ef996e55082b704c09b970588/library/test/src/lib.rs:671:74
  35:     0x55e61ef94465 - <core::panic::unwind_safe::AssertUnwindSafe<F> as core::ops::function::FnOnce<()>>::call_once::h78821afbf97b39a9
                               at /rustc/1159e78c4747b02ef996e55082b704c09b970588/library/core/src/panic/unwind_safe.rs:272:9
  36:     0x55e61ef94465 - std::panicking::catch_unwind::do_call::h53abf3ed5bd32ba3
                               at /rustc/1159e78c4747b02ef996e55082b704c09b970588/library/std/src/panicking.rs:589:40
  37:     0x55e61ef94465 - std::panicking::catch_unwind::h6deb5fe1e91873c9
                               at /rustc/1159e78c4747b02ef996e55082b704c09b970588/library/std/src/panicking.rs:552:19
  38:     0x55e61ef94465 - std::panic::catch_unwind::hea0829b6b565654b
                               at /rustc/1159e78c4747b02ef996e55082b704c09b970588/library/std/src/panic.rs:359:14
  39:     0x55e61ef94465 - test::run_test_in_process::hdc44dfecea3db21b
                               at /rustc/1159e78c4747b02ef996e55082b704c09b970588/library/test/src/lib.rs:671:27
  40:     0x55e61ef94465 - test::run_test::{{closure}}::h0364ba59bf23f652
                               at /rustc/1159e78c4747b02ef996e55082b704c09b970588/library/test/src/lib.rs:592:43
  41:     0x55e61ef58064 - test::run_test::{{closure}}::h32730b304eec05da
                               at /rustc/1159e78c4747b02ef996e55082b704c09b970588/library/test/src/lib.rs:622:41
  42:     0x55e61ef58064 - std::sys::backtrace::__rust_begin_short_backtrace::h177cb952fc54ad2c
                               at /rustc/1159e78c4747b02ef996e55082b704c09b970588/library/std/src/sys/backtrace.rs:158:18
  43:     0x55e61ef5ba3a - std::thread::Builder::spawn_unchecked_::{{closure}}::{{closure}}::h119d903520007597
                               at /rustc/1159e78c4747b02ef996e55082b704c09b970588/library/std/src/thread/mod.rs:559:17
  44:     0x55e61ef5ba3a - <core::panic::unwind_safe::AssertUnwindSafe<F> as core::ops::function::FnOnce<()>>::call_once::hab88401d606702a6
                               at /rustc/1159e78c4747b02ef996e55082b704c09b970588/library/core/src/panic/unwind_safe.rs:272:9
  45:     0x55e61ef5ba3a - std::panicking::catch_unwind::do_call::h163fe12cca9901c2
                               at /rustc/1159e78c4747b02ef996e55082b704c09b970588/library/std/src/panicking.rs:589:40
  46:     0x55e61ef5ba3a - std::panicking::catch_unwind::he81557d0e17cc1bc
                               at /rustc/1159e78c4747b02ef996e55082b704c09b970588/library/std/src/panicking.rs:552:19
  47:     0x55e61ef5ba3a - std::panic::catch_unwind::hc2b8e79c20593955
                               at /rustc/1159e78c4747b02ef996e55082b704c09b970588/library/std/src/panic.rs:359:14
  48:     0x55e61ef5ba3a - std::thread::Builder::spawn_unchecked_::{{closure}}::hfa6b4978e07815cc
                               at /rustc/1159e78c4747b02ef996e55082b704c09b970588/library/std/src/thread/mod.rs:557:30
  49:     0x55e61ef5ba3a - core::ops::function::FnOnce::call_once{{vtable.shim}}::hddcd7484a13fd793
                               at /rustc/1159e78c4747b02ef996e55082b704c09b970588/library/core/src/ops/function.rs:253:5
  50:     0x55e624e4aaef - <alloc::boxed::Box<F,A> as core::ops::function::FnOnce<Args>>::call_once::h5924238c754de3b8
                               at /rustc/1159e78c4747b02ef996e55082b704c09b970588/library/alloc/src/boxed.rs:1971:9
  51:     0x55e624e4aaef - std::sys::pal::unix::thread::Thread::new::thread_start::hb6e99e73da4d28f8
                               at /rustc/1159e78c4747b02ef996e55082b704c09b970588/library/std/src/sys/pal/unix/thread.rs:107:17
  52:     0x7f83b6fe11ca - start_thread
  53:     0x7f83b744a8d3 - __GI___clone
  54:                0x0 - <unknown>
[0m
[31;1m  TRY 3 FAIL[0m [   3.086s] [35;1mapollo-router::integration_tests[0m [36mintegration::subscriptions::ws_passthrough[0m[36m::[0m[34;1mtest_subscription_ws_passthrough_on_schema_reload[0m

[31;1m--- [0m[31;1mTRY[0m [31;1m3[0m [31;1mSTDOUT:        [0m[35;1mapollo-router::integration_tests[0m [36mintegration::subscriptions::ws_passthrough[0m[36m::[0m[34;1mtest_subscription_ws_passthrough_on_schema_reload[0m[31;1m ---[0m

running 1 test
[2m2025-11-13T03:17:15.640311Z[0m [32m INFO[0m Starting axum WebSocket server...
[2m2025-11-13T03:17:16.144214Z[0m [32m INFO[0m Axum server running on 127.0.0.1:40315
[2m2025-11-13T03:17:16.167625Z[0m [32m INFO[0m WebSocket server started at: ws://127.0.0.1:40315/ws
[2m2025-11-13T03:17:16.167726Z[0m [32m INFO[0m Loading supergraph from file
[2m2025-11-13T03:17:17.567272Z[0m [32m INFO[0m WebSocket connection established
[2m2025-11-13T03:17:17.574131Z[0m [32m INFO[0m Starting subscription with 2 events, interval 10ms (configured)
[2m2025-11-13T03:17:17.596405Z[0m [32m INFO[0m Sent 2 subscription events but did not send `complete` message
[2m2025-11-13T03:17:18.655251Z[0m [32m INFO[0m Mock server shutting down
[2m2025-11-13T03:17:18.655709Z[0m [32m INFO[0m Mock server shutting down
test integration::subscriptions::ws_passthrough::test_subscription_ws_passthrough_on_schema_reload ... FAILED

failures:

failures:
    integration::subscriptions::ws_passthrough::test_subscription_ws_passthrough_on_schema_reload

test result: FAILED. 0 passed; 1 failed; 0 ignored; 0 measured; 338 filtered out; finished in 3.04s

[0m
[31;1m--- [0m[31;1mTRY[0m [31;1m3[0m [31;1mSTDERR:        [0m[35;1mapollo-router::integration_tests[0m [36mintegration::subscriptions::ws_passthrough[0m[36m::[0m[34;1mtest_subscription_ws_passthrough_on_schema_reload[0m[31;1m ---[0m

thread 'integration::subscriptions::ws_passthrough::test_subscription_ws_passthrough_on_schema_reload' panicked at apollo-router/tests/integration/subscriptions/mod.rs:273:5:
assertion failed: `(left == right)`: Subscription events do not match expected events

[1mDiff[0m [31m< left[0m / [32mright >[0m :
 [
     Object {},
     Object {
         "payload": Object {
             "data": Object {
                 "userWasCreated": Object {
                     "name": String("User 1"),
                     "reviews": Array [
                         Object {
                             "body": String("Review 1 from user 1"),
                         },
                     ],
                 },
             },
         },
     },
     Object {
         "payload": Object {
             "data": Object {
                 "userWasCreated": Object {
                     "name": String("User 2"),
                     "reviews": Array [
                         Object {
                             "body": String("Review 2 from user 2"),
                         },
                     ],
                 },
             },
         },
     },
     Object {
         "payload": Null,
         "errors": Array [
             Object {
[31m<                "message": String("subscription has been closed due to a c[0m[1;48;5;52;31monfigur[0m[31ma[0m[1;48;5;52;31mtion[0m[31m reload"),[0m
[32m>                "message": String("subscription has been closed due to a [0m[1;48;5;22;32ms[0m[32mc[0m[1;48;5;22;32mhem[0m[32ma reload"),[0m
                 "extensions": Object {
[31m<                    "code": String("SUBSCRIPTION_C[0m[1;48;5;52;31mONFIG[0m[31m_RELOAD"),[0m
[32m>                    "code": String("SUBSCRIPTION_[0m[1;48;5;22;32mS[0m[32mC[0m[1;48;5;22;32mHEMA[0m[32m_RELOAD"),[0m
                 },
             },
         ],
     },
 ]


stack backtrace:
   0:     0x557cb8fcd862 - std::backtrace_rs::backtrace::libunwind::trace::h2d45396358f41939
                               at /rustc/1159e78c4747b02ef996e55082b704c09b970588/library/std/src/../../backtrace/src/backtrace/libunwind.rs:117:9
   1:     0x557cb8fcd862 - std::backtrace_rs::backtrace::trace_unsynchronized::hffcefc0b67f1d6e2
                               at /rustc/1159e78c4747b02ef996e55082b704c09b970588/library/std/src/../../backtrace/src/backtrace/mod.rs:66:14
   2:     0x557cb8fcd862 - std::sys::backtrace::_print_fmt::hd72f71d23b436b92
                               at /rustc/1159e78c4747b02ef996e55082b704c09b970588/library/std/src/sys/backtrace.rs:66:9
   3:     0x557cb8fcd862 - <std::sys::backtrace::BacktraceLock::print::DisplayBacktrace as core::fmt::Display>::fmt::hdcfcb6d4c8489523
                               at /rustc/1159e78c4747b02ef996e55082b704c09b970588/library/std/src/sys/backtrace.rs:39:26
   4:     0x557cb8ffd703 - core::fmt::rt::Argument::fmt::h2c56b3114963061a
                               at /rustc/1159e78c4747b02ef996e55082b704c09b970588/library/core/src/fmt/rt.rs:173:76
   5:     0x557cb8ffd703 - core::fmt::write::h8a494366950f23bb
                               at /rustc/1159e78c4747b02ef996e55082b704c09b970588/library/core/src/fmt/mod.rs:1468:25
   6:     0x557cb8fc8123 - std::io::default_write_fmt::ha27fbccbc65eb6fa
                               at /rustc/1159e78c4747b02ef996e55082b704c09b970588/library/std/src/io/mod.rs:639:11
   7:     0x557cb8fc8123 - std::io::Write::write_fmt::h6556609fca33d0b1
                               at /rustc/1159e78c4747b02ef996e55082b704c09b970588/library/std/src/io/mod.rs:1954:13
   8:     0x557cb8fcd6b2 - std::sys::backtrace::BacktraceLock::print::hb2a626a81e06b2dc
                               at /rustc/1159e78c4747b02ef996e55082b704c09b970588/library/std/src/sys/backtrace.rs:42:9
   9:     0x557cb8fcf6f9 - std::panicking::default_hook::{{closure}}::h4f78485264f12d10
                               at /rustc/1159e78c4747b02ef996e55082b704c09b970588/library/std/src/panicking.rs:300:27
  10:     0x557cb8fcf4db - std::panicking::default_hook::h2c66fc99e962531d
                               at /rustc/1159e78c4747b02ef996e55082b704c09b970588/library/std/src/panicking.rs:327:9
  11:     0x557cb8fd0105 - std::panicking::rust_panic_with_hook::h33ac55f64bbd807d
                               at /rustc/1159e78c4747b02ef996e55082b704c09b970588/library/std/src/panicking.rs:833:13
  12:     0x557cb8fcfe9a - std::panicking::begin_panic_handler::{{closure}}::h30e7cb89678a57fe
                               at /rustc/1159e78c4747b02ef996e55082b704c09b970588/library/std/src/panicking.rs:706:13
  13:     0x557cb8fcdd69 - std::sys::backtrace::__rust_end_short_backtrace::hed60f27456c16ced
                               at /rustc/1159e78c4747b02ef996e55082b704c09b970588/library/std/src/sys/backtrace.rs:174:18
  14:     0x557cb8fcfb2d - __rustc[de2ca18b4c54d5b8]::rust_begin_unwind
                               at /rustc/1159e78c4747b02ef996e55082b704c09b970588/library/std/src/panicking.rs:697:5
  15:     0x557cb8ff9d30 - core::panicking::panic_fmt::h62f63d096dd276af
                               at /rustc/1159e78c4747b02ef996e55082b704c09b970588/library/core/src/panicking.rs:75:14
  16:     0x557cb2c911be - integration_tests::integration::subscriptions::verify_subscription_events::{{closure}}::h49df6f8bed1614cb
                               at /root/project/apollo-router/tests/integration/subscriptions/mod.rs:273:5
  17:     0x557cb2d26f99 - integration_tests::integration::subscriptions::ws_passthrough::test_subscription_ws_passthrough_on_schema_reload::{{closure}}::hc89643c188ed6530
                               at /root/project/apollo-router/tests/integration/subscriptions/ws_passthrough.rs:801:63
  18:     0x557cb28aa5ef - <core::pin::Pin<P> as core::future::future::Future>::poll::hcb765372bf9a9be0
                               at /rustc/1159e78c4747b02ef996e55082b704c09b970588/library/core/src/future/future.rs:133:9
  19:     0x557cb27b49eb - tokio::runtime::park::CachedParkThread::block_on::{{closure}}::had9e378af5849f11
                               at /root/.cargo/registry/src/index.crates.io-1949cf8c6b5b557f/tokio-1.48.0/src/runtime/park.rs:285:71
  20:     0x557cb27b3950 - tokio::task::coop::with_budget::h6c5486694f22ca15
                               at /root/.cargo/registry/src/index.crates.io-1949cf8c6b5b557f/tokio-1.48.0/src/task/coop/mod.rs:167:5
  21:     0x557cb27b3950 - tokio::task::coop::budget::he0a8db83177c8314
                               at /root/.cargo/registry/src/index.crates.io-1949cf8c6b5b557f/tokio-1.48.0/src/task/coop/mod.rs:133:5
  22:     0x557cb27b3950 - tokio::runtime::park::CachedParkThread::block_on::hc4e90ffab65caeec
                               at /root/.cargo/registry/src/index.crates.io-1949cf8c6b5b557f/tokio-1.48.0/src/runtime/park.rs:285:31
  23:     0x557cb2e3f8a1 - tokio::runtime::context::blocking::BlockingRegionGuard::block_on::h812dc1a24efcf821
                               at /root/.cargo/registry/src/index.crates.io-1949cf8c6b5b557f/tokio-1.48.0/src/runtime/context/blocking.rs:66:14
  24:     0x557cb2a4cac2 - tokio::runtime::scheduler::multi_thread::MultiThread::block_on::{{closure}}::hc61f289df102a339
                               at /root/.cargo/registry/src/index.crates.io-1949cf8c6b5b557f/tokio-1.48.0/src/runtime/scheduler/multi_thread/mod.rs:87:22
  25:     0x557cb27df37a - tokio::runtime::context::runtime::enter_runtime::h045d20e3b3e0b850
                               at /root/.cargo/registry/src/index.crates.io-1949cf8c6b5b557f/tokio-1.48.0/src/runtime/context/runtime.rs:65:16
  26:     0x557cb2a4c944 - tokio::runtime::scheduler::multi_thread::MultiThread::block_on::hcf63dde5626233d0
                               at /root/.cargo/registry/src/index.crates.io-1949cf8c6b5b557f/tokio-1.48.0/src/runtime/scheduler/multi_thread/mod.rs:86:9
  27:     0x557cb264bc80 - tokio::runtime::runtime::Runtime::block_on_inner::hd795c11ae310e0f0
                               at /root/.cargo/registry/src/index.crates.io-1949cf8c6b5b557f/tokio-1.48.0/src/runtime/runtime.rs:370:50
  28:     0x557cb264c094 - tokio::runtime::runtime::Runtime::block_on::h2090ac62d0c850e9
                               at /root/.cargo/registry/src/index.crates.io-1949cf8c6b5b557f/tokio-1.48.0/src/runtime/runtime.rs:342:18
  29:     0x557cb2d23805 - integration_tests::integration::subscriptions::ws_passthrough::test_subscription_ws_passthrough_on_schema_reload::h3f3d28c4f3c09b48
                               at /root/project/apollo-router/tests/integration/subscriptions/ws_passthrough.rs:815:7
  30:     0x557cb2d23687 - integration_tests::integration::subscriptions::ws_passthrough::test_subscription_ws_passthrough_on_schema_reload::{{closure}}::hae6ae10258adaf99
                               at /root/project/apollo-router/tests/integration/subscriptions/ws_passthrough.rs:720:65
  31:     0x557cb2421fe6 - core::ops::function::FnOnce::call_once::hcaae4fbc1d88b992
                               at /rustc/1159e78c4747b02ef996e55082b704c09b970588/library/core/src/ops/function.rs:253:5
  32:     0x557cb311e32b - core::ops::function::FnOnce::call_once::h1f9474f1347fff52
                               at /rustc/1159e78c4747b02ef996e55082b704c09b970588/library/core/src/ops/function.rs:253:5
  33:     0x557cb311e32b - test::__rust_begin_short_backtrace::ha52ab26e77157f03
                               at /rustc/1159e78c4747b02ef996e55082b704c09b970588/library/test/src/lib.rs:648:18
  34:     0x557cb311d465 - test::run_test_in_process::{{closure}}::h229c1a11a50b261f
                               at /rustc/1159e78c4747b02ef996e55082b704c09b970588/library/test/src/lib.rs:671:74
  35:     0x557cb311d465 - <core::panic::unwind_safe::AssertUnwindSafe<F> as core::ops::function::FnOnce<()>>::call_once::h78821afbf97b39a9
                               at /rustc/1159e78c4747b02ef996e55082b704c09b970588/library/core/src/panic/unwind_safe.rs:272:9
  36:     0x557cb311d465 - std::panicking::catch_unwind::do_call::h53abf3ed5bd32ba3
                               at /rustc/1159e78c4747b02ef996e55082b704c09b970588/library/std/src/panicking.rs:589:40
  37:     0x557cb311d465 - std::panicking::catch_unwind::h6deb5fe1e91873c9
                               at /rustc/1159e78c4747b02ef996e55082b704c09b970588/library/std/src/panicking.rs:552:19
  38:     0x557cb311d465 - std::panic::catch_unwind::hea0829b6b565654b
                               at /rustc/1159e78c4747b02ef996e55082b704c09b970588/library/std/src/panic.rs:359:14
  39:     0x557cb311d465 - test::run_test_in_process::hdc44dfecea3db21b
                               at /rustc/1159e78c4747b02ef996e55082b704c09b970588/library/test/src/lib.rs:671:27
  40:     0x557cb311d465 - test::run_test::{{closure}}::h0364ba59bf23f652
                               at /rustc/1159e78c4747b02ef996e55082b704c09b970588/library/test/src/lib.rs:592:43
  41:     0x557cb30e1064 - test::run_test::{{closure}}::h32730b304eec05da
                               at /rustc/1159e78c4747b02ef996e55082b704c09b970588/library/test/src/lib.rs:622:41
  42:     0x557cb30e1064 - std::sys::backtrace::__rust_begin_short_backtrace::h177cb952fc54ad2c
                               at /rustc/1159e78c4747b02ef996e55082b704c09b970588/library/std/src/sys/backtrace.rs:158:18
  43:     0x557cb30e4a3a - std::thread::Builder::spawn_unchecked_::{{closure}}::{{closure}}::h119d903520007597
                               at /rustc/1159e78c4747b02ef996e55082b704c09b970588/library/std/src/thread/mod.rs:559:17
  44:     0x557cb30e4a3a - <core::panic::unwind_safe::AssertUnwindSafe<F> as core::ops::function::FnOnce<()>>::call_once::hab88401d606702a6
                               at /rustc/1159e78c4747b02ef996e55082b704c09b970588/library/core/src/panic/unwind_safe.rs:272:9
  45:     0x557cb30e4a3a - std::panicking::catch_unwind::do_call::h163fe12cca9901c2
                               at /rustc/1159e78c4747b02ef996e55082b704c09b970588/library/std/src/panicking.rs:589:40
  46:     0x557cb30e4a3a - std::panicking::catch_unwind::he81557d0e17cc1bc
                               at /rustc/1159e78c4747b02ef996e55082b704c09b970588/library/std/src/panicking.rs:552:19
  47:     0x557cb30e4a3a - std::panic::catch_unwind::hc2b8e79c20593955
                               at /rustc/1159e78c4747b02ef996e55082b704c09b970588/library/std/src/panic.rs:359:14
  48:     0x557cb30e4a3a - std::thread::Builder::spawn_unchecked_::{{closure}}::hfa6b4978e07815cc
                               at /rustc/1159e78c4747b02ef996e55082b704c09b970588/library/std/src/thread/mod.rs:557:30
  49:     0x557cb30e4a3a - core::ops::function::FnOnce::call_once{{vtable.shim}}::hddcd7484a13fd793
                               at /rustc/1159e78c4747b02ef996e55082b704c09b970588/library/core/src/ops/function.rs:253:5
  50:     0x557cb8fd3aef - <alloc::boxed::Box<F,A> as core::ops::function::FnOnce<Args>>::call_once::h5924238c754de3b8
                               at /rustc/1159e78c4747b02ef996e55082b704c09b970588/library/alloc/src/boxed.rs:1971:9
  51:     0x557cb8fd3aef - std::sys::pal::unix::thread::Thread::new::thread_start::hb6e99e73da4d28f8
                               at /rustc/1159e78c4747b02ef996e55082b704c09b970588/library/std/src/sys/pal/unix/thread.rs:107:17
  52:     0x7ff5e24401ca - start_thread
  53:     0x7ff5e28a98d3 - __GI___clone
  54:                0x0 - <unknown>
[0m
[31;1m        FAIL[0m [   2.778s] [35;1mapollo-router::integration_tests[0m [36mintegration::telemetry::datadog[0m[36m::[0m[34;1mtest_priority_sampling_parent_sampler_very_small_no_parent_no_agent_sampling[0m

[31;1m--- [0m[31;1mSTDOUT:              [0m[35;1mapollo-router::integration_tests[0m [36mintegration::telemetry::datadog[0m[36m::[0m[34;1mtest_priority_sampling_parent_sampler_very_small_no_parent_no_agent_sampling[0m[31;1m ---[0m

running 1 test
[2m2025-11-13T03:17:11.345316Z[0m [32m INFO[0m Loading supergraph from file
url: http://localhost:8126/test/traces?trace_ids=2096578447218890663
trace: cbcd18a3dd9b43b31d188afd5638d7a7
services verified
spans present verified
measured spans verified
operation name verified
priority sampled verified
version verified
span kinds verified
span attributes verified
span attributes verified
url: http://localhost:8126/test/traces?trace_ids=2096578447218890663
trace: cbcd18a3dd9b43b31d188afd5638d7a7
services verified
spans present verified
measured spans verified
operation name verified
priority sampled verified
version verified
span kinds verified
span attributes verified
span attributes verified
url: http://localhost:8126/test/traces?trace_ids=993618595628818782
trace: 235d36ab364538090dca0ad92aada15e
services verified
spans present verified
measured spans verified
operation name verified
priority sampled verified
version verified
span kinds verified
span attributes verified
span attributes verified
url: http://localhost:8126/test/traces?trace_ids=993618595628818782
trace: 235d36ab364538090dca0ad92aada15e
services verified
spans present verified
measured spans verified
operation name verified
priority sampled verified
version verified
span kinds verified
span attributes verified
span attributes verified
[2m2025-11-13T03:17:13.896539Z[0m [32m INFO[0m Mock server shutting down
[2m2025-11-13T03:17:13.898590Z[0m [32m INFO[0m Mock server shutting down
test integration::telemetry::datadog::test_priority_sampling_parent_sampler_very_small_no_parent_no_agent_sampling ... FAILED

failures:

failures:
    integration::telemetry::datadog::test_priority_sampling_parent_sampler_very_small_no_parent_no_agent_sampling

test result: FAILED. 0 passed; 1 failed; 0 ignored; 0 measured; 338 filtered out; finished in 2.72s

[0m
[31;1m--- [0m[31;1mSTDERR:              [0m[35;1mapollo-router::integration_tests[0m [36mintegration::telemetry::datadog[0m[36m::[0m[34;1mtest_priority_sampling_parent_sampler_very_small_no_parent_no_agent_sampling[0m[31;1m ---[0m

thread 'integration::telemetry::datadog::test_priority_sampling_parent_sampler_very_small_no_parent_no_agent_sampling' panicked at apollo-router/tests/integration/../common.rs:950:25:
unable to send successful request to router, error sending request for url (http://127.0.0.1:35373/)
stack backtrace:
   0:     0x55a37caec862 - std::backtrace_rs::backtrace::libunwind::trace::h2d45396358f41939
                               at /rustc/1159e78c4747b02ef996e55082b704c09b970588/library/std/src/../../backtrace/src/backtrace/libunwind.rs:117:9
   1:     0x55a37caec862 - std::backtrace_rs::backtrace::trace_unsynchronized::hffcefc0b67f1d6e2
                               at /rustc/1159e78c4747b02ef996e55082b704c09b970588/library/std/src/../../backtrace/src/backtrace/mod.rs:66:14
   2:     0x55a37caec862 - std::sys::backtrace::_print_fmt::hd72f71d23b436b92
                               at /rustc/1159e78c4747b02ef996e55082b704c09b970588/library/std/src/sys/backtrace.rs:66:9
   3:     0x55a37caec862 - <std::sys::backtrace::BacktraceLock::print::DisplayBacktrace as core::fmt::Display>::fmt::hdcfcb6d4c8489523
                               at /rustc/1159e78c4747b02ef996e55082b704c09b970588/library/std/src/sys/backtrace.rs:39:26
   4:     0x55a37cb1c703 - core::fmt::rt::Argument::fmt::h2c56b3114963061a
                               at /rustc/1159e78c4747b02ef996e55082b704c09b970588/library/core/src/fmt/rt.rs:173:76
   5:     0x55a37cb1c703 - core::fmt::write::h8a494366950f23bb
                               at /rustc/1159e78c4747b02ef996e55082b704c09b970588/library/core/src/fmt/mod.rs:1468:25
   6:     0x55a37cae7123 - std::io::default_write_fmt::ha27fbccbc65eb6fa
                               at /rustc/1159e78c4747b02ef996e55082b704c09b970588/library/std/src/io/mod.rs:639:11
   7:     0x55a37cae7123 - std::io::Write::write_fmt::h6556609fca33d0b1
                               at /rustc/1159e78c4747b02ef996e55082b704c09b970588/library/std/src/io/mod.rs:1954:13
   8:     0x55a37caec6b2 - std::sys::backtrace::BacktraceLock::print::hb2a626a81e06b2dc
                               at /rustc/1159e78c4747b02ef996e55082b704c09b970588/library/std/src/sys/backtrace.rs:42:9
   9:     0x55a37caee6f9 - std::panicking::default_hook::{{closure}}::h4f78485264f12d10
                               at /rustc/1159e78c4747b02ef996e55082b704c09b970588/library/std/src/panicking.rs:300:27
  10:     0x55a37caee4db - std::panicking::default_hook::h2c66fc99e962531d
                               at /rustc/1159e78c4747b02ef996e55082b704c09b970588/library/std/src/panicking.rs:327:9
  11:     0x55a37caef105 - std::panicking::rust_panic_with_hook::h33ac55f64bbd807d
                               at /rustc/1159e78c4747b02ef996e55082b704c09b970588/library/std/src/panicking.rs:833:13
  12:     0x55a37caeee9a - std::panicking::begin_panic_handler::{{closure}}::h30e7cb89678a57fe
                               at /rustc/1159e78c4747b02ef996e55082b704c09b970588/library/std/src/panicking.rs:706:13
  13:     0x55a37caecd69 - std::sys::backtrace::__rust_end_short_backtrace::hed60f27456c16ced
                               at /rustc/1159e78c4747b02ef996e55082b704c09b970588/library/std/src/sys/backtrace.rs:174:18
  14:     0x55a37caeeb2d - __rustc[de2ca18b4c54d5b8]::rust_begin_unwind
                               at /rustc/1159e78c4747b02ef996e55082b704c09b970588/library/std/src/panicking.rs:697:5
  15:     0x55a37cb18d30 - core::panicking::panic_fmt::h62f63d096dd276af
                               at /rustc/1159e78c4747b02ef996e55082b704c09b970588/library/core/src/panicking.rs:75:14
  16:     0x55a3767ddc37 - integration_tests::integration::common::IntegrationTest::execute_query::{{closure}}::{{closure}}::h4d085f6cd6156b05
                               at /root/project/apollo-router/tests/integration/../common.rs:950:25
  17:     0x55a37679470e - <tracing_futures::Instrumented<T> as core::future::future::Future>::poll::h1105381b388b8898
                               at /root/.cargo/registry/src/index.crates.io-1949cf8c6b5b557f/tracing-futures-0.2.5/src/lib.rs:283:20
  18:     0x55a3767dccaf - integration_tests::integration::common::IntegrationTest::execute_query::{{closure}}::h7b0aa09fa141b36c
                               at /root/project/apollo-router/tests/integration/../common.rs:955:14
  19:     0x55a376794a8d - <tracing_futures::WithDispatch<T> as core::future::future::Future>::poll::{{closure}}::hfdb6261be1c5115b
                               at /root/.cargo/registry/src/index.crates.io-1949cf8c6b5b557f/tracing-futures-0.2.5/src/lib.rs:455:54
  20:     0x55a376288b41 - tracing_core::dispatcher::with_default::h39ef5ab5337363e5
                               at /root/.cargo/registry/src/index.crates.io-1949cf8c6b5b557f/tracing-core-0.1.34/src/dispatcher.rs:262:5
  21:     0x55a376794a2a - <tracing_futures::WithDispatch<T> as core::future::future::Future>::poll::h63f620e3e3cbb415
                               at /root/.cargo/registry/src/index.crates.io-1949cf8c6b5b557f/tracing-futures-0.2.5/src/lib.rs:455:9
  22:     0x55a376aca673 - integration_tests::integration::telemetry::verifier::Verifier::validate_trace::{{closure}}::h1a7383c650a57bb7
                               at /root/project/apollo-router/tests/integration/telemetry/verifier.rs:20:58
  23:     0x55a3763ee8f9 - integration_tests::integration::telemetry::datadog::<impl integration_tests::integration::telemetry::TraceSpec>::validate_datadog_trace::{{closure}}::h4e0a1bbb7bafc948
                               at /root/project/apollo-router/tests/integration/telemetry/datadog.rs:1251:14
  24:     0x55a376445e7b - integration_tests::integration::telemetry::datadog::test_priority_sampling_parent_sampler_very_small_no_parent_no_agent_sampling::{{closure}}::h3e78bf1e5bdfd2f9
                               at /root/project/apollo-router/tests/integration/telemetry/datadog.rs:462:10
  25:     0x55a3763c95ef - <core::pin::Pin<P> as core::future::future::Future>::poll::hcb765372bf9a9be0
                               at /rustc/1159e78c4747b02ef996e55082b704c09b970588/library/core/src/future/future.rs:133:9
  26:     0x55a3762d39eb - tokio::runtime::park::CachedParkThread::block_on::{{closure}}::had9e378af5849f11
                               at /root/.cargo/registry/src/index.crates.io-1949cf8c6b5b557f/tokio-1.48.0/src/runtime/park.rs:285:71
  27:     0x55a3762d2950 - tokio::task::coop::with_budget::h6c5486694f22ca15
                               at /root/.cargo/registry/src/index.crates.io-1949cf8c6b5b557f/tokio-1.48.0/src/task/coop/mod.rs:167:5
  28:     0x55a3762d2950 - tokio::task::coop::budget::he0a8db83177c8314
                               at /root/.cargo/registry/src/index.crates.io-1949cf8c6b5b557f/tokio-1.48.0/src/task/coop/mod.rs:133:5
  29:     0x55a3762d2950 - tokio::runtime::park::CachedParkThread::block_on::hc4e90ffab65caeec
                               at /root/.cargo/registry/src/index.crates.io-1949cf8c6b5b557f/tokio-1.48.0/src/runtime/park.rs:285:31
  30:     0x55a37695e8a1 - tokio::runtime::context::blocking::BlockingRegionGuard::block_on::h812dc1a24efcf821
                               at /root/.cargo/registry/src/index.crates.io-1949cf8c6b5b557f/tokio-1.48.0/src/runtime/context/blocking.rs:66:14
  31:     0x55a37656bac2 - tokio::runtime::scheduler::multi_thread::MultiThread::block_on::{{closure}}::hc61f289df102a339
                               at /root/.cargo/registry/src/index.crates.io-1949cf8c6b5b557f/tokio-1.48.0/src/runtime/scheduler/multi_thread/mod.rs:87:22
  32:     0x55a3762fe37a - tokio::runtime::context::runtime::enter_runtime::h045d20e3b3e0b850
                               at /root/.cargo/registry/src/index.crates.io-1949cf8c6b5b557f/tokio-1.48.0/src/runtime/context/runtime.rs:65:16
  33:     0x55a37656b944 - tokio::runtime::scheduler::multi_thread::MultiThread::block_on::hcf63dde5626233d0
                               at /root/.cargo/registry/src/index.crates.io-1949cf8c6b5b557f/tokio-1.48.0/src/runtime/scheduler/multi_thread/mod.rs:86:9
  34:     0x55a37616ac80 - tokio::runtime::runtime::Runtime::block_on_inner::hd795c11ae310e0f0
                               at /root/.cargo/registry/src/index.crates.io-1949cf8c6b5b557f/tokio-1.48.0/src/runtime/runtime.rs:370:50
  35:     0x55a37616b094 - tokio::runtime::runtime::Runtime::block_on::h2090ac62d0c850e9
                               at /root/.cargo/registry/src/index.crates.io-1949cf8c6b5b557f/tokio-1.48.0/src/runtime/runtime.rs:342:18
  36:     0x55a37643f396 - integration_tests::integration::telemetry::datadog::test_priority_sampling_parent_sampler_very_small_no_parent_no_agent_sampling::h7ea0aee4ecd5d31e
                               at /root/project/apollo-router/tests/integration/telemetry/datadog.rs:480:7
  37:     0x55a37643f227 - integration_tests::integration::telemetry::datadog::test_priority_sampling_parent_sampler_very_small_no_parent_no_agent_sampling::{{closure}}::hfe0413248d5b1a2b
                               at /root/project/apollo-router/tests/integration/telemetry/datadog.rs:426:4
  38:     0x55a375f368c6 - core::ops::function::FnOnce::call_once::h46777b61acf4e38e
                               at /rustc/1159e78c4747b02ef996e55082b704c09b970588/library/core/src/ops/function.rs:253:5
  39:     0x55a376c3d32b - core::ops::function::FnOnce::call_once::h1f9474f1347fff52
                               at /rustc/1159e78c4747b02ef996e55082b704c09b970588/library/core/src/ops/function.rs:253:5
  40:     0x55a376c3d32b - test::__rust_begin_short_backtrace::ha52ab26e77157f03
                               at /rustc/1159e78c4747b02ef996e55082b704c09b970588/library/test/src/lib.rs:648:18
  41:     0x55a376c3c465 - test::run_test_in_process::{{closure}}::h229c1a11a50b261f
                               at /rustc/1159e78c4747b02ef996e55082b704c09b970588/library/test/src/lib.rs:671:74
  42:     0x55a376c3c465 - <core::panic::unwind_safe::AssertUnwindSafe<F> as core::ops::function::FnOnce<()>>::call_once::h78821afbf97b39a9
                               at /rustc/1159e78c4747b02ef996e55082b704c09b970588/library/core/src/panic/unwind_safe.rs:272:9
  43:     0x55a376c3c465 - std::panicking::catch_unwind::do_call::h53abf3ed5bd32ba3
                               at /rustc/1159e78c4747b02ef996e55082b704c09b970588/library/std/src/panicking.rs:589:40
  44:     0x55a376c3c465 - std::panicking::catch_unwind::h6deb5fe1e91873c9
                               at /rustc/1159e78c4747b02ef996e55082b704c09b970588/library/std/src/panicking.rs:552:19
  45:     0x55a376c3c465 - std::panic::catch_unwind::hea0829b6b565654b
                               at /rustc/1159e78c4747b02ef996e55082b704c09b970588/library/std/src/panic.rs:359:14
  46:     0x55a376c3c465 - test::run_test_in_process::hdc44dfecea3db21b
                               at /rustc/1159e78c4747b02ef996e55082b704c09b970588/library/test/src/lib.rs:671:27
  47:     0x55a376c3c465 - test::run_test::{{closure}}::h0364ba59bf23f652
                               at /rustc/1159e78c4747b02ef996e55082b704c09b970588/library/test/src/lib.rs:592:43
  48:     0x55a376c00064 - test::run_test::{{closure}}::h32730b304eec05da
                               at /rustc/1159e78c4747b02ef996e55082b704c09b970588/library/test/src/lib.rs:622:41
  49:     0x55a376c00064 - std::sys::backtrace::__rust_begin_short_backtrace::h177cb952fc54ad2c
                               at /rustc/1159e78c4747b02ef996e55082b704c09b970588/library/std/src/sys/backtrace.rs:158:18
  50:     0x55a376c03a3a - std::thread::Builder::spawn_unchecked_::{{closure}}::{{closure}}::h119d903520007597
                               at /rustc/1159e78c4747b02ef996e55082b704c09b970588/library/std/src/thread/mod.rs:559:17
  51:     0x55a376c03a3a - <core::panic::unwind_safe::AssertUnwindSafe<F> as core::ops::function::FnOnce<()>>::call_once::hab88401d606702a6
                               at /rustc/1159e78c4747b02ef996e55082b704c09b970588/library/core/src/panic/unwind_safe.rs:272:9
  52:     0x55a376c03a3a - std::panicking::catch_unwind::do_call::h163fe12cca9901c2
                               at /rustc/1159e78c4747b02ef996e55082b704c09b970588/library/std/src/panicking.rs:589:40
  53:     0x55a376c03a3a - std::panicking::catch_unwind::he81557d0e17cc1bc
                               at /rustc/1159e78c4747b02ef996e55082b704c09b970588/library/std/src/panicking.rs:552:19
  54:     0x55a376c03a3a - std::panic::catch_unwind::hc2b8e79c20593955
                               at /rustc/1159e78c4747b02ef996e55082b704c09b970588/library/std/src/panic.rs:359:14
  55:     0x55a376c03a3a - std::thread::Builder::spawn_unchecked_::{{closure}}::hfa6b4978e07815cc
                               at /rustc/1159e78c4747b02ef996e55082b704c09b970588/library/std/src/thread/mod.rs:557:30
  56:     0x55a376c03a3a - core::ops::function::FnOnce::call_once{{vtable.shim}}::hddcd7484a13fd793
                               at /rustc/1159e78c4747b02ef996e55082b704c09b970588/library/core/src/ops/function.rs:253:5
  57:     0x55a37caf2aef - <alloc::boxed::Box<F,A> as core::ops::function::FnOnce<Args>>::call_once::h5924238c754de3b8
                               at /rustc/1159e78c4747b02ef996e55082b704c09b970588/library/alloc/src/boxed.rs:1971:9
  58:     0x55a37caf2aef - std::sys::pal::unix::thread::Thread::new::thread_start::hb6e99e73da4d28f8
                               at /rustc/1159e78c4747b02ef996e55082b704c09b970588/library/std/src/sys/pal/unix/thread.rs:107:17
  59:     0x7ff676b321ca - start_thread
  60:     0x7ff676f9b8d3 - __GI___clone
  61:                0x0 - <unknown>
[0m
[31;1m        FAIL[0m [  17.819s] [35;1mapollo-router::integration_tests[0m [36mintegration::telemetry::metrics[0m[36m::[0m[34;1mtest_gauges_on_reload[0m

[31;1m--- [0m[31;1mSTDOUT:              [0m[35;1mapollo-router::integration_tests[0m [36mintegration::telemetry::metrics[0m[36m::[0m[34;1mtest_gauges_on_reload[0m[31;1m ---[0m

running 1 test
[2m2025-11-13T03:17:14.467468Z[0m [32m INFO[0m Loading supergraph from file
[2m2025-11-13T03:17:32.229303Z[0m [32m INFO[0m Mock server shutting down
[2m2025-11-13T03:17:32.229391Z[0m [32m INFO[0m Mock server shutting down
test integration::telemetry::metrics::test_gauges_on_reload ... FAILED

failures:

failures:
    integration::telemetry::metrics::test_gauges_on_reload

test result: FAILED. 0 passed; 1 failed; 0 ignored; 0 measured; 338 filtered out; finished in 17.78s

[0m
[31;1m--- [0m[31;1mSTDERR:              [0m[35;1mapollo-router::integration_tests[0m [36mintegration::telemetry::metrics[0m[36m::[0m[34;1mtest_gauges_on_reload[0m[31;1m ---[0m

thread 'integration::telemetry::metrics::test_gauges_on_reload' panicked at apollo-router/tests/integration/../common.rs:1326:9:
'apollo_router_cache_storage_estimated_size\{kind="query planner",type="memory",otel_scope_name="apollo/router"\} ' not detected in metrics
# HELP apollo_router_cache_size Cache size
# TYPE apollo_router_cache_size gauge
apollo_router_cache_size{kind="APQ",type="memory",otel_scope_name="apollo/router"} 0
apollo_router_cache_size{kind="introspection",type="memory",otel_scope_name="apollo/router"} 0
apollo_router_cache_size{kind="query planner",type="memory",otel_scope_name="apollo/router"} 0
# HELP apollo_router_compute_jobs_queued Number of computation jobs (parsing, planning, …) waiting to be scheduled
# TYPE apollo_router_compute_jobs_queued gauge
apollo_router_compute_jobs_queued{otel_scope_name="apollo/router"} 0
# HELP apollo_router_jemalloc_active Total active bytes in jemalloc
# TYPE apollo_router_jemalloc_active gauge
apollo_router_jemalloc_active{otel_scope_name="apollo/router"} 58232832
# HELP apollo_router_jemalloc_allocated Total bytes allocated by jemalloc
# TYPE apollo_router_jemalloc_allocated gauge
apollo_router_jemalloc_allocated{otel_scope_name="apollo/router"} 52572080
# HELP apollo_router_jemalloc_mapped Total mapped bytes in jemalloc
# TYPE apollo_router_jemalloc_mapped gauge
apollo_router_jemalloc_mapped{otel_scope_name="apollo/router"} 198656000
# HELP apollo_router_jemalloc_metadata Total metadata bytes in jemalloc
# TYPE apollo_router_jemalloc_metadata gauge
apollo_router_jemalloc_metadata{otel_scope_name="apollo/router"} 25581568
# HELP apollo_router_jemalloc_resident Total resident bytes in jemalloc
# TYPE apollo_router_jemalloc_resident gauge
apollo_router_jemalloc_resident{otel_scope_name="apollo/router"} 86642688
# HELP apollo_router_jemalloc_retained Total retained bytes in jemalloc
# TYPE apollo_router_jemalloc_retained gauge
apollo_router_jemalloc_retained{otel_scope_name="apollo/router"} 114343936
# TYPE apollo_router_lifecycle_license gauge
apollo_router_lifecycle_license{license_state="licensed",otel_scope_name="apollo/router"} 1
# HELP apollo_router_open_connections Number of currently connected clients
# TYPE apollo_router_open_connections gauge
apollo_router_open_connections{config_hash="07b110985a198589c1959379fe49f733c76aa1fd17a2147e929ce6b0d74819f9",http_connection_state="active",launch_id="",schema_id="dd8960ccefda82ca58e8ac0bc266459fd49ee8215fd6b3cc72e7bc3d7f3464b9",server_address="127.0.0.1",server_port="35729",otel_scope_name="apollo/router"} 0
apollo_router_open_connections{config_hash="97bb7554e9b56dea82d14df2191640983789cb0c706834fa19c860351f34bd8a",http_connection_state="active",launch_id="",schema_id="dd8960ccefda82ca58e8ac0bc266459fd49ee8215fd6b3cc72e7bc3d7f3464b9",server_address="127.0.0.1",server_port="35607",otel_scope_name="apollo/router"} 1
# HELP apollo_router_pipelines Number of active router pipelines
# TYPE apollo_router_pipelines gauge
apollo_router_pipelines{config_hash="97bb7554e9b56dea82d14df2191640983789cb0c706834fa19c860351f34bd8a",launch_id="",schema_id="dd8960ccefda82ca58e8ac0bc266459fd49ee8215fd6b3cc72e7bc3d7f3464b9",otel_scope_name="apollo/router"} 1
# HELP apollo_router_query_planning_warmup_duration Time spent warming up the query planner queries in seconds
# TYPE apollo_router_query_planning_warmup_duration histogram
apollo_router_query_planning_warmup_duration_bucket{otel_scope_name="apollo/router",le="0.001"} 1
apollo_router_query_planning_warmup_duration_bucket{otel_scope_name="apollo/router",le="0.005"} 1
apollo_router_query_planning_warmup_duration_bucket{otel_scope_name="apollo/router",le="0.015"} 1
apollo_router_query_planning_warmup_duration_bucket{otel_scope_name="apollo/router",le="0.05"} 1
apollo_router_query_planning_warmup_duration_bucket{otel_scope_name="apollo/router",le="0.1"} 1
apollo_router_query_planning_warmup_duration_bucket{otel_scope_name="apollo/router",le="0.2"} 1
apollo_router_query_planning_warmup_duration_bucket{otel_scope_name="apollo/router",le="0.3"} 1
apollo_router_query_planning_warmup_duration_bucket{otel_scope_name="apollo/router",le="0.4"} 1
apollo_router_query_planning_warmup_duration_bucket{otel_scope_name="apollo/router",le="0.5"} 1
apollo_router_query_planning_warmup_duration_bucket{otel_scope_name="apollo/router",le="1"} 1
apollo_router_query_planning_warmup_duration_bucket{otel_scope_name="apollo/router",le="5"} 1
apollo_router_query_planning_warmup_duration_bucket{otel_scope_name="apollo/router",le="10"} 1
apollo_router_query_planning_warmup_duration_bucket{otel_scope_name="apollo/router",le="+Inf"} 1
apollo_router_query_planning_warmup_duration_sum{otel_scope_name="apollo/router"} 0.000046168
apollo_router_query_planning_warmup_duration_count{otel_scope_name="apollo/router"} 1
# HELP apollo_router_state_change_total Router state changes
# TYPE apollo_router_state_change_total counter
apollo_router_state_change_total{event="UpdateConfiguration",previous_state="Running",state="Running",otel_scope_name="apollo/router"} 1
# HELP apollo_router_telemetry_studio_reports_total The number of reports submitted to Studio by the Router
# TYPE apollo_router_telemetry_studio_reports_total counter
apollo_router_telemetry_studio_reports_total{report_protocol="otlp",report_type="traces",otel_scope_name="apollo/router"} 1
apollo_router_telemetry_studio_reports_total{report_extended_references_enabled="true",report_protocol="apollo",report_type="metrics",otel_scope_name="apollo/router"} 1
# HELP target_info Target metadata
# TYPE target_info gauge
target_info{process_executable_name="router",service_name="unknown_service:router",service_version="2.8.0"} 1

stack backtrace:
   0:     0x558788241862 - std::backtrace_rs::backtrace::libunwind::trace::h2d45396358f41939
                               at /rustc/1159e78c4747b02ef996e55082b704c09b970588/library/std/src/../../backtrace/src/backtrace/libunwind.rs:117:9
   1:     0x558788241862 - std::backtrace_rs::backtrace::trace_unsynchronized::hffcefc0b67f1d6e2
                               at /rustc/1159e78c4747b02ef996e55082b704c09b970588/library/std/src/../../backtrace/src/backtrace/mod.rs:66:14
   2:     0x558788241862 - std::sys::backtrace::_print_fmt::hd72f71d23b436b92
                               at /rustc/1159e78c4747b02ef996e55082b704c09b970588/library/std/src/sys/backtrace.rs:66:9
   3:     0x558788241862 - <std::sys::backtrace::BacktraceLock::print::DisplayBacktrace as core::fmt::Display>::fmt::hdcfcb6d4c8489523
                               at /rustc/1159e78c4747b02ef996e55082b704c09b970588/library/std/src/sys/backtrace.rs:39:26
   4:     0x558788271703 - core::fmt::rt::Argument::fmt::h2c56b3114963061a
                               at /rustc/1159e78c4747b02ef996e55082b704c09b970588/library/core/src/fmt/rt.rs:173:76
   5:     0x558788271703 - core::fmt::write::h8a494366950f23bb
                               at /rustc/1159e78c4747b02ef996e55082b704c09b970588/library/core/src/fmt/mod.rs:1468:25
   6:     0x55878823c123 - std::io::default_write_fmt::ha27fbccbc65eb6fa
                               at /rustc/1159e78c4747b02ef996e55082b704c09b970588/library/std/src/io/mod.rs:639:11
   7:     0x55878823c123 - std::io::Write::write_fmt::h6556609fca33d0b1
                               at /rustc/1159e78c4747b02ef996e55082b704c09b970588/library/std/src/io/mod.rs:1954:13
   8:     0x5587882416b2 - std::sys::backtrace::BacktraceLock::print::hb2a626a81e06b2dc
                               at /rustc/1159e78c4747b02ef996e55082b704c09b970588/library/std/src/sys/backtrace.rs:42:9
   9:     0x5587882436f9 - std::panicking::default_hook::{{closure}}::h4f78485264f12d10
                               at /rustc/1159e78c4747b02ef996e55082b704c09b970588/library/std/src/panicking.rs:300:27
  10:     0x5587882434db - std::panicking::default_hook::h2c66fc99e962531d
                               at /rustc/1159e78c4747b02ef996e55082b704c09b970588/library/std/src/panicking.rs:327:9
  11:     0x558788244105 - std::panicking::rust_panic_with_hook::h33ac55f64bbd807d
                               at /rustc/1159e78c4747b02ef996e55082b704c09b970588/library/std/src/panicking.rs:833:13
  12:     0x558788243e9a - std::panicking::begin_panic_handler::{{closure}}::h30e7cb89678a57fe
                               at /rustc/1159e78c4747b02ef996e55082b704c09b970588/library/std/src/panicking.rs:706:13
  13:     0x558788241d69 - std::sys::backtrace::__rust_end_short_backtrace::hed60f27456c16ced
                               at /rustc/1159e78c4747b02ef996e55082b704c09b970588/library/std/src/sys/backtrace.rs:174:18
  14:     0x558788243b2d - __rustc[de2ca18b4c54d5b8]::rust_begin_unwind
                               at /rustc/1159e78c4747b02ef996e55082b704c09b970588/library/std/src/panicking.rs:697:5
  15:     0x55878826dd30 - core::panicking::panic_fmt::h62f63d096dd276af
                               at /rustc/1159e78c4747b02ef996e55082b704c09b970588/library/core/src/panicking.rs:75:14
  16:     0x558781f395f7 - integration_tests::integration::common::IntegrationTest::assert_metrics_contains::{{closure}}::hb3bf1a10e2a5dddc
                               at /root/project/apollo-router/tests/integration/../common.rs:1326:9
  17:     0x5587819d533a - integration_tests::integration::telemetry::metrics::test_gauges_on_reload::{{closure}}::h39d0eacfa5cfc2f0
                               at /root/project/apollo-router/tests/integration/telemetry/metrics.rs:317:10
  18:     0x558781b1da32 - <core::pin::Pin<P> as core::future::future::Future>::poll::h59964df56356515a
                               at /rustc/1159e78c4747b02ef996e55082b704c09b970588/library/core/src/future/future.rs:133:9
  19:     0x558781a2898d - tokio::runtime::park::CachedParkThread::block_on::{{closure}}::h99a1c01384b0a79b
                               at /root/.cargo/registry/src/index.crates.io-1949cf8c6b5b557f/tokio-1.48.0/src/runtime/park.rs:285:71
  20:     0x558781a270f6 - tokio::task::coop::with_budget::ha185223116166ce4
                               at /root/.cargo/registry/src/index.crates.io-1949cf8c6b5b557f/tokio-1.48.0/src/task/coop/mod.rs:167:5
  21:     0x558781a270f6 - tokio::task::coop::budget::ha733ca61bde2edaf
                               at /root/.cargo/registry/src/index.crates.io-1949cf8c6b5b557f/tokio-1.48.0/src/task/coop/mod.rs:133:5
  22:     0x558781a270f6 - tokio::runtime::park::CachedParkThread::block_on::hbd985400d5b3dc8c
                               at /root/.cargo/registry/src/index.crates.io-1949cf8c6b5b557f/tokio-1.48.0/src/runtime/park.rs:285:31
  23:     0x5587820b3574 - tokio::runtime::context::blocking::BlockingRegionGuard::block_on::h3cf29540820bb880
                               at /root/.cargo/registry/src/index.crates.io-1949cf8c6b5b557f/tokio-1.48.0/src/runtime/context/blocking.rs:66:14
  24:     0x558781cc0978 - tokio::runtime::scheduler::multi_thread::MultiThread::block_on::{{closure}}::h368bef83ee5af5d1
                               at /root/.cargo/registry/src/index.crates.io-1949cf8c6b5b557f/tokio-1.48.0/src/runtime/scheduler/multi_thread/mod.rs:87:22
  25:     0x558781a54046 - tokio::runtime::context::runtime::enter_runtime::hfb5131736755618d
                               at /root/.cargo/registry/src/index.crates.io-1949cf8c6b5b557f/tokio-1.48.0/src/runtime/context/runtime.rs:65:16
  26:     0x558781cc0904 - tokio::runtime::scheduler::multi_thread::MultiThread::block_on::hb60b7b74dc6d2c7f
                               at /root/.cargo/registry/src/index.crates.io-1949cf8c6b5b557f/tokio-1.48.0/src/runtime/scheduler/multi_thread/mod.rs:86:9
  27:     0x5587818bf9d4 - tokio::runtime::runtime::Runtime::block_on_inner::hb2451b6dd4b09b66
                               at /root/.cargo/registry/src/index.crates.io-1949cf8c6b5b557f/tokio-1.48.0/src/runtime/runtime.rs:370:50
  28:     0x5587818c02ec - tokio::runtime::runtime::Runtime::block_on::h9206977fab45046e
                               at /root/.cargo/registry/src/index.crates.io-1949cf8c6b5b557f/tokio-1.48.0/src/runtime/runtime.rs:342:18
  29:     0x5587819d28e6 - integration_tests::integration::telemetry::metrics::test_gauges_on_reload::h73cdb27062d98a0b
                               at /root/project/apollo-router/tests/integration/telemetry/metrics.rs:353:15
  30:     0x5587819d2777 - integration_tests::integration::telemetry::metrics::test_gauges_on_reload::{{closure}}::ha63b3867fdbaa875
                               at /root/project/apollo-router/tests/integration/telemetry/metrics.rs:286:33
  31:     0x55878168c4e6 - core::ops::function::FnOnce::call_once::h51a3a789aa689bfe
                               at /rustc/1159e78c4747b02ef996e55082b704c09b970588/library/core/src/ops/function.rs:253:5
  32:     0x55878239232b - core::ops::function::FnOnce::call_once::h1f9474f1347fff52
                               at /rustc/1159e78c4747b02ef996e55082b704c09b970588/library/core/src/ops/function.rs:253:5
  33:     0x55878239232b - test::__rust_begin_short_backtrace::ha52ab26e77157f03
                               at /rustc/1159e78c4747b02ef996e55082b704c09b970588/library/test/src/lib.rs:648:18
  34:     0x558782391465 - test::run_test_in_process::{{closure}}::h229c1a11a50b261f
                               at /rustc/1159e78c4747b02ef996e55082b704c09b970588/library/test/src/lib.rs:671:74
  35:     0x558782391465 - <core::panic::unwind_safe::AssertUnwindSafe<F> as core::ops::function::FnOnce<()>>::call_once::h78821afbf97b39a9
                               at /rustc/1159e78c4747b02ef996e55082b704c09b970588/library/core/src/panic/unwind_safe.rs:272:9
  36:     0x558782391465 - std::panicking::catch_unwind::do_call::h53abf3ed5bd32ba3
                               at /rustc/1159e78c4747b02ef996e55082b704c09b970588/library/std/src/panicking.rs:589:40
  37:     0x558782391465 - std::panicking::catch_unwind::h6deb5fe1e91873c9
                               at /rustc/1159e78c4747b02ef996e55082b704c09b970588/library/std/src/panicking.rs:552:19
  38:     0x558782391465 - std::panic::catch_unwind::hea0829b6b565654b
                               at /rustc/1159e78c4747b02ef996e55082b704c09b970588/library/std/src/panic.rs:359:14
  39:     0x558782391465 - test::run_test_in_process::hdc44dfecea3db21b
                               at /rustc/1159e78c4747b02ef996e55082b704c09b970588/library/test/src/lib.rs:671:27
  40:     0x558782391465 - test::run_test::{{closure}}::h0364ba59bf23f652
                               at /rustc/1159e78c4747b02ef996e55082b704c09b970588/library/test/src/lib.rs:592:43
  41:     0x558782355064 - test::run_test::{{closure}}::h32730b304eec05da
                               at /rustc/1159e78c4747b02ef996e55082b704c09b970588/library/test/src/lib.rs:622:41
  42:     0x558782355064 - std::sys::backtrace::__rust_begin_short_backtrace::h177cb952fc54ad2c
                               at /rustc/1159e78c4747b02ef996e55082b704c09b970588/library/std/src/sys/backtrace.rs:158:18
  43:     0x558782358a3a - std::thread::Builder::spawn_unchecked_::{{closure}}::{{closure}}::h119d903520007597
                               at /rustc/1159e78c4747b02ef996e55082b704c09b970588/library/std/src/thread/mod.rs:559:17
  44:     0x558782358a3a - <core::panic::unwind_safe::AssertUnwindSafe<F> as core::ops::function::FnOnce<()>>::call_once::hab88401d606702a6
                               at /rustc/1159e78c4747b02ef996e55082b704c09b970588/library/core/src/panic/unwind_safe.rs:272:9
  45:     0x558782358a3a - std::panicking::catch_unwind::do_call::h163fe12cca9901c2
                               at /rustc/1159e78c4747b02ef996e55082b704c09b970588/library/std/src/panicking.rs:589:40
  46:     0x558782358a3a - std::panicking::catch_unwind::he81557d0e17cc1bc
                               at /rustc/1159e78c4747b02ef996e55082b704c09b970588/library/std/src/panicking.rs:552:19
  47:     0x558782358a3a - std::panic::catch_unwind::hc2b8e79c20593955
                               at /rustc/1159e78c4747b02ef996e55082b704c09b970588/library/std/src/panic.rs:359:14
  48:     0x558782358a3a - std::thread::Builder::spawn_unchecked_::{{closure}}::hfa6b4978e07815cc
                               at /rustc/1159e78c4747b02ef996e55082b704c09b970588/library/std/src/thread/mod.rs:557:30
  49:     0x558782358a3a - core::ops::function::FnOnce::call_once{{vtable.shim}}::hddcd7484a13fd793
                               at /rustc/1159e78c4747b02ef996e55082b704c09b970588/library/core/src/ops/function.rs:253:5
  50:     0x558788247aef - <alloc::boxed::Box<F,A> as core::ops::function::FnOnce<Args>>::call_once::h5924238c754de3b8
                               at /rustc/1159e78c4747b02ef996e55082b704c09b970588/library/alloc/src/boxed.rs:1971:9
  51:     0x558788247aef - std::sys::pal::unix::thread::Thread::new::thread_start::hb6e99e73da4d28f8
                               at /rustc/1159e78c4747b02ef996e55082b704c09b970588/library/std/src/sys/pal/unix/thread.rs:107:17
  52:     0x7fc38e6bd1ca - start_thread
  53:     0x7fc38eb268d3 - __GI___clone
  54:                0x0 - <unknown>
[0m
[31;1m        FAIL[0m [   2.718s] [35;1mapollo-router::integration_tests[0m [36mintegration::telemetry::metrics[0m[36m::[0m[34;1mtest_metric_rename_on_reload[0m

[31;1m--- [0m[31;1mSTDOUT:              [0m[35;1mapollo-router::integration_tests[0m [36mintegration::telemetry::metrics[0m[36m::[0m[34;1mtest_metric_rename_on_reload[0m[31;1m ---[0m

running 1 test
[2m2025-11-13T03:17:14.677354Z[0m [32m INFO[0m Loading supergraph from file
[2m2025-11-13T03:17:17.279257Z[0m [32m INFO[0m Mock server shutting down
[2m2025-11-13T03:17:17.281207Z[0m [32m INFO[0m Mock server shutting down
test integration::telemetry::metrics::test_metric_rename_on_reload ... FAILED

failures:

failures:
    integration::telemetry::metrics::test_metric_rename_on_reload

test result: FAILED. 0 passed; 1 failed; 0 ignored; 0 measured; 338 filtered out; finished in 2.64s

[0m
[31;1m--- [0m[31;1mSTDERR:              [0m[35;1mapollo-router::integration_tests[0m [36mintegration::telemetry::metrics[0m[36m::[0m[34;1mtest_metric_rename_on_reload[0m[31;1m ---[0m

thread 'integration::telemetry::metrics::test_metric_rename_on_reload' panicked at apollo-router/tests/integration/telemetry/metrics.rs:497:5:
'reloaded_http_duration_seconds_count' not detected in metrics
# HELP apollo_router_cache_hit_time Time to get a value from the cache in seconds
# TYPE apollo_router_cache_hit_time histogram
apollo_router_cache_hit_time_bucket{kind="query planner",storage="memory",otel_scope_name="apollo/router",le="0.001"} 1
apollo_router_cache_hit_time_bucket{kind="query planner",storage="memory",otel_scope_name="apollo/router",le="0.005"} 1
apollo_router_cache_hit_time_bucket{kind="query planner",storage="memory",otel_scope_name="apollo/router",le="0.015"} 1
apollo_router_cache_hit_time_bucket{kind="query planner",storage="memory",otel_scope_name="apollo/router",le="0.05"} 1
apollo_router_cache_hit_time_bucket{kind="query planner",storage="memory",otel_scope_name="apollo/router",le="0.1"} 1
apollo_router_cache_hit_time_bucket{kind="query planner",storage="memory",otel_scope_name="apollo/router",le="0.2"} 1
apollo_router_cache_hit_time_bucket{kind="query planner",storage="memory",otel_scope_name="apollo/router",le="0.3"} 1
apollo_router_cache_hit_time_bucket{kind="query planner",storage="memory",otel_scope_name="apollo/router",le="0.4"} 1
apollo_router_cache_hit_time_bucket{kind="query planner",storage="memory",otel_scope_name="apollo/router",le="0.5"} 1
apollo_router_cache_hit_time_bucket{kind="query planner",storage="memory",otel_scope_name="apollo/router",le="1"} 1
apollo_router_cache_hit_time_bucket{kind="query planner",storage="memory",otel_scope_name="apollo/router",le="5"} 1
apollo_router_cache_hit_time_bucket{kind="query planner",storage="memory",otel_scope_name="apollo/router",le="10"} 1
apollo_router_cache_hit_time_bucket{kind="query planner",storage="memory",otel_scope_name="apollo/router",le="+Inf"} 1
apollo_router_cache_hit_time_sum{kind="query planner",storage="memory",otel_scope_name="apollo/router"} 0.00002155
apollo_router_cache_hit_time_count{kind="query planner",storage="memory",otel_scope_name="apollo/router"} 1
# HELP apollo_router_cache_miss_time Time to check the cache for an uncached value in seconds
# TYPE apollo_router_cache_miss_time histogram
apollo_router_cache_miss_time_bucket{kind="query planner",storage="memory",otel_scope_name="apollo/router",le="0.001"} 2
apollo_router_cache_miss_time_bucket{kind="query planner",storage="memory",otel_scope_name="apollo/router",le="0.005"} 2
apollo_router_cache_miss_time_bucket{kind="query planner",storage="memory",otel_scope_name="apollo/router",le="0.015"} 2
apollo_router_cache_miss_time_bucket{kind="query planner",storage="memory",otel_scope_name="apollo/router",le="0.05"} 2
apollo_router_cache_miss_time_bucket{kind="query planner",storage="memory",otel_scope_name="apollo/router",le="0.1"} 2
apollo_router_cache_miss_time_bucket{kind="query planner",storage="memory",otel_scope_name="apollo/router",le="0.2"} 2
apollo_router_cache_miss_time_bucket{kind="query planner",storage="memory",otel_scope_name="apollo/router",le="0.3"} 2
apollo_router_cache_miss_time_bucket{kind="query planner",storage="memory",otel_scope_name="apollo/router",le="0.4"} 2
apollo_router_cache_miss_time_bucket{kind="query planner",storage="memory",otel_scope_name="apollo/router",le="0.5"} 2
apollo_router_cache_miss_time_bucket{kind="query planner",storage="memory",otel_scope_name="apollo/router",le="1"} 2
apollo_router_cache_miss_time_bucket{kind="query planner",storage="memory",otel_scope_name="apollo/router",le="5"} 2
apollo_router_cache_miss_time_bucket{kind="query planner",storage="memory",otel_scope_name="apollo/router",le="10"} 2
apollo_router_cache_miss_time_bucket{kind="query planner",storage="memory",otel_scope_name="apollo/router",le="+Inf"} 2
apollo_router_cache_miss_time_sum{kind="query planner",storage="memory",otel_scope_name="apollo/router"} 0.000014392
apollo_router_cache_miss_time_count{kind="query planner",storage="memory",otel_scope_name="apollo/router"} 2
# HELP apollo_router_cache_size Cache size
# TYPE apollo_router_cache_size gauge
apollo_router_cache_size{kind="APQ",type="memory",otel_scope_name="apollo/router"} 0
apollo_router_cache_size{kind="introspection",type="memory",otel_scope_name="apollo/router"} 0
apollo_router_cache_size{kind="query planner",type="memory",otel_scope_name="apollo/router"} 1
# HELP apollo_router_cache_storage_estimated_size Estimated cache storage
# TYPE apollo_router_cache_storage_estimated_size gauge
apollo_router_cache_storage_estimated_size{kind="query planner",type="memory",otel_scope_name="apollo/router"} 1351
# HELP apollo_router_compute_jobs_active_jobs Number of computation jobs in progress
# TYPE apollo_router_compute_jobs_active_jobs gauge
apollo_router_compute_jobs_active_jobs{job_type="query_parsing",otel_scope_name="apollo/router"} 0
apollo_router_compute_jobs_active_jobs{job_type="query_planning",otel_scope_name="apollo/router"} 0
# HELP apollo_router_compute_jobs_duration_seconds Total job processing time
# TYPE apollo_router_compute_jobs_duration_seconds histogram
apollo_router_compute_jobs_duration_seconds_bucket{job_outcome="executed_ok",job_type="query_parsing",otel_scope_name="apollo/router",le="0.001"} 0
apollo_router_compute_jobs_duration_seconds_bucket{job_outcome="executed_ok",job_type="query_parsing",otel_scope_name="apollo/router",le="0.005"} 0
apollo_router_compute_jobs_duration_seconds_bucket{job_outcome="executed_ok",job_type="query_parsing",otel_scope_name="apollo/router",le="0.015"} 1
apollo_router_compute_jobs_duration_seconds_bucket{job_outcome="executed_ok",job_type="query_parsing",otel_scope_name="apollo/router",le="0.05"} 2
apollo_router_compute_jobs_duration_seconds_bucket{job_outcome="executed_ok",job_type="query_parsing",otel_scope_name="apollo/router",le="0.1"} 2
apollo_router_compute_jobs_duration_seconds_bucket{job_outcome="executed_ok",job_type="query_parsing",otel_scope_name="apollo/router",le="0.2"} 2
apollo_router_compute_jobs_duration_seconds_bucket{job_outcome="executed_ok",job_type="query_parsing",otel_scope_name="apollo/router",le="0.3"} 2
apollo_router_compute_jobs_duration_seconds_bucket{job_outcome="executed_ok",job_type="query_parsing",otel_scope_name="apollo/router",le="0.4"} 2
apollo_router_compute_jobs_duration_seconds_bucket{job_outcome="executed_ok",job_type="query_parsing",otel_scope_name="apollo/router",le="0.5"} 2
apollo_router_compute_jobs_duration_seconds_bucket{job_outcome="executed_ok",job_type="query_parsing",otel_scope_name="apollo/router",le="1"} 2
apollo_router_compute_jobs_duration_seconds_bucket{job_outcome="executed_ok",job_type="query_parsing",otel_scope_name="apollo/router",le="5"} 2
apollo_router_compute_jobs_duration_seconds_bucket{job_outcome="executed_ok",job_type="query_parsing",otel_scope_name="apollo/router",le="10"} 2
apollo_router_compute_jobs_duration_seconds_bucket{job_outcome="executed_ok",job_type="query_parsing",otel_scope_name="apollo/router",le="+Inf"} 2
apollo_router_compute_jobs_duration_seconds_sum{job_outcome="executed_ok",job_type="query_parsing",otel_scope_name="apollo/router"} 0.030483245
apollo_router_compute_jobs_duration_seconds_count{job_outcome="executed_ok",job_type="query_parsing",otel_scope_name="apollo/router"} 2
apollo_router_compute_jobs_duration_seconds_bucket{job_outcome="executed_ok",job_type="query_planning",otel_scope_name="apollo/router",le="0.001"} 0
apollo_router_compute_jobs_duration_seconds_bucket{job_outcome="executed_ok",job_type="query_planning",otel_scope_name="apollo/router",le="0.005"} 0
apollo_router_compute_jobs_duration_seconds_bucket{job_outcome="executed_ok",job_type="query_planning",otel_scope_name="apollo/router",le="0.015"} 1
apollo_router_compute_jobs_duration_seconds_bucket{job_outcome="executed_ok",job_type="query_planning",otel_scope_name="apollo/router",le="0.05"} 2
apollo_router_compute_jobs_duration_seconds_bucket{job_outcome="executed_ok",job_type="query_planning",otel_scope_name="apollo/router",le="0.1"} 2
apollo_router_compute_jobs_duration_seconds_bucket{job_outcome="executed_ok",job_type="query_planning",otel_scope_name="apollo/router",le="0.2"} 2
apollo_router_compute_jobs_duration_seconds_bucket{job_outcome="executed_ok",job_type="query_planning",otel_scope_name="apollo/router",le="0.3"} 2
apollo_router_compute_jobs_duration_seconds_bucket{job_outcome="executed_ok",job_type="query_planning",otel_scope_name="apollo/router",le="0.4"} 2
apollo_router_compute_jobs_duration_seconds_bucket{job_outcome="executed_ok",job_type="query_planning",otel_scope_name="apollo/router",le="0.5"} 2
apollo_router_compute_jobs_duration_seconds_bucket{job_outcome="executed_ok",job_type="query_planning",otel_scope_name="apollo/router",le="1"} 2
apollo_router_compute_jobs_duration_seconds_bucket{job_outcome="executed_ok",job_type="query_planning",otel_scope_name="apollo/router",le="5"} 2
apollo_router_compute_jobs_duration_seconds_bucket{job_outcome="executed_ok",job_type="query_planning",otel_scope_name="apollo/router",le="10"} 2
apollo_router_compute_jobs_duration_seconds_bucket{job_outcome="executed_ok",job_type="query_planning",otel_scope_name="apollo/router",le="+Inf"} 2
apollo_router_compute_jobs_duration_seconds_sum{job_outcome="executed_ok",job_type="query_planning",otel_scope_name="apollo/router"} 0.023350611
apollo_router_compute_jobs_duration_seconds_count{job_outcome="executed_ok",job_type="query_planning",otel_scope_name="apollo/router"} 2
# HELP apollo_router_compute_jobs_execution_duration_seconds Time to execute the job, after it has been pulled from the queue
# TYPE apollo_router_compute_jobs_execution_duration_seconds histogram
apollo_router_compute_jobs_execution_duration_seconds_bucket{job_type="query_parsing",otel_scope_name="apollo/router",le="0.001"} 1
apollo_router_compute_jobs_execution_duration_seconds_bucket{job_type="query_parsing",otel_scope_name="apollo/router",le="0.005"} 1
apollo_router_compute_jobs_execution_duration_seconds_bucket{job_type="query_parsing",otel_scope_name="apollo/router",le="0.015"} 2
apollo_router_compute_jobs_execution_duration_seconds_bucket{job_type="query_parsing",otel_scope_name="apollo/router",le="0.05"} 2
apollo_router_compute_jobs_execution_duration_seconds_bucket{job_type="query_parsing",otel_scope_name="apollo/router",le="0.1"} 2
apollo_router_compute_jobs_execution_duration_seconds_bucket{job_type="query_parsing",otel_scope_name="apollo/router",le="0.2"} 2
apollo_router_compute_jobs_execution_duration_seconds_bucket{job_type="query_parsing",otel_scope_name="apollo/router",le="0.3"} 2
apollo_router_compute_jobs_execution_duration_seconds_bucket{job_type="query_parsing",otel_scope_name="apollo/router",le="0.4"} 2
apollo_router_compute_jobs_execution_duration_seconds_bucket{job_type="query_parsing",otel_scope_name="apollo/router",le="0.5"} 2
apollo_router_compute_jobs_execution_duration_seconds_bucket{job_type="query_parsing",otel_scope_name="apollo/router",le="1"} 2
apollo_router_compute_jobs_execution_duration_seconds_bucket{job_type="query_parsing",otel_scope_name="apollo/router",le="5"} 2
apollo_router_compute_jobs_execution_duration_seconds_bucket{job_type="query_parsing",otel_scope_name="apollo/router",le="10"} 2
apollo_router_compute_jobs_execution_duration_seconds_bucket{job_type="query_parsing",otel_scope_name="apollo/router",le="+Inf"} 2
apollo_router_compute_jobs_execution_duration_seconds_sum{job_type="query_parsing",otel_scope_name="apollo/router"} 0.012946412000000001
apollo_router_compute_jobs_execution_duration_seconds_count{job_type="query_parsing",otel_scope_name="apollo/router"} 2
apollo_router_compute_jobs_execution_duration_seconds_bucket{job_type="query_planning",otel_scope_name="apollo/router",le="0.001"} 0
apollo_router_compute_jobs_execution_duration_seconds_bucket{job_type="query_planning",otel_scope_name="apollo/router",le="0.005"} 0
apollo_router_compute_jobs_execution_duration_seconds_bucket{job_type="query_planning",otel_scope_name="apollo/router",le="0.015"} 1
apollo_router_compute_jobs_execution_duration_seconds_bucket{job_type="query_planning",otel_scope_name="apollo/router",le="0.05"} 2
apollo_router_compute_jobs_execution_duration_seconds_bucket{job_type="query_planning",otel_scope_name="apollo/router",le="0.1"} 2
apollo_router_compute_jobs_execution_duration_seconds_bucket{job_type="query_planning",otel_scope_name="apollo/router",le="0.2"} 2
apollo_router_compute_jobs_execution_duration_seconds_bucket{job_type="query_planning",otel_scope_name="apollo/router",le="0.3"} 2
apollo_router_compute_jobs_execution_duration_seconds_bucket{job_type="query_planning",otel_scope_name="apollo/router",le="0.4"} 2
apollo_router_compute_jobs_execution_duration_seconds_bucket{job_type="query_planning",otel_scope_name="apollo/router",le="0.5"} 2
apollo_router_compute_jobs_execution_duration_seconds_bucket{job_type="query_planning",otel_scope_name="apollo/router",le="1"} 2
apollo_router_compute_jobs_execution_duration_seconds_bucket{job_type="query_planning",otel_scope_name="apollo/router",le="5"} 2
apollo_router_compute_jobs_execution_duration_seconds_bucket{job_type="query_planning",otel_scope_name="apollo/router",le="10"} 2
apollo_router_compute_jobs_execution_duration_seconds_bucket{job_type="query_planning",otel_scope_name="apollo/router",le="+Inf"} 2
apollo_router_compute_jobs_execution_duration_seconds_sum{job_type="query_planning",otel_scope_name="apollo/router"} 0.02367601
apollo_router_compute_jobs_execution_duration_seconds_count{job_type="query_planning",otel_scope_name="apollo/router"} 2
# HELP apollo_router_compute_jobs_queue_wait_duration_seconds Time spent by the job in the compute queue
# TYPE apollo_router_compute_jobs_queue_wait_duration_seconds histogram
apollo_router_compute_jobs_queue_wait_duration_seconds_bucket{job_type="query_parsing",otel_scope_name="apollo/router",le="0.001"} 1
apollo_router_compute_jobs_queue_wait_duration_seconds_bucket{job_type="query_parsing",otel_scope_name="apollo/router",le="0.005"} 2
apollo_router_compute_jobs_queue_wait_duration_seconds_bucket{job_type="query_parsing",otel_scope_name="apollo/router",le="0.015"} 2
apollo_router_compute_jobs_queue_wait_duration_seconds_bucket{job_type="query_parsing",otel_scope_name="apollo/router",le="0.05"} 2
apollo_router_compute_jobs_queue_wait_duration_seconds_bucket{job_type="query_parsing",otel_scope_name="apollo/router",le="0.1"} 2
apollo_router_compute_jobs_queue_wait_duration_seconds_bucket{job_type="query_parsing",otel_scope_name="apollo/router",le="0.2"} 2
apollo_router_compute_jobs_queue_wait_duration_seconds_bucket{job_type="query_parsing",otel_scope_name="apollo/router",le="0.3"} 2
apollo_router_compute_jobs_queue_wait_duration_seconds_bucket{job_type="query_parsing",otel_scope_name="apollo/router",le="0.4"} 2
apollo_router_compute_jobs_queue_wait_duration_seconds_bucket{job_type="query_parsing",otel_scope_name="apollo/router",le="0.5"} 2
apollo_router_compute_jobs_queue_wait_duration_seconds_bucket{job_type="query_parsing",otel_scope_name="apollo/router",le="1"} 2
apollo_router_compute_jobs_queue_wait_duration_seconds_bucket{job_type="query_parsing",otel_scope_name="apollo/router",le="5"} 2
apollo_router_compute_jobs_queue_wait_duration_seconds_bucket{job_type="query_parsing",otel_scope_name="apollo/router",le="10"} 2
apollo_router_compute_jobs_queue_wait_duration_seconds_bucket{job_type="query_parsing",otel_scope_name="apollo/router",le="+Inf"} 2
apollo_router_compute_jobs_queue_wait_duration_seconds_sum{job_type="query_parsing",otel_scope_name="apollo/router"} 0.002273039
apollo_router_compute_jobs_queue_wait_duration_seconds_count{job_type="query_parsing",otel_scope_name="apollo/router"} 2
apollo_router_compute_jobs_queue_wait_duration_seconds_bucket{job_type="query_planning",otel_scope_name="apollo/router",le="0.001"} 1
apollo_router_compute_jobs_queue_wait_duration_seconds_bucket{job_type="query_planning",otel_scope_name="apollo/router",le="0.005"} 2
apollo_router_compute_jobs_queue_wait_duration_seconds_bucket{job_type="query_planning",otel_scope_name="apollo/router",le="0.015"} 2
apollo_router_compute_jobs_queue_wait_duration_seconds_bucket{job_type="query_planning",otel_scope_name="apollo/router",le="0.05"} 2
apollo_router_compute_jobs_queue_wait_duration_seconds_bucket{job_type="query_planning",otel_scope_name="apollo/router",le="0.1"} 2
apollo_router_compute_jobs_queue_wait_duration_seconds_bucket{job_type="query_planning",otel_scope_name="apollo/router",le="0.2"} 2
apollo_router_compute_jobs_queue_wait_duration_seconds_bucket{job_type="query_planning",otel_scope_name="apollo/router",le="0.3"} 2
apollo_router_compute_jobs_queue_wait_duration_seconds_bucket{job_type="query_planning",otel_scope_name="apollo/router",le="0.4"} 2
apollo_router_compute_jobs_queue_wait_duration_seconds_bucket{job_type="query_planning",otel_scope_name="apollo/router",le="0.5"} 2
apollo_router_compute_jobs_queue_wait_duration_seconds_bucket{job_type="query_planning",otel_scope_name="apollo/router",le="1"} 2
apollo_router_compute_jobs_queue_wait_duration_seconds_bucket{job_type="query_planning",otel_scope_name="apollo/router",le="5"} 2
apollo_router_compute_jobs_queue_wait_duration_seconds_bucket{job_type="query_planning",otel_scope_name="apollo/router",le="10"} 2
apollo_router_compute_jobs_queue_wait_duration_seconds_bucket{job_type="query_planning",otel_scope_name="apollo/router",le="+Inf"} 2
apollo_router_compute_jobs_queue_wait_duration_seconds_sum{job_type="query_planning",otel_scope_name="apollo/router"} 0.002681473
apollo_router_compute_jobs_queue_wait_duration_seconds_count{job_type="query_planning",otel_scope_name="apollo/router"} 2
# HELP apollo_router_compute_jobs_queued Number of computation jobs (parsing, planning, …) waiting to be scheduled
# TYPE apollo_router_compute_jobs_queued gauge
apollo_router_compute_jobs_queued{otel_scope_name="apollo/router"} 0
# TYPE apollo_router_exporter_span_lru_size gauge
apollo_router_exporter_span_lru_size{otel_scope_name="apollo/router"} 0
# HELP apollo_router_jemalloc_active Total active bytes in jemalloc
# TYPE apollo_router_jemalloc_active gauge
apollo_router_jemalloc_active{otel_scope_name="apollo/router"} 56922112
# HELP apollo_router_jemalloc_allocated Total bytes allocated by jemalloc
# TYPE apollo_router_jemalloc_allocated gauge
apollo_router_jemalloc_allocated{otel_scope_name="apollo/router"} 53953408
# HELP apollo_router_jemalloc_mapped Total mapped bytes in jemalloc
# TYPE apollo_router_jemalloc_mapped gauge
apollo_router_jemalloc_mapped{otel_scope_name="apollo/router"} 187424768
# HELP apollo_router_jemalloc_metadata Total metadata bytes in jemalloc
# TYPE apollo_router_jemalloc_metadata gauge
apollo_router_jemalloc_metadata{otel_scope_name="apollo/router"} 21014848
# HELP apollo_router_jemalloc_resident Total resident bytes in jemalloc
# TYPE apollo_router_jemalloc_resident gauge
apollo_router_jemalloc_resident{otel_scope_name="apollo/router"} 79159296
# HELP apollo_router_jemalloc_retained Total retained bytes in jemalloc
# TYPE apollo_router_jemalloc_retained gauge
apollo_router_jemalloc_retained{otel_scope_name="apollo/router"} 109322240
# TYPE apollo_router_lifecycle_license gauge
apollo_router_lifecycle_license{license_state="licensed",otel_scope_name="apollo/router"} 1
# HELP apollo_router_lifecycle_query_planner_init_total Rust query planner initialization
# TYPE apollo_router_lifecycle_query_planner_init_total counter
apollo_router_lifecycle_query_planner_init_total{init_is_success="true",otel_scope_name="apollo/router"} 2
# HELP apollo_router_open_connections Number of currently connected clients
# TYPE apollo_router_open_connections gauge
apollo_router_open_connections{config_hash="f242be5a36f1b221a3c94bc88554597f5f0d80b866679c682f5c6f48da316c68",http_connection_state="active",launch_id="",schema_id="dd8960ccefda82ca58e8ac0bc266459fd49ee8215fd6b3cc72e7bc3d7f3464b9",server_address="127.0.0.1",server_port="43999",otel_scope_name="apollo/router"} 0
apollo_router_open_connections{config_hash="f242be5a36f1b221a3c94bc88554597f5f0d80b866679c682f5c6f48da316c68",http_connection_state="active",launch_id="",schema_id="dd8960ccefda82ca58e8ac0bc266459fd49ee8215fd6b3cc72e7bc3d7f3464b9",server_address="127.0.0.1",server_port="44091",otel_scope_name="apollo/router"} 1
# HELP apollo_router_operations_telemetry_total Telemetry exporters enabled
# TYPE apollo_router_operations_telemetry_total counter
apollo_router_operations_telemetry_total{telemetry_metrics_prometheus="true",otel_scope_name="apollo/router"} 3
# HELP apollo_router_overhead_seconds Router processing overhead (time not spent waiting for subgraphs or connectors to respond).
# TYPE apollo_router_overhead_seconds histogram
apollo_router_overhead_seconds_bucket{subgraph_active_requests="false",otel_scope_name="apollo/router",le="0.001"} 0
apollo_router_overhead_seconds_bucket{subgraph_active_requests="false",otel_scope_name="apollo/router",le="0.005"} 0
apollo_router_overhead_seconds_bucket{subgraph_active_requests="false",otel_scope_name="apollo/router",le="0.015"} 1
apollo_router_overhead_seconds_bucket{subgraph_active_requests="false",otel_scope_name="apollo/router",le="0.05"} 2
apollo_router_overhead_seconds_bucket{subgraph_active_requests="false",otel_scope_name="apollo/router",le="0.1"} 3
apollo_router_overhead_seconds_bucket{subgraph_active_requests="false",otel_scope_name="apollo/router",le="0.2"} 3
apollo_router_overhead_seconds_bucket{subgraph_active_requests="false",otel_scope_name="apollo/router",le="0.3"} 3
apollo_router_overhead_seconds_bucket{subgraph_active_requests="false",otel_scope_name="apollo/router",le="0.4"} 3
apollo_router_overhead_seconds_bucket{subgraph_active_requests="false",otel_scope_name="apollo/router",le="0.5"} 3
apollo_router_overhead_seconds_bucket{subgraph_active_requests="false",otel_scope_name="apollo/router",le="1"} 3
apollo_router_overhead_seconds_bucket{subgraph_active_requests="false",otel_scope_name="apollo/router",le="5"} 3
apollo_router_overhead_seconds_bucket{subgraph_active_requests="false",otel_scope_name="apollo/router",le="10"} 3
apollo_router_overhead_seconds_bucket{subgraph_active_requests="false",otel_scope_name="apollo/router",le="+Inf"} 3
apollo_router_overhead_seconds_sum{subgraph_active_requests="false",otel_scope_name="apollo/router"} 0.095190626
apollo_router_overhead_seconds_count{subgraph_active_requests="false",otel_scope_name="apollo/router"} 3
# HELP apollo_router_pipelines Number of active router pipelines
# TYPE apollo_router_pipelines gauge
apollo_router_pipelines{config_hash="f242be5a36f1b221a3c94bc88554597f5f0d80b866679c682f5c6f48da316c68",launch_id="",schema_id="dd8960ccefda82ca58e8ac0bc266459fd49ee8215fd6b3cc72e7bc3d7f3464b9",otel_scope_name="apollo/router"} 1
# HELP apollo_router_query_planning_plan_duration Duration of the query planning, in seconds.
# TYPE apollo_router_query_planning_plan_duration histogram
apollo_router_query_planning_plan_duration_bucket{outcome="success",planner="rust",otel_scope_name="apollo/router",le="0.001"} 0
apollo_router_query_planning_plan_duration_bucket{outcome="success",planner="rust",otel_scope_name="apollo/router",le="0.005"} 1
apollo_router_query_planning_plan_duration_bucket{outcome="success",planner="rust",otel_scope_name="apollo/router",le="0.015"} 2
apollo_router_query_planning_plan_duration_bucket{outcome="success",planner="rust",otel_scope_name="apollo/router",le="0.05"} 2
apollo_router_query_planning_plan_duration_bucket{outcome="success",planner="rust",otel_scope_name="apollo/router",le="0.1"} 2
apollo_router_query_planning_plan_duration_bucket{outcome="success",planner="rust",otel_scope_name="apollo/router",le="0.2"} 2
apollo_router_query_planning_plan_duration_bucket{outcome="success",planner="rust",otel_scope_name="apollo/router",le="0.3"} 2
apollo_router_query_planning_plan_duration_bucket{outcome="success",planner="rust",otel_scope_name="apollo/router",le="0.4"} 2
apollo_router_query_planning_plan_duration_bucket{outcome="success",planner="rust",otel_scope_name="apollo/router",le="0.5"} 2
apollo_router_query_planning_plan_duration_bucket{outcome="success",planner="rust",otel_scope_name="apollo/router",le="1"} 2
apollo_router_query_planning_plan_duration_bucket{outcome="success",planner="rust",otel_scope_name="apollo/router",le="5"} 2
apollo_router_query_planning_plan_duration_bucket{outcome="success",planner="rust",otel_scope_name="apollo/router",le="10"} 2
apollo_router_query_planning_plan_duration_bucket{outcome="success",planner="rust",otel_scope_name="apollo/router",le="+Inf"} 2
apollo_router_query_planning_plan_duration_sum{outcome="success",planner="rust",otel_scope_name="apollo/router"} 0.011147825
apollo_router_query_planning_plan_duration_count{outcome="success",planner="rust",otel_scope_name="apollo/router"} 2
# HELP apollo_router_query_planning_plan_evaluated_paths Number of paths (including intermediate ones) considered to plan a query before starting to generate a plan
# TYPE apollo_router_query_planning_plan_evaluated_paths histogram
apollo_router_query_planning_plan_evaluated_paths_bucket{otel_scope_name="apollo/router",le="0.001"} 0
apollo_router_query_planning_plan_evaluated_paths_bucket{otel_scope_name="apollo/router",le="0.005"} 0
apollo_router_query_planning_plan_evaluated_paths_bucket{otel_scope_name="apollo/router",le="0.015"} 0
apollo_router_query_planning_plan_evaluated_paths_bucket{otel_scope_name="apollo/router",le="0.05"} 0
apollo_router_query_planning_plan_evaluated_paths_bucket{otel_scope_name="apollo/router",le="0.1"} 0
apollo_router_query_planning_plan_evaluated_paths_bucket{otel_scope_name="apollo/router",le="0.2"} 0
apollo_router_query_planning_plan_evaluated_paths_bucket{otel_scope_name="apollo/router",le="0.3"} 0
apollo_router_query_planning_plan_evaluated_paths_bucket{otel_scope_name="apollo/router",le="0.4"} 0
apollo_router_query_planning_plan_evaluated_paths_bucket{otel_scope_name="apollo/router",le="0.5"} 0
apollo_router_query_planning_plan_evaluated_paths_bucket{otel_scope_name="apollo/router",le="1"} 0
apollo_router_query_planning_plan_evaluated_paths_bucket{otel_scope_name="apollo/router",le="5"} 2
apollo_router_query_planning_plan_evaluated_paths_bucket{otel_scope_name="apollo/router",le="10"} 2
apollo_router_query_planning_plan_evaluated_paths_bucket{otel_scope_name="apollo/router",le="+Inf"} 2
apollo_router_query_planning_plan_evaluated_paths_sum{otel_scope_name="apollo/router"} 4
apollo_router_query_planning_plan_evaluated_paths_count{otel_scope_name="apollo/router"} 2
# HELP apollo_router_query_planning_plan_evaluated_plans Number of query plans evaluated for a query before choosing the best one
# TYPE apollo_router_query_planning_plan_evaluated_plans histogram
apollo_router_query_planning_plan_evaluated_plans_bucket{otel_scope_name="apollo/router",le="0.001"} 0
apollo_router_query_planning_plan_evaluated_plans_bucket{otel_scope_name="apollo/router",le="0.005"} 0
apollo_router_query_planning_plan_evaluated_plans_bucket{otel_scope_name="apollo/router",le="0.015"} 0
apollo_router_query_planning_plan_evaluated_plans_bucket{otel_scope_name="apollo/router",le="0.05"} 0
apollo_router_query_planning_plan_evaluated_plans_bucket{otel_scope_name="apollo/router",le="0.1"} 0
apollo_router_query_planning_plan_evaluated_plans_bucket{otel_scope_name="apollo/router",le="0.2"} 0
apollo_router_query_planning_plan_evaluated_plans_bucket{otel_scope_name="apollo/router",le="0.3"} 0
apollo_router_query_planning_plan_evaluated_plans_bucket{otel_scope_name="apollo/router",le="0.4"} 0
apollo_router_query_planning_plan_evaluated_plans_bucket{otel_scope_name="apollo/router",le="0.5"} 0
apollo_router_query_planning_plan_evaluated_plans_bucket{otel_scope_name="apollo/router",le="1"} 2
apollo_router_query_planning_plan_evaluated_plans_bucket{otel_scope_name="apollo/router",le="5"} 2
apollo_router_query_planning_plan_evaluated_plans_bucket{otel_scope_name="apollo/router",le="10"} 2
apollo_router_query_planning_plan_evaluated_plans_bucket{otel_scope_name="apollo/router",le="+Inf"} 2
apollo_router_query_planning_plan_evaluated_plans_sum{otel_scope_name="apollo/router"} 2
apollo_router_query_planning_plan_evaluated_plans_count{otel_scope_name="apollo/router"} 2
# HELP apollo_router_query_planning_total_duration Duration of the time the router waited for a query plan, including both the queue time and planning time, in seconds.
# TYPE apollo_router_query_planning_total_duration histogram
apollo_router_query_planning_total_duration_bucket{otel_scope_name="apollo/router",le="0.001"} 0
apollo_router_query_planning_total_duration_bucket{otel_scope_name="apollo/router",le="0.005"} 0
apollo_router_query_planning_total_duration_bucket{otel_scope_name="apollo/router",le="0.015"} 1
apollo_router_query_planning_total_duration_bucket{otel_scope_name="apollo/router",le="0.05"} 2
apollo_router_query_planning_total_duration_bucket{otel_scope_name="apollo/router",le="0.1"} 2
apollo_router_query_planning_total_duration_bucket{otel_scope_name="apollo/router",le="0.2"} 2
apollo_router_query_planning_total_duration_bucket{otel_scope_name="apollo/router",le="0.3"} 2
apollo_router_query_planning_total_duration_bucket{otel_scope_name="apollo/router",le="0.4"} 2
apollo_router_query_planning_total_duration_bucket{otel_scope_name="apollo/router",le="0.5"} 2
apollo_router_query_planning_total_duration_bucket{otel_scope_name="apollo/router",le="1"} 2
apollo_router_query_planning_total_duration_bucket{otel_scope_name="apollo/router",le="5"} 2
apollo_router_query_planning_total_duration_bucket{otel_scope_name="apollo/router",le="10"} 2
apollo_router_query_planning_total_duration_bucket{otel_scope_name="apollo/router",le="+Inf"} 2
apollo_router_query_planning_total_duration_sum{otel_scope_name="apollo/router"} 0.033116466000000004
apollo_router_query_planning_total_duration_count{otel_scope_name="apollo/router"} 2
# HELP apollo_router_query_planning_warmup_duration Time spent warming up the query planner queries in seconds
# TYPE apollo_router_query_planning_warmup_duration histogram
apollo_router_query_planning_warmup_duration_bucket{otel_scope_name="apollo/router",le="0.001"} 2
apollo_router_query_planning_warmup_duration_bucket{otel_scope_name="apollo/router",le="0.005"} 2
apollo_router_query_planning_warmup_duration_bucket{otel_scope_name="apollo/router",le="0.015"} 2
apollo_router_query_planning_warmup_duration_bucket{otel_scope_name="apollo/router",le="0.05"} 2
apollo_router_query_planning_warmup_duration_bucket{otel_scope_name="apollo/router",le="0.1"} 2
apollo_router_query_planning_warmup_duration_bucket{otel_scope_name="apollo/router",le="0.2"} 2
apollo_router_query_planning_warmup_duration_bucket{otel_scope_name="apollo/router",le="0.3"} 2
apollo_router_query_planning_warmup_duration_bucket{otel_scope_name="apollo/router",le="0.4"} 2
apollo_router_query_planning_warmup_duration_bucket{otel_scope_name="apollo/router",le="0.5"} 2
apollo_router_query_planning_warmup_duration_bucket{otel_scope_name="apollo/router",le="1"} 2
apollo_router_query_planning_warmup_duration_bucket{otel_scope_name="apollo/router",le="5"} 2
apollo_router_query_planning_warmup_duration_bucket{otel_scope_name="apollo/router",le="10"} 2
apollo_router_query_planning_warmup_duration_bucket{otel_scope_name="apollo/router",le="+Inf"} 2
apollo_router_query_planning_warmup_duration_sum{otel_scope_name="apollo/router"} 0.000065552
apollo_router_query_planning_warmup_duration_count{otel_scope_name="apollo/router"} 2
# HELP apollo_router_schema_load_duration Time spent loading the supergraph schema, in seconds.
# TYPE apollo_router_schema_load_duration histogram
apollo_router_schema_load_duration_bucket{otel_scope_name="apollo/router",le="0.001"} 0
apollo_router_schema_load_duration_bucket{otel_scope_name="apollo/router",le="0.005"} 0
apollo_router_schema_load_duration_bucket{otel_scope_name="apollo/router",le="0.015"} 1
apollo_router_schema_load_duration_bucket{otel_scope_name="apollo/router",le="0.05"} 1
apollo_router_schema_load_duration_bucket{otel_scope_name="apollo/router",le="0.1"} 1
apollo_router_schema_load_duration_bucket{otel_scope_name="apollo/router",le="0.2"} 1
apollo_router_schema_load_duration_bucket{otel_scope_name="apollo/router",le="0.3"} 1
apollo_router_schema_load_duration_bucket{otel_scope_name="apollo/router",le="0.4"} 1
apollo_router_schema_load_duration_bucket{otel_scope_name="apollo/router",le="0.5"} 1
apollo_router_schema_load_duration_bucket{otel_scope_name="apollo/router",le="1"} 1
apollo_router_schema_load_duration_bucket{otel_scope_name="apollo/router",le="5"} 1
apollo_router_schema_load_duration_bucket{otel_scope_name="apollo/router",le="10"} 1
apollo_router_schema_load_duration_bucket{otel_scope_name="apollo/router",le="+Inf"} 1
apollo_router_schema_load_duration_sum{otel_scope_name="apollo/router"} 0.010676829
apollo_router_schema_load_duration_count{otel_scope_name="apollo/router"} 1
# HELP apollo_router_session_count_active Amount of in-flight sessions
# TYPE apollo_router_session_count_active gauge
apollo_router_session_count_active{otel_scope_name="apollo/router"} 0
# HELP apollo_router_state_change_total Router state changes
# TYPE apollo_router_state_change_total counter
apollo_router_state_change_total{event="UpdateConfiguration",previous_state="Running",state="Running",otel_scope_name="apollo/router"} 1
apollo_router_state_change_total{event="UpdateSchema",previous_state="Startup",state="Running",otel_scope_name="apollo/router"} 1
# TYPE apollo_router_supergraph_federation gauge
apollo_router_supergraph_federation{federation_version="2",otel_scope_name="apollo/router"} 1
# HELP apollo_router_telemetry_studio_reports_total The number of reports submitted to Studio by the Router
# TYPE apollo_router_telemetry_studio_reports_total counter
apollo_router_telemetry_studio_reports_total{report_protocol="otlp",report_type="traces",otel_scope_name="apollo/router"} 1
# HELP custom_http_duration_seconds Duration of HTTP server requests.
# TYPE custom_http_duration_seconds histogram
custom_http_duration_seconds_bucket{http_request_method="POST",status="200",otel_scope_name="apollo/router",le="0.001"} 0
custom_http_duration_seconds_bucket{http_request_method="POST",status="200",otel_scope_name="apollo/router",le="0.005"} 0
custom_http_duration_seconds_bucket{http_request_method="POST",status="200",otel_scope_name="apollo/router",le="0.015"} 1
custom_http_duration_seconds_bucket{http_request_method="POST",status="200",otel_scope_name="apollo/router",le="0.05"} 2
custom_http_duration_seconds_bucket{http_request_method="POST",status="200",otel_scope_name="apollo/router",le="0.1"} 3
custom_http_duration_seconds_bucket{http_request_method="POST",status="200",otel_scope_name="apollo/router",le="0.2"} 3
custom_http_duration_seconds_bucket{http_request_method="POST",status="200",otel_scope_name="apollo/router",le="0.3"} 3
custom_http_duration_seconds_bucket{http_request_method="POST",status="200",otel_scope_name="apollo/router",le="0.4"} 3
custom_http_duration_seconds_bucket{http_request_method="POST",status="200",otel_scope_name="apollo/router",le="0.5"} 3
custom_http_duration_seconds_bucket{http_request_method="POST",status="200",otel_scope_name="apollo/router",le="1"} 3
custom_http_duration_seconds_bucket{http_request_method="POST",status="200",otel_scope_name="apollo/router",le="5"} 3
custom_http_duration_seconds_bucket{http_request_method="POST",status="200",otel_scope_name="apollo/router",le="10"} 3
custom_http_duration_seconds_bucket{http_request_method="POST",status="200",otel_scope_name="apollo/router",le="+Inf"} 3
custom_http_duration_seconds_sum{http_request_method="POST",status="200",otel_scope_name="apollo/router"} 0.11388501000000001
custom_http_duration_seconds_count{http_request_method="POST",status="200",otel_scope_name="apollo/router"} 3
# HELP custom_operations_count The number of graphql operations performed by the Router
# TYPE custom_operations_count histogram
custom_operations_count_bucket{http_response_status_code="200",otel_scope_name="apollo/router",le="1"} 3
custom_operations_count_bucket{http_response_status_code="200",otel_scope_name="apollo/router",le="10"} 3
custom_operations_count_bucket{http_response_status_code="200",otel_scope_name="apollo/router",le="100"} 3
custom_operations_count_bucket{http_response_status_code="200",otel_scope_name="apollo/router",le="+Inf"} 3
custom_operations_count_sum{http_response_status_code="200",otel_scope_name="apollo/router"} 3
custom_operations_count_count{http_response_status_code="200",otel_scope_name="apollo/router"} 3
# HELP http_client_request_duration_seconds Duration of HTTP client requests.
# TYPE http_client_request_duration_seconds histogram
http_client_request_duration_seconds_bucket{subgraph_name="products",otel_scope_name="apollo/router",le="0.001"} 0
http_client_request_duration_seconds_bucket{subgraph_name="products",otel_scope_name="apollo/router",le="0.005"} 0
http_client_request_duration_seconds_bucket{subgraph_name="products",otel_scope_name="apollo/router",le="0.015"} 3
http_client_request_duration_seconds_bucket{subgraph_name="products",otel_scope_name="apollo/router",le="0.05"} 3
http_client_request_duration_seconds_bucket{subgraph_name="products",otel_scope_name="apollo/router",le="0.1"} 3
http_client_request_duration_seconds_bucket{subgraph_name="products",otel_scope_name="apollo/router",le="0.2"} 3
http_client_request_duration_seconds_bucket{subgraph_name="products",otel_scope_name="apollo/router",le="0.3"} 3
http_client_request_duration_seconds_bucket{subgraph_name="products",otel_scope_name="apollo/router",le="0.4"} 3
http_client_request_duration_seconds_bucket{subgraph_name="products",otel_scope_name="apollo/router",le="0.5"} 3
http_client_request_duration_seconds_bucket{subgraph_name="products",otel_scope_name="apollo/router",le="1"} 3
http_client_request_duration_seconds_bucket{subgraph_name="products",otel_scope_name="apollo/router",le="5"} 3
http_client_request_duration_seconds_bucket{subgraph_name="products",otel_scope_name="apollo/router",le="10"} 3
http_client_request_duration_seconds_bucket{subgraph_name="products",otel_scope_name="apollo/router",le="+Inf"} 3
http_client_request_duration_seconds_sum{subgraph_name="products",otel_scope_name="apollo/router"} 0.023883605000000002
http_client_request_duration_seconds_count{subgraph_name="products",otel_scope_name="apollo/router"} 3
# HELP http_client_response_body_size_bytes Size of HTTP client response bodies.
# TYPE http_client_response_body_size_bytes histogram
http_client_response_body_size_bytes_bucket{subgraph_name="products",otel_scope_name="apollo/router",le="0.001"} 0
http_client_response_body_size_bytes_bucket{subgraph_name="products",otel_scope_name="apollo/router",le="0.005"} 0
http_client_response_body_size_bytes_bucket{subgraph_name="products",otel_scope_name="apollo/router",le="0.015"} 0
http_client_response_body_size_bytes_bucket{subgraph_name="products",otel_scope_name="apollo/router",le="0.05"} 0
http_client_response_body_size_bytes_bucket{subgraph_name="products",otel_scope_name="apollo/router",le="0.1"} 0
http_client_response_body_size_bytes_bucket{subgraph_name="products",otel_scope_name="apollo/router",le="0.2"} 0
http_client_response_body_size_bytes_bucket{subgraph_name="products",otel_scope_name="apollo/router",le="0.3"} 0
http_client_response_body_size_bytes_bucket{subgraph_name="products",otel_scope_name="apollo/router",le="0.4"} 0
http_client_response_body_size_bytes_bucket{subgraph_name="products",otel_scope_name="apollo/router",le="0.5"} 0
http_client_response_body_size_bytes_bucket{subgraph_name="products",otel_scope_name="apollo/router",le="1"} 0
http_client_response_body_size_bytes_bucket{subgraph_name="products",otel_scope_name="apollo/router",le="5"} 0
http_client_response_body_size_bytes_bucket{subgraph_name="products",otel_scope_name="apollo/router",le="10"} 0
http_client_response_body_size_bytes_bucket{subgraph_name="products",otel_scope_name="apollo/router",le="+Inf"} 3
http_client_response_body_size_bytes_sum{subgraph_name="products",otel_scope_name="apollo/router"} 231
http_client_response_body_size_bytes_count{subgraph_name="products",otel_scope_name="apollo/router"} 3
# HELP http_server_active_requests Number of active HTTP server requests.
# TYPE http_server_active_requests gauge
http_server_active_requests{http_request_method="POST",otel_scope_name="apollo/router"} 0
# HELP http_server_request_body_size_bytes Size of HTTP server request bodies.
# TYPE http_server_request_body_size_bytes histogram
http_server_request_body_size_bytes_bucket{http_request_method="POST",http_response_status_code="200",server_address="127.0.0.1",server_port="43999",otel_scope_name="apollo/router",le="0.001"} 0
http_server_request_body_size_bytes_bucket{http_request_method="POST",http_response_status_code="200",server_address="127.0.0.1",server_port="43999",otel_scope_name="apollo/router",le="0.005"} 0
http_server_request_body_size_bytes_bucket{http_request_method="POST",http_response_status_code="200",server_address="127.0.0.1",server_port="43999",otel_scope_name="apollo/router",le="0.015"} 0
http_server_request_body_size_bytes_bucket{http_request_method="POST",http_response_status_code="200",server_address="127.0.0.1",server_port="43999",otel_scope_name="apollo/router",le="0.05"} 0
http_server_request_body_size_bytes_bucket{http_request_method="POST",http_response_status_code="200",server_address="127.0.0.1",server_port="43999",otel_scope_name="apollo/router",le="0.1"} 0
http_server_request_body_size_bytes_bucket{http_request_method="POST",http_response_status_code="200",server_address="127.0.0.1",server_port="43999",otel_scope_name="apollo/router",le="0.2"} 0
http_server_request_body_size_bytes_bucket{http_request_method="POST",http_response_status_code="200",server_address="127.0.0.1",server_port="43999",otel_scope_name="apollo/router",le="0.3"} 0
http_server_request_body_size_bytes_bucket{http_request_method="POST",http_response_status_code="200",server_address="127.0.0.1",server_port="43999",otel_scope_name="apollo/router",le="0.4"} 0
http_server_request_body_size_bytes_bucket{http_request_method="POST",http_response_status_code="200",server_address="127.0.0.1",server_port="43999",otel_scope_name="apollo/router",le="0.5"} 0
http_server_request_body_size_bytes_bucket{http_request_method="POST",http_response_status_code="200",server_address="127.0.0.1",server_port="43999",otel_scope_name="apollo/router",le="1"} 0
http_server_request_body_size_bytes_bucket{http_request_method="POST",http_response_status_code="200",server_address="127.0.0.1",server_port="43999",otel_scope_name="apollo/router",le="5"} 0
http_server_request_body_size_bytes_bucket{http_request_method="POST",http_response_status_code="200",server_address="127.0.0.1",server_port="43999",otel_scope_name="apollo/router",le="10"} 0
http_server_request_body_size_bytes_bucket{http_request_method="POST",http_response_status_code="200",server_address="127.0.0.1",server_port="43999",otel_scope_name="apollo/router",le="+Inf"} 2
http_server_request_body_size_bytes_sum{http_request_method="POST",http_response_status_code="200",server_address="127.0.0.1",server_port="43999",otel_scope_name="apollo/router"} 130
http_server_request_body_size_bytes_count{http_request_method="POST",http_response_status_code="200",server_address="127.0.0.1",server_port="43999",otel_scope_name="apollo/router"} 2
http_server_request_body_size_bytes_bucket{http_request_method="POST",http_response_status_code="200",server_address="127.0.0.1",server_port="44091",otel_scope_name="apollo/router",le="0.001"} 0
http_server_request_body_size_bytes_bucket{http_request_method="POST",http_response_status_code="200",server_address="127.0.0.1",server_port="44091",otel_scope_name="apollo/router",le="0.005"} 0
http_server_request_body_size_bytes_bucket{http_request_method="POST",http_response_status_code="200",server_address="127.0.0.1",server_port="44091",otel_scope_name="apollo/router",le="0.015"} 0
http_server_request_body_size_bytes_bucket{http_request_method="POST",http_response_status_code="200",server_address="127.0.0.1",server_port="44091",otel_scope_name="apollo/router",le="0.05"} 0
http_server_request_body_size_bytes_bucket{http_request_method="POST",http_response_status_code="200",server_address="127.0.0.1",server_port="44091",otel_scope_name="apollo/router",le="0.1"} 0
http_server_request_body_size_bytes_bucket{http_request_method="POST",http_response_status_code="200",server_address="127.0.0.1",server_port="44091",otel_scope_name="apollo/router",le="0.2"} 0
http_server_request_body_size_bytes_bucket{http_request_method="POST",http_response_status_code="200",server_address="127.0.0.1",server_port="44091",otel_scope_name="apollo/router",le="0.3"} 0
http_server_request_body_size_bytes_bucket{http_request_method="POST",http_response_status_code="200",server_address="127.0.0.1",server_port="44091",otel_scope_name="apollo/router",le="0.4"} 0
http_server_request_body_size_bytes_bucket{http_request_method="POST",http_response_status_code="200",server_address="127.0.0.1",server_port="44091",otel_scope_name="apollo/router",le="0.5"} 0
http_server_request_body_size_bytes_bucket{http_request_method="POST",http_response_status_code="200",server_address="127.0.0.1",server_port="44091",otel_scope_name="apollo/router",le="1"} 0
http_server_request_body_size_bytes_bucket{http_request_method="POST",http_response_status_code="200",server_address="127.0.0.1",server_port="44091",otel_scope_name="apollo/router",le="5"} 0
http_server_request_body_size_bytes_bucket{http_request_method="POST",http_response_status_code="200",server_address="127.0.0.1",server_port="44091",otel_scope_name="apollo/router",le="10"} 0
http_server_request_body_size_bytes_bucket{http_request_method="POST",http_response_status_code="200",server_address="127.0.0.1",server_port="44091",otel_scope_name="apollo/router",le="+Inf"} 1
http_server_request_body_size_bytes_sum{http_request_method="POST",http_response_status_code="200",server_address="127.0.0.1",server_port="44091",otel_scope_name="apollo/router"} 65
http_server_request_body_size_bytes_count{http_request_method="POST",http_response_status_code="200",server_address="127.0.0.1",server_port="44091",otel_scope_name="apollo/router"} 1
# HELP target_info Target metadata
# TYPE target_info gauge
target_info{process_executable_name="router",service_name="unknown_service:router",service_version="2.8.0"} 1

stack backtrace:
   0:     0x557b8e0dd862 - std::backtrace_rs::backtrace::libunwind::trace::h2d45396358f41939
                               at /rustc/1159e78c4747b02ef996e55082b704c09b970588/library/std/src/../../backtrace/src/backtrace/libunwind.rs:117:9
   1:     0x557b8e0dd862 - std::backtrace_rs::backtrace::trace_unsynchronized::hffcefc0b67f1d6e2
                               at /rustc/1159e78c4747b02ef996e55082b704c09b970588/library/std/src/../../backtrace/src/backtrace/mod.rs:66:14
   2:     0x557b8e0dd862 - std::sys::backtrace::_print_fmt::hd72f71d23b436b92
                               at /rustc/1159e78c4747b02ef996e55082b704c09b970588/library/std/src/sys/backtrace.rs:66:9
   3:     0x557b8e0dd862 - <std::sys::backtrace::BacktraceLock::print::DisplayBacktrace as core::fmt::Display>::fmt::hdcfcb6d4c8489523
                               at /rustc/1159e78c4747b02ef996e55082b704c09b970588/library/std/src/sys/backtrace.rs:39:26
   4:     0x557b8e10d703 - core::fmt::rt::Argument::fmt::h2c56b3114963061a
                               at /rustc/1159e78c4747b02ef996e55082b704c09b970588/library/core/src/fmt/rt.rs:173:76
   5:     0x557b8e10d703 - core::fmt::write::h8a494366950f23bb
                               at /rustc/1159e78c4747b02ef996e55082b704c09b970588/library/core/src/fmt/mod.rs:1468:25
   6:     0x557b8e0d8123 - std::io::default_write_fmt::ha27fbccbc65eb6fa
                               at /rustc/1159e78c4747b02ef996e55082b704c09b970588/library/std/src/io/mod.rs:639:11
   7:     0x557b8e0d8123 - std::io::Write::write_fmt::h6556609fca33d0b1
                               at /rustc/1159e78c4747b02ef996e55082b704c09b970588/library/std/src/io/mod.rs:1954:13
   8:     0x557b8e0dd6b2 - std::sys::backtrace::BacktraceLock::print::hb2a626a81e06b2dc
                               at /rustc/1159e78c4747b02ef996e55082b704c09b970588/library/std/src/sys/backtrace.rs:42:9
   9:     0x557b8e0df6f9 - std::panicking::default_hook::{{closure}}::h4f78485264f12d10
                               at /rustc/1159e78c4747b02ef996e55082b704c09b970588/library/std/src/panicking.rs:300:27
  10:     0x557b8e0df4db - std::panicking::default_hook::h2c66fc99e962531d
                               at /rustc/1159e78c4747b02ef996e55082b704c09b970588/library/std/src/panicking.rs:327:9
  11:     0x557b8e0e0105 - std::panicking::rust_panic_with_hook::h33ac55f64bbd807d
                               at /rustc/1159e78c4747b02ef996e55082b704c09b970588/library/std/src/panicking.rs:833:13
  12:     0x557b8e0dfe9a - std::panicking::begin_panic_handler::{{closure}}::h30e7cb89678a57fe
                               at /rustc/1159e78c4747b02ef996e55082b704c09b970588/library/std/src/panicking.rs:706:13
  13:     0x557b8e0ddd69 - std::sys::backtrace::__rust_end_short_backtrace::hed60f27456c16ced
                               at /rustc/1159e78c4747b02ef996e55082b704c09b970588/library/std/src/sys/backtrace.rs:174:18
  14:     0x557b8e0dfb2d - __rustc[de2ca18b4c54d5b8]::rust_begin_unwind
                               at /rustc/1159e78c4747b02ef996e55082b704c09b970588/library/std/src/panicking.rs:697:5
  15:     0x557b8e109d30 - core::panicking::panic_fmt::h62f63d096dd276af
                               at /rustc/1159e78c4747b02ef996e55082b704c09b970588/library/core/src/panicking.rs:75:14
  16:     0x557b877816f5 - integration_tests::integration::telemetry::metrics::check_metrics_contains::h3ad651a92722a16b
                               at /root/project/apollo-router/tests/integration/telemetry/metrics.rs:84:5
  17:     0x557b87876a4a - integration_tests::integration::telemetry::metrics::test_metric_rename_on_reload::{{closure}}::hc153332e944af26a
                               at /root/project/apollo-router/tests/integration/telemetry/metrics.rs:497:5
  18:     0x557b879b9a32 - <core::pin::Pin<P> as core::future::future::Future>::poll::h59964df56356515a
                               at /rustc/1159e78c4747b02ef996e55082b704c09b970588/library/core/src/future/future.rs:133:9
  19:     0x557b878c498d - tokio::runtime::park::CachedParkThread::block_on::{{closure}}::h99a1c01384b0a79b
                               at /root/.cargo/registry/src/index.crates.io-1949cf8c6b5b557f/tokio-1.48.0/src/runtime/park.rs:285:71
  20:     0x557b878c30f6 - tokio::task::coop::with_budget::ha185223116166ce4
                               at /root/.cargo/registry/src/index.crates.io-1949cf8c6b5b557f/tokio-1.48.0/src/task/coop/mod.rs:167:5
  21:     0x557b878c30f6 - tokio::task::coop::budget::ha733ca61bde2edaf
                               at /root/.cargo/registry/src/index.crates.io-1949cf8c6b5b557f/tokio-1.48.0/src/task/coop/mod.rs:133:5
  22:     0x557b878c30f6 - tokio::runtime::park::CachedParkThread::block_on::hbd985400d5b3dc8c
                               at /root/.cargo/registry/src/index.crates.io-1949cf8c6b5b557f/tokio-1.48.0/src/runtime/park.rs:285:31
  23:     0x557b87f4f574 - tokio::runtime::context::blocking::BlockingRegionGuard::block_on::h3cf29540820bb880
                               at /root/.cargo/registry/src/index.crates.io-1949cf8c6b5b557f/tokio-1.48.0/src/runtime/context/blocking.rs:66:14
  24:     0x557b87b5c978 - tokio::runtime::scheduler::multi_thread::MultiThread::block_on::{{closure}}::h368bef83ee5af5d1
                               at /root/.cargo/registry/src/index.crates.io-1949cf8c6b5b557f/tokio-1.48.0/src/runtime/scheduler/multi_thread/mod.rs:87:22
  25:     0x557b878f0046 - tokio::runtime::context::runtime::enter_runtime::hfb5131736755618d
                               at /root/.cargo/registry/src/index.crates.io-1949cf8c6b5b557f/tokio-1.48.0/src/runtime/context/runtime.rs:65:16
  26:     0x557b87b5c904 - tokio::runtime::scheduler::multi_thread::MultiThread::block_on::hb60b7b74dc6d2c7f
                               at /root/.cargo/registry/src/index.crates.io-1949cf8c6b5b557f/tokio-1.48.0/src/runtime/scheduler/multi_thread/mod.rs:86:9
  27:     0x557b8775b9d4 - tokio::runtime::runtime::Runtime::block_on_inner::hb2451b6dd4b09b66
                               at /root/.cargo/registry/src/index.crates.io-1949cf8c6b5b557f/tokio-1.48.0/src/runtime/runtime.rs:370:50
  28:     0x557b8775c2ec - tokio::runtime::runtime::Runtime::block_on::h9206977fab45046e
                               at /root/.cargo/registry/src/index.crates.io-1949cf8c6b5b557f/tokio-1.48.0/src/runtime/runtime.rs:342:18
  29:     0x557b87875116 - integration_tests::integration::telemetry::metrics::test_metric_rename_on_reload::h1011b3dcd0be667c
                               at /root/project/apollo-router/tests/integration/telemetry/metrics.rs:511:37
  30:     0x557b87874fa7 - integration_tests::integration::telemetry::metrics::test_metric_rename_on_reload::{{closure}}::h7d559f7b9fc3ff26
                               at /root/project/apollo-router/tests/integration/telemetry/metrics.rs:453:40
  31:     0x557b8752fa76 - core::ops::function::FnOnce::call_once::had1cb584b4b143c1
                               at /rustc/1159e78c4747b02ef996e55082b704c09b970588/library/core/src/ops/function.rs:253:5
  32:     0x557b8822e32b - core::ops::function::FnOnce::call_once::h1f9474f1347fff52
                               at /rustc/1159e78c4747b02ef996e55082b704c09b970588/library/core/src/ops/function.rs:253:5
  33:     0x557b8822e32b - test::__rust_begin_short_backtrace::ha52ab26e77157f03
                               at /rustc/1159e78c4747b02ef996e55082b704c09b970588/library/test/src/lib.rs:648:18
  34:     0x557b8822d465 - test::run_test_in_process::{{closure}}::h229c1a11a50b261f
                               at /rustc/1159e78c4747b02ef996e55082b704c09b970588/library/test/src/lib.rs:671:74
  35:     0x557b8822d465 - <core::panic::unwind_safe::AssertUnwindSafe<F> as core::ops::function::FnOnce<()>>::call_once::h78821afbf97b39a9
                               at /rustc/1159e78c4747b02ef996e55082b704c09b970588/library/core/src/panic/unwind_safe.rs:272:9
  36:     0x557b8822d465 - std::panicking::catch_unwind::do_call::h53abf3ed5bd32ba3
                               at /rustc/1159e78c4747b02ef996e55082b704c09b970588/library/std/src/panicking.rs:589:40
  37:     0x557b8822d465 - std::panicking::catch_unwind::h6deb5fe1e91873c9
                               at /rustc/1159e78c4747b02ef996e55082b704c09b970588/library/std/src/panicking.rs:552:19
  38:     0x557b8822d465 - std::panic::catch_unwind::hea0829b6b565654b
                               at /rustc/1159e78c4747b02ef996e55082b704c09b970588/library/std/src/panic.rs:359:14
  39:     0x557b8822d465 - test::run_test_in_process::hdc44dfecea3db21b
                               at /rustc/1159e78c4747b02ef996e55082b704c09b970588/library/test/src/lib.rs:671:27
  40:     0x557b8822d465 - test::run_test::{{closure}}::h0364ba59bf23f652
                               at /rustc/1159e78c4747b02ef996e55082b704c09b970588/library/test/src/lib.rs:592:43
  41:     0x557b881f1064 - test::run_test::{{closure}}::h32730b304eec05da
                               at /rustc/1159e78c4747b02ef996e55082b704c09b970588/library/test/src/lib.rs:622:41
  42:     0x557b881f1064 - std::sys::backtrace::__rust_begin_short_backtrace::h177cb952fc54ad2c
                               at /rustc/1159e78c4747b02ef996e55082b704c09b970588/library/std/src/sys/backtrace.rs:158:18
  43:     0x557b881f4a3a - std::thread::Builder::spawn_unchecked_::{{closure}}::{{closure}}::h119d903520007597
                               at /rustc/1159e78c4747b02ef996e55082b704c09b970588/library/std/src/thread/mod.rs:559:17
  44:     0x557b881f4a3a - <core::panic::unwind_safe::AssertUnwindSafe<F> as core::ops::function::FnOnce<()>>::call_once::hab88401d606702a6
                               at /rustc/1159e78c4747b02ef996e55082b704c09b970588/library/core/src/panic/unwind_safe.rs:272:9
  45:     0x557b881f4a3a - std::panicking::catch_unwind::do_call::h163fe12cca9901c2
                               at /rustc/1159e78c4747b02ef996e55082b704c09b970588/library/std/src/panicking.rs:589:40
  46:     0x557b881f4a3a - std::panicking::catch_unwind::he81557d0e17cc1bc
                               at /rustc/1159e78c4747b02ef996e55082b704c09b970588/library/std/src/panicking.rs:552:19
  47:     0x557b881f4a3a - std::panic::catch_unwind::hc2b8e79c20593955
                               at /rustc/1159e78c4747b02ef996e55082b704c09b970588/library/std/src/panic.rs:359:14
  48:     0x557b881f4a3a - std::thread::Builder::spawn_unchecked_::{{closure}}::hfa6b4978e07815cc
                               at /rustc/1159e78c4747b02ef996e55082b704c09b970588/library/std/src/thread/mod.rs:557:30
  49:     0x557b881f4a3a - core::ops::function::FnOnce::call_once{{vtable.shim}}::hddcd7484a13fd793
                               at /rustc/1159e78c4747b02ef996e55082b704c09b970588/library/core/src/ops/function.rs:253:5
  50:     0x557b8e0e3aef - <alloc::boxed::Box<F,A> as core::ops::function::FnOnce<Args>>::call_once::h5924238c754de3b8
                               at /rustc/1159e78c4747b02ef996e55082b704c09b970588/library/alloc/src/boxed.rs:1971:9
  51:     0x557b8e0e3aef - std::sys::pal::unix::thread::Thread::new::thread_start::hb6e99e73da4d28f8
                               at /rustc/1159e78c4747b02ef996e55082b704c09b970588/library/std/src/sys/pal/unix/thread.rs:107:17
  52:     0x7fd5fc93e1ca - start_thread
  53:     0x7fd5fcda78d3 - __GI___clone
  54:                0x0 - <unknown>
[0m
[31;1m  TRY 3 FAIL[0m [  18.652s] [35;1mapollo-router::integration_tests[0m [36mintegration::telemetry::metrics[0m[36m::[0m[34;1mtest_subgraph_auth_metrics[0m

[31;1m--- [0m[31;1mTRY[0m [31;1m3[0m [31;1mSTDOUT:        [0m[35;1mapollo-router::integration_tests[0m [36mintegration::telemetry::metrics[0m[36m::[0m[34;1mtest_subgraph_auth_metrics[0m[31;1m ---[0m

running 1 test
[2m2025-11-13T03:17:53.982106Z[0m [32m INFO[0m Loading supergraph from file
[2m2025-11-13T03:18:12.590620Z[0m [32m INFO[0m Mock server shutting down
[2m2025-11-13T03:18:12.590797Z[0m [32m INFO[0m Mock server shutting down
test integration::telemetry::metrics::test_subgraph_auth_metrics ... FAILED

failures:

failures:
    integration::telemetry::metrics::test_subgraph_auth_metrics

test result: FAILED. 0 passed; 1 failed; 0 ignored; 0 measured; 338 filtered out; finished in 18.62s

[0m
[31;1m--- [0m[31;1mTRY[0m [31;1m3[0m [31;1mSTDERR:        [0m[35;1mapollo-router::integration_tests[0m [36mintegration::telemetry::metrics[0m[36m::[0m[34;1mtest_subgraph_auth_metrics[0m[31;1m ---[0m

thread 'integration::telemetry::metrics::test_subgraph_auth_metrics' panicked at apollo-router/tests/integration/../common.rs:1326:9:
'apollo_router_operations_authentication_aws_sigv4_total\{authentication_aws_sigv4_failed="false",subgraph_service_name="products",otel_scope_name="apollo/router"\} 2' not detected in metrics
# HELP apollo_router_cache_hit_time Time to get a value from the cache in seconds
# TYPE apollo_router_cache_hit_time histogram
apollo_router_cache_hit_time_bucket{kind="query planner",storage="memory",otel_scope_name="apollo/router",le="0.001"} 1
apollo_router_cache_hit_time_bucket{kind="query planner",storage="memory",otel_scope_name="apollo/router",le="0.005"} 1
apollo_router_cache_hit_time_bucket{kind="query planner",storage="memory",otel_scope_name="apollo/router",le="0.015"} 1
apollo_router_cache_hit_time_bucket{kind="query planner",storage="memory",otel_scope_name="apollo/router",le="0.05"} 1
apollo_router_cache_hit_time_bucket{kind="query planner",storage="memory",otel_scope_name="apollo/router",le="0.1"} 1
apollo_router_cache_hit_time_bucket{kind="query planner",storage="memory",otel_scope_name="apollo/router",le="0.2"} 1
apollo_router_cache_hit_time_bucket{kind="query planner",storage="memory",otel_scope_name="apollo/router",le="0.3"} 1
apollo_router_cache_hit_time_bucket{kind="query planner",storage="memory",otel_scope_name="apollo/router",le="0.4"} 1
apollo_router_cache_hit_time_bucket{kind="query planner",storage="memory",otel_scope_name="apollo/router",le="0.5"} 1
apollo_router_cache_hit_time_bucket{kind="query planner",storage="memory",otel_scope_name="apollo/router",le="1"} 1
apollo_router_cache_hit_time_bucket{kind="query planner",storage="memory",otel_scope_name="apollo/router",le="5"} 1
apollo_router_cache_hit_time_bucket{kind="query planner",storage="memory",otel_scope_name="apollo/router",le="10"} 1
apollo_router_cache_hit_time_bucket{kind="query planner",storage="memory",otel_scope_name="apollo/router",le="+Inf"} 1
apollo_router_cache_hit_time_sum{kind="query planner",storage="memory",otel_scope_name="apollo/router"} 0.000020714
apollo_router_cache_hit_time_count{kind="query planner",storage="memory",otel_scope_name="apollo/router"} 1
# HELP apollo_router_cache_miss_time Time to check the cache for an uncached value in seconds
# TYPE apollo_router_cache_miss_time histogram
apollo_router_cache_miss_time_bucket{kind="query planner",storage="memory",otel_scope_name="apollo/router",le="0.001"} 2
apollo_router_cache_miss_time_bucket{kind="query planner",storage="memory",otel_scope_name="apollo/router",le="0.005"} 2
apollo_router_cache_miss_time_bucket{kind="query planner",storage="memory",otel_scope_name="apollo/router",le="0.015"} 2
apollo_router_cache_miss_time_bucket{kind="query planner",storage="memory",otel_scope_name="apollo/router",le="0.05"} 2
apollo_router_cache_miss_time_bucket{kind="query planner",storage="memory",otel_scope_name="apollo/router",le="0.1"} 2
apollo_router_cache_miss_time_bucket{kind="query planner",storage="memory",otel_scope_name="apollo/router",le="0.2"} 2
apollo_router_cache_miss_time_bucket{kind="query planner",storage="memory",otel_scope_name="apollo/router",le="0.3"} 2
apollo_router_cache_miss_time_bucket{kind="query planner",storage="memory",otel_scope_name="apollo/router",le="0.4"} 2
apollo_router_cache_miss_time_bucket{kind="query planner",storage="memory",otel_scope_name="apollo/router",le="0.5"} 2
apollo_router_cache_miss_time_bucket{kind="query planner",storage="memory",otel_scope_name="apollo/router",le="1"} 2
apollo_router_cache_miss_time_bucket{kind="query planner",storage="memory",otel_scope_name="apollo/router",le="5"} 2
apollo_router_cache_miss_time_bucket{kind="query planner",storage="memory",otel_scope_name="apollo/router",le="10"} 2
apollo_router_cache_miss_time_bucket{kind="query planner",storage="memory",otel_scope_name="apollo/router",le="+Inf"} 2
apollo_router_cache_miss_time_sum{kind="query planner",storage="memory",otel_scope_name="apollo/router"} 0.000010965000000000001
apollo_router_cache_miss_time_count{kind="query planner",storage="memory",otel_scope_name="apollo/router"} 2
# HELP apollo_router_cache_size Cache size
# TYPE apollo_router_cache_size gauge
apollo_router_cache_size{kind="APQ",type="memory",otel_scope_name="apollo/router"} 0
apollo_router_cache_size{kind="introspection",type="memory",otel_scope_name="apollo/router"} 0
apollo_router_cache_size{kind="query planner",type="memory",otel_scope_name="apollo/router"} 0
# HELP apollo_router_compute_jobs_active_jobs Number of computation jobs in progress
# TYPE apollo_router_compute_jobs_active_jobs gauge
apollo_router_compute_jobs_active_jobs{job_type="query_parsing",otel_scope_name="apollo/router"} 0
apollo_router_compute_jobs_active_jobs{job_type="query_planning",otel_scope_name="apollo/router"} 0
# HELP apollo_router_compute_jobs_duration_seconds Total job processing time
# TYPE apollo_router_compute_jobs_duration_seconds histogram
apollo_router_compute_jobs_duration_seconds_bucket{job_outcome="executed_ok",job_type="query_parsing",otel_scope_name="apollo/router",le="0.001"} 0
apollo_router_compute_jobs_duration_seconds_bucket{job_outcome="executed_ok",job_type="query_parsing",otel_scope_name="apollo/router",le="0.005"} 2
apollo_router_compute_jobs_duration_seconds_bucket{job_outcome="executed_ok",job_type="query_parsing",otel_scope_name="apollo/router",le="0.015"} 2
apollo_router_compute_jobs_duration_seconds_bucket{job_outcome="executed_ok",job_type="query_parsing",otel_scope_name="apollo/router",le="0.05"} 2
apollo_router_compute_jobs_duration_seconds_bucket{job_outcome="executed_ok",job_type="query_parsing",otel_scope_name="apollo/router",le="0.1"} 2
apollo_router_compute_jobs_duration_seconds_bucket{job_outcome="executed_ok",job_type="query_parsing",otel_scope_name="apollo/router",le="0.2"} 2
apollo_router_compute_jobs_duration_seconds_bucket{job_outcome="executed_ok",job_type="query_parsing",otel_scope_name="apollo/router",le="0.3"} 2
apollo_router_compute_jobs_duration_seconds_bucket{job_outcome="executed_ok",job_type="query_parsing",otel_scope_name="apollo/router",le="0.4"} 2
apollo_router_compute_jobs_duration_seconds_bucket{job_outcome="executed_ok",job_type="query_parsing",otel_scope_name="apollo/router",le="0.5"} 2
apollo_router_compute_jobs_duration_seconds_bucket{job_outcome="executed_ok",job_type="query_parsing",otel_scope_name="apollo/router",le="1"} 2
apollo_router_compute_jobs_duration_seconds_bucket{job_outcome="executed_ok",job_type="query_parsing",otel_scope_name="apollo/router",le="5"} 2
apollo_router_compute_jobs_duration_seconds_bucket{job_outcome="executed_ok",job_type="query_parsing",otel_scope_name="apollo/router",le="10"} 2
apollo_router_compute_jobs_duration_seconds_bucket{job_outcome="executed_ok",job_type="query_parsing",otel_scope_name="apollo/router",le="+Inf"} 2
apollo_router_compute_jobs_duration_seconds_sum{job_outcome="executed_ok",job_type="query_parsing",otel_scope_name="apollo/router"} 0.007924232
apollo_router_compute_jobs_duration_seconds_count{job_outcome="executed_ok",job_type="query_parsing",otel_scope_name="apollo/router"} 2
apollo_router_compute_jobs_duration_seconds_bucket{job_outcome="executed_ok",job_type="query_planning",otel_scope_name="apollo/router",le="0.001"} 0
apollo_router_compute_jobs_duration_seconds_bucket{job_outcome="executed_ok",job_type="query_planning",otel_scope_name="apollo/router",le="0.005"} 2
apollo_router_compute_jobs_duration_seconds_bucket{job_outcome="executed_ok",job_type="query_planning",otel_scope_name="apollo/router",le="0.015"} 2
apollo_router_compute_jobs_duration_seconds_bucket{job_outcome="executed_ok",job_type="query_planning",otel_scope_name="apollo/router",le="0.05"} 2
apollo_router_compute_jobs_duration_seconds_bucket{job_outcome="executed_ok",job_type="query_planning",otel_scope_name="apollo/router",le="0.1"} 2
apollo_router_compute_jobs_duration_seconds_bucket{job_outcome="executed_ok",job_type="query_planning",otel_scope_name="apollo/router",le="0.2"} 2
apollo_router_compute_jobs_duration_seconds_bucket{job_outcome="executed_ok",job_type="query_planning",otel_scope_name="apollo/router",le="0.3"} 2
apollo_router_compute_jobs_duration_seconds_bucket{job_outcome="executed_ok",job_type="query_planning",otel_scope_name="apollo/router",le="0.4"} 2
apollo_router_compute_jobs_duration_seconds_bucket{job_outcome="executed_ok",job_type="query_planning",otel_scope_name="apollo/router",le="0.5"} 2
apollo_router_compute_jobs_duration_seconds_bucket{job_outcome="executed_ok",job_type="query_planning",otel_scope_name="apollo/router",le="1"} 2
apollo_router_compute_jobs_duration_seconds_bucket{job_outcome="executed_ok",job_type="query_planning",otel_scope_name="apollo/router",le="5"} 2
apollo_router_compute_jobs_duration_seconds_bucket{job_outcome="executed_ok",job_type="query_planning",otel_scope_name="apollo/router",le="10"} 2
apollo_router_compute_jobs_duration_seconds_bucket{job_outcome="executed_ok",job_type="query_planning",otel_scope_name="apollo/router",le="+Inf"} 2
apollo_router_compute_jobs_duration_seconds_sum{job_outcome="executed_ok",job_type="query_planning",otel_scope_name="apollo/router"} 0.0067851230000000005
apollo_router_compute_jobs_duration_seconds_count{job_outcome="executed_ok",job_type="query_planning",otel_scope_name="apollo/router"} 2
# HELP apollo_router_compute_jobs_execution_duration_seconds Time to execute the job, after it has been pulled from the queue
# TYPE apollo_router_compute_jobs_execution_duration_seconds histogram
apollo_router_compute_jobs_execution_duration_seconds_bucket{job_type="query_parsing",otel_scope_name="apollo/router",le="0.001"} 2
apollo_router_compute_jobs_execution_duration_seconds_bucket{job_type="query_parsing",otel_scope_name="apollo/router",le="0.005"} 2
apollo_router_compute_jobs_execution_duration_seconds_bucket{job_type="query_parsing",otel_scope_name="apollo/router",le="0.015"} 2
apollo_router_compute_jobs_execution_duration_seconds_bucket{job_type="query_parsing",otel_scope_name="apollo/router",le="0.05"} 2
apollo_router_compute_jobs_execution_duration_seconds_bucket{job_type="query_parsing",otel_scope_name="apollo/router",le="0.1"} 2
apollo_router_compute_jobs_execution_duration_seconds_bucket{job_type="query_parsing",otel_scope_name="apollo/router",le="0.2"} 2
apollo_router_compute_jobs_execution_duration_seconds_bucket{job_type="query_parsing",otel_scope_name="apollo/router",le="0.3"} 2
apollo_router_compute_jobs_execution_duration_seconds_bucket{job_type="query_parsing",otel_scope_name="apollo/router",le="0.4"} 2
apollo_router_compute_jobs_execution_duration_seconds_bucket{job_type="query_parsing",otel_scope_name="apollo/router",le="0.5"} 2
apollo_router_compute_jobs_execution_duration_seconds_bucket{job_type="query_parsing",otel_scope_name="apollo/router",le="1"} 2
apollo_router_compute_jobs_execution_duration_seconds_bucket{job_type="query_parsing",otel_scope_name="apollo/router",le="5"} 2
apollo_router_compute_jobs_execution_duration_seconds_bucket{job_type="query_parsing",otel_scope_name="apollo/router",le="10"} 2
apollo_router_compute_jobs_execution_duration_seconds_bucket{job_type="query_parsing",otel_scope_name="apollo/router",le="+Inf"} 2
apollo_router_compute_jobs_execution_duration_seconds_sum{job_type="query_parsing",otel_scope_name="apollo/router"} 0.0010294689999999999
apollo_router_compute_jobs_execution_duration_seconds_count{job_type="query_parsing",otel_scope_name="apollo/router"} 2
apollo_router_compute_jobs_execution_duration_seconds_bucket{job_type="query_planning",otel_scope_name="apollo/router",le="0.001"} 0
apollo_router_compute_jobs_execution_duration_seconds_bucket{job_type="query_planning",otel_scope_name="apollo/router",le="0.005"} 2
apollo_router_compute_jobs_execution_duration_seconds_bucket{job_type="query_planning",otel_scope_name="apollo/router",le="0.015"} 2
apollo_router_compute_jobs_execution_duration_seconds_bucket{job_type="query_planning",otel_scope_name="apollo/router",le="0.05"} 2
apollo_router_compute_jobs_execution_duration_seconds_bucket{job_type="query_planning",otel_scope_name="apollo/router",le="0.1"} 2
apollo_router_compute_jobs_execution_duration_seconds_bucket{job_type="query_planning",otel_scope_name="apollo/router",le="0.2"} 2
apollo_router_compute_jobs_execution_duration_seconds_bucket{job_type="query_planning",otel_scope_name="apollo/router",le="0.3"} 2
apollo_router_compute_jobs_execution_duration_seconds_bucket{job_type="query_planning",otel_scope_name="apollo/router",le="0.4"} 2
apollo_router_compute_jobs_execution_duration_seconds_bucket{job_type="query_planning",otel_scope_name="apollo/router",le="0.5"} 2
apollo_router_compute_jobs_execution_duration_seconds_bucket{job_type="query_planning",otel_scope_name="apollo/router",le="1"} 2
apollo_router_compute_jobs_execution_duration_seconds_bucket{job_type="query_planning",otel_scope_name="apollo/router",le="5"} 2
apollo_router_compute_jobs_execution_duration_seconds_bucket{job_type="query_planning",otel_scope_name="apollo/router",le="10"} 2
apollo_router_compute_jobs_execution_duration_seconds_bucket{job_type="query_planning",otel_scope_name="apollo/router",le="+Inf"} 2
apollo_router_compute_jobs_execution_duration_seconds_sum{job_type="query_planning",otel_scope_name="apollo/router"} 0.005792522
apollo_router_compute_jobs_execution_duration_seconds_count{job_type="query_planning",otel_scope_name="apollo/router"} 2
# HELP apollo_router_compute_jobs_queue_wait_duration_seconds Time spent by the job in the compute queue
# TYPE apollo_router_compute_jobs_queue_wait_duration_seconds histogram
apollo_router_compute_jobs_queue_wait_duration_seconds_bucket{job_type="query_parsing",otel_scope_name="apollo/router",le="0.001"} 2
apollo_router_compute_jobs_queue_wait_duration_seconds_bucket{job_type="query_parsing",otel_scope_name="apollo/router",le="0.005"} 2
apollo_router_compute_jobs_queue_wait_duration_seconds_bucket{job_type="query_parsing",otel_scope_name="apollo/router",le="0.015"} 2
apollo_router_compute_jobs_queue_wait_duration_seconds_bucket{job_type="query_parsing",otel_scope_name="apollo/router",le="0.05"} 2
apollo_router_compute_jobs_queue_wait_duration_seconds_bucket{job_type="query_parsing",otel_scope_name="apollo/router",le="0.1"} 2
apollo_router_compute_jobs_queue_wait_duration_seconds_bucket{job_type="query_parsing",otel_scope_name="apollo/router",le="0.2"} 2
apollo_router_compute_jobs_queue_wait_duration_seconds_bucket{job_type="query_parsing",otel_scope_name="apollo/router",le="0.3"} 2
apollo_router_compute_jobs_queue_wait_duration_seconds_bucket{job_type="query_parsing",otel_scope_name="apollo/router",le="0.4"} 2
apollo_router_compute_jobs_queue_wait_duration_seconds_bucket{job_type="query_parsing",otel_scope_name="apollo/router",le="0.5"} 2
apollo_router_compute_jobs_queue_wait_duration_seconds_bucket{job_type="query_parsing",otel_scope_name="apollo/router",le="1"} 2
apollo_router_compute_jobs_queue_wait_duration_seconds_bucket{job_type="query_parsing",otel_scope_name="apollo/router",le="5"} 2
apollo_router_compute_jobs_queue_wait_duration_seconds_bucket{job_type="query_parsing",otel_scope_name="apollo/router",le="10"} 2
apollo_router_compute_jobs_queue_wait_duration_seconds_bucket{job_type="query_parsing",otel_scope_name="apollo/router",le="+Inf"} 2
apollo_router_compute_jobs_queue_wait_duration_seconds_sum{job_type="query_parsing",otel_scope_name="apollo/router"} 0.001249217
apollo_router_compute_jobs_queue_wait_duration_seconds_count{job_type="query_parsing",otel_scope_name="apollo/router"} 2
apollo_router_compute_jobs_queue_wait_duration_seconds_bucket{job_type="query_planning",otel_scope_name="apollo/router",le="0.001"} 2
apollo_router_compute_jobs_queue_wait_duration_seconds_bucket{job_type="query_planning",otel_scope_name="apollo/router",le="0.005"} 2
apollo_router_compute_jobs_queue_wait_duration_seconds_bucket{job_type="query_planning",otel_scope_name="apollo/router",le="0.015"} 2
apollo_router_compute_jobs_queue_wait_duration_seconds_bucket{job_type="query_planning",otel_scope_name="apollo/router",le="0.05"} 2
apollo_router_compute_jobs_queue_wait_duration_seconds_bucket{job_type="query_planning",otel_scope_name="apollo/router",le="0.1"} 2
apollo_router_compute_jobs_queue_wait_duration_seconds_bucket{job_type="query_planning",otel_scope_name="apollo/router",le="0.2"} 2
apollo_router_compute_jobs_queue_wait_duration_seconds_bucket{job_type="query_planning",otel_scope_name="apollo/router",le="0.3"} 2
apollo_router_compute_jobs_queue_wait_duration_seconds_bucket{job_type="query_planning",otel_scope_name="apollo/router",le="0.4"} 2
apollo_router_compute_jobs_queue_wait_duration_seconds_bucket{job_type="query_planning",otel_scope_name="apollo/router",le="0.5"} 2
apollo_router_compute_jobs_queue_wait_duration_seconds_bucket{job_type="query_planning",otel_scope_name="apollo/router",le="1"} 2
apollo_router_compute_jobs_queue_wait_duration_seconds_bucket{job_type="query_planning",otel_scope_name="apollo/router",le="5"} 2
apollo_router_compute_jobs_queue_wait_duration_seconds_bucket{job_type="query_planning",otel_scope_name="apollo/router",le="10"} 2
apollo_router_compute_jobs_queue_wait_duration_seconds_bucket{job_type="query_planning",otel_scope_name="apollo/router",le="+Inf"} 2
apollo_router_compute_jobs_queue_wait_duration_seconds_sum{job_type="query_planning",otel_scope_name="apollo/router"} 0.000649976
apollo_router_compute_jobs_queue_wait_duration_seconds_count{job_type="query_planning",otel_scope_name="apollo/router"} 2
# HELP apollo_router_compute_jobs_queued Number of computation jobs (parsing, planning, …) waiting to be scheduled
# TYPE apollo_router_compute_jobs_queued gauge
apollo_router_compute_jobs_queued{otel_scope_name="apollo/router"} 0
# TYPE apollo_router_exporter_span_lru_size gauge
apollo_router_exporter_span_lru_size{otel_scope_name="apollo/router"} 1
# HELP apollo_router_jemalloc_active Total active bytes in jemalloc
# TYPE apollo_router_jemalloc_active gauge
apollo_router_jemalloc_active{otel_scope_name="apollo/router"} 59301888
# HELP apollo_router_jemalloc_allocated Total bytes allocated by jemalloc
# TYPE apollo_router_jemalloc_allocated gauge
apollo_router_jemalloc_allocated{otel_scope_name="apollo/router"} 53482320
# HELP apollo_router_jemalloc_mapped Total mapped bytes in jemalloc
# TYPE apollo_router_jemalloc_mapped gauge
apollo_router_jemalloc_mapped{otel_scope_name="apollo/router"} 199172096
# HELP apollo_router_jemalloc_metadata Total metadata bytes in jemalloc
# TYPE apollo_router_jemalloc_metadata gauge
apollo_router_jemalloc_metadata{otel_scope_name="apollo/router"} 23488896
# HELP apollo_router_jemalloc_resident Total resident bytes in jemalloc
# TYPE apollo_router_jemalloc_resident gauge
apollo_router_jemalloc_resident{otel_scope_name="apollo/router"} 85065728
# HELP apollo_router_jemalloc_retained Total retained bytes in jemalloc
# TYPE apollo_router_jemalloc_retained gauge
apollo_router_jemalloc_retained{otel_scope_name="apollo/router"} 116973568
# TYPE apollo_router_lifecycle_license gauge
apollo_router_lifecycle_license{license_state="licensed",otel_scope_name="apollo/router"} 1
# HELP apollo_router_lifecycle_query_planner_init_total Rust query planner initialization
# TYPE apollo_router_lifecycle_query_planner_init_total counter
apollo_router_lifecycle_query_planner_init_total{init_is_success="true",otel_scope_name="apollo/router"} 3
# HELP apollo_router_open_connections Number of currently connected clients
# TYPE apollo_router_open_connections gauge
apollo_router_open_connections{config_hash="866c975e588e7048d99d1a84f5696f29385061ca09831a16fbe322024c7559ac",http_connection_state="active",launch_id="",schema_id="dd8960ccefda82ca58e8ac0bc266459fd49ee8215fd6b3cc72e7bc3d7f3464b9",server_address="127.0.0.1",server_port="33181",otel_scope_name="apollo/router"} 0
apollo_router_open_connections{config_hash="866c975e588e7048d99d1a84f5696f29385061ca09831a16fbe322024c7559ac",http_connection_state="active",launch_id="",schema_id="dd8960ccefda82ca58e8ac0bc266459fd49ee8215fd6b3cc72e7bc3d7f3464b9",server_address="127.0.0.1",server_port="44641",otel_scope_name="apollo/router"} 0
apollo_router_open_connections{config_hash="866c975e588e7048d99d1a84f5696f29385061ca09831a16fbe322024c7559ac",http_connection_state="terminating",launch_id="",schema_id="dd8960ccefda82ca58e8ac0bc266459fd49ee8215fd6b3cc72e7bc3d7f3464b9",server_address="127.0.0.1",server_port="44641",otel_scope_name="apollo/router"} 0
apollo_router_open_connections{config_hash="a27573e1e0b22476b8b7e892c991eb667d767e37475bd03bbcadf3c5d4341ada",http_connection_state="active",launch_id="",schema_id="dd8960ccefda82ca58e8ac0bc266459fd49ee8215fd6b3cc72e7bc3d7f3464b9",server_address="127.0.0.1",server_port="39943",otel_scope_name="apollo/router"} 1
# HELP apollo_router_operations_authentication_aws_sigv4_total Number of subgraph requests signed with AWS SigV4
# TYPE apollo_router_operations_authentication_aws_sigv4_total counter
apollo_router_operations_authentication_aws_sigv4_total{authentication_aws_sigv4_failed="false",subgraph_service_name="products",otel_scope_name="apollo/router"} 3
# HELP apollo_router_operations_telemetry_total Telemetry exporters enabled
# TYPE apollo_router_operations_telemetry_total counter
apollo_router_operations_telemetry_total{telemetry_metrics_prometheus="true",otel_scope_name="apollo/router"} 3
# HELP apollo_router_operations_total The number of graphql operations performed by the Router
# TYPE apollo_router_operations_total counter
apollo_router_operations_total{http_response_status_code="200",otel_scope_name="apollo/router"} 3
# HELP apollo_router_overhead_seconds Router processing overhead (time not spent waiting for subgraphs or connectors to respond).
# TYPE apollo_router_overhead_seconds histogram
apollo_router_overhead_seconds_bucket{subgraph_active_requests="false",otel_scope_name="apollo/router",le="0.001"} 0
apollo_router_overhead_seconds_bucket{subgraph_active_requests="false",otel_scope_name="apollo/router",le="0.005"} 0
apollo_router_overhead_seconds_bucket{subgraph_active_requests="false",otel_scope_name="apollo/router",le="0.015"} 2
apollo_router_overhead_seconds_bucket{subgraph_active_requests="false",otel_scope_name="apollo/router",le="0.05"} 3
apollo_router_overhead_seconds_bucket{subgraph_active_requests="false",otel_scope_name="apollo/router",le="0.1"} 3
apollo_router_overhead_seconds_bucket{subgraph_active_requests="false",otel_scope_name="apollo/router",le="0.2"} 3
apollo_router_overhead_seconds_bucket{subgraph_active_requests="false",otel_scope_name="apollo/router",le="0.3"} 3
apollo_router_overhead_seconds_bucket{subgraph_active_requests="false",otel_scope_name="apollo/router",le="0.4"} 3
apollo_router_overhead_seconds_bucket{subgraph_active_requests="false",otel_scope_name="apollo/router",le="0.5"} 3
apollo_router_overhead_seconds_bucket{subgraph_active_requests="false",otel_scope_name="apollo/router",le="1"} 3
apollo_router_overhead_seconds_bucket{subgraph_active_requests="false",otel_scope_name="apollo/router",le="5"} 3
apollo_router_overhead_seconds_bucket{subgraph_active_requests="false",otel_scope_name="apollo/router",le="10"} 3
apollo_router_overhead_seconds_bucket{subgraph_active_requests="false",otel_scope_name="apollo/router",le="+Inf"} 3
apollo_router_overhead_seconds_sum{subgraph_active_requests="false",otel_scope_name="apollo/router"} 0.038470798
apollo_router_overhead_seconds_count{subgraph_active_requests="false",otel_scope_name="apollo/router"} 3
# HELP apollo_router_pipelines Number of active router pipelines
# TYPE apollo_router_pipelines gauge
apollo_router_pipelines{config_hash="866c975e588e7048d99d1a84f5696f29385061ca09831a16fbe322024c7559ac",launch_id="",schema_id="dd8960ccefda82ca58e8ac0bc266459fd49ee8215fd6b3cc72e7bc3d7f3464b9",otel_scope_name="apollo/router"} 0
apollo_router_pipelines{config_hash="a27573e1e0b22476b8b7e892c991eb667d767e37475bd03bbcadf3c5d4341ada",launch_id="",schema_id="dd8960ccefda82ca58e8ac0bc266459fd49ee8215fd6b3cc72e7bc3d7f3464b9",otel_scope_name="apollo/router"} 1
# HELP apollo_router_query_planning_plan_duration Duration of the query planning, in seconds.
# TYPE apollo_router_query_planning_plan_duration histogram
apollo_router_query_planning_plan_duration_bucket{outcome="success",planner="rust",otel_scope_name="apollo/router",le="0.001"} 0
apollo_router_query_planning_plan_duration_bucket{outcome="success",planner="rust",otel_scope_name="apollo/router",le="0.005"} 2
apollo_router_query_planning_plan_duration_bucket{outcome="success",planner="rust",otel_scope_name="apollo/router",le="0.015"} 2
apollo_router_query_planning_plan_duration_bucket{outcome="success",planner="rust",otel_scope_name="apollo/router",le="0.05"} 2
apollo_router_query_planning_plan_duration_bucket{outcome="success",planner="rust",otel_scope_name="apollo/router",le="0.1"} 2
apollo_router_query_planning_plan_duration_bucket{outcome="success",planner="rust",otel_scope_name="apollo/router",le="0.2"} 2
apollo_router_query_planning_plan_duration_bucket{outcome="success",planner="rust",otel_scope_name="apollo/router",le="0.3"} 2
apollo_router_query_planning_plan_duration_bucket{outcome="success",planner="rust",otel_scope_name="apollo/router",le="0.4"} 2
apollo_router_query_planning_plan_duration_bucket{outcome="success",planner="rust",otel_scope_name="apollo/router",le="0.5"} 2
apollo_router_query_planning_plan_duration_bucket{outcome="success",planner="rust",otel_scope_name="apollo/router",le="1"} 2
apollo_router_query_planning_plan_duration_bucket{outcome="success",planner="rust",otel_scope_name="apollo/router",le="5"} 2
apollo_router_query_planning_plan_duration_bucket{outcome="success",planner="rust",otel_scope_name="apollo/router",le="10"} 2
apollo_router_query_planning_plan_duration_bucket{outcome="success",planner="rust",otel_scope_name="apollo/router",le="+Inf"} 2
apollo_router_query_planning_plan_duration_sum{outcome="success",planner="rust",otel_scope_name="apollo/router"} 0.003601418
apollo_router_query_planning_plan_duration_count{outcome="success",planner="rust",otel_scope_name="apollo/router"} 2
# HELP apollo_router_query_planning_plan_evaluated_paths Number of paths (including intermediate ones) considered to plan a query before starting to generate a plan
# TYPE apollo_router_query_planning_plan_evaluated_paths histogram
apollo_router_query_planning_plan_evaluated_paths_bucket{otel_scope_name="apollo/router",le="0.001"} 0
apollo_router_query_planning_plan_evaluated_paths_bucket{otel_scope_name="apollo/router",le="0.005"} 0
apollo_router_query_planning_plan_evaluated_paths_bucket{otel_scope_name="apollo/router",le="0.015"} 0
apollo_router_query_planning_plan_evaluated_paths_bucket{otel_scope_name="apollo/router",le="0.05"} 0
apollo_router_query_planning_plan_evaluated_paths_bucket{otel_scope_name="apollo/router",le="0.1"} 0
apollo_router_query_planning_plan_evaluated_paths_bucket{otel_scope_name="apollo/router",le="0.2"} 0
apollo_router_query_planning_plan_evaluated_paths_bucket{otel_scope_name="apollo/router",le="0.3"} 0
apollo_router_query_planning_plan_evaluated_paths_bucket{otel_scope_name="apollo/router",le="0.4"} 0
apollo_router_query_planning_plan_evaluated_paths_bucket{otel_scope_name="apollo/router",le="0.5"} 0
apollo_router_query_planning_plan_evaluated_paths_bucket{otel_scope_name="apollo/router",le="1"} 0
apollo_router_query_planning_plan_evaluated_paths_bucket{otel_scope_name="apollo/router",le="5"} 2
apollo_router_query_planning_plan_evaluated_paths_bucket{otel_scope_name="apollo/router",le="10"} 2
apollo_router_query_planning_plan_evaluated_paths_bucket{otel_scope_name="apollo/router",le="+Inf"} 2
apollo_router_query_planning_plan_evaluated_paths_sum{otel_scope_name="apollo/router"} 4
apollo_router_query_planning_plan_evaluated_paths_count{otel_scope_name="apollo/router"} 2
# HELP apollo_router_query_planning_plan_evaluated_plans Number of query plans evaluated for a query before choosing the best one
# TYPE apollo_router_query_planning_plan_evaluated_plans histogram
apollo_router_query_planning_plan_evaluated_plans_bucket{otel_scope_name="apollo/router",le="0.001"} 0
apollo_router_query_planning_plan_evaluated_plans_bucket{otel_scope_name="apollo/router",le="0.005"} 0
apollo_router_query_planning_plan_evaluated_plans_bucket{otel_scope_name="apollo/router",le="0.015"} 0
apollo_router_query_planning_plan_evaluated_plans_bucket{otel_scope_name="apollo/router",le="0.05"} 0
apollo_router_query_planning_plan_evaluated_plans_bucket{otel_scope_name="apollo/router",le="0.1"} 0
apollo_router_query_planning_plan_evaluated_plans_bucket{otel_scope_name="apollo/router",le="0.2"} 0
apollo_router_query_planning_plan_evaluated_plans_bucket{otel_scope_name="apollo/router",le="0.3"} 0
apollo_router_query_planning_plan_evaluated_plans_bucket{otel_scope_name="apollo/router",le="0.4"} 0
apollo_router_query_planning_plan_evaluated_plans_bucket{otel_scope_name="apollo/router",le="0.5"} 0
apollo_router_query_planning_plan_evaluated_plans_bucket{otel_scope_name="apollo/router",le="1"} 2
apollo_router_query_planning_plan_evaluated_plans_bucket{otel_scope_name="apollo/router",le="5"} 2
apollo_router_query_planning_plan_evaluated_plans_bucket{otel_scope_name="apollo/router",le="10"} 2
apollo_router_query_planning_plan_evaluated_plans_bucket{otel_scope_name="apollo/router",le="+Inf"} 2
apollo_router_query_planning_plan_evaluated_plans_sum{otel_scope_name="apollo/router"} 2
apollo_router_query_planning_plan_evaluated_plans_count{otel_scope_name="apollo/router"} 2
# HELP apollo_router_query_planning_total_duration Duration of the time the router waited for a query plan, including both the queue time and planning time, in seconds.
# TYPE apollo_router_query_planning_total_duration histogram
apollo_router_query_planning_total_duration_bucket{otel_scope_name="apollo/router",le="0.001"} 0
apollo_router_query_planning_total_duration_bucket{otel_scope_name="apollo/router",le="0.005"} 1
apollo_router_query_planning_total_duration_bucket{otel_scope_name="apollo/router",le="0.015"} 2
apollo_router_query_planning_total_duration_bucket{otel_scope_name="apollo/router",le="0.05"} 2
apollo_router_query_planning_total_duration_bucket{otel_scope_name="apollo/router",le="0.1"} 2
apollo_router_query_planning_total_duration_bucket{otel_scope_name="apollo/router",le="0.2"} 2
apollo_router_query_planning_total_duration_bucket{otel_scope_name="apollo/router",le="0.3"} 2
apollo_router_query_planning_total_duration_bucket{otel_scope_name="apollo/router",le="0.4"} 2
apollo_router_query_planning_total_duration_bucket{otel_scope_name="apollo/router",le="0.5"} 2
apollo_router_query_planning_total_duration_bucket{otel_scope_name="apollo/router",le="1"} 2
apollo_router_query_planning_total_duration_bucket{otel_scope_name="apollo/router",le="5"} 2
apollo_router_query_planning_total_duration_bucket{otel_scope_name="apollo/router",le="10"} 2
apollo_router_query_planning_total_duration_bucket{otel_scope_name="apollo/router",le="+Inf"} 2
apollo_router_query_planning_total_duration_sum{otel_scope_name="apollo/router"} 0.010180108
apollo_router_query_planning_total_duration_count{otel_scope_name="apollo/router"} 2
# HELP apollo_router_query_planning_warmup_duration Time spent warming up the query planner queries in seconds
# TYPE apollo_router_query_planning_warmup_duration histogram
apollo_router_query_planning_warmup_duration_bucket{otel_scope_name="apollo/router",le="0.001"} 3
apollo_router_query_planning_warmup_duration_bucket{otel_scope_name="apollo/router",le="0.005"} 3
apollo_router_query_planning_warmup_duration_bucket{otel_scope_name="apollo/router",le="0.015"} 3
apollo_router_query_planning_warmup_duration_bucket{otel_scope_name="apollo/router",le="0.05"} 3
apollo_router_query_planning_warmup_duration_bucket{otel_scope_name="apollo/router",le="0.1"} 3
apollo_router_query_planning_warmup_duration_bucket{otel_scope_name="apollo/router",le="0.2"} 3
apollo_router_query_planning_warmup_duration_bucket{otel_scope_name="apollo/router",le="0.3"} 3
apollo_router_query_planning_warmup_duration_bucket{otel_scope_name="apollo/router",le="0.4"} 3
apollo_router_query_planning_warmup_duration_bucket{otel_scope_name="apollo/router",le="0.5"} 3
apollo_router_query_planning_warmup_duration_bucket{otel_scope_name="apollo/router",le="1"} 3
apollo_router_query_planning_warmup_duration_bucket{otel_scope_name="apollo/router",le="5"} 3
apollo_router_query_planning_warmup_duration_bucket{otel_scope_name="apollo/router",le="10"} 3
apollo_router_query_planning_warmup_duration_bucket{otel_scope_name="apollo/router",le="+Inf"} 3
apollo_router_query_planning_warmup_duration_sum{otel_scope_name="apollo/router"} 0.000088188
apollo_router_query_planning_warmup_duration_count{otel_scope_name="apollo/router"} 3
# HELP apollo_router_schema_load_duration Time spent loading the supergraph schema, in seconds.
# TYPE apollo_router_schema_load_duration histogram
apollo_router_schema_load_duration_bucket{otel_scope_name="apollo/router",le="0.001"} 0
apollo_router_schema_load_duration_bucket{otel_scope_name="apollo/router",le="0.005"} 0
apollo_router_schema_load_duration_bucket{otel_scope_name="apollo/router",le="0.015"} 2
apollo_router_schema_load_duration_bucket{otel_scope_name="apollo/router",le="0.05"} 2
apollo_router_schema_load_duration_bucket{otel_scope_name="apollo/router",le="0.1"} 2
apollo_router_schema_load_duration_bucket{otel_scope_name="apollo/router",le="0.2"} 2
apollo_router_schema_load_duration_bucket{otel_scope_name="apollo/router",le="0.3"} 2
apollo_router_schema_load_duration_bucket{otel_scope_name="apollo/router",le="0.4"} 2
apollo_router_schema_load_duration_bucket{otel_scope_name="apollo/router",le="0.5"} 2
apollo_router_schema_load_duration_bucket{otel_scope_name="apollo/router",le="1"} 2
apollo_router_schema_load_duration_bucket{otel_scope_name="apollo/router",le="5"} 2
apollo_router_schema_load_duration_bucket{otel_scope_name="apollo/router",le="10"} 2
apollo_router_schema_load_duration_bucket{otel_scope_name="apollo/router",le="+Inf"} 2
apollo_router_schema_load_duration_sum{otel_scope_name="apollo/router"} 0.010202564
apollo_router_schema_load_duration_count{otel_scope_name="apollo/router"} 2
# HELP apollo_router_session_count_active Amount of in-flight sessions
# TYPE apollo_router_session_count_active gauge
apollo_router_session_count_active{otel_scope_name="apollo/router"} 0
# HELP apollo_router_state_change_total Router state changes
# TYPE apollo_router_state_change_total counter
apollo_router_state_change_total{event="UpdateConfiguration",previous_state="Running",state="Running",otel_scope_name="apollo/router"} 2
apollo_router_state_change_total{event="UpdateSchema",previous_state="Startup",state="Running",otel_scope_name="apollo/router"} 1
# TYPE apollo_router_supergraph_federation gauge
apollo_router_supergraph_federation{federation_version="2",otel_scope_name="apollo/router"} 1
# HELP apollo_router_telemetry_studio_reports_total The number of reports submitted to Studio by the Router
# TYPE apollo_router_telemetry_studio_reports_total counter
apollo_router_telemetry_studio_reports_total{report_protocol="otlp",report_type="traces",otel_scope_name="apollo/router"} 2
apollo_router_telemetry_studio_reports_total{report_extended_references_enabled="true",report_protocol="apollo",report_type="metrics",otel_scope_name="apollo/router"} 2
# HELP http_client_request_duration_seconds Duration of HTTP client requests.
# TYPE http_client_request_duration_seconds histogram
http_client_request_duration_seconds_bucket{subgraph_name="products",otel_scope_name="apollo/router",le="0.001"} 0
http_client_request_duration_seconds_bucket{subgraph_name="products",otel_scope_name="apollo/router",le="0.005"} 2
http_client_request_duration_seconds_bucket{subgraph_name="products",otel_scope_name="apollo/router",le="0.015"} 3
http_client_request_duration_seconds_bucket{subgraph_name="products",otel_scope_name="apollo/router",le="0.05"} 3
http_client_request_duration_seconds_bucket{subgraph_name="products",otel_scope_name="apollo/router",le="0.1"} 3
http_client_request_duration_seconds_bucket{subgraph_name="products",otel_scope_name="apollo/router",le="0.2"} 3
http_client_request_duration_seconds_bucket{subgraph_name="products",otel_scope_name="apollo/router",le="0.3"} 3
http_client_request_duration_seconds_bucket{subgraph_name="products",otel_scope_name="apollo/router",le="0.4"} 3
http_client_request_duration_seconds_bucket{subgraph_name="products",otel_scope_name="apollo/router",le="0.5"} 3
http_client_request_duration_seconds_bucket{subgraph_name="products",otel_scope_name="apollo/router",le="1"} 3
http_client_request_duration_seconds_bucket{subgraph_name="products",otel_scope_name="apollo/router",le="5"} 3
http_client_request_duration_seconds_bucket{subgraph_name="products",otel_scope_name="apollo/router",le="10"} 3
http_client_request_duration_seconds_bucket{subgraph_name="products",otel_scope_name="apollo/router",le="+Inf"} 3
http_client_request_duration_seconds_sum{subgraph_name="products",otel_scope_name="apollo/router"} 0.017709915
http_client_request_duration_seconds_count{subgraph_name="products",otel_scope_name="apollo/router"} 3
# HELP http_client_response_body_size_bytes Size of HTTP client response bodies.
# TYPE http_client_response_body_size_bytes histogram
http_client_response_body_size_bytes_bucket{subgraph_name="products",otel_scope_name="apollo/router",le="0.001"} 0
http_client_response_body_size_bytes_bucket{subgraph_name="products",otel_scope_name="apollo/router",le="0.005"} 0
http_client_response_body_size_bytes_bucket{subgraph_name="products",otel_scope_name="apollo/router",le="0.015"} 0
http_client_response_body_size_bytes_bucket{subgraph_name="products",otel_scope_name="apollo/router",le="0.05"} 0
http_client_response_body_size_bytes_bucket{subgraph_name="products",otel_scope_name="apollo/router",le="0.1"} 0
http_client_response_body_size_bytes_bucket{subgraph_name="products",otel_scope_name="apollo/router",le="0.2"} 0
http_client_response_body_size_bytes_bucket{subgraph_name="products",otel_scope_name="apollo/router",le="0.3"} 0
http_client_response_body_size_bytes_bucket{subgraph_name="products",otel_scope_name="apollo/router",le="0.4"} 0
http_client_response_body_size_bytes_bucket{subgraph_name="products",otel_scope_name="apollo/router",le="0.5"} 0
http_client_response_body_size_bytes_bucket{subgraph_name="products",otel_scope_name="apollo/router",le="1"} 0
http_client_response_body_size_bytes_bucket{subgraph_name="products",otel_scope_name="apollo/router",le="5"} 0
http_client_response_body_size_bytes_bucket{subgraph_name="products",otel_scope_name="apollo/router",le="10"} 0
http_client_response_body_size_bytes_bucket{subgraph_name="products",otel_scope_name="apollo/router",le="+Inf"} 3
http_client_response_body_size_bytes_sum{subgraph_name="products",otel_scope_name="apollo/router"} 231
http_client_response_body_size_bytes_count{subgraph_name="products",otel_scope_name="apollo/router"} 3
# HELP http_server_active_requests Number of active HTTP server requests.
# TYPE http_server_active_requests gauge
http_server_active_requests{http_request_method="POST",otel_scope_name="apollo/router"} 0
# HELP http_server_request_body_size_bytes Size of HTTP server request bodies.
# TYPE http_server_request_body_size_bytes histogram
http_server_request_body_size_bytes_bucket{http_request_method="POST",http_response_status_code="200",server_address="127.0.0.1",server_port="33181",otel_scope_name="apollo/router",le="0.001"} 0
http_server_request_body_size_bytes_bucket{http_request_method="POST",http_response_status_code="200",server_address="127.0.0.1",server_port="33181",otel_scope_name="apollo/router",le="0.005"} 0
http_server_request_body_size_bytes_bucket{http_request_method="POST",http_response_status_code="200",server_address="127.0.0.1",server_port="33181",otel_scope_name="apollo/router",le="0.015"} 0
http_server_request_body_size_bytes_bucket{http_request_method="POST",http_response_status_code="200",server_address="127.0.0.1",server_port="33181",otel_scope_name="apollo/router",le="0.05"} 0
http_server_request_body_size_bytes_bucket{http_request_method="POST",http_response_status_code="200",server_address="127.0.0.1",server_port="33181",otel_scope_name="apollo/router",le="0.1"} 0
http_server_request_body_size_bytes_bucket{http_request_method="POST",http_response_status_code="200",server_address="127.0.0.1",server_port="33181",otel_scope_name="apollo/router",le="0.2"} 0
http_server_request_body_size_bytes_bucket{http_request_method="POST",http_response_status_code="200",server_address="127.0.0.1",server_port="33181",otel_scope_name="apollo/router",le="0.3"} 0
http_server_request_body_size_bytes_bucket{http_request_method="POST",http_response_status_code="200",server_address="127.0.0.1",server_port="33181",otel_scope_name="apollo/router",le="0.4"} 0
http_server_request_body_size_bytes_bucket{http_request_method="POST",http_response_status_code="200",server_address="127.0.0.1",server_port="33181",otel_scope_name="apollo/router",le="0.5"} 0
http_server_request_body_size_bytes_bucket{http_request_method="POST",http_response_status_code="200",server_address="127.0.0.1",server_port="33181",otel_scope_name="apollo/router",le="1"} 0
http_server_request_body_size_bytes_bucket{http_request_method="POST",http_response_status_code="200",server_address="127.0.0.1",server_port="33181",otel_scope_name="apollo/router",le="5"} 0
http_server_request_body_size_bytes_bucket{http_request_method="POST",http_response_status_code="200",server_address="127.0.0.1",server_port="33181",otel_scope_name="apollo/router",le="10"} 0
http_server_request_body_size_bytes_bucket{http_request_method="POST",http_response_status_code="200",server_address="127.0.0.1",server_port="33181",otel_scope_name="apollo/router",le="+Inf"} 2
http_server_request_body_size_bytes_sum{http_request_method="POST",http_response_status_code="200",server_address="127.0.0.1",server_port="33181",otel_scope_name="apollo/router"} 130
http_server_request_body_size_bytes_count{http_request_method="POST",http_response_status_code="200",server_address="127.0.0.1",server_port="33181",otel_scope_name="apollo/router"} 2
http_server_request_body_size_bytes_bucket{http_request_method="POST",http_response_status_code="200",server_address="127.0.0.1",server_port="44641",otel_scope_name="apollo/router",le="0.001"} 0
http_server_request_body_size_bytes_bucket{http_request_method="POST",http_response_status_code="200",server_address="127.0.0.1",server_port="44641",otel_scope_name="apollo/router",le="0.005"} 0
http_server_request_body_size_bytes_bucket{http_request_method="POST",http_response_status_code="200",server_address="127.0.0.1",server_port="44641",otel_scope_name="apollo/router",le="0.015"} 0
http_server_request_body_size_bytes_bucket{http_request_method="POST",http_response_status_code="200",server_address="127.0.0.1",server_port="44641",otel_scope_name="apollo/router",le="0.05"} 0
http_server_request_body_size_bytes_bucket{http_request_method="POST",http_response_status_code="200",server_address="127.0.0.1",server_port="44641",otel_scope_name="apollo/router",le="0.1"} 0
http_server_request_body_size_bytes_bucket{http_request_method="POST",http_response_status_code="200",server_address="127.0.0.1",server_port="44641",otel_scope_name="apollo/router",le="0.2"} 0
http_server_request_body_size_bytes_bucket{http_request_method="POST",http_response_status_code="200",server_address="127.0.0.1",server_port="44641",otel_scope_name="apollo/router",le="0.3"} 0
http_server_request_body_size_bytes_bucket{http_request_method="POST",http_response_status_code="200",server_address="127.0.0.1",server_port="44641",otel_scope_name="apollo/router",le="0.4"} 0
http_server_request_body_size_bytes_bucket{http_request_method="POST",http_response_status_code="200",server_address="127.0.0.1",server_port="44641",otel_scope_name="apollo/router",le="0.5"} 0
http_server_request_body_size_bytes_bucket{http_request_method="POST",http_response_status_code="200",server_address="127.0.0.1",server_port="44641",otel_scope_name="apollo/router",le="1"} 0
http_server_request_body_size_bytes_bucket{http_request_method="POST",http_response_status_code="200",server_address="127.0.0.1",server_port="44641",otel_scope_name="apollo/router",le="5"} 0
http_server_request_body_size_bytes_bucket{http_request_method="POST",http_response_status_code="200",server_address="127.0.0.1",server_port="44641",otel_scope_name="apollo/router",le="10"} 0
http_server_request_body_size_bytes_bucket{http_request_method="POST",http_response_status_code="200",server_address="127.0.0.1",server_port="44641",otel_scope_name="apollo/router",le="+Inf"} 1
http_server_request_body_size_bytes_sum{http_request_method="POST",http_response_status_code="200",server_address="127.0.0.1",server_port="44641",otel_scope_name="apollo/router"} 65
http_server_request_body_size_bytes_count{http_request_method="POST",http_response_status_code="200",server_address="127.0.0.1",server_port="44641",otel_scope_name="apollo/router"} 1
# HELP http_server_request_duration_seconds Duration of HTTP server requests.
# TYPE http_server_request_duration_seconds histogram
http_server_request_duration_seconds_bucket{http_request_method="POST",http_response_status_code="200",server_address="127.0.0.1",server_port="33181",otel_scope_name="apollo/router",le="0.001"} 0
http_server_request_duration_seconds_bucket{http_request_method="POST",http_response_status_code="200",server_address="127.0.0.1",server_port="33181",otel_scope_name="apollo/router",le="0.005"} 0
http_server_request_duration_seconds_bucket{http_request_method="POST",http_response_status_code="200",server_address="127.0.0.1",server_port="33181",otel_scope_name="apollo/router",le="0.015"} 1
http_server_request_duration_seconds_bucket{http_request_method="POST",http_response_status_code="200",server_address="127.0.0.1",server_port="33181",otel_scope_name="apollo/router",le="0.05"} 2
http_server_request_duration_seconds_bucket{http_request_method="POST",http_response_status_code="200",server_address="127.0.0.1",server_port="33181",otel_scope_name="apollo/router",le="0.1"} 2
http_server_request_duration_seconds_bucket{http_request_method="POST",http_response_status_code="200",server_address="127.0.0.1",server_port="33181",otel_scope_name="apollo/router",le="0.2"} 2
http_server_request_duration_seconds_bucket{http_request_method="POST",http_response_status_code="200",server_address="127.0.0.1",server_port="33181",otel_scope_name="apollo/router",le="0.3"} 2
http_server_request_duration_seconds_bucket{http_request_method="POST",http_response_status_code="200",server_address="127.0.0.1",server_port="33181",otel_scope_name="apollo/router",le="0.4"} 2
http_server_request_duration_seconds_bucket{http_request_method="POST",http_response_status_code="200",server_address="127.0.0.1",server_port="33181",otel_scope_name="apollo/router",le="0.5"} 2
http_server_request_duration_seconds_bucket{http_request_method="POST",http_response_status_code="200",server_address="127.0.0.1",server_port="33181",otel_scope_name="apollo/router",le="1"} 2
http_server_request_duration_seconds_bucket{http_request_method="POST",http_response_status_code="200",server_address="127.0.0.1",server_port="33181",otel_scope_name="apollo/router",le="5"} 2
http_server_request_duration_seconds_bucket{http_request_method="POST",http_response_status_code="200",server_address="127.0.0.1",server_port="33181",otel_scope_name="apollo/router",le="10"} 2
http_server_request_duration_seconds_bucket{http_request_method="POST",http_response_status_code="200",server_address="127.0.0.1",server_port="33181",otel_scope_name="apollo/router",le="+Inf"} 2
http_server_request_duration_seconds_sum{http_request_method="POST",http_response_status_code="200",server_address="127.0.0.1",server_port="33181",otel_scope_name="apollo/router"} 0.034547932
http_server_request_duration_seconds_count{http_request_method="POST",http_response_status_code="200",server_address="127.0.0.1",server_port="33181",otel_scope_name="apollo/router"} 2
http_server_request_duration_seconds_bucket{http_request_method="POST",http_response_status_code="200",server_address="127.0.0.1",server_port="44641",otel_scope_name="apollo/router",le="0.001"} 0
http_server_request_duration_seconds_bucket{http_request_method="POST",http_response_status_code="200",server_address="127.0.0.1",server_port="44641",otel_scope_name="apollo/router",le="0.005"} 0
http_server_request_duration_seconds_bucket{http_request_method="POST",http_response_status_code="200",server_address="127.0.0.1",server_port="44641",otel_scope_name="apollo/router",le="0.015"} 0
http_server_request_duration_seconds_bucket{http_request_method="POST",http_response_status_code="200",server_address="127.0.0.1",server_port="44641",otel_scope_name="apollo/router",le="0.05"} 1
http_server_request_duration_seconds_bucket{http_request_method="POST",http_response_status_code="200",server_address="127.0.0.1",server_port="44641",otel_scope_name="apollo/router",le="0.1"} 1
http_server_request_duration_seconds_bucket{http_request_method="POST",http_response_status_code="200",server_address="127.0.0.1",server_port="44641",otel_scope_name="apollo/router",le="0.2"} 1
http_server_request_duration_seconds_bucket{http_request_method="POST",http_response_status_code="200",server_address="127.0.0.1",server_port="44641",otel_scope_name="apollo/router",le="0.3"} 1
http_server_request_duration_seconds_bucket{http_request_method="POST",http_response_status_code="200",server_address="127.0.0.1",server_port="44641",otel_scope_name="apollo/router",le="0.4"} 1
http_server_request_duration_seconds_bucket{http_request_method="POST",http_response_status_code="200",server_address="127.0.0.1",server_port="44641",otel_scope_name="apollo/router",le="0.5"} 1
http_server_request_duration_seconds_bucket{http_request_method="POST",http_response_status_code="200",server_address="127.0.0.1",server_port="44641",otel_scope_name="apollo/router",le="1"} 1
http_server_request_duration_seconds_bucket{http_request_method="POST",http_response_status_code="200",server_address="127.0.0.1",server_port="44641",otel_scope_name="apollo/router",le="5"} 1
http_server_request_duration_seconds_bucket{http_request_method="POST",http_response_status_code="200",server_address="127.0.0.1",server_port="44641",otel_scope_name="apollo/router",le="10"} 1
http_server_request_duration_seconds_bucket{http_request_method="POST",http_response_status_code="200",server_address="127.0.0.1",server_port="44641",otel_scope_name="apollo/router",le="+Inf"} 1
http_server_request_duration_seconds_sum{http_request_method="POST",http_response_status_code="200",server_address="127.0.0.1",server_port="44641",otel_scope_name="apollo/router"} 0.017695872
http_server_request_duration_seconds_count{http_request_method="POST",http_response_status_code="200",server_address="127.0.0.1",server_port="44641",otel_scope_name="apollo/router"} 1
# HELP target_info Target metadata
# TYPE target_info gauge
target_info{process_executable_name="router",service_name="unknown_service:router",service_version="2.8.0"} 1

stack backtrace:
   0:     0x56272d647862 - std::backtrace_rs::backtrace::libunwind::trace::h2d45396358f41939
                               at /rustc/1159e78c4747b02ef996e55082b704c09b970588/library/std/src/../../backtrace/src/backtrace/libunwind.rs:117:9
   1:     0x56272d647862 - std::backtrace_rs::backtrace::trace_unsynchronized::hffcefc0b67f1d6e2
                               at /rustc/1159e78c4747b02ef996e55082b704c09b970588/library/std/src/../../backtrace/src/backtrace/mod.rs:66:14
   2:     0x56272d647862 - std::sys::backtrace::_print_fmt::hd72f71d23b436b92
                               at /rustc/1159e78c4747b02ef996e55082b704c09b970588/library/std/src/sys/backtrace.rs:66:9
   3:     0x56272d647862 - <std::sys::backtrace::BacktraceLock::print::DisplayBacktrace as core::fmt::Display>::fmt::hdcfcb6d4c8489523
                               at /rustc/1159e78c4747b02ef996e55082b704c09b970588/library/std/src/sys/backtrace.rs:39:26
   4:     0x56272d677703 - core::fmt::rt::Argument::fmt::h2c56b3114963061a
                               at /rustc/1159e78c4747b02ef996e55082b704c09b970588/library/core/src/fmt/rt.rs:173:76
   5:     0x56272d677703 - core::fmt::write::h8a494366950f23bb
                               at /rustc/1159e78c4747b02ef996e55082b704c09b970588/library/core/src/fmt/mod.rs:1468:25
   6:     0x56272d642123 - std::io::default_write_fmt::ha27fbccbc65eb6fa
                               at /rustc/1159e78c4747b02ef996e55082b704c09b970588/library/std/src/io/mod.rs:639:11
   7:     0x56272d642123 - std::io::Write::write_fmt::h6556609fca33d0b1
                               at /rustc/1159e78c4747b02ef996e55082b704c09b970588/library/std/src/io/mod.rs:1954:13
   8:     0x56272d6476b2 - std::sys::backtrace::BacktraceLock::print::hb2a626a81e06b2dc
                               at /rustc/1159e78c4747b02ef996e55082b704c09b970588/library/std/src/sys/backtrace.rs:42:9
   9:     0x56272d6496f9 - std::panicking::default_hook::{{closure}}::h4f78485264f12d10
                               at /rustc/1159e78c4747b02ef996e55082b704c09b970588/library/std/src/panicking.rs:300:27
  10:     0x56272d6494db - std::panicking::default_hook::h2c66fc99e962531d
                               at /rustc/1159e78c4747b02ef996e55082b704c09b970588/library/std/src/panicking.rs:327:9
  11:     0x56272d64a105 - std::panicking::rust_panic_with_hook::h33ac55f64bbd807d
                               at /rustc/1159e78c4747b02ef996e55082b704c09b970588/library/std/src/panicking.rs:833:13
  12:     0x56272d649e9a - std::panicking::begin_panic_handler::{{closure}}::h30e7cb89678a57fe
                               at /rustc/1159e78c4747b02ef996e55082b704c09b970588/library/std/src/panicking.rs:706:13
  13:     0x56272d647d69 - std::sys::backtrace::__rust_end_short_backtrace::hed60f27456c16ced
                               at /rustc/1159e78c4747b02ef996e55082b704c09b970588/library/std/src/sys/backtrace.rs:174:18
  14:     0x56272d649b2d - __rustc[de2ca18b4c54d5b8]::rust_begin_unwind
                               at /rustc/1159e78c4747b02ef996e55082b704c09b970588/library/std/src/panicking.rs:697:5
  15:     0x56272d673d30 - core::panicking::panic_fmt::h62f63d096dd276af
                               at /rustc/1159e78c4747b02ef996e55082b704c09b970588/library/core/src/panicking.rs:75:14
  16:     0x56272733f5f7 - integration_tests::integration::common::IntegrationTest::assert_metrics_contains::{{closure}}::hb3bf1a10e2a5dddc
                               at /root/project/apollo-router/tests/integration/../common.rs:1326:9
  17:     0x562726dd31f6 - integration_tests::integration::telemetry::metrics::test_subgraph_auth_metrics::{{closure}}::h6d20674e11c6450c
                               at /root/project/apollo-router/tests/integration/telemetry/metrics.rs:127:212
  18:     0x562726f23a32 - <core::pin::Pin<P> as core::future::future::Future>::poll::h59964df56356515a
                               at /rustc/1159e78c4747b02ef996e55082b704c09b970588/library/core/src/future/future.rs:133:9
  19:     0x562726e2e98d - tokio::runtime::park::CachedParkThread::block_on::{{closure}}::h99a1c01384b0a79b
                               at /root/.cargo/registry/src/index.crates.io-1949cf8c6b5b557f/tokio-1.48.0/src/runtime/park.rs:285:71
  20:     0x562726e2d0f6 - tokio::task::coop::with_budget::ha185223116166ce4
                               at /root/.cargo/registry/src/index.crates.io-1949cf8c6b5b557f/tokio-1.48.0/src/task/coop/mod.rs:167:5
  21:     0x562726e2d0f6 - tokio::task::coop::budget::ha733ca61bde2edaf
                               at /root/.cargo/registry/src/index.crates.io-1949cf8c6b5b557f/tokio-1.48.0/src/task/coop/mod.rs:133:5
  22:     0x562726e2d0f6 - tokio::runtime::park::CachedParkThread::block_on::hbd985400d5b3dc8c
                               at /root/.cargo/registry/src/index.crates.io-1949cf8c6b5b557f/tokio-1.48.0/src/runtime/park.rs:285:31
  23:     0x5627274b9574 - tokio::runtime::context::blocking::BlockingRegionGuard::block_on::h3cf29540820bb880
                               at /root/.cargo/registry/src/index.crates.io-1949cf8c6b5b557f/tokio-1.48.0/src/runtime/context/blocking.rs:66:14
  24:     0x5627270c6978 - tokio::runtime::scheduler::multi_thread::MultiThread::block_on::{{closure}}::h368bef83ee5af5d1
                               at /root/.cargo/registry/src/index.crates.io-1949cf8c6b5b557f/tokio-1.48.0/src/runtime/scheduler/multi_thread/mod.rs:87:22
  25:     0x562726e5a046 - tokio::runtime::context::runtime::enter_runtime::hfb5131736755618d
                               at /root/.cargo/registry/src/index.crates.io-1949cf8c6b5b557f/tokio-1.48.0/src/runtime/context/runtime.rs:65:16
  26:     0x5627270c6904 - tokio::runtime::scheduler::multi_thread::MultiThread::block_on::hb60b7b74dc6d2c7f
                               at /root/.cargo/registry/src/index.crates.io-1949cf8c6b5b557f/tokio-1.48.0/src/runtime/scheduler/multi_thread/mod.rs:86:9
  27:     0x562726cc59d4 - tokio::runtime::runtime::Runtime::block_on_inner::hb2451b6dd4b09b66
                               at /root/.cargo/registry/src/index.crates.io-1949cf8c6b5b557f/tokio-1.48.0/src/runtime/runtime.rs:370:50
  28:     0x562726cc62ec - tokio::runtime::runtime::Runtime::block_on::h9206977fab45046e
                               at /root/.cargo/registry/src/index.crates.io-1949cf8c6b5b557f/tokio-1.48.0/src/runtime/runtime.rs:342:18
  29:     0x562726dd1896 - integration_tests::integration::telemetry::metrics::test_subgraph_auth_metrics::h3b2af921bd45de9a
                               at /root/project/apollo-router/tests/integration/telemetry/metrics.rs:127:217
  30:     0x562726dd1727 - integration_tests::integration::telemetry::metrics::test_subgraph_auth_metrics::{{closure}}::hc50cf7b567acacaf
                               at /root/project/apollo-router/tests/integration/telemetry/metrics.rs:91:38
  31:     0x562726a9a5f6 - core::ops::function::FnOnce::call_once::hb64c12159efada38
                               at /rustc/1159e78c4747b02ef996e55082b704c09b970588/library/core/src/ops/function.rs:253:5
  32:     0x56272779832b - core::ops::function::FnOnce::call_once::h1f9474f1347fff52
                               at /rustc/1159e78c4747b02ef996e55082b704c09b970588/library/core/src/ops/function.rs:253:5
  33:     0x56272779832b - test::__rust_begin_short_backtrace::ha52ab26e77157f03
                               at /rustc/1159e78c4747b02ef996e55082b704c09b970588/library/test/src/lib.rs:648:18
  34:     0x562727797465 - test::run_test_in_process::{{closure}}::h229c1a11a50b261f
                               at /rustc/1159e78c4747b02ef996e55082b704c09b970588/library/test/src/lib.rs:671:74
  35:     0x562727797465 - <core::panic::unwind_safe::AssertUnwindSafe<F> as core::ops::function::FnOnce<()>>::call_once::h78821afbf97b39a9
                               at /rustc/1159e78c4747b02ef996e55082b704c09b970588/library/core/src/panic/unwind_safe.rs:272:9
  36:     0x562727797465 - std::panicking::catch_unwind::do_call::h53abf3ed5bd32ba3
                               at /rustc/1159e78c4747b02ef996e55082b704c09b970588/library/std/src/panicking.rs:589:40
  37:     0x562727797465 - std::panicking::catch_unwind::h6deb5fe1e91873c9
                               at /rustc/1159e78c4747b02ef996e55082b704c09b970588/library/std/src/panicking.rs:552:19
  38:     0x562727797465 - std::panic::catch_unwind::hea0829b6b565654b
                               at /rustc/1159e78c4747b02ef996e55082b704c09b970588/library/std/src/panic.rs:359:14
  39:     0x562727797465 - test::run_test_in_process::hdc44dfecea3db21b
                               at /rustc/1159e78c4747b02ef996e55082b704c09b970588/library/test/src/lib.rs:671:27
  40:     0x562727797465 - test::run_test::{{closure}}::h0364ba59bf23f652
                               at /rustc/1159e78c4747b02ef996e55082b704c09b970588/library/test/src/lib.rs:592:43
  41:     0x56272775b064 - test::run_test::{{closure}}::h32730b304eec05da
                               at /rustc/1159e78c4747b02ef996e55082b704c09b970588/library/test/src/lib.rs:622:41
  42:     0x56272775b064 - std::sys::backtrace::__rust_begin_short_backtrace::h177cb952fc54ad2c
                               at /rustc/1159e78c4747b02ef996e55082b704c09b970588/library/std/src/sys/backtrace.rs:158:18
  43:     0x56272775ea3a - std::thread::Builder::spawn_unchecked_::{{closure}}::{{closure}}::h119d903520007597
                               at /rustc/1159e78c4747b02ef996e55082b704c09b970588/library/std/src/thread/mod.rs:559:17
  44:     0x56272775ea3a - <core::panic::unwind_safe::AssertUnwindSafe<F> as core::ops::function::FnOnce<()>>::call_once::hab88401d606702a6
                               at /rustc/1159e78c4747b02ef996e55082b704c09b970588/library/core/src/panic/unwind_safe.rs:272:9
  45:     0x56272775ea3a - std::panicking::catch_unwind::do_call::h163fe12cca9901c2
                               at /rustc/1159e78c4747b02ef996e55082b704c09b970588/library/std/src/panicking.rs:589:40
  46:     0x56272775ea3a - std::panicking::catch_unwind::he81557d0e17cc1bc
                               at /rustc/1159e78c4747b02ef996e55082b704c09b970588/library/std/src/panicking.rs:552:19
  47:     0x56272775ea3a - std::panic::catch_unwind::hc2b8e79c20593955
                               at /rustc/1159e78c4747b02ef996e55082b704c09b970588/library/std/src/panic.rs:359:14
  48:     0x56272775ea3a - std::thread::Builder::spawn_unchecked_::{{closure}}::hfa6b4978e07815cc
                               at /rustc/1159e78c4747b02ef996e55082b704c09b970588/library/std/src/thread/mod.rs:557:30
  49:     0x56272775ea3a - core::ops::function::FnOnce::call_once{{vtable.shim}}::hddcd7484a13fd793
                               at /rustc/1159e78c4747b02ef996e55082b704c09b970588/library/core/src/ops/function.rs:253:5
  50:     0x56272d64daef - <alloc::boxed::Box<F,A> as core::ops::function::FnOnce<Args>>::call_once::h5924238c754de3b8
                               at /rustc/1159e78c4747b02ef996e55082b704c09b970588/library/alloc/src/boxed.rs:1971:9
  51:     0x56272d64daef - std::sys::pal::unix::thread::Thread::new::thread_start::hb6e99e73da4d28f8
                               at /rustc/1159e78c4747b02ef996e55082b704c09b970588/library/std/src/sys/pal/unix/thread.rs:107:17
  52:     0x7fcbadf3f1ca - start_thread
  53:     0x7fcbae3a88d3 - __GI___clone
  54:                0x0 - <unknown>
[0m
[31;1m        FAIL[0m [   3.297s] [35;1mapollo-router::integration_tests[0m [36mintegration::telemetry::otlp::tracing[0m[36m::[0m[34;1mtest_priority_sampling_no_parent_propagated[0m

[31;1m--- [0m[31;1mSTDOUT:              [0m[35;1mapollo-router::integration_tests[0m [36mintegration::telemetry::otlp::tracing[0m[36m::[0m[34;1mtest_priority_sampling_no_parent_propagated[0m[31;1m ---[0m

running 1 test
[2m2025-11-13T03:17:15.937059Z[0m [32m INFO[0m Loading supergraph from file
trace: c2689aa4a6899b295b5e907573c013b1
trace: c2689aa4a6899b295b5e907573c013b1
services verified
spans present verified
measured spans verified
operation name verified
priority sampled verified
version verified
span kinds verified
span attributes verified
span attributes verified
trace: c2689aa4a6899b295b5e907573c013b1
services verified
spans present verified
measured spans verified
operation name verified
priority sampled verified
version verified
span kinds verified
span attributes verified
span attributes verified
trace: 8e0b99d2ea5f6ee922f81bac51c8d120
trace: 8e0b99d2ea5f6ee922f81bac51c8d120
services verified
spans present verified
measured spans verified
operation name verified
priority sampled verified
version verified
span kinds verified
span attributes verified
span attributes verified
trace: 8e0b99d2ea5f6ee922f81bac51c8d120
services verified
spans present verified
measured spans verified
operation name verified
priority sampled verified
version verified
span kinds verified
span attributes verified
span attributes verified
[2m2025-11-13T03:17:19.043728Z[0m [32m INFO[0m Mock server shutting down
[2m2025-11-13T03:17:19.047049Z[0m [32m INFO[0m Mock server shutting down
test integration::telemetry::otlp::tracing::test_priority_sampling_no_parent_propagated ... FAILED

failures:

failures:
    integration::telemetry::otlp::tracing::test_priority_sampling_no_parent_propagated

test result: FAILED. 0 passed; 1 failed; 0 ignored; 0 measured; 338 filtered out; finished in 3.24s

[0m
[31;1m--- [0m[31;1mSTDERR:              [0m[35;1mapollo-router::integration_tests[0m [36mintegration::telemetry::otlp::tracing[0m[36m::[0m[34;1mtest_priority_sampling_no_parent_propagated[0m[31;1m ---[0m

thread 'integration::telemetry::otlp::tracing::test_priority_sampling_no_parent_propagated' panicked at apollo-router/tests/integration/../common.rs:950:25:
unable to send successful request to router, error sending request for url (http://127.0.0.1:42303/)
stack backtrace:
   0:     0x560c3cf54862 - std::backtrace_rs::backtrace::libunwind::trace::h2d45396358f41939
                               at /rustc/1159e78c4747b02ef996e55082b704c09b970588/library/std/src/../../backtrace/src/backtrace/libunwind.rs:117:9
   1:     0x560c3cf54862 - std::backtrace_rs::backtrace::trace_unsynchronized::hffcefc0b67f1d6e2
                               at /rustc/1159e78c4747b02ef996e55082b704c09b970588/library/std/src/../../backtrace/src/backtrace/mod.rs:66:14
   2:     0x560c3cf54862 - std::sys::backtrace::_print_fmt::hd72f71d23b436b92
                               at /rustc/1159e78c4747b02ef996e55082b704c09b970588/library/std/src/sys/backtrace.rs:66:9
   3:     0x560c3cf54862 - <std::sys::backtrace::BacktraceLock::print::DisplayBacktrace as core::fmt::Display>::fmt::hdcfcb6d4c8489523
                               at /rustc/1159e78c4747b02ef996e55082b704c09b970588/library/std/src/sys/backtrace.rs:39:26
   4:     0x560c3cf84703 - core::fmt::rt::Argument::fmt::h2c56b3114963061a
                               at /rustc/1159e78c4747b02ef996e55082b704c09b970588/library/core/src/fmt/rt.rs:173:76
   5:     0x560c3cf84703 - core::fmt::write::h8a494366950f23bb
                               at /rustc/1159e78c4747b02ef996e55082b704c09b970588/library/core/src/fmt/mod.rs:1468:25
   6:     0x560c3cf4f123 - std::io::default_write_fmt::ha27fbccbc65eb6fa
                               at /rustc/1159e78c4747b02ef996e55082b704c09b970588/library/std/src/io/mod.rs:639:11
   7:     0x560c3cf4f123 - std::io::Write::write_fmt::h6556609fca33d0b1
                               at /rustc/1159e78c4747b02ef996e55082b704c09b970588/library/std/src/io/mod.rs:1954:13
   8:     0x560c3cf546b2 - std::sys::backtrace::BacktraceLock::print::hb2a626a81e06b2dc
                               at /rustc/1159e78c4747b02ef996e55082b704c09b970588/library/std/src/sys/backtrace.rs:42:9
   9:     0x560c3cf566f9 - std::panicking::default_hook::{{closure}}::h4f78485264f12d10
                               at /rustc/1159e78c4747b02ef996e55082b704c09b970588/library/std/src/panicking.rs:300:27
  10:     0x560c3cf564db - std::panicking::default_hook::h2c66fc99e962531d
                               at /rustc/1159e78c4747b02ef996e55082b704c09b970588/library/std/src/panicking.rs:327:9
  11:     0x560c3cf57105 - std::panicking::rust_panic_with_hook::h33ac55f64bbd807d
                               at /rustc/1159e78c4747b02ef996e55082b704c09b970588/library/std/src/panicking.rs:833:13
  12:     0x560c3cf56e9a - std::panicking::begin_panic_handler::{{closure}}::h30e7cb89678a57fe
                               at /rustc/1159e78c4747b02ef996e55082b704c09b970588/library/std/src/panicking.rs:706:13
  13:     0x560c3cf54d69 - std::sys::backtrace::__rust_end_short_backtrace::hed60f27456c16ced
                               at /rustc/1159e78c4747b02ef996e55082b704c09b970588/library/std/src/sys/backtrace.rs:174:18
  14:     0x560c3cf56b2d - __rustc[de2ca18b4c54d5b8]::rust_begin_unwind
                               at /rustc/1159e78c4747b02ef996e55082b704c09b970588/library/std/src/panicking.rs:697:5
  15:     0x560c3cf80d30 - core::panicking::panic_fmt::h62f63d096dd276af
                               at /rustc/1159e78c4747b02ef996e55082b704c09b970588/library/core/src/panicking.rs:75:14
  16:     0x560c36c45c37 - integration_tests::integration::common::IntegrationTest::execute_query::{{closure}}::{{closure}}::h4d085f6cd6156b05
                               at /root/project/apollo-router/tests/integration/../common.rs:950:25
  17:     0x560c36bfc70e - <tracing_futures::Instrumented<T> as core::future::future::Future>::poll::h1105381b388b8898
                               at /root/.cargo/registry/src/index.crates.io-1949cf8c6b5b557f/tracing-futures-0.2.5/src/lib.rs:283:20
  18:     0x560c36c44caf - integration_tests::integration::common::IntegrationTest::execute_query::{{closure}}::h7b0aa09fa141b36c
                               at /root/project/apollo-router/tests/integration/../common.rs:955:14
  19:     0x560c36bfca8d - <tracing_futures::WithDispatch<T> as core::future::future::Future>::poll::{{closure}}::hfdb6261be1c5115b
                               at /root/.cargo/registry/src/index.crates.io-1949cf8c6b5b557f/tracing-futures-0.2.5/src/lib.rs:455:54
  20:     0x560c366f0b41 - tracing_core::dispatcher::with_default::h39ef5ab5337363e5
                               at /root/.cargo/registry/src/index.crates.io-1949cf8c6b5b557f/tracing-core-0.1.34/src/dispatcher.rs:262:5
  21:     0x560c36bfca2a - <tracing_futures::WithDispatch<T> as core::future::future::Future>::poll::h63f620e3e3cbb415
                               at /root/.cargo/registry/src/index.crates.io-1949cf8c6b5b557f/tracing-futures-0.2.5/src/lib.rs:455:9
  22:     0x560c36f33373 - integration_tests::integration::telemetry::verifier::Verifier::validate_trace::{{closure}}::h84cf20cd9bc380e7
                               at /root/project/apollo-router/tests/integration/telemetry/verifier.rs:20:58
  23:     0x560c369e6e7f - integration_tests::integration::telemetry::otlp::<impl integration_tests::integration::telemetry::TraceSpec>::validate_otlp_trace::{{closure}}::h8249b9442848e72e
                               at /root/project/apollo-router/tests/integration/telemetry/otlp/mod.rs:355:10
  24:     0x560c36a3bca8 - integration_tests::integration::telemetry::otlp::tracing::test_priority_sampling_no_parent_propagated::{{closure}}::h93956032fc5a1684
                               at /root/project/apollo-router/tests/integration/telemetry/otlp/tracing.rs:716:10
  25:     0x560c368315ef - <core::pin::Pin<P> as core::future::future::Future>::poll::hcb765372bf9a9be0
                               at /rustc/1159e78c4747b02ef996e55082b704c09b970588/library/core/src/future/future.rs:133:9
  26:     0x560c3673b9eb - tokio::runtime::park::CachedParkThread::block_on::{{closure}}::had9e378af5849f11
                               at /root/.cargo/registry/src/index.crates.io-1949cf8c6b5b557f/tokio-1.48.0/src/runtime/park.rs:285:71
  27:     0x560c3673a950 - tokio::task::coop::with_budget::h6c5486694f22ca15
                               at /root/.cargo/registry/src/index.crates.io-1949cf8c6b5b557f/tokio-1.48.0/src/task/coop/mod.rs:167:5
  28:     0x560c3673a950 - tokio::task::coop::budget::he0a8db83177c8314
                               at /root/.cargo/registry/src/index.crates.io-1949cf8c6b5b557f/tokio-1.48.0/src/task/coop/mod.rs:133:5
  29:     0x560c3673a950 - tokio::runtime::park::CachedParkThread::block_on::hc4e90ffab65caeec
                               at /root/.cargo/registry/src/index.crates.io-1949cf8c6b5b557f/tokio-1.48.0/src/runtime/park.rs:285:31
  30:     0x560c36dc68a1 - tokio::runtime::context::blocking::BlockingRegionGuard::block_on::h812dc1a24efcf821
                               at /root/.cargo/registry/src/index.crates.io-1949cf8c6b5b557f/tokio-1.48.0/src/runtime/context/blocking.rs:66:14
  31:     0x560c369d3ac2 - tokio::runtime::scheduler::multi_thread::MultiThread::block_on::{{closure}}::hc61f289df102a339
                               at /root/.cargo/registry/src/index.crates.io-1949cf8c6b5b557f/tokio-1.48.0/src/runtime/scheduler/multi_thread/mod.rs:87:22
  32:     0x560c3676637a - tokio::runtime::context::runtime::enter_runtime::h045d20e3b3e0b850
                               at /root/.cargo/registry/src/index.crates.io-1949cf8c6b5b557f/tokio-1.48.0/src/runtime/context/runtime.rs:65:16
  33:     0x560c369d3944 - tokio::runtime::scheduler::multi_thread::MultiThread::block_on::hcf63dde5626233d0
                               at /root/.cargo/registry/src/index.crates.io-1949cf8c6b5b557f/tokio-1.48.0/src/runtime/scheduler/multi_thread/mod.rs:86:9
  34:     0x560c365d2c80 - tokio::runtime::runtime::Runtime::block_on_inner::hd795c11ae310e0f0
                               at /root/.cargo/registry/src/index.crates.io-1949cf8c6b5b557f/tokio-1.48.0/src/runtime/runtime.rs:370:50
  35:     0x560c365d3094 - tokio::runtime::runtime::Runtime::block_on::h2090ac62d0c850e9
                               at /root/.cargo/registry/src/index.crates.io-1949cf8c6b5b557f/tokio-1.48.0/src/runtime/runtime.rs:342:18
  36:     0x560c36a33786 - integration_tests::integration::telemetry::otlp::tracing::test_priority_sampling_no_parent_propagated::h9f7f373833ec4ace
                               at /root/project/apollo-router/tests/integration/telemetry/otlp/tracing.rs:743:7
  37:     0x560c36a33617 - integration_tests::integration::telemetry::otlp::tracing::test_priority_sampling_no_parent_propagated::{{closure}}::h5910121424cccada
                               at /root/project/apollo-router/tests/integration/telemetry/otlp/tracing.rs:663:59
  38:     0x560c3639d216 - core::ops::function::FnOnce::call_once::h3741233a204237d0
                               at /rustc/1159e78c4747b02ef996e55082b704c09b970588/library/core/src/ops/function.rs:253:5
  39:     0x560c370a532b - core::ops::function::FnOnce::call_once::h1f9474f1347fff52
                               at /rustc/1159e78c4747b02ef996e55082b704c09b970588/library/core/src/ops/function.rs:253:5
  40:     0x560c370a532b - test::__rust_begin_short_backtrace::ha52ab26e77157f03
                               at /rustc/1159e78c4747b02ef996e55082b704c09b970588/library/test/src/lib.rs:648:18
  41:     0x560c370a4465 - test::run_test_in_process::{{closure}}::h229c1a11a50b261f
                               at /rustc/1159e78c4747b02ef996e55082b704c09b970588/library/test/src/lib.rs:671:74
  42:     0x560c370a4465 - <core::panic::unwind_safe::AssertUnwindSafe<F> as core::ops::function::FnOnce<()>>::call_once::h78821afbf97b39a9
                               at /rustc/1159e78c4747b02ef996e55082b704c09b970588/library/core/src/panic/unwind_safe.rs:272:9
  43:     0x560c370a4465 - std::panicking::catch_unwind::do_call::h53abf3ed5bd32ba3
                               at /rustc/1159e78c4747b02ef996e55082b704c09b970588/library/std/src/panicking.rs:589:40
  44:     0x560c370a4465 - std::panicking::catch_unwind::h6deb5fe1e91873c9
                               at /rustc/1159e78c4747b02ef996e55082b704c09b970588/library/std/src/panicking.rs:552:19
  45:     0x560c370a4465 - std::panic::catch_unwind::hea0829b6b565654b
                               at /rustc/1159e78c4747b02ef996e55082b704c09b970588/library/std/src/panic.rs:359:14
  46:     0x560c370a4465 - test::run_test_in_process::hdc44dfecea3db21b
                               at /rustc/1159e78c4747b02ef996e55082b704c09b970588/library/test/src/lib.rs:671:27
  47:     0x560c370a4465 - test::run_test::{{closure}}::h0364ba59bf23f652
                               at /rustc/1159e78c4747b02ef996e55082b704c09b970588/library/test/src/lib.rs:592:43
  48:     0x560c37068064 - test::run_test::{{closure}}::h32730b304eec05da
                               at /rustc/1159e78c4747b02ef996e55082b704c09b970588/library/test/src/lib.rs:622:41
  49:     0x560c37068064 - std::sys::backtrace::__rust_begin_short_backtrace::h177cb952fc54ad2c
                               at /rustc/1159e78c4747b02ef996e55082b704c09b970588/library/std/src/sys/backtrace.rs:158:18
  50:     0x560c3706ba3a - std::thread::Builder::spawn_unchecked_::{{closure}}::{{closure}}::h119d903520007597
                               at /rustc/1159e78c4747b02ef996e55082b704c09b970588/library/std/src/thread/mod.rs:559:17
  51:     0x560c3706ba3a - <core::panic::unwind_safe::AssertUnwindSafe<F> as core::ops::function::FnOnce<()>>::call_once::hab88401d606702a6
                               at /rustc/1159e78c4747b02ef996e55082b704c09b970588/library/core/src/panic/unwind_safe.rs:272:9
  52:     0x560c3706ba3a - std::panicking::catch_unwind::do_call::h163fe12cca9901c2
                               at /rustc/1159e78c4747b02ef996e55082b704c09b970588/library/std/src/panicking.rs:589:40
  53:     0x560c3706ba3a - std::panicking::catch_unwind::he81557d0e17cc1bc
                               at /rustc/1159e78c4747b02ef996e55082b704c09b970588/library/std/src/panicking.rs:552:19
  54:     0x560c3706ba3a - std::panic::catch_unwind::hc2b8e79c20593955
                               at /rustc/1159e78c4747b02ef996e55082b704c09b970588/library/std/src/panic.rs:359:14
  55:     0x560c3706ba3a - std::thread::Builder::spawn_unchecked_::{{closure}}::hfa6b4978e07815cc
                               at /rustc/1159e78c4747b02ef996e55082b704c09b970588/library/std/src/thread/mod.rs:557:30
  56:     0x560c3706ba3a - core::ops::function::FnOnce::call_once{{vtable.shim}}::hddcd7484a13fd793
                               at /rustc/1159e78c4747b02ef996e55082b704c09b970588/library/core/src/ops/function.rs:253:5
  57:     0x560c3cf5aaef - <alloc::boxed::Box<F,A> as core::ops::function::FnOnce<Args>>::call_once::h5924238c754de3b8
                               at /rustc/1159e78c4747b02ef996e55082b704c09b970588/library/alloc/src/boxed.rs:1971:9
  58:     0x560c3cf5aaef - std::sys::pal::unix::thread::Thread::new::thread_start::hb6e99e73da4d28f8
                               at /rustc/1159e78c4747b02ef996e55082b704c09b970588/library/std/src/sys/pal/unix/thread.rs:107:17
  59:     0x7f142f00d1ca - start_thread
  60:     0x7f142f4768d3 - __GI___clone
  61:                0x0 - <unknown>
[0m
[31;1m        FAIL[0m [  62.110s] [35;1mapollo-router::samples[0m [34;1m/enterprise/entity-cache/invalidation-entity-key[0m

[31;1m--- [0m[31;1mSTDOUT:              [0m[35;1mapollo-router::samples[0m [34;1m/enterprise/entity-cache/invalidation-entity-key[0m[31;1m ---[0m

running 1 test
[2m2025-11-13T03:17:20.998132Z[0m [32m INFO[0m Loading supergraph from file
test at path: "/root/project/apollo-router/tests/samples/enterprise/entity-cache/invalidation-entity-key"
# Entity cache invalidation

This tests entity cache invalidation based on entity keys. This is the expected process:
- a query is sent to the router, for which multiple entities will be requested
- we reload the subgraph with a mock mutation where the response has an extension to invalidate one of the entities
- we do the same query, we should see an `_entities` query that only requests that specific entity

============


subgraphs listening on http://127.0.0.1:40769/
got subgraph mocks: {"invalidation-entity-key-products": "http://127.0.0.1:40769/", "invalidation-entity-key-reviews": "http://127.0.0.1:40769/"}

query: {"query":"query InvalidationEntityKey { topProducts { reviews { body } } }"}

header: {}

response headers: {"cache-control": "max-age=10,public", "content-type": "application/json", "vary": "origin", "date": "Thu, 13 Nov 2025 03:17:22 GMT", "transfer-encoding": "chunked"}
reloading subgraphs with: {"invalidation-entity-key-reviews": Subgraph { snapshot: None, requests: Some([SubgraphRequestMock { request: HttpRequest { method: None, path: None, headers: {}, body: Some(Object {"query": String("mutation InvalidationEntityKey__invalidation_entity_key_reviews__0 { invalidateProductReview }"), "operationName": String("InvalidationEntityKey__invalidation_entity_key_reviews__0")}) }, response: HttpResponse { status: None, headers: {"Content-Type": "application/json"}, body: Object {"data": Object {"invalidateProductReview": Number(1)}, "extensions": Object {"invalidation": Array [Object {"kind": String("entity"), "subgraph": String("invalidation-entity-key-reviews"), "type": String("Product"), "key": Object {"upc": String("1")}}]}} } }, SubgraphRequestMock { request: HttpRequest { method: None, path: None, headers: {}, body: Some(Object {"query": String("query InvalidationEntityKey__invalidation_entity_key_reviews__1($representations: [_Any!]!) { _entities(representations: $representations) { ... on Product { reviews { body } } } }"), "operationName": String("InvalidationEntityKey__invalidation_entity_key_reviews__1"), "variables": Object {"representations": Array [Object {"upc": String("1"), "__typename": String("Product")}]}}) }, response: HttpResponse { status: Some(500), headers: {"Cache-Control": "public, max-age=10", "Content-Type": "application/json"}, body: Object {} } }]) }}

query: {"query":"query InvalidationEntityKey { topProducts { reviews { body } } }"}

header: {}

response headers: {"cache-control": "max-age=10,public", "content-type": "application/json", "vary": "origin", "date": "Thu, 13 Nov 2025 03:17:22 GMT", "transfer-encoding": "chunked"}

query: {"query":"mutation InvalidationEntityKey { invalidateProductReview }"}

header: {}

response headers: {"cache-control": "no-store", "content-type": "application/json", "vary": "origin", "date": "Thu, 13 Nov 2025 03:17:22 GMT", "transfer-encoding": "chunked"}

query: {"query":"query InvalidationEntityKey { topProducts { reviews { body } } }"}

header: {}

[2m2025-11-13T03:18:23.045627Z[0m [32m INFO[0m Mock server shutting down
[2m2025-11-13T03:18:23.045621Z[0m [32m INFO[0m Mock server shutting down
[2m2025-11-13T03:18:23.045806Z[0m [32m INFO[0m Mock server shutting down
test /enterprise/entity-cache/invalidation-entity-key ... FAILED

failures:

---- /enterprise/entity-cache/invalidation-entity-key ----
test panicked: unable to send successful request to router, error sending request for url (http://127.0.0.1:43211/)


failures:
    /enterprise/entity-cache/invalidation-entity-key

test result: FAILED. 0 passed; 1 failed; 0 ignored; 0 measured; 17 filtered out; finished in 62.07s

[0m
[31;1m--- [0m[31;1mSTDERR:              [0m[35;1mapollo-router::samples[0m [34;1m/enterprise/entity-cache/invalidation-entity-key[0m[31;1m ---[0m

thread '<unnamed>' panicked at apollo-router/tests/./common.rs:950:25:
unable to send successful request to router, error sending request for url (http://127.0.0.1:43211/)
stack backtrace:
   0:     0x56151e309342 - std::backtrace_rs::backtrace::libunwind::trace::h2d45396358f41939
                               at /rustc/1159e78c4747b02ef996e55082b704c09b970588/library/std/src/../../backtrace/src/backtrace/libunwind.rs:117:9
   1:     0x56151e309342 - std::backtrace_rs::backtrace::trace_unsynchronized::hffcefc0b67f1d6e2
                               at /rustc/1159e78c4747b02ef996e55082b704c09b970588/library/std/src/../../backtrace/src/backtrace/mod.rs:66:14
   2:     0x56151e309342 - std::sys::backtrace::_print_fmt::hd72f71d23b436b92
                               at /rustc/1159e78c4747b02ef996e55082b704c09b970588/library/std/src/sys/backtrace.rs:66:9
   3:     0x56151e309342 - <std::sys::backtrace::BacktraceLock::print::DisplayBacktrace as core::fmt::Display>::fmt::hdcfcb6d4c8489523
                               at /rustc/1159e78c4747b02ef996e55082b704c09b970588/library/std/src/sys/backtrace.rs:39:26
   4:     0x56151e337fd3 - core::fmt::rt::Argument::fmt::h2c56b3114963061a
                               at /rustc/1159e78c4747b02ef996e55082b704c09b970588/library/core/src/fmt/rt.rs:173:76
   5:     0x56151e337fd3 - core::fmt::write::h8a494366950f23bb
                               at /rustc/1159e78c4747b02ef996e55082b704c09b970588/library/core/src/fmt/mod.rs:1468:25
   6:     0x56151e3043e3 - std::io::default_write_fmt::ha27fbccbc65eb6fa
                               at /rustc/1159e78c4747b02ef996e55082b704c09b970588/library/std/src/io/mod.rs:639:11
   7:     0x56151e3043e3 - std::io::Write::write_fmt::h6556609fca33d0b1
                               at /rustc/1159e78c4747b02ef996e55082b704c09b970588/library/std/src/io/mod.rs:1954:13
   8:     0x56151e309192 - std::sys::backtrace::BacktraceLock::print::hb2a626a81e06b2dc
                               at /rustc/1159e78c4747b02ef996e55082b704c09b970588/library/std/src/sys/backtrace.rs:42:9
   9:     0x56151e30ac63 - std::panicking::default_hook::{{closure}}::h4f78485264f12d10
                               at /rustc/1159e78c4747b02ef996e55082b704c09b970588/library/std/src/panicking.rs:300:27
  10:     0x56151e30aa45 - std::panicking::default_hook::h2c66fc99e962531d
                               at /rustc/1159e78c4747b02ef996e55082b704c09b970588/library/std/src/panicking.rs:327:9
  11:     0x56151e30b675 - std::panicking::rust_panic_with_hook::h33ac55f64bbd807d
                               at /rustc/1159e78c4747b02ef996e55082b704c09b970588/library/std/src/panicking.rs:833:13
  12:     0x56151e30b40a - std::panicking::begin_panic_handler::{{closure}}::h30e7cb89678a57fe
                               at /rustc/1159e78c4747b02ef996e55082b704c09b970588/library/std/src/panicking.rs:706:13
  13:     0x56151e309849 - std::sys::backtrace::__rust_end_short_backtrace::hed60f27456c16ced
                               at /rustc/1159e78c4747b02ef996e55082b704c09b970588/library/std/src/sys/backtrace.rs:174:18
  14:     0x56151e30b09d - __rustc[de2ca18b4c54d5b8]::rust_begin_unwind
                               at /rustc/1159e78c4747b02ef996e55082b704c09b970588/library/std/src/panicking.rs:697:5
  15:     0x56151e334620 - core::panicking::panic_fmt::h62f63d096dd276af
                               at /rustc/1159e78c4747b02ef996e55082b704c09b970588/library/core/src/panicking.rs:75:14
  16:     0x5615198b7927 - samples::common::IntegrationTest::execute_query::{{closure}}::{{closure}}::h4cdb1a41a385ae63
                               at /root/project/apollo-router/tests/./common.rs:950:25
  17:     0x5615198a224e - <tracing_futures::Instrumented<T> as core::future::future::Future>::poll::hc20a62a39bbfdb14
                               at /root/.cargo/registry/src/index.crates.io-1949cf8c6b5b557f/tracing-futures-0.2.5/src/lib.rs:283:20
  18:     0x5615198b699f - samples::common::IntegrationTest::execute_query::{{closure}}::hbdf2861d1befce12
                               at /root/project/apollo-router/tests/./common.rs:955:14
  19:     0x5615198a232d - <tracing_futures::WithDispatch<T> as core::future::future::Future>::poll::{{closure}}::h26bc4947571123d5
                               at /root/.cargo/registry/src/index.crates.io-1949cf8c6b5b557f/tracing-futures-0.2.5/src/lib.rs:455:54
  20:     0x5615198f56a1 - tracing_core::dispatcher::with_default::hf826dbbf9235c397
                               at /root/.cargo/registry/src/index.crates.io-1949cf8c6b5b557f/tracing-core-0.1.34/src/dispatcher.rs:262:5
  21:     0x5615198a22fa - <tracing_futures::WithDispatch<T> as core::future::future::Future>::poll::h53c9d136bf941389
                               at /root/.cargo/registry/src/index.crates.io-1949cf8c6b5b557f/tracing-futures-0.2.5/src/lib.rs:455:9
  22:     0x561519756f11 - samples::TestExecution::request::{{closure}}::h5494a4ffb76014f5
                               at /root/project/apollo-router/tests/samples_tests.rs:567:14
  23:     0x56151974d131 - samples::TestExecution::execute_action::{{closure}}::hadf2eda4754bbd71
                               at /root/project/apollo-router/tests/samples_tests.rs:238:18
  24:     0x56151974be91 - samples::test::{{closure}}::h5658603f564d5271
                               at /root/project/apollo-router/tests/samples_tests.rs:157:67
  25:     0x5615197c3f99 - <core::panic::unwind_safe::AssertUnwindSafe<F> as core::future::future::Future>::poll::h2429b5aa83457c90
                               at /rustc/1159e78c4747b02ef996e55082b704c09b970588/library/core/src/panic/unwind_safe.rs:297:9
  26:     0x56151984bf0d - <futures_util::future::future::catch_unwind::CatchUnwind<Fut> as core::future::future::Future>::poll::{{closure}}::h7a49f7a8dcf3a6e8
                               at /root/.cargo/registry/src/index.crates.io-1949cf8c6b5b557f/futures-util-0.3.31/src/future/future/catch_unwind.rs:37:44
  27:     0x5615197c525a - <core::panic::unwind_safe::AssertUnwindSafe<F> as core::ops::function::FnOnce<()>>::call_once::h7bc97815947155d3
                               at /rustc/1159e78c4747b02ef996e55082b704c09b970588/library/core/src/panic/unwind_safe.rs:272:9
  28:     0x561519825c73 - std::panicking::catch_unwind::do_call::hdda07ffe9ed578b4
                               at /rustc/1159e78c4747b02ef996e55082b704c09b970588/library/std/src/panicking.rs:589:40
  29:     0x56151985f69b - __rust_try
  30:     0x56151984fac4 - std::panicking::catch_unwind::h4d5bb97086844532
                               at /rustc/1159e78c4747b02ef996e55082b704c09b970588/library/std/src/panicking.rs:552:19
  31:     0x56151984fac4 - std::panic::catch_unwind::h7f7ac0f88a56779f
                               at /rustc/1159e78c4747b02ef996e55082b704c09b970588/library/std/src/panic.rs:359:14
  32:     0x56151984be62 - <futures_util::future::future::catch_unwind::CatchUnwind<Fut> as core::future::future::Future>::poll::ha26ba356a1331f16
                               at /root/.cargo/registry/src/index.crates.io-1949cf8c6b5b557f/futures-util-0.3.31/src/future/future/catch_unwind.rs:37:9
  33:     0x5615197e5b7b - <core::pin::Pin<P> as core::future::future::Future>::poll::hb983550cacc9d040
                               at /rustc/1159e78c4747b02ef996e55082b704c09b970588/library/core/src/future/future.rs:133:9
  34:     0x56151988372b - tokio::runtime::park::CachedParkThread::block_on::{{closure}}::h46e0f59366e95435
                               at /root/.cargo/registry/src/index.crates.io-1949cf8c6b5b557f/tokio-1.48.0/src/runtime/park.rs:285:71
  35:     0x5615198827af - tokio::task::coop::with_budget::h4682aed31809e3f3
                               at /root/.cargo/registry/src/index.crates.io-1949cf8c6b5b557f/tokio-1.48.0/src/task/coop/mod.rs:167:5
  36:     0x5615198827af - tokio::task::coop::budget::h99745de22071ff36
                               at /root/.cargo/registry/src/index.crates.io-1949cf8c6b5b557f/tokio-1.48.0/src/task/coop/mod.rs:133:5
  37:     0x5615198827af - tokio::runtime::park::CachedParkThread::block_on::h4daba8a376f578a7
                               at /root/.cargo/registry/src/index.crates.io-1949cf8c6b5b557f/tokio-1.48.0/src/runtime/park.rs:285:31
  38:     0x561519874a9f - tokio::runtime::context::blocking::BlockingRegionGuard::block_on::h5a0e176aa775d505
                               at /root/.cargo/registry/src/index.crates.io-1949cf8c6b5b557f/tokio-1.48.0/src/runtime/context/blocking.rs:66:14
  39:     0x561519874eaf - tokio::runtime::scheduler::multi_thread::MultiThread::block_on::{{closure}}::h76d060983cb0761d
                               at /root/.cargo/registry/src/index.crates.io-1949cf8c6b5b557f/tokio-1.48.0/src/runtime/scheduler/multi_thread/mod.rs:87:22
  40:     0x56151988a43a - tokio::runtime::context::runtime::enter_runtime::h93a6bf4f6270fdb3
                               at /root/.cargo/registry/src/index.crates.io-1949cf8c6b5b557f/tokio-1.48.0/src/runtime/context/runtime.rs:65:16
  41:     0x561519874d57 - tokio::runtime::scheduler::multi_thread::MultiThread::block_on::h63ced914378e3429
                               at /root/.cargo/registry/src/index.crates.io-1949cf8c6b5b557f/tokio-1.48.0/src/runtime/scheduler/multi_thread/mod.rs:86:9
  42:     0x561519830fa2 - tokio::runtime::runtime::Runtime::block_on_inner::hc86e7aaa7f33158d
                               at /root/.cargo/registry/src/index.crates.io-1949cf8c6b5b557f/tokio-1.48.0/src/runtime/runtime.rs:370:50
  43:     0x56151983163c - tokio::runtime::runtime::Runtime::block_on::h33ecad46a724a928
                               at /root/.cargo/registry/src/index.crates.io-1949cf8c6b5b557f/tokio-1.48.0/src/runtime/runtime.rs:340:18
  44:     0x56151974babc - samples::test::h4c3c68ca347ff333
                               at /root/project/apollo-router/tests/samples_tests.rs:153:21
  45:     0x56151974b41c - samples::lookup_dir::{{closure}}::h9904b78d14f63cf8
                               at /root/project/apollo-router/tests/samples_tests.rs:132:54
  46:     0x561519805cca - libtest_mimic::Trial::test::{{closure}}::hf00bd4ce13c9923e
                               at /root/.cargo/registry/src/index.crates.io-1949cf8c6b5b557f/libtest-mimic-0.8.1/src/lib.rs:119:54
  47:     0x561519860646 - core::ops::function::FnOnce::call_once{{vtable.shim}}::h99c54dbb83e01843
                               at /rustc/1159e78c4747b02ef996e55082b704c09b970588/library/core/src/ops/function.rs:253:5
  48:     0x56151e1905bd - <alloc::boxed::Box<F,A> as core::ops::function::FnOnce<Args>>::call_once::h539b60f61d483980
                               at /rustc/1159e78c4747b02ef996e55082b704c09b970588/library/alloc/src/boxed.rs:1971:9
  49:     0x56151e17e8b0 - libtest_mimic::run_single::{{closure}}::h35ae4807efc9c6f0
                               at /root/.cargo/registry/src/index.crates.io-1949cf8c6b5b557f/libtest-mimic-0.8.1/src/lib.rs:576:43
  50:     0x56151e1967a0 - <core::panic::unwind_safe::AssertUnwindSafe<F> as core::ops::function::FnOnce<()>>::call_once::h5e950f644f6ec83b
                               at /rustc/1159e78c4747b02ef996e55082b704c09b970588/library/core/src/panic/unwind_safe.rs:272:9
  51:     0x56151e19ada1 - std::panicking::catch_unwind::do_call::hf9e2143ee7dfb2c6
                               at /rustc/1159e78c4747b02ef996e55082b704c09b970588/library/std/src/panicking.rs:589:40
  52:     0x56151e16259b - __rust_try
  53:     0x56151e15d9d7 - std::panicking::catch_unwind::hb30dd09f21f59a89
                               at /rustc/1159e78c4747b02ef996e55082b704c09b970588/library/std/src/panicking.rs:552:19
  54:     0x56151e15d9d7 - std::panic::catch_unwind::h9964d6a5e820f006
                               at /rustc/1159e78c4747b02ef996e55082b704c09b970588/library/std/src/panic.rs:359:14
  55:     0x56151e17e861 - libtest_mimic::run_single::h49a32d72ab580a33
                               at /root/.cargo/registry/src/index.crates.io-1949cf8c6b5b557f/libtest-mimic-0.8.1/src/lib.rs:576:5
  56:     0x56151e17e5f6 - libtest_mimic::run::{{closure}}::{{closure}}::h6002599c058d702d
                               at /root/.cargo/registry/src/index.crates.io-1949cf8c6b5b557f/libtest-mimic-0.8.1/src/lib.rs:531:43
  57:     0x56151e15d966 - std::sys::backtrace::__rust_begin_short_backtrace::hd4a35897796dc8c0
                               at /rustc/1159e78c4747b02ef996e55082b704c09b970588/library/std/src/sys/backtrace.rs:158:18
  58:     0x56151e192392 - std::thread::Builder::spawn_unchecked_::{{closure}}::{{closure}}::hf398193470edf921
                               at /rustc/1159e78c4747b02ef996e55082b704c09b970588/library/std/src/thread/mod.rs:559:17
  59:     0x56151e1967d1 - <core::panic::unwind_safe::AssertUnwindSafe<F> as core::ops::function::FnOnce<()>>::call_once::h96c0bec8f218bd8c
                               at /rustc/1159e78c4747b02ef996e55082b704c09b970588/library/core/src/panic/unwind_safe.rs:272:9
  60:     0x56151e19ad20 - std::panicking::catch_unwind::do_call::h7a128ccfa2f83014
                               at /rustc/1159e78c4747b02ef996e55082b704c09b970588/library/std/src/panicking.rs:589:40
  61:     0x56151e19371b - __rust_try
  62:     0x56151e191f81 - std::panicking::catch_unwind::h86f43b3d68e40336
                               at /rustc/1159e78c4747b02ef996e55082b704c09b970588/library/std/src/panicking.rs:552:19
  63:     0x56151e191f81 - std::panic::catch_unwind::h5835dfc914b82508
                               at /rustc/1159e78c4747b02ef996e55082b704c09b970588/library/std/src/panic.rs:359:14
  64:     0x56151e191f81 - std::thread::Builder::spawn_unchecked_::{{closure}}::h289bceba9f3d1f5f
                               at /rustc/1159e78c4747b02ef996e55082b704c09b970588/library/std/src/thread/mod.rs:557:30
  65:     0x56151e18d63f - core::ops::function::FnOnce::call_once{{vtable.shim}}::h589dc32921c38de7
                               at /rustc/1159e78c4747b02ef996e55082b704c09b970588/library/core/src/ops/function.rs:253:5
  66:     0x56151e30edff - <alloc::boxed::Box<F,A> as core::ops::function::FnOnce<Args>>::call_once::h5924238c754de3b8
                               at /rustc/1159e78c4747b02ef996e55082b704c09b970588/library/alloc/src/boxed.rs:1971:9
  67:     0x56151e30edff - std::sys::pal::unix::thread::Thread::new::thread_start::hb6e99e73da4d28f8
                               at /rustc/1159e78c4747b02ef996e55082b704c09b970588/library/std/src/sys/pal/unix/thread.rs:107:17
  68:     0x7ff5b90ab1ca - start_thread
  69:     0x7ff5b95148d3 - __GI___clone
  70:                0x0 - <unknown>
[0m
[31;1m        FAIL[0m [   2.052s] [35;1mapollo-router::samples[0m [34;1m/enterprise/progressive-override/basic[0m

[31;1m--- [0m[31;1mSTDOUT:              [0m[35;1mapollo-router::samples[0m [34;1m/enterprise/progressive-override/basic[0m[31;1m ---[0m

running 1 test
[2m2025-11-13T03:17:21.152940Z[0m [32m INFO[0m Loading supergraph from file
[2m2025-11-13T03:17:23.143614Z[0m [32m INFO[0m Mock server shutting down
[2m2025-11-13T03:17:23.143650Z[0m [32m INFO[0m Mock server shutting down
[2m2025-11-13T03:17:23.143654Z[0m [32m INFO[0m Mock server shutting down
test /enterprise/progressive-override/basic ... FAILED

failures:

---- /enterprise/progressive-override/basic ----
test at path: "/root/project/apollo-router/tests/samples/enterprise/progressive-override/basic"
# Progressive override

This tests subgraph field migration: https://www.apollographql.com/docs/federation/entities/migrate-fields/

============


subgraphs listening on http://127.0.0.1:44449/
got subgraph mocks: {"Subgraph1": "http://127.0.0.1:44449/", "Subgraph2": "http://127.0.0.1:44449/"}

query: {"query":"query progressive1 { percent100 { foo } }"}

header: {"apollo-expose-query-plan": "false"}

response headers: {"content-type": "application/json", "vary": "origin", "date": "Thu, 13 Nov 2025 03:17:22 GMT", "transfer-encoding": "chunked"}

query: {"query":"query progressive2 { percent0 { foo } }"}

header: {}

response headers: {"content-type": "application/json", "vary": "origin", "date": "Thu, 13 Nov 2025 03:17:22 GMT", "transfer-encoding": "chunked"}
Will reload config, subgraphs received requests:
	method: POST
	path: http://localhost/
	{"query":"query progressive1__Subgraph1__0 { percent100 { __typename id } }","operationName":"progressive1__Subgraph1__0"}

	method: POST
	path: http://localhost/
	{"query":"query progressive1__Subgraph2__1($representations: [_Any!]!) { _entities(representations: $representations) { ... on T { foo } } }","operationName":"progressive1__Subgraph2__1","variables":{"representations":[{"__typename":"T","id":"1"}]}}

	method: POST
	path: http://localhost/
	{"query":"query progressive2__Subgraph2__0 { percent0 { foo } }","operationName":"progressive2__Subgraph2__0"}

reloading subgraphs with: {"Subgraph1": Subgraph { snapshot: None, requests: Some([SubgraphRequestMock { request: HttpRequest { method: None, path: None, headers: {}, body: Some(Object {"query": String("query progressive3__Subgraph1__0 { percent100 { __typename id } }"), "operationName": String("progressive3__Subgraph1__0")}) }, response: HttpResponse { status: None, headers: {}, body: Object {"data": Object {"percent100": Object {"__typename": String("T"), "id": String("1")}}} } }, SubgraphRequestMock { request: HttpRequest { method: None, path: None, headers: {}, body: Some(Object {"query": String("query progressive4__Subgraph1__0 { percent100 { bar } }"), "operationName": String("progressive4__Subgraph1__0")}) }, response: HttpResponse { status: None, headers: {}, body: Object {"data": Object {"percent100": Object {"bar": Number(2)}}} } }]) }, "Subgraph2": Subgraph { snapshot: None, requests: Some([SubgraphRequestMock { request: HttpRequest { method: None, path: None, headers: {}, body: Some(Object {"query": String("query progressive3__Subgraph2__1($representations: [_Any!]!) { _entities(representations: $representations) { ... on T { bar } } }"), "operationName": String("progressive3__Subgraph2__1"), "variables": Object {"representations": Array [Object {"__typename": String("T"), "id": String("1")}]}}) }, response: HttpResponse { status: None, headers: {}, body: Object {"data": Object {"_entities": Array [Object {"bar": Number(1)}]}} } }]) }}

query: {"query":"query progressive3 { percent100 { bar } }"}

header: {"apollo-expose-query-plan": "false"}

response headers: {"content-type": "application/json", "vary": "origin", "date": "Thu, 13 Nov 2025 03:17:23 GMT", "transfer-encoding": "chunked"}

query: {"query":"query progressive4 { percent100 { bar } }"}

header: {"apollo-expose-query-plan": "false", "x-override": "true"}

response headers: {"content-type": "application/json", "vary": "origin", "date": "Thu, 13 Nov 2025 03:17:23 GMT", "transfer-encoding": "chunked"}
subgraphs received requests:
	method: POST
	path: http://localhost/
	{"query":"query progressive3__Subgraph1__0 { percent100 { __typename id } }","operationName":"progressive3__Subgraph1__0"}

	method: POST
	path: http://localhost/
	{"query":"query progressive3__Subgraph2__1($representations: [_Any!]!) { _entities(representations: $representations) { ... on T { bar } } }","operationName":"progressive3__Subgraph2__1","variables":{"representations":[{"__typename":"T","id":"1"}]}}

	method: POST
	path: http://localhost/
	{"query":"query progressive4__Subgraph1__0 { percent100 { __typename id } }","operationName":"progressive4__Subgraph1__0"}

assertion `left == right` failed
expected: {"data":{"percent100":{"bar":2}}}
received: {"data":{"percent100":null},"errors":[{"message":"HTTP fetch failed from 'Subgraph1': 404: Not Found","path":[],"extensions":{"code":"SUBREQUEST_HTTP_ERROR","service":"Subgraph1","reason":"404: Not Found","http":{"status":404}}},{"message":"HTTP fetch failed from 'Subgraph1': subgraph response does not contain 'content-type' header; expected content-type: application/json or content-type: application/graphql-response+json","path":[],"extensions":{"code":"SUBREQUEST_HTTP_ERROR","service":"Subgraph1","reason":"subgraph response does not contain 'content-type' header; expected content-type: application/json or content-type: application/graphql-response+json","http":{"status":404}}}]}



failures:
    /enterprise/progressive-override/basic

test result: FAILED. 0 passed; 1 failed; 0 ignored; 0 measured; 17 filtered out; finished in 2.02s

[0m
[31;1merror[0m: test run failed
Error: cargo command failed

Stack backtrace:
   0: anyhow::error::<impl anyhow::Error>::msg
             at /root/.cargo/registry/src/index.crates.io-1949cf8c6b5b557f/anyhow-1.0.100/src/backtrace.rs:27:14
   1: anyhow::__private::format_err
             at /root/.cargo/registry/src/index.crates.io-1949cf8c6b5b557f/anyhow-1.0.100/src/lib.rs:695:13
   2: xtask::commands::test::Test::run
             at ./xtask/src/commands/test.rs:72:13
   3: xtask::Xtask::run
             at ./xtask/src/main.rs:76:47
   4: xtask::main
             at ./xtask/src/main.rs:9:9
   5: core::ops::function::FnOnce::call_once
             at /rustc/1159e78c4747b02ef996e55082b704c09b970588/library/core/src/ops/function.rs:253:5
   6: std::sys::backtrace::__rust_begin_short_backtrace
             at /rustc/1159e78c4747b02ef996e55082b704c09b970588/library/std/src/sys/backtrace.rs:158:18
   7: std::rt::lang_start::{{closure}}
             at /rustc/1159e78c4747b02ef996e55082b704c09b970588/library/std/src/rt.rs:206:18
   8: core::ops::function::impls::<impl core::ops::function::FnOnce<A> for &F>::call_once
             at /rustc/1159e78c4747b02ef996e55082b704c09b970588/library/core/src/ops/function.rs:290:21
   9: std::panicking::catch_unwind::do_call
             at /rustc/1159e78c4747b02ef996e55082b704c09b970588/library/std/src/panicking.rs:589:40
  10: std::panicking::catch_unwind
             at /rustc/1159e78c4747b02ef996e55082b704c09b970588/library/std/src/panicking.rs:552:19
  11: std::panic::catch_unwind
             at /rustc/1159e78c4747b02ef996e55082b704c09b970588/library/std/src/panic.rs:359:14
  12: std::rt::lang_start_internal::{{closure}}
             at /rustc/1159e78c4747b02ef996e55082b704c09b970588/library/std/src/rt.rs:175:24
  13: std::panicking::catch_unwind::do_call
             at /rustc/1159e78c4747b02ef996e55082b704c09b970588/library/std/src/panicking.rs:589:40
  14: std::panicking::catch_unwind
             at /rustc/1159e78c4747b02ef996e55082b704c09b970588/library/std/src/panicking.rs:552:19
  15: std::panic::catch_unwind
             at /rustc/1159e78c4747b02ef996e55082b704c09b970588/library/std/src/panic.rs:359:14
  16: std::rt::lang_start_internal
             at /rustc/1159e78c4747b02ef996e55082b704c09b970588/library/std/src/rt.rs:171:5
  17: std::rt::lang_start
             at /rustc/1159e78c4747b02ef996e55082b704c09b970588/library/std/src/rt.rs:205:5
  18: main
  19: __libc_start_main
  20: _start
