---
source: apollo-router/src/plugins/progressive_override/tests.rs
assertion_line: 122
expression: "serde_json::to_value(overridden_response).unwrap()"
---
{
  "data": null,
  "extensions": {
    "apolloQueryPlan": {
      "object": {
        "kind": "QueryPlan",
        "node": {
          "kind": "Fetch",
          "serviceName": "Subgraph1",
          "variableUsages": [],
          "operation": "{t{a}}",
          "operationName": null,
          "operationKind": "query",
          "id": null,
          "inputRewrites": null,
          "outputRewrites": null,
          "schemaAwareHash": "ffe56a28bee71e070ae0109d52b949b888ca55fe93d6a0fb34a27fbed88e05de",
          "authorization": {
            "is_authenticated": false,
            "scopes": [],
            "policies": []
          }
        }
      },
      "text": "QueryPlan {\n  Fetch(service: \"Subgraph1\") {\n    {\n      t {\n        a\n      }\n    }\n  },\n}"
    }
  }
}
