---
source: apollo-federation/src/sources/connect/url_template.rs
expression: "URLTemplate::from_str(\"/users/{$this.id}?a={$config.b}#junk\")"
---
Ok(
    URLTemplate {
        base: None,
        path: [
            Component {
                parts: [
                    Text(
                        "users",
                    ),
                ],
            },
            Component {
                parts: [
                    Var(
                        VariableReference {
                            namespace: VariableNamespace {
                                namespace: $this,
                                location: 8..13,
                            },
                            path: [
                                VariablePathPart {
                                    part: "id",
                                    location: 14..16,
                                },
                            ],
                            location: 8..16,
                        },
                    ),
                ],
            },
        ],
        query: {
            Component {
                parts: [
                    Text(
                        "a",
                    ),
                ],
            }: Component {
                parts: [
                    Var(
                        VariableReference {
                            namespace: VariableNamespace {
                                namespace: $config,
                                location: 21..28,
                            },
                            path: [
                                VariablePathPart {
                                    part: "b",
                                    location: 29..30,
                                },
                            ],
                            location: 21..30,
                        },
                    ),
                    Text(
                        "#junk",
                    ),
                ],
            },
        },
    },
)
