---
source: apollo-federation/src/connectors/validation/mod.rs
expression: "format!(\"{:#?}\", result.errors)"
input_file: apollo-federation/src/connectors/validation/test_data/url_properties/invalid_mappings.graphql
---
[
    Message {
        code: InvalidUrlProperty,
        message: "In `@source(name: \"v1\")`, the `path` argument is not valid: nom::error::ErrorKind::Eof: .",
        locations: [
            6:38..6:39,
        ],
    },
    Message {
        code: InvalidUrlProperty,
        message: "In `@source(name: \"v1\")`, the `queryParams` argument is not valid: nom::error::ErrorKind::Eof: .",
        locations: [
            6:56..6:57,
        ],
    },
    Message {
        code: InvalidUrlProperty,
        message: "In `@connect` on `Query.resources`, the `path` argument is not valid: nom::error::ErrorKind::Eof: .",
        locations: [
            12:32..12:33,
        ],
    },
    Message {
        code: InvalidUrlProperty,
        message: "In `@connect` on `Query.resources`, the `queryParams` argument is not valid: nom::error::ErrorKind::Eof: .",
        locations: [
            12:50..12:51,
        ],
    },
]
