---
source: apollo-federation/src/connectors/validation/mod.rs
expression: result.errors
input_file: apollo-federation/src/connectors/validation/test_data/with_error.graphql
---
[
    Message {
        code: InvalidSelection,
        message: "`@connect(selection:)` on `Query.noArguments` contains an invalid mapping for field `status`: Method ->withError requires exactly one argument, got 0",
        locations: [
            54:23..54:32,
        ],
    },
    Message {
        code: InvalidSelection,
        message: "`@connect(selection:)` on `Query.tooManyArguments` contains an invalid mapping for field `status`: Method ->withError requires exactly one argument, got 2",
        locations: [
            66:23..66:32,
        ],
    },
]
