---
source: apollo-federation/src/connectors/validation/mod.rs
expression: "format!(\"{:#?}\", result.errors)"
input_file: apollo-federation/src/connectors/validation/test_data/denest_scalars.graphql
---
[
    Message {
        code: ConnectorsUnresolvedField,
        message: "No connector resolves field `Street.number`. It must have a `@connect` directive or appear in `@connect(selection:)`.",
        locations: [
            29:3..29:14,
        ],
    },
    Message {
        code: ConnectorsUnresolvedField,
        message: "No connector resolves field `Street.name`. It must have a `@connect` directive or appear in `@connect(selection:)`.",
        locations: [
            30:3..30:15,
        ],
    },
]
