---
source: apollo-router/src/configuration/metrics.rs
expression: "&metrics.metrics"
---
value.apollo.router.config.apq:
  - 0
  - opt__router__cache__in_memory__: "false"
    opt__router__cache__redis__: "false"
    opt__subgraph__: "false"
value.apollo.router.config.authentication.jwt:
  - 0
  - {}
value.apollo.router.config.authentication.sigv4:
  - 0
  - {}
value.apollo.router.config.authorization:
  - 1
  - opt__require_authentication__: "true"
value.apollo.router.config.coprocessor:
  - 0
  - opt__router__request__: "false"
    opt__router__response__: "false"
    opt__subgraph__request__: "false"
    opt__subgraph__response__: "false"
    opt__supergraph__request__: "false"
    opt__supergraph__response__: "false"
value.apollo.router.config.defer:
  - 0
  - {}
value.apollo.router.config.entities:
  - 0
  - opt__cache__: "false"
value.apollo.router.config.limits:
  - 0
  - opt__http_max_request_bytes__: "false"
    opt__max_aliases__: "false"
    opt__max_depth__: "false"
    opt__max_height__: "false"
    opt__max_root_fields__: "false"
    opt__parse__max_recursion__: "false"
    opt__parse__max_tokens__: "false"
    opt__warn_only__: "false"
value.apollo.router.config.persisted_queries:
  - 0
  - opt__log_unknown__: "false"
    opt__safelist__enabled__: "false"
    opt__safelist__require_id__: "false"
value.apollo.router.config.subscriptions:
  - 0
  - opt__deduplication__: "false"
    opt__max_opened_subscriptions__: "false"
    opt__mode__callback__: "false"
    opt__mode__passthrough__: "false"
    opt__queue_capacity__: "false"
value.apollo.router.config.telemetry:
  - 0
  - opt__metrics__otlp__: "false"
    opt__metrics__prometheus__: "false"
    opt__tracing__datadog__: "false"
    opt__tracing__jaeger__: "false"
    opt__tracing__otlp__: "false"
    opt__tracing__zipkin__: "false"
value.apollo.router.config.traffic_shaping:
  - 0
  - opt__router__rate_limit__: "false"
    opt__router__timout__: "false"
    opt__subgraph__compression__: "false"
    opt__subgraph__deduplicate_query__: "false"
    opt__subgraph__http2__: "false"
    opt__subgraph__rate_limit__: "false"
    opt__subgraph__retry__: "false"
    opt__subgraph__timeout__: "false"

