---
source: apollo-router/src/configuration/mod.rs
expression: error.to_string()
---
configuration had errors: 
1. /server

listeners:
  # The socket address and port to listen on
  # Defaults to 127.0.0.1:4000
  data: 127.0.0.1:4000
server:
┌   bad: "donotwork"
|   another_one: true
└-----> Additional properties are not allowed ('bad', 'another_one' were unexpected)
