---
source: apollo-router/src/configuration/mod.rs
assertion_line: 453
expression: config

---
server:
  listen: "1.2.3.4:5"
  cors: ~
subgraphs:
  example:
    routing_url: "http://foo/"
opentelemetry:
  otlp:
    tracing:
      exporter:
        grpc: ~
      trace_config: ~
spaceport: ~
graph: ~

