---
source: apollo-router/src/plugins/authorization/authenticated.rs
expression: "TestResult { query: QUERY2, result: doc, paths }"
---
query:

        query Anonymous {
            post(id: "1") {
              __typename
              ... on PublicBlog {
                __typename
                title
              }
            }
          }
        
filtered:
query Anonymous {
  post(id: "1") {
    __typename
    ... on PublicBlog {
      __typename
      title
    }
  }
}

paths: []
