---
source: apollo-router-core/src/services/query_parse/tests.rs
expression: graphql_error
---
message: "Invalid query format: Expected string, found number"
extensions:
  code: APOLLO_ROUTER_QUERY_PARSE_INVALID_FORMAT
  timestamp: "[timestamp]"
  service: apollo-router
  details:
    actualType: number
    errorType: INVALID_QUERY
    invalidReason: "Expected string, found number"
    isEmpty: false
