---
source: test-span/tests/tests.rs
assertion_line: 129
expression: logs

---
[
  {
    "entries": [
      [
        "message",
        "here i am!"
      ]
    ],
    "metadata": {
      "name": "event test-span/tests/tests.rs:153",
      "target": "tests::traced_span_tests",
      "level": "INFO",
      "module_path": "tests::traced_span_tests",
      "fields": {
        "names": [
          "message"
        ]
      }
    }
  },
  {
    "entries": [
      [
        "message",
        "here i am again!"
      ]
    ],
    "metadata": {
      "name": "event test-span/tests/tests.rs:171",
      "target": "tests::traced_span_tests",
      "level": "INFO",
      "module_path": "tests::traced_span_tests",
      "fields": {
        "names": [
          "message"
        ]
      }
    }
  },
  {
    "entries": [
      [
        "message",
        "in a separate context!"
      ]
    ],
    "metadata": {
      "name": "event test-span/tests/tests.rs:156",
      "target": "tests::traced_span_tests",
      "level": "WARN",
      "module_path": "tests::traced_span_tests",
      "fields": {
        "names": [
          "message"
        ]
      }
    }
  },
  {
    "entries": [
      [
        "number",
        52
      ]
    ],
    "metadata": {
      "name": "event test-span/tests/tests.rs:160",
      "target": "tests::traced_span_tests",
      "level": "INFO",
      "module_path": "tests::traced_span_tests",
      "fields": {
        "names": [
          "number"
        ]
      }
    }
  },
  {
    "entries": [
      [
        "message",
        "here i am!"
      ]
    ],
    "metadata": {
      "name": "event test-span/tests/tests.rs:153",
      "target": "tests::traced_span_tests",
      "level": "INFO",
      "module_path": "tests::traced_span_tests",
      "fields": {
        "names": [
          "message"
        ]
      }
    }
  },
  {
    "entries": [
      [
        "message",
        "here i am again!"
      ]
    ],
    "metadata": {
      "name": "event test-span/tests/tests.rs:171",
      "target": "tests::traced_span_tests",
      "level": "INFO",
      "module_path": "tests::traced_span_tests",
      "fields": {
        "names": [
          "message"
        ]
      }
    }
  },
  {
    "entries": [
      [
        "message",
        "in a separate context!"
      ]
    ],
    "metadata": {
      "name": "event test-span/tests/tests.rs:156",
      "target": "tests::traced_span_tests",
      "level": "WARN",
      "module_path": "tests::traced_span_tests",
      "fields": {
        "names": [
          "message"
        ]
      }
    }
  },
  {
    "entries": [
      [
        "number",
        52
      ]
    ],
    "metadata": {
      "name": "event test-span/tests/tests.rs:160",
      "target": "tests::traced_span_tests",
      "level": "INFO",
      "module_path": "tests::traced_span_tests",
      "fields": {
        "names": [
          "number"
        ]
      }
    }
  }
]
