---
source: apollo-router/src/plugins/telemetry/config_new/instruments.rs
description: Test server request body size metrics
expression: "&metrics.all()"
info:
  telemetry:
    instrumentation:
      instruments:
        router:
          http.server.active_requests: false
          http.server.request.duration: false
          http.server.request.body.size: true
---
- name: http.server.request.body.size
  data:
    datapoints:
      - sum: 35
        attributes:
          http.request.method: GET
          http.response.status_code: 200
