---
source: apollo-router/tests/integration/redis_response_cache.rs
expression: response
---
{
  "data": {
    "allProducts": [
      {
        "name": "Test",
        "createdBy": {
          "name": "test",
          "country": {
            "a": "France"
          }
        }
      }
    ]
  }
}
