---
source: apollo-router/tests/integration/redis.rs
expression: query_plan
---
{
  "kind": "Fetch",
  "serviceName": "products",
  "variableUsages": [],
  "operation": "{topProducts{name name2:name}}",
  "operationName": null,
  "operationKind": "query",
  "id": null,
  "inputRewrites": null,
  "outputRewrites": null,
  "contextRewrites": null,
  "schemaAwareHash": "d38dcce02eea33b3834447eefedabb09d3b14f3b01ad512e881f9e65137f0565",
  "authorization": {
    "is_authenticated": false,
    "scopes": [],
    "policies": []
  }
}
