---
source: apollo-federation/tests/composition/compose_misc.rs
assertion_line: 641
expression: supergraph.schema().schema()
---
schema @link(url: "https://specs.apollo.dev/link/v1.0") @link(url: "https://specs.apollo.dev/join/v0.3", for: EXECUTION) @link(url: "https://specs.apollo.dev/policy/v0.1", for: SECURITY) {
  query: Query
}

directive @link(url: String, as: String, for: link__Purpose, import: [link__Import]) repeatable on SCHEMA

directive @join__graph(name: String!, url: String!) on ENUM_VALUE

directive @join__type(graph: join__Graph!, key: join__FieldSet, extension: Boolean! = false, resolvable: Boolean! = true, isInterfaceObject: Boolean! = false) repeatable on OBJECT | INTERFACE | UNION | ENUM | INPUT_OBJECT | SCALAR

directive @join__field(graph: join__Graph, requires: join__FieldSet, provides: join__FieldSet, type: String, external: Boolean, override: String, usedOverridden: Boolean) repeatable on FIELD_DEFINITION | INPUT_FIELD_DEFINITION

directive @join__implements(graph: join__Graph!, interface: String!) repeatable on OBJECT | INTERFACE

directive @join__unionMember(graph: join__Graph!, member: String!) repeatable on UNION

directive @join__enumValue(graph: join__Graph!) repeatable on ENUM_VALUE

directive @policy(policies: [[policy__Policy!]!]!) on FIELD_DEFINITION | OBJECT | INTERFACE | SCALAR | ENUM

enum link__Purpose {
  """
  `SECURITY` features provide metadata necessary to securely resolve fields.
  """
  SECURITY
  """
  `EXECUTION` features provide metadata necessary for operation execution.
  """
  EXECUTION
}

scalar link__Import

enum join__Graph {
  ACCOUNTS @join__graph(name: "accounts", url: "http://accounts/graphql")
}

scalar join__FieldSet

scalar policy__Policy @join__type(graph: ACCOUNTS)

type Query @join__type(graph: ACCOUNTS) {
  user(id: ID!): Account
}

type Account @join__type(graph: ACCOUNTS, key: "id") {
  id: ID!
  rate: Float @policy(policies: [["view_rate"]])
}
