---
source: apollo-router/src/query_planner/tests.rs
expression: "serde_json::to_value(&response).unwrap()"
---
{
  "data": {
    "book": null
  },
  "extensions": {
    "valueCompletion": [
      {
        "message": "Null value found for non-nullable type ID",
        "path": [
          "book"
        ]
      }
    ]
  }
}
