---
source: apollo-router/src/query_planner/bridge_query_planner.rs
expression: plan.usage_reporting
---
{
  "statsReportKey": "# -\n{me{name{first last}}}",
  "referencedFieldsByType": {
    "Name": {
      "fieldNames": [
        "last",
        "first"
      ],
      "isInterface": false
    },
    "Query": {
      "fieldNames": [
        "me"
      ],
      "isInterface": false
    },
    "User": {
      "fieldNames": [
        "name"
      ],
      "isInterface": false
    }
  }
}
