---
source: apollo-router/src/query_planner/query_planner_service.rs
expression: plan.root
---
Fetch(
    FetchNode {
        service_name: "accounts",
        requires: [],
        variable_usages: [],
        operation: "{ me { name { first last } } }",
        operation_name: None,
        operation_kind: Query,
        id: None,
        input_rewrites: None,
        output_rewrites: None,
        context_rewrites: None,
        schema_aware_hash: QueryHash(
            "dbd4228815c128aba299f03cbfe235ecea859332ad07715fe5c554231011bba2",
        ),
        authorization: CacheKeyMetadata {
            is_authenticated: false,
            scopes: [],
            policies: [],
        },
    },
)
