---
source: apollo-router/tests/integration_tests.rs
assertion_line: 58
expression: get_span()

---
{
  "id": 0,
  "name": "root",
  "records": [
    [],
    null
  ],
  "children": {
    "apollo_router::apollo_router::execute - 10": {
      "id": 2251799813685249,
      "name": "apollo_router::apollo_router::execute",
      "records": [
        [
          [
            "operation_name",
            {
              "Debug": ""
            }
          ]
        ],
        {
          "name": "execute",
          "target": "apollo_router::apollo_router",
          "level": "DEBUG",
          "module_path": "apollo_router::apollo_router",
          "fields": {
            "names": [
              "operation_name"
            ]
          }
        }
      ],
      "children": {
        "apollo_router::apollo_router::execution - 11": {
          "id": 9007199254740994,
          "name": "apollo_router::apollo_router::execution",
          "records": [
            [],
            {
              "name": "execution",
              "target": "apollo_router::apollo_router",
              "level": "INFO",
              "module_path": "apollo_router::apollo_router",
              "fields": {
                "names": []
              }
            }
          ],
          "children": {
            "apollo_router_core::query_planner::fetch - 12": {
              "id": 3,
              "name": "apollo_router_core::query_planner::fetch",
              "records": [
                [],
                {
                  "name": "fetch",
                  "target": "apollo_router_core::query_planner",
                  "level": "INFO",
                  "module_path": "apollo_router_core::query_planner",
                  "fields": {
                    "names": []
                  }
                }
              ],
              "children": {
                "apollo_router_core::query_planner::fetch::subfetch - 13": {
                  "id": 4,
                  "name": "apollo_router_core::query_planner::fetch::subfetch",
                  "records": [
                    [
                      [
                        "service",
                        {
                          "Value": "products"
                        }
                      ]
                    ],
                    {
                      "name": "subfetch",
                      "target": "apollo_router_core::query_planner::fetch",
                      "level": "INFO",
                      "module_path": "apollo_router_core::query_planner::fetch",
                      "fields": {
                        "names": [
                          "service"
                        ]
                      }
                    }
                  ],
                  "children": {
                    "apollo_router::http_subgraph::http-subgraph-request - 14": {
                      "id": 5,
                      "name": "apollo_router::http_subgraph::http-subgraph-request",
                      "records": [
                        [],
                        {
                          "name": "http-subgraph-request",
                          "target": "apollo_router::http_subgraph",
                          "level": "TRACE",
                          "module_path": "apollo_router::http_subgraph",
                          "fields": {
                            "names": []
                          }
                        }
                      ],
                      "children": {
                        "reqwest_tracing::middleware::HTTP request - 15": {
                          "id": 6,
                          "name": "reqwest_tracing::middleware::HTTP request",
                          "records": [
                            [
                              [
                                "http.method",
                                {
                                  "Debug": "POST"
                                }
                              ],
                              [
                                "http.scheme",
                                {
                                  "Debug": "http"
                                }
                              ],
                              [
                                "http.host",
                                {
                                  "Debug": "localhost"
                                }
                              ],
                              [
                                "net.host.port",
                                {
                                  "Debug": "4003"
                                }
                              ],
                              [
                                "otel.kind",
                                {
                                  "Value": "client"
                                }
                              ],
                              [
                                "otel.name",
                                {
                                  "Debug": "POST /graphql"
                                }
                              ],
                              [
                                "otel.status_code",
                                {
                                  "Value": "OK"
                                }
                              ],
                              [
                                "http.status_code",
                                {
                                  "Value": 200
                                }
                              ],
                              [
                                "http.user_agent",
                                {
                                  "Value": ""
                                }
                              ]
                            ],
                            {
                              "name": "HTTP request",
                              "target": "reqwest_tracing::middleware",
                              "level": "INFO",
                              "module_path": "reqwest_tracing::middleware",
                              "fields": {
                                "names": [
                                  "http.method",
                                  "http.scheme",
                                  "http.host",
                                  "net.host.port",
                                  "otel.kind",
                                  "otel.name",
                                  "otel.status_code",
                                  "http.user_agent",
                                  "http.status_code",
                                  "error.message",
                                  "error.cause_chain"
                                ]
                              }
                            }
                          ],
                          "children": {}
                        }
                      }
                    }
                  }
                }
              }
            }
          }
        }
      }
    },
    "apollo_router::apollo_router::execute - 16": {
      "id": 2251799813685249,
      "name": "apollo_router::apollo_router::execute",
      "records": [
        [
          [
            "operation_name",
            {
              "Debug": ""
            }
          ]
        ],
        {
          "name": "execute",
          "target": "apollo_router::apollo_router",
          "level": "DEBUG",
          "module_path": "apollo_router::apollo_router",
          "fields": {
            "names": [
              "operation_name"
            ]
          }
        }
      ],
      "children": {
        "apollo_router::apollo_router::execution - 17": {
          "id": 9007199254740994,
          "name": "apollo_router::apollo_router::execution",
          "records": [
            [],
            {
              "name": "execution",
              "target": "apollo_router::apollo_router",
              "level": "INFO",
              "module_path": "apollo_router::apollo_router",
              "fields": {
                "names": []
              }
            }
          ],
          "children": {
            "apollo_router_core::query_planner::fetch - 18": {
              "id": 3,
              "name": "apollo_router_core::query_planner::fetch",
              "records": [
                [],
                {
                  "name": "fetch",
                  "target": "apollo_router_core::query_planner",
                  "level": "INFO",
                  "module_path": "apollo_router_core::query_planner",
                  "fields": {
                    "names": []
                  }
                }
              ],
              "children": {
                "apollo_router_core::query_planner::fetch::subfetch - 19": {
                  "id": 4,
                  "name": "apollo_router_core::query_planner::fetch::subfetch",
                  "records": [
                    [
                      [
                        "service",
                        {
                          "Value": "products"
                        }
                      ]
                    ],
                    {
                      "name": "subfetch",
                      "target": "apollo_router_core::query_planner::fetch",
                      "level": "INFO",
                      "module_path": "apollo_router_core::query_planner::fetch",
                      "fields": {
                        "names": [
                          "service"
                        ]
                      }
                    }
                  ],
                  "children": {
                    "apollo_router::http_subgraph::http-subgraph-request - 20": {
                      "id": 5,
                      "name": "apollo_router::http_subgraph::http-subgraph-request",
                      "records": [
                        [],
                        {
                          "name": "http-subgraph-request",
                          "target": "apollo_router::http_subgraph",
                          "level": "TRACE",
                          "module_path": "apollo_router::http_subgraph",
                          "fields": {
                            "names": []
                          }
                        }
                      ],
                      "children": {}
                    }
                  }
                }
              }
            }
          }
        }
      }
    },
    "apollo_router::apollo_router::execute - 21": {
      "id": 2251799813685249,
      "name": "apollo_router::apollo_router::execute",
      "records": [
        [
          [
            "operation_name",
            {
              "Debug": ""
            }
          ]
        ],
        {
          "name": "execute",
          "target": "apollo_router::apollo_router",
          "level": "DEBUG",
          "module_path": "apollo_router::apollo_router",
          "fields": {
            "names": [
              "operation_name"
            ]
          }
        }
      ],
      "children": {
        "apollo_router::apollo_router::execution - 22": {
          "id": 9007199254740994,
          "name": "apollo_router::apollo_router::execution",
          "records": [
            [],
            {
              "name": "execution",
              "target": "apollo_router::apollo_router",
              "level": "INFO",
              "module_path": "apollo_router::apollo_router",
              "fields": {
                "names": []
              }
            }
          ],
          "children": {
            "apollo_router_core::query_planner::fetch - 23": {
              "id": 3,
              "name": "apollo_router_core::query_planner::fetch",
              "records": [
                [],
                {
                  "name": "fetch",
                  "target": "apollo_router_core::query_planner",
                  "level": "INFO",
                  "module_path": "apollo_router_core::query_planner",
                  "fields": {
                    "names": []
                  }
                }
              ],
              "children": {
                "apollo_router_core::query_planner::fetch::subfetch - 24": {
                  "id": 4,
                  "name": "apollo_router_core::query_planner::fetch::subfetch",
                  "records": [
                    [
                      [
                        "service",
                        {
                          "Value": "products"
                        }
                      ]
                    ],
                    {
                      "name": "subfetch",
                      "target": "apollo_router_core::query_planner::fetch",
                      "level": "INFO",
                      "module_path": "apollo_router_core::query_planner::fetch",
                      "fields": {
                        "names": [
                          "service"
                        ]
                      }
                    }
                  ],
                  "children": {}
                }
              }
            }
          }
        }
      }
    },
    "apollo_router::apollo_router::execute - 25": {
      "id": 2251799813685249,
      "name": "apollo_router::apollo_router::execute",
      "records": [
        [
          [
            "operation_name",
            {
              "Debug": ""
            }
          ]
        ],
        {
          "name": "execute",
          "target": "apollo_router::apollo_router",
          "level": "DEBUG",
          "module_path": "apollo_router::apollo_router",
          "fields": {
            "names": [
              "operation_name"
            ]
          }
        }
      ],
      "children": {
        "apollo_router::apollo_router::execution - 26": {
          "id": 9007199254740994,
          "name": "apollo_router::apollo_router::execution",
          "records": [
            [],
            {
              "name": "execution",
              "target": "apollo_router::apollo_router",
              "level": "INFO",
              "module_path": "apollo_router::apollo_router",
              "fields": {
                "names": []
              }
            }
          ],
          "children": {
            "apollo_router_core::query_planner::fetch - 27": {
              "id": 3,
              "name": "apollo_router_core::query_planner::fetch",
              "records": [
                [],
                {
                  "name": "fetch",
                  "target": "apollo_router_core::query_planner",
                  "level": "INFO",
                  "module_path": "apollo_router_core::query_planner",
                  "fields": {
                    "names": []
                  }
                }
              ],
              "children": {
                "apollo_router_core::query_planner::fetch::response_insert - 28": {
                  "id": 2251799813685252,
                  "name": "apollo_router_core::query_planner::fetch::response_insert",
                  "records": [
                    [],
                    {
                      "name": "response_insert",
                      "target": "apollo_router_core::query_planner::fetch",
                      "level": "TRACE",
                      "module_path": "apollo_router_core::query_planner::fetch",
                      "fields": {
                        "names": []
                      }
                    }
                  ],
                  "children": {}
                }
              }
            }
          }
        }
      }
    },
    "apollo_router::apollo_router::execute - 29": {
      "id": 2251799813685249,
      "name": "apollo_router::apollo_router::execute",
      "records": [
        [
          [
            "operation_name",
            {
              "Debug": ""
            }
          ]
        ],
        {
          "name": "execute",
          "target": "apollo_router::apollo_router",
          "level": "DEBUG",
          "module_path": "apollo_router::apollo_router",
          "fields": {
            "names": [
              "operation_name"
            ]
          }
        }
      ],
      "children": {
        "apollo_router::apollo_router::execution - 30": {
          "id": 9007199254740994,
          "name": "apollo_router::apollo_router::execution",
          "records": [
            [],
            {
              "name": "execution",
              "target": "apollo_router::apollo_router",
              "level": "INFO",
              "module_path": "apollo_router::apollo_router",
              "fields": {
                "names": []
              }
            }
          ],
          "children": {
            "apollo_router_core::query_planner::fetch - 31": {
              "id": 3,
              "name": "apollo_router_core::query_planner::fetch",
              "records": [
                [],
                {
                  "name": "fetch",
                  "target": "apollo_router_core::query_planner",
                  "level": "INFO",
                  "module_path": "apollo_router_core::query_planner",
                  "fields": {
                    "names": []
                  }
                }
              ],
              "children": {}
            }
          }
        }
      }
    },
    "apollo_router::apollo_router::execute - 32": {
      "id": 2251799813685249,
      "name": "apollo_router::apollo_router::execute",
      "records": [
        [
          [
            "operation_name",
            {
              "Debug": ""
            }
          ]
        ],
        {
          "name": "execute",
          "target": "apollo_router::apollo_router",
          "level": "DEBUG",
          "module_path": "apollo_router::apollo_router",
          "fields": {
            "names": [
              "operation_name"
            ]
          }
        }
      ],
      "children": {
        "apollo_router::apollo_router::execution - 33": {
          "id": 9007199254740994,
          "name": "apollo_router::apollo_router::execution",
          "records": [
            [],
            {
              "name": "execution",
              "target": "apollo_router::apollo_router",
              "level": "INFO",
              "module_path": "apollo_router::apollo_router",
              "fields": {
                "names": []
              }
            }
          ],
          "children": {}
        }
      }
    },
    "apollo_router::apollo_router::execute - 34": {
      "id": 2251799813685249,
      "name": "apollo_router::apollo_router::execute",
      "records": [
        [
          [
            "operation_name",
            {
              "Debug": ""
            }
          ]
        ],
        {
          "name": "execute",
          "target": "apollo_router::apollo_router",
          "level": "DEBUG",
          "module_path": "apollo_router::apollo_router",
          "fields": {
            "names": [
              "operation_name"
            ]
          }
        }
      ],
      "children": {
        "apollo_router::apollo_router::format_response - 35": {
          "id": 11258999068426242,
          "name": "apollo_router::apollo_router::format_response",
          "records": [
            [],
            {
              "name": "format_response",
              "target": "apollo_router::apollo_router",
              "level": "DEBUG",
              "module_path": "apollo_router::apollo_router",
              "fields": {
                "names": []
              }
            }
          ],
          "children": {
            "apollo_router_core::spec::query::format_response - 36": {
              "id": 2251799813685251,
              "name": "apollo_router_core::spec::query::format_response",
              "records": [
                [
                  [
                    "errors",
                    {
                      "Debug": ""
                    }
                  ]
                ],
                {
                  "name": "format_response",
                  "target": "apollo_router_core::spec::query",
                  "level": "TRACE",
                  "module_path": "apollo_router_core::spec::query",
                  "fields": {
                    "names": [
                      "errors"
                    ]
                  }
                }
              ],
              "children": {}
            }
          }
        }
      }
    },
    "apollo_router::apollo_router::execute - 37": {
      "id": 2251799813685249,
      "name": "apollo_router::apollo_router::execute",
      "records": [
        [
          [
            "operation_name",
            {
              "Debug": ""
            }
          ]
        ],
        {
          "name": "execute",
          "target": "apollo_router::apollo_router",
          "level": "DEBUG",
          "module_path": "apollo_router::apollo_router",
          "fields": {
            "names": [
              "operation_name"
            ]
          }
        }
      ],
      "children": {
        "apollo_router::apollo_router::format_response - 38": {
          "id": 11258999068426242,
          "name": "apollo_router::apollo_router::format_response",
          "records": [
            [],
            {
              "name": "format_response",
              "target": "apollo_router::apollo_router",
              "level": "DEBUG",
              "module_path": "apollo_router::apollo_router",
              "fields": {
                "names": []
              }
            }
          ],
          "children": {}
        }
      }
    },
    "apollo_router::apollo_router::execute - 39": {
      "id": 2251799813685249,
      "name": "apollo_router::apollo_router::execute",
      "records": [
        [
          [
            "operation_name",
            {
              "Debug": ""
            }
          ]
        ],
        {
          "name": "execute",
          "target": "apollo_router::apollo_router",
          "level": "DEBUG",
          "module_path": "apollo_router::apollo_router",
          "fields": {
            "names": [
              "operation_name"
            ]
          }
        }
      ],
      "children": {}
    },
    "apollo_router::apollo_router::prepare_query - 1": {
      "id": 1,
      "name": "apollo_router::apollo_router::prepare_query",
      "records": [
        [],
        {
          "name": "prepare_query",
          "target": "apollo_router::apollo_router",
          "level": "DEBUG",
          "module_path": "apollo_router::apollo_router",
          "fields": {
            "names": []
          }
        }
      ],
      "children": {
        "apollo_router::apollo_router::query_parsing - 2": {
          "id": 2,
          "name": "apollo_router::apollo_router::query_parsing",
          "records": [
            [],
            {
              "name": "query_parsing",
              "target": "apollo_router::apollo_router",
              "level": "INFO",
              "module_path": "apollo_router::apollo_router",
              "fields": {
                "names": []
              }
            }
          ],
          "children": {}
        }
      }
    },
    "apollo_router::apollo_router::prepare_query - 3": {
      "id": 1,
      "name": "apollo_router::apollo_router::prepare_query",
      "records": [
        [],
        {
          "name": "prepare_query",
          "target": "apollo_router::apollo_router",
          "level": "DEBUG",
          "module_path": "apollo_router::apollo_router",
          "fields": {
            "names": []
          }
        }
      ],
      "children": {
        "apollo_router_core::spec::query::validate_variables - 4": {
          "id": 2251799813685250,
          "name": "apollo_router_core::spec::query::validate_variables",
          "records": [
            [],
            {
              "name": "validate_variables",
              "target": "apollo_router_core::spec::query",
              "level": "TRACE",
              "module_path": "apollo_router_core::spec::query",
              "fields": {
                "names": []
              }
            }
          ],
          "children": {}
        }
      }
    },
    "apollo_router::apollo_router::prepare_query - 5": {
      "id": 1,
      "name": "apollo_router::apollo_router::prepare_query",
      "records": [
        [],
        {
          "name": "prepare_query",
          "target": "apollo_router::apollo_router",
          "level": "DEBUG",
          "module_path": "apollo_router::apollo_router",
          "fields": {
            "names": []
          }
        }
      ],
      "children": {
        "apollo_router_core::query_planner::router_bridge_query_planner::plan - 6": {
          "id": 4503599627370498,
          "name": "apollo_router_core::query_planner::router_bridge_query_planner::plan",
          "records": [
            [],
            {
              "name": "plan",
              "target": "apollo_router_core::query_planner::router_bridge_query_planner",
              "level": "DEBUG",
              "module_path": "apollo_router_core::query_planner::router_bridge_query_planner",
              "fields": {
                "names": []
              }
            }
          ],
          "children": {}
        }
      }
    },
    "apollo_router::apollo_router::prepare_query - 7": {
      "id": 1,
      "name": "apollo_router::apollo_router::prepare_query",
      "records": [
        [],
        {
          "name": "prepare_query",
          "target": "apollo_router::apollo_router",
          "level": "DEBUG",
          "module_path": "apollo_router::apollo_router",
          "fields": {
            "names": []
          }
        }
      ],
      "children": {
        "apollo_router_core::query_planner::validate - 8": {
          "id": 6755399441055746,
          "name": "apollo_router_core::query_planner::validate",
          "records": [
            [],
            {
              "name": "validate",
              "target": "apollo_router_core::query_planner",
              "level": "DEBUG",
              "module_path": "apollo_router_core::query_planner",
              "fields": {
                "names": []
              }
            }
          ],
          "children": {}
        }
      }
    },
    "apollo_router::apollo_router::prepare_query - 9": {
      "id": 1,
      "name": "apollo_router::apollo_router::prepare_query",
      "records": [
        [],
        {
          "name": "prepare_query",
          "target": "apollo_router::apollo_router",
          "level": "DEBUG",
          "module_path": "apollo_router::apollo_router",
          "fields": {
            "names": []
          }
        }
      ],
      "children": {}
    },
    "apollo_router::http_subgraph::http-subgraph-request - 40": {
      "id": 4503599627370497,
      "name": "apollo_router::http_subgraph::http-subgraph-request",
      "records": [
        [],
        {
          "name": "http-subgraph-request",
          "target": "apollo_router::http_subgraph",
          "level": "TRACE",
          "module_path": "apollo_router::http_subgraph",
          "fields": {
            "names": []
          }
        }
      ],
      "children": {
        "reqwest_tracing::middleware::HTTP request - 41": {
          "id": 13510798882111490,
          "name": "reqwest_tracing::middleware::HTTP request",
          "records": [
            [
              [
                "http.method",
                {
                  "Debug": "POST"
                }
              ],
              [
                "http.scheme",
                {
                  "Debug": "http"
                }
              ],
              [
                "http.host",
                {
                  "Debug": "localhost"
                }
              ],
              [
                "net.host.port",
                {
                  "Debug": "4100"
                }
              ],
              [
                "otel.kind",
                {
                  "Value": "client"
                }
              ],
              [
                "otel.name",
                {
                  "Debug": "POST /graphql"
                }
              ],
              [
                "otel.status_code",
                {
                  "Value": "OK"
                }
              ],
              [
                "http.status_code",
                {
                  "Value": 200
                }
              ],
              [
                "http.user_agent",
                {
                  "Value": ""
                }
              ]
            ],
            {
              "name": "HTTP request",
              "target": "reqwest_tracing::middleware",
              "level": "INFO",
              "module_path": "reqwest_tracing::middleware",
              "fields": {
                "names": [
                  "http.method",
                  "http.scheme",
                  "http.host",
                  "net.host.port",
                  "otel.kind",
                  "otel.name",
                  "otel.status_code",
                  "http.user_agent",
                  "http.status_code",
                  "error.message",
                  "error.cause_chain"
                ]
              }
            }
          ],
          "children": {}
        }
      }
    },
    "apollo_router::http_subgraph::http-subgraph-request - 42": {
      "id": 4503599627370497,
      "name": "apollo_router::http_subgraph::http-subgraph-request",
      "records": [
        [],
        {
          "name": "http-subgraph-request",
          "target": "apollo_router::http_subgraph",
          "level": "TRACE",
          "module_path": "apollo_router::http_subgraph",
          "fields": {
            "names": []
          }
        }
      ],
      "children": {}
    }
  }
}
