---
source: apollo-router/tests/integration_tests.rs
assertion_line: 726
expression: second
---
{
  "hasNext": false,
  "incremental": [
    {
      "label": "author name",
      "data": {
        "name": "Ada Lovelace"
      },
      "path": [
        "me",
        "reviews",
        0,
        "author"
      ]
    },
    {
      "label": "author name",
      "data": {
        "name": "Ada Lovelace"
      },
      "path": [
        "me",
        "reviews",
        1,
        "author"
      ]
    }
  ]
}
