---
source: apollo-router/tests/set_context.rs
expression: response
---
{
  "data": null,
  "extensions": {
    "apolloQueryPlan": {
      "object": {
        "kind": "QueryPlan",
        "node": {
          "kind": "Sequence",
          "nodes": [
            {
              "authorization": {
                "is_authenticated": false,
                "policies": [],
                "scopes": []
              },
              "contextRewrites": null,
              "id": null,
              "inputRewrites": null,
              "kind": "Fetch",
              "operation": "query Query_fetch_dependent_failure__Subgraph1__0{t{__typename prop id u{__typename id}}}",
              "operationKind": "query",
              "operationName": "Query_fetch_dependent_failure__Subgraph1__0",
              "outputRewrites": null,
              "schemaAwareHash": "0b5e851f362b3b2b310df4e8c3f72e8062a2f940566cbc798873b27cd1be6fe3",
              "serviceName": "Subgraph1",
              "variableUsages": []
            },
            {
              "kind": "Flatten",
              "node": {
                "authorization": {
                  "is_authenticated": false,
                  "policies": [],
                  "scopes": []
                },
                "contextRewrites": [
                  {
                    "kind": "KeyRenamer",
                    "path": [
                      "..",
                      "... on T",
                      "prop"
                    ],
                    "renameKeyTo": "contextualArgument_1_0"
                  }
                ],
                "id": null,
                "inputRewrites": null,
                "kind": "Fetch",
                "operation": "query Query_fetch_dependent_failure__Subgraph1__1($representations:[_Any!]!$contextualArgument_1_0:String){_entities(representations:$representations){...on U{field(a:$contextualArgument_1_0)}}}",
                "operationKind": "query",
                "operationName": "Query_fetch_dependent_failure__Subgraph1__1",
                "outputRewrites": null,
                "requires": [
                  {
                    "kind": "InlineFragment",
                    "selections": [
                      {
                        "kind": "Field",
                        "name": "__typename"
                      },
                      {
                        "kind": "Field",
                        "name": "id"
                      }
                    ],
                    "typeCondition": "U"
                  }
                ],
                "schemaAwareHash": "e2f85c2dae4a2cdc237705789924e28e9b599958cc68ac564d8e0f4847b66bb5",
                "serviceName": "Subgraph1",
                "variableUsages": [
                  "contextualArgument_1_0"
                ]
              },
              "path": [
                "",
                "t",
                "u"
              ]
            }
          ]
        }
      },
      "text": "QueryPlan {\n  Sequence {\n    Fetch(service: \"Subgraph1\") {\n      {\n        t {\n          __typename\n          prop\n          id\n          u {\n            __typename\n            id\n          }\n        }\n      }\n    },\n    Flatten(path: \".t.u\") {\n      Fetch(service: \"Subgraph1\") {\n        {\n          ... on U {\n            __typename\n            id\n          }\n        } =>\n        {\n          ... on U {\n            field(a: $contextualArgument_1_0)\n          }\n        }\n      },\n    },\n  },\n}"
    },
    "valueCompletion": [
      {
        "message": "Cannot return null for non-nullable field Query.t",
        "path": []
      }
    ]
  }
}
