---
source: apollo-router/tests/set_context.rs
expression: response
---
{
  "data": {
    "t": {
      "id": "1",
      "uList": [
        {
          "field": 1234
        },
        {
          "field": 2345
        },
        {
          "field": 3456
        }
      ]
    }
  },
  "extensions": {
    "apolloQueryPlan": {
      "object": {
        "kind": "QueryPlan",
        "node": {
          "kind": "Sequence",
          "nodes": [
            {
              "authorization": {
                "is_authenticated": false,
                "policies": [],
                "scopes": []
              },
              "contextRewrites": null,
              "id": null,
              "inputRewrites": null,
              "kind": "Fetch",
              "operation": "query set_context_list_rust_qp__Subgraph1__0 { t { __typename prop id uList { __typename id } } }",
              "operationKind": "query",
              "operationName": "set_context_list_rust_qp__Subgraph1__0",
              "outputRewrites": null,
              "schemaAwareHash": "fd215e24828b3a7296abe901f843f68b525d8eaf35a019ac34a2198738c91230",
              "serviceName": "Subgraph1",
              "variableUsages": []
            },
            {
              "kind": "Flatten",
              "node": {
                "authorization": {
                  "is_authenticated": false,
                  "policies": [],
                  "scopes": []
                },
                "contextRewrites": [
                  {
                    "kind": "KeyRenamer",
                    "path": [
                      "..",
                      "... on T",
                      "prop"
                    ],
                    "renameKeyTo": "contextualArgument__Subgraph1_0"
                  }
                ],
                "id": null,
                "inputRewrites": null,
                "kind": "Fetch",
                "operation": "query set_context_list_rust_qp__Subgraph1__1($representations: [_Any!]!, $contextualArgument__Subgraph1_0: String) { _entities(representations: $representations) { ... on U { field(a: $contextualArgument__Subgraph1_0) } } }",
                "operationKind": "query",
                "operationName": "set_context_list_rust_qp__Subgraph1__1",
                "outputRewrites": null,
                "requires": [
                  {
                    "kind": "InlineFragment",
                    "selections": [
                      {
                        "kind": "Field",
                        "name": "__typename"
                      },
                      {
                        "kind": "Field",
                        "name": "id"
                      }
                    ],
                    "typeCondition": "U"
                  }
                ],
                "schemaAwareHash": "844bdb8f986849aeeefce8b72856ba0351091ce7f03b7e2cc0694071bf766b06",
                "serviceName": "Subgraph1",
                "variableUsages": [
                  "contextualArgument__Subgraph1_0"
                ]
              },
              "path": [
                "t",
                "uList",
                "@"
              ]
            }
          ]
        }
      },
      "text": "QueryPlan {\n  Sequence {\n    Fetch(service: \"Subgraph1\") {\n      {\n        t {\n          __typename\n          prop\n          id\n          uList {\n            __typename\n            id\n          }\n        }\n      }\n    },\n    Flatten(path: \"t.uList.@\") {\n      Fetch(service: \"Subgraph1\") {\n        {\n          ... on U {\n            __typename\n            id\n          }\n        } =>\n        {\n          ... on U {\n            field(a: $contextualArgument__Subgraph1_0)\n          }\n        }\n      },\n    },\n  },\n}"
    }
  }
}
