---
source: apollo-router/tests/set_context.rs
expression: response
---
{
  "data": null,
  "errors": [
    {
      "message": "Some error",
      "path": [
        "t",
        "u"
      ],
      "extensions": {
        "service": "Subgraph2"
      }
    },
    {
      "message": "Null value found for non-nullable type U",
      "path": [
        "t",
        "u"
      ],
      "extensions": {
        "code": "RESPONSE_VALIDATION_FAILED"
      }
    },
    {
      "message": "Null value found for non-nullable type T",
      "path": [
        "t"
      ],
      "extensions": {
        "code": "RESPONSE_VALIDATION_FAILED"
      }
    }
  ],
  "extensions": {
    "apolloQueryPlan": {
      "object": {
        "kind": "QueryPlan",
        "node": {
          "kind": "Sequence",
          "nodes": [
            {
              "authorization": {
                "is_authenticated": false,
                "policies": [],
                "scopes": []
              },
              "contextRewrites": null,
              "id": null,
              "inputRewrites": null,
              "kind": "Fetch",
              "operation": "query Query_fetch_failure__Subgraph1__0 { t { __typename prop id u { __typename id } } }",
              "operationKind": "query",
              "operationName": "Query_fetch_failure__Subgraph1__0",
              "outputRewrites": null,
              "schemaAwareHash": "cfe676250bb09f4df383ac0f29f617d677c26f5741dd8b103843d2b12b0aa8c4",
              "serviceName": "Subgraph1",
              "variableUsages": []
            },
            {
              "kind": "Parallel",
              "nodes": [
                {
                  "kind": "Flatten",
                  "node": {
                    "authorization": {
                      "is_authenticated": false,
                      "policies": [],
                      "scopes": []
                    },
                    "contextRewrites": [
                      {
                        "kind": "KeyRenamer",
                        "path": [
                          "..",
                          "... on T",
                          "prop"
                        ],
                        "renameKeyTo": "contextualArgument_1_0"
                      }
                    ],
                    "id": null,
                    "inputRewrites": null,
                    "kind": "Fetch",
                    "operation": "query Query_fetch_failure__Subgraph1__1($representations: [_Any!]!, $contextualArgument_1_0: String) { _entities(representations: $representations) { ... on U { field(a: $contextualArgument_1_0) } } }",
                    "operationKind": "query",
                    "operationName": "Query_fetch_failure__Subgraph1__1",
                    "outputRewrites": null,
                    "requires": [
                      {
                        "kind": "InlineFragment",
                        "selections": [
                          {
                            "kind": "Field",
                            "name": "__typename"
                          },
                          {
                            "kind": "Field",
                            "name": "id"
                          }
                        ],
                        "typeCondition": "U"
                      }
                    ],
                    "schemaAwareHash": "7984585ed204a346cdebc41e9095301bbe70515cfc519eaff5039b55a98d1434",
                    "serviceName": "Subgraph1",
                    "variableUsages": [
                      "contextualArgument_1_0"
                    ]
                  },
                  "path": [
                    "t",
                    "u"
                  ]
                },
                {
                  "kind": "Flatten",
                  "node": {
                    "authorization": {
                      "is_authenticated": false,
                      "policies": [],
                      "scopes": []
                    },
                    "contextRewrites": null,
                    "id": null,
                    "inputRewrites": null,
                    "kind": "Fetch",
                    "operation": "query Query_fetch_failure__Subgraph2__2($representations: [_Any!]!) { _entities(representations: $representations) { ... on U { b } } }",
                    "operationKind": "query",
                    "operationName": "Query_fetch_failure__Subgraph2__2",
                    "outputRewrites": null,
                    "requires": [
                      {
                        "kind": "InlineFragment",
                        "selections": [
                          {
                            "kind": "Field",
                            "name": "__typename"
                          },
                          {
                            "kind": "Field",
                            "name": "id"
                          }
                        ],
                        "typeCondition": "U"
                      }
                    ],
                    "schemaAwareHash": "369b9c8ec7b1af60c98b6c9b27f986ff9eab01bdc49951de5b648c3f0a99fc38",
                    "serviceName": "Subgraph2",
                    "variableUsages": []
                  },
                  "path": [
                    "t",
                    "u"
                  ]
                }
              ]
            }
          ]
        }
      },
      "text": "QueryPlan {\n  Sequence {\n    Fetch(service: \"Subgraph1\") {\n      {\n        t {\n          __typename\n          prop\n          id\n          u {\n            __typename\n            id\n          }\n        }\n      }\n    },\n    Parallel {\n      Flatten(path: \"t.u\") {\n        Fetch(service: \"Subgraph1\") {\n          {\n            ... on U {\n              __typename\n              id\n            }\n          } =>\n          {\n            ... on U {\n              field(a: $contextualArgument_1_0)\n            }\n          }\n        },\n      },\n      Flatten(path: \"t.u\") {\n        Fetch(service: \"Subgraph2\") {\n          {\n            ... on U {\n              __typename\n              id\n            }\n          } =>\n          {\n            ... on U {\n              b\n            }\n          }\n        },\n      },\n    },\n  },\n}"
    },
    "valueCompletion": [
      {
        "message": "Null value found for non-nullable type Int",
        "path": [
          "t",
          "u"
        ]
      },
      {
        "message": "Null value found for non-nullable type U",
        "path": [
          "t",
          "u"
        ]
      },
      {
        "message": "Null value found for non-nullable type T",
        "path": [
          "t"
        ]
      }
    ]
  }
}
