---
source: apollo-router/src/plugins/response_cache/tests.rs
expression: cache_keys
---
[
  {
    "invalidationKeys": [
      "currentUser"
    ],
    "kind": {
      "rootFields": [
        "currentUser"
      ]
    },
    "subgraphName": "user",
    "subgraphRequest": {
      "query": "{ currentUser { activeOrganization { __typename id } } }"
    },
    "status": "cached",
    "cacheControl": {
      "created": 0,
      "maxAge": 86400,
      "private": true
    },
    "data": {
      "data": {
        "currentUser": {
          "activeOrganization": {
            "__typename": "Organization",
            "id": "1"
          }
        }
      }
    }
  },
  {
    "invalidationKeys": [
      "organization",
      "organization-1"
    ],
    "kind": {
      "typename": "Organization",
      "entityKey": {
        "id": "1"
      }
    },
    "subgraphName": "orga",
    "subgraphRequest": {
      "query": "query($representations: [_Any!]!) { _entities(representations: $representations) { ... on Organization { creatorUser { __typename id } } } }",
      "variables": {
        "representations": []
      }
    },
    "status": "cached",
    "cacheControl": {
      "created": 0,
      "maxAge": 86400,
      "private": true
    },
    "data": {
      "creatorUser": {
        "__typename": "User",
        "id": 2
      }
    }
  }
]
