---
source: apollo-router/src/plugins/response_cache/tests.rs
expression: cache_keys
---
[
  {
    "key": "version:1.2:subgraph:user:type:Query:hash:85a339ee56dbbdc4b9275a69cac688a2e38a765929e974b1b1167f351dc58809:data:070af9367f9025bd796a1b7e0cd1335246f658aa4857c3a4d6284673b7d07fa6",
    "invalidationKeys": [
      "currentUser"
    ],
    "kind": {
      "rootFields": [
        "currentUser"
      ]
    },
    "subgraphName": "user",
    "subgraphRequest": {
      "query": "{ currentUser { allOrganizations { __typename id } } }"
    },
    "source": "subgraph",
    "cacheControl": {
      "created": 0,
      "maxAge": 86400,
      "noStore": true
    },
    "shouldStore": false,
    "data": {
      "data": {
        "currentUser": {
          "allOrganizations": [
            {
              "__typename": "Organization",
              "id": "1"
            },
            {
              "__typename": "Organization",
              "id": "2"
            },
            {
              "__typename": "Organization",
              "id": "3"
            }
          ]
        }
      }
    },
    "warnings": [
      {
        "code": "CACHE_CONTROL_NO_STORE",
        "links": [
          {
            "url": "https://developer.mozilla.org/en-US/docs/Web/HTTP/Reference/Headers/Cache-Control",
            "title": "Cache-Control header documentation"
          }
        ],
        "message": "Either the request or the subgraph response contained a Cache-Control header with no-store, so the data was not cached"
      }
    ]
  }
]
