---
source: apollo-router/src/plugins/response_cache/tests.rs
expression: cache_keys
---
[
  {
    "invalidationKeys": [
      "currentUser"
    ],
    "kind": {
      "rootFields": [
        "currentUser"
      ]
    },
    "subgraphName": "user",
    "subgraphRequest": {
      "query": "{ currentUser { allOrganizations { __typename id } } }"
    },
    "status": "new",
    "cacheControl": {
      "created": 0,
      "maxAge": 86400,
      "noStore": true
    },
    "data": {
      "data": {
        "currentUser": {
          "allOrganizations": [
            {
              "__typename": "Organization",
              "id": "1"
            },
            {
              "__typename": "Organization",
              "id": "2"
            },
            {
              "__typename": "Organization",
              "id": "3"
            }
          ]
        }
      }
    }
  },
  {
    "invalidationKeys": [
      "organization",
      "organization-1"
    ],
    "kind": {
      "typename": "Organization",
      "entityKey": {
        "id": "1"
      }
    },
    "subgraphName": "orga",
    "subgraphRequest": {
      "query": "query($representations: [_Any!]!) { _entities(representations: $representations) { ... on Organization { name } } }",
      "variables": {
        "representations": [
          {
            "id": "2",
            "__typename": "Organization"
          }
        ]
      }
    },
    "status": "cached",
    "cacheControl": {
      "created": 0,
      "maxAge": 3600,
      "public": true
    },
    "data": {
      "data": {
        "name": "Organization 1"
      }
    }
  },
  {
    "invalidationKeys": [
      "organization",
      "organization-3"
    ],
    "kind": {
      "typename": "Organization",
      "entityKey": {
        "id": "3"
      }
    },
    "subgraphName": "orga",
    "subgraphRequest": {
      "query": "query($representations: [_Any!]!) { _entities(representations: $representations) { ... on Organization { name } } }",
      "variables": {
        "representations": [
          {
            "id": "2",
            "__typename": "Organization"
          }
        ]
      }
    },
    "status": "cached",
    "cacheControl": {
      "created": 0,
      "maxAge": 3600,
      "public": true
    },
    "data": {
      "data": {
        "name": "Organization 3"
      }
    }
  }
]
