---
source: apollo-router/src/plugins/response_cache/tests.rs
expression: cache_keys
---
[
  {
    "key": "version:1.0:subgraph:user:type:Query:hash:de5bb560dcef94cd4b5cfc0ceecd75d4f3ae3cc371fd979a3dbbab0eccafc5f6:data:d9d84a3c7ffc27b0190a671212f3740e5b8478e84e23825830e97822e25cf05c",
    "invalidationKeys": [
      "currentUser"
    ],
    "kind": {
      "rootFields": [
        "currentUser"
      ]
    },
    "subgraphName": "user",
    "subgraphRequest": {
      "query": "{ currentUser { allOrganizations { __typename id } } }"
    },
    "source": "subgraph",
    "cacheControl": {
      "created": 0,
      "maxAge": 86400,
      "noStore": true
    },
    "data": {
      "data": {
        "currentUser": {
          "allOrganizations": [
            {
              "__typename": "Organization",
              "id": "1"
            },
            {
              "__typename": "Organization",
              "id": "2"
            },
            {
              "__typename": "Organization",
              "id": "3"
            }
          ]
        }
      }
    }
  }
]
